2025-09-09 23:06:12,122 - __main__ - INFO - 🤗 Loading pretrained VAE from HuggingFace: CatkinChen/nethack-vae
2025-09-09 23:06:12,729 - __main__ - INFO - ✅ Loaded pretrained VAE checkpoint (plain prior).
2025-09-09 23:06:12,729 - __main__ - INFO - 🧠 Initializing new Sticky-HDP-HMM: latent_dim=96, skills=40
2025-09-09 23:06:12,772 - __main__ - INFO - Sticky-HDP-HMM initialized with NIW streaming rho: 1.0, transition rho: 1.0
2025-09-09 23:06:12,772 - __main__ - INFO - 🔍 Initializing NIW mean with k-means on VAE latents...
2025-09-09 23:06:28,989 - __main__ - INFO - ========== EM Round 1/4: E-step ==========
2025-09-09 23:07:27,573 - __main__ - DEBUG - Initial ELBO: -12873134.7508
2025-09-09 23:07:27,574 - __main__ - DEBUG - Relative tol: 0.0100
2025-09-09 23:07:27,574 - __main__ - DEBUG - Relative elbo_drop_tol: 0.0100
2025-09-09 23:07:27,574 - __main__ - DEBUG - - Init -118.0441
2025-09-09 23:07:27,574 - __main__ - DEBUG - - Trans -223858.9170
2025-09-09 23:07:27,574 - __main__ - DEBUG - - Emit -12648987.6875
2025-09-09 23:07:27,574 - __main__ - DEBUG - - Entropy 1555.4944
2025-09-09 23:07:27,574 - __main__ - DEBUG - - Dir 0.0000
2025-09-09 23:07:27,574 - __main__ - DEBUG - - NIW -1710.8411
2025-09-09 23:07:27,574 - __main__ - DEBUG - - Beta prior -14.7555
2025-09-09 23:08:15,532 - __main__ - DEBUG - Iter 0: ELBO after FB: -12873134.7508 (LL -12871409.1542, Δ=0.0000)
2025-09-09 23:08:15,533 - __main__ - DEBUG - First pass after reset, using full stats.
2025-09-09 23:08:15,571 - __main__ - DEBUG - Iter 0: ELBO after NIW update: -4110011.7223 (Emit LL -3540118.7812, NIW term -347456.7188, Δ=8763123.0286)
2025-09-09 23:08:15,609 - __main__ - DEBUG - Iter 0: ELBO after Dirichlet update: -3915851.8861 (Trans LL -28020.0984, Dir term -1678.9824, Δ=194159.8362)
2025-09-09 23:09:04,038 - __main__ - DEBUG - Iter 1: ELBO after FB: -3904790.7502 (LL -3555640.2935, Δ=11061.1358)
2025-09-09 23:09:04,039 - __main__ - DEBUG - First pass after reset, using full stats.
2025-09-09 23:09:04,077 - __main__ - DEBUG - Iter 1: ELBO after NIW update: -3897083.8284 (Emit LL -3520335.4062, NIW term -348796.3750, Δ=7706.9219)
2025-09-09 23:09:04,115 - __main__ - DEBUG - Iter 1: ELBO after Dirichlet update: -3896091.3758 (Trans LL -26738.7727, Dir term -1551.2441, Δ=992.4526)
2025-09-09 23:09:04,116 - __main__ - DEBUG - Early stopping: ELBO improvement 19760.5103 < tolerance
2025-09-09 23:10:01,842 - __main__ - INFO - [E-step] Multi-batch 1/1 (x100 batches) - HMM Diagnostics:
2025-09-09 23:10:01,843 - __main__ - INFO -   - Avg log-likelihood per step: -38.3905
2025-09-09 23:10:01,843 - __main__ - INFO -   - Inner ELBO (final): -3896091.3758
2025-09-09 23:10:01,843 - __main__ - INFO -   - ELBO progression (2 iters): [-3915852.00, -3896091.50] (Δ=19760.5000)
2025-09-09 23:10:01,843 - __main__ - INFO -   - Effective number of skills: 36.55
2025-09-09 23:10:01,843 - __main__ - INFO -   - State entropy: 0.054
2025-09-09 23:10:01,843 - __main__ - INFO -   - Transition stickiness: 0.867
2025-09-09 23:10:01,843 - __main__ - INFO -   - Top 5 skills: [32, 18, 20, 21, 0] (probs: ['0.043', '0.042', '0.042', '0.038', '0.037'])
2025-09-09 23:10:01,843 - __main__ - INFO -   - Combined time length: 3200 (original T=32, multiples=100)
2025-09-09 23:10:01,844 - __main__ - INFO - 🔍 Computing HMM diagnostics...
2025-09-09 23:11:09,916 - __main__ - INFO - 📊 HMM Diagnostics for Round 1:
2025-09-09 23:11:09,918 - __main__ - INFO -   - Avg log-likelihood per step: -38.4903
2025-09-09 23:11:09,918 - __main__ - INFO -   - State entropy: 0.0584
2025-09-09 23:11:09,918 - __main__ - INFO -   - Effective number of skills: 36.57
2025-09-09 23:11:09,918 - __main__ - INFO -   - Transition stickiness (diag): 0.8666
2025-09-09 23:11:09,918 - __main__ - INFO -   - Top 5 skill occupancies: [0.042874518781900406, 0.04245823249220848, 0.04213152080774307, 0.03796232491731644, 0.03722839429974556]
2025-09-09 23:11:09,918 - __main__ - INFO -   - Top 5 skill indices: [32, 18, 20, 21, 0]
2025-09-09 23:11:09,918 - __main__ - INFO -     - Skill 25: emp= 22.32  E[1/(1-p)]: 54.36  p_stay=0.982
2025-09-09 23:11:09,918 - __main__ - INFO -     - Skill 21: emp= 20.93  E[1/(1-p)]: 48.95  p_stay=0.980
2025-09-09 23:11:09,918 - __main__ - INFO -     - Skill 30: emp= 22.41  E[1/(1-p)]: 48.94  p_stay=0.980
2025-09-09 23:11:09,918 - __main__ - INFO -     - Skill 22: emp= 17.93  E[1/(1-p)]: 39.68  p_stay=0.975
2025-09-09 23:11:09,918 - __main__ - INFO -     - Skill 29: emp= 19.57  E[1/(1-p)]: 38.32  p_stay=0.974
2025-09-09 23:11:09,919 - __main__ - INFO - 🖼️  Rendering HMM visualizations for round 1
2025-09-09 23:12:25,907 - __main__ - INFO - 💾 Saved HMM posterior → checkpoints_hmm/hmm_round1.pt
2025-09-09 23:12:25,907 - __main__ - INFO - 🤗 Uploading HMM round 1 to HuggingFace: CatkinChen/nethack-hmm
2025-09-09 23:12:31,305 - __main__ - INFO - ✅ HMM uploaded to: https://huggingface.co/CatkinChen/nethack-hmm
2025-09-09 23:12:31,305 - __main__ - INFO - ========== EM Round 1/4: M-step ==========
2025-09-09 23:12:31,306 - __main__ - INFO - 🔧 Fine-tuning VAE with HMM prior for 1 epochs...
2025-09-09 23:12:31,306 - __main__ - INFO - 📊 M-step 1 parameter schedule:
2025-09-09 23:12:31,306 - __main__ - INFO -   - prior_blend_alpha: 0.300 → 0.400 (cosine)
2025-09-09 23:12:31,306 - __main__ - INFO -   - mi_beta: 0.200 → 0.333 (linear)
2025-09-09 23:12:31,306 - __main__ - INFO -   - tc_beta: 0.000 → 0.067 (linear)
2025-09-09 23:12:31,306 - __main__ - INFO -   - dw_beta: 0.500 → 0.667 (linear)
2025-09-09 23:12:32,742 - __main__ - INFO - Weights & Biases initialized
2025-09-09 23:12:32,742 - __main__ - INFO - 🔥Training MultiModalHackVAE with 100 train batches, 20 test batches
2025-09-09 23:12:32,742 - __main__ - INFO -    Epochs: 1
2025-09-09 23:12:32,742 - __main__ - INFO -    Batch size: 32
2025-09-09 23:12:32,742 - __main__ - INFO -    Sequence size: 32
2025-09-09 23:12:32,742 - __main__ - INFO -    Device: cuda
2025-09-09 23:12:32,742 - __main__ - INFO -    Mixed Precision: BF16 = False
2025-09-09 23:12:32,742 - __main__ - INFO -    LR Scheduler: constant
2025-09-09 23:12:32,742 - __main__ - INFO -    Shuffle batches: True
2025-09-09 23:12:32,742 - __main__ - INFO -    Shuffle within batch: False
2025-09-09 23:12:32,742 - __main__ - INFO -    VAE Configuration:
2025-09-09 23:12:32,743 - __main__ - INFO -      - Latent dimension: 96
2025-09-09 23:12:32,743 - __main__ - INFO -      - Encoder dropout: 0.1
2025-09-09 23:12:32,743 - __main__ - INFO -      - Decoder dropout: 0.1
2025-09-09 23:12:32,743 - __main__ - INFO -    Adaptive Loss Weighting:
2025-09-09 23:12:32,743 - __main__ - INFO -      - MI beta: 0.200 → 0.333
2025-09-09 23:12:32,743 - __main__ - INFO -      - TC beta: 0.000 → 0.067
2025-09-09 23:12:32,743 - __main__ - INFO -      - DW beta: 0.500 → 0.667
2025-09-09 23:12:32,743 - __main__ - INFO -      - Blend alpha: 0.300 → 0.400
2025-09-09 23:12:32,743 - __main__ - INFO -      - Warmup epochs: 0 out of 1 total epochs
2025-09-09 23:12:32,743 - __main__ - INFO -    Free bits: 0.75
2025-09-09 23:12:32,743 - __main__ - INFO -    Focal loss: alpha=0.5, gamma=2.0
2025-09-09 23:12:32,743 - __main__ - INFO -    Early Stopping:
2025-09-09 23:12:32,744 - __main__ - INFO -      - Enabled: False
2025-09-09 23:12:32,744 - __main__ - INFO -    HMM Prior: Enabled
2025-09-09 23:12:33,673 - __main__ - INFO - 🔧 Using FP32 precision training
2025-09-09 23:12:33,674 - __main__ - INFO - Model has latent dimension: 96
2025-09-09 23:12:33,674 - __main__ - INFO - 🎯 Starting training for 1 epochs (starting from epoch 0)...
2025-09-09 23:12:33,674 - __main__ - INFO -    Total training steps: 100
2025-09-09 23:12:33,674 - __main__ - INFO -    Warmup steps: 20
2025-09-09 23:12:33,674 - __main__ - INFO - 🎯 Epoch 1/1 - Starting epoch...
2025-09-09 23:12:33,675 - __main__ - DEBUG - Shuffled 100 training batches for epoch 1
2025-09-09 23:12:33,675 - __main__ - DEBUG - Shuffled 20 testing batches for epoch 1
2025-09-09 23:12:34,307 - __main__ - DEBUG - Step 0/100 - Adaptive weights: mi_beta=0.200, tc_beta=0.000, dw_beta=0.500, blend_alpha=0.300
2025-09-09 23:15:48,032 - __main__ - DEBUG - Step 100/100 - Adaptive weights: mi_beta=0.333, tc_beta=0.067, dw_beta=0.667, blend_alpha=0.400
2025-09-09 23:15:49,575 - __main__ - DEBUG - Step 100/100 - Adaptive weights: mi_beta=0.333, tc_beta=0.067, dw_beta=0.667, blend_alpha=0.400
2025-09-09 23:15:51,105 - __main__ - DEBUG - Step 100/100 - Adaptive weights: mi_beta=0.333, tc_beta=0.067, dw_beta=0.667, blend_alpha=0.400
2025-09-09 23:15:52,629 - __main__ - DEBUG - Step 100/100 - Adaptive weights: mi_beta=0.333, tc_beta=0.067, dw_beta=0.667, blend_alpha=0.400
2025-09-09 23:15:54,118 - __main__ - DEBUG - Step 100/100 - Adaptive weights: mi_beta=0.333, tc_beta=0.067, dw_beta=0.667, blend_alpha=0.400
2025-09-09 23:15:55,717 - __main__ - DEBUG - Step 100/100 - Adaptive weights: mi_beta=0.333, tc_beta=0.067, dw_beta=0.667, blend_alpha=0.400
2025-09-09 23:15:57,233 - __main__ - DEBUG - Step 100/100 - Adaptive weights: mi_beta=0.333, tc_beta=0.067, dw_beta=0.667, blend_alpha=0.400
2025-09-09 23:15:58,778 - __main__ - DEBUG - Step 100/100 - Adaptive weights: mi_beta=0.333, tc_beta=0.067, dw_beta=0.667, blend_alpha=0.400
2025-09-09 23:16:00,295 - __main__ - DEBUG - Step 100/100 - Adaptive weights: mi_beta=0.333, tc_beta=0.067, dw_beta=0.667, blend_alpha=0.400
2025-09-09 23:16:01,787 - __main__ - DEBUG - Step 100/100 - Adaptive weights: mi_beta=0.333, tc_beta=0.067, dw_beta=0.667, blend_alpha=0.400
2025-09-09 23:16:03,082 - __main__ - DEBUG - Step 100/100 - Adaptive weights: mi_beta=0.333, tc_beta=0.067, dw_beta=0.667, blend_alpha=0.400
2025-09-09 23:16:04,699 - __main__ - DEBUG - Step 100/100 - Adaptive weights: mi_beta=0.333, tc_beta=0.067, dw_beta=0.667, blend_alpha=0.400
2025-09-09 23:16:06,226 - __main__ - DEBUG - Step 100/100 - Adaptive weights: mi_beta=0.333, tc_beta=0.067, dw_beta=0.667, blend_alpha=0.400
2025-09-09 23:16:07,784 - __main__ - DEBUG - Step 100/100 - Adaptive weights: mi_beta=0.333, tc_beta=0.067, dw_beta=0.667, blend_alpha=0.400
2025-09-09 23:16:09,383 - __main__ - DEBUG - Step 100/100 - Adaptive weights: mi_beta=0.333, tc_beta=0.067, dw_beta=0.667, blend_alpha=0.400
2025-09-09 23:16:10,978 - __main__ - DEBUG - Step 100/100 - Adaptive weights: mi_beta=0.333, tc_beta=0.067, dw_beta=0.667, blend_alpha=0.400
2025-09-09 23:16:12,441 - __main__ - DEBUG - Step 100/100 - Adaptive weights: mi_beta=0.333, tc_beta=0.067, dw_beta=0.667, blend_alpha=0.400
2025-09-09 23:16:13,926 - __main__ - DEBUG - Step 100/100 - Adaptive weights: mi_beta=0.333, tc_beta=0.067, dw_beta=0.667, blend_alpha=0.400
2025-09-09 23:16:15,426 - __main__ - DEBUG - Step 100/100 - Adaptive weights: mi_beta=0.333, tc_beta=0.067, dw_beta=0.667, blend_alpha=0.400
2025-09-09 23:16:16,885 - __main__ - DEBUG - Step 100/100 - Adaptive weights: mi_beta=0.333, tc_beta=0.067, dw_beta=0.667, blend_alpha=0.400
2025-09-09 23:16:17,745 - __main__ - DEBUG - Step 100/100 - Adaptive weights: mi_beta=0.333, tc_beta=0.067, dw_beta=0.667, blend_alpha=0.400
2025-09-09 23:16:17,746 - __main__ - INFO - 
=== Epoch 1/1 Summary ===
2025-09-09 23:16:17,746 - __main__ - INFO - Average Train Loss: 3788.067 | Average Test Loss: 2605.628
2025-09-09 23:16:17,746 - __main__ - INFO - Current KL Betas: mi=0.333, tc=0.067, dw=0.667, blend_alpha=0.400
2025-09-09 23:16:17,746 - __main__ - INFO - Global Step: 100/100 (100.0%)
2025-09-09 23:16:17,746 - __main__ - INFO - Final Training Batch Details:
2025-09-09 23:16:17,746 - __main__ - INFO -   Raw Losses: hero_loc: 2.977 | occupy: 1640.905 | bag: 385.482 | stats: 70.627 | msg: 24.227 | ego_char: 27.358 | ego_color: 136.763 | ego_class: 27.199 | passability: 0.598 | reward: 32.613 | done: 0.015 | value_k: 5.377 | safety: 0.671 | goal: 0.312 | forward: 47.362 | inverse: 2.917
2025-09-09 23:16:17,746 - __main__ - INFO - Final Testing Batch Details:
2025-09-09 23:16:17,747 - __main__ - INFO -   Raw Losses: hero_loc: 2.689 | occupy: 1533.692 | bag: 360.975 | stats: 72.180 | msg: 30.498 | ego_char: 28.254 | ego_color: 122.423 | ego_class: 28.054 | passability: 0.589 | reward: 16.300 | done: 0.014 | value_k: 2.252 | safety: 0.669 | goal: 0.073 | forward: 32.752 | inverse: 3.115
2025-09-09 23:16:17,747 - __main__ - INFO - Variance of model output (mu): 0.0922, 0.0903, 0.0906, 0.0971, 0.2364, 0.0621, 0.1185, 0.1727, 0.0987, 0.1244, 0.1136, 0.0978, 0.2621, 0.0970, 0.0928, 0.1347, 0.0825, 0.0869, 0.0702, 0.0908, 0.0982, 0.0645, 0.0799, 0.0675, 0.0784, 0.0736, 0.0853, 0.0841, 0.0681, 0.0905, 0.0804, 0.0833, 0.0780, 0.0777, 0.0707, 0.0755, 0.0760, 0.0764, 0.0849, 0.0827, 0.0914, 0.1050, 0.0877, 0.0865, 0.0709, 0.0903, 0.0878, 0.0886, 0.0950, 0.0852, 0.0776, 0.0785, 0.0694, 0.0684, 0.0787, 0.0793, 0.0695, 0.0723, 0.0785, 0.0930, 0.0755, 0.0846, 0.0856, 0.0685, 0.0692, 0.0730, 0.0887, 0.1108, 0.0891, 0.0706, 0.0804, 0.0724, 0.0787, 0.0834, 0.0817, 0.1042, 0.0950, 0.0928, 0.0763, 0.0708, 0.0792, 0.0816, 0.0952, 0.0754, 0.0716, 0.0727, 0.0793, 0.0970, 0.0834, 0.0720, 0.0755, 0.0912, 0.0689, 0.0914, 0.0953, 0.0723
2025-09-09 23:16:17,747 - __main__ - INFO - Per-dim KL: 1.6582, 0.7416, 1.0671, 1.1019, 5.3659, 0.6006, 2.6752, 8.9060, 0.5997, 6.9545, 5.8534, 1.4874, 18.8012, 6.3679, 0.6478, 11.1690, 0.5116, 0.4426, 0.5472, 0.5019, 0.3850, 0.5914, 0.4593, 0.5121, 0.5668, 0.3712, 0.4612, 0.3856, 0.6510, 0.6619, 0.3729, 0.5594, 0.5575, 0.5235, 0.4607, 0.5845, 0.4883, 0.5767, 0.5155, 0.6034, 0.2924, 0.7418, 0.6147, 0.5014, 0.5202, 0.4218, 0.2662, 0.4561, 0.4367, 0.3839, 0.5173, 0.6590, 0.3998, 0.5829, 0.5774, 0.2794, 0.3953, 0.5304, 0.4590, 0.4587, 0.4034, 0.5570, 0.4581, 0.4713, 0.2937, 0.4183, 0.5345, 0.3800, 0.3991, 0.5924, 0.3845, 0.4224, 0.6694, 0.4394, 0.7218, 0.4497, 0.4560, 0.2839, 0.7022, 0.6592, 0.5041, 0.7202, 0.4979, 0.5140, 0.4726, 0.6778, 0.4375, 0.5285, 0.6451, 0.3426, 0.4178, 0.3710, 0.5217, 0.5100, 0.3489, 0.6536
2025-09-09 23:16:17,747 - __main__ - INFO - Eigenvalues of latent space: 0.5201, 0.4901, 0.4370, 0.4299, 0.4156, 0.4048, 0.3930, 0.3722, 0.3545, 0.3509, 0.3403, 0.3213, 0.3166, 0.3129, 0.3048, 0.2902, 0.2849, 0.2729, 0.2692, 0.2621, 0.2570, 0.2508, 0.2437, 0.2377, 0.2338, 0.2298, 0.2277, 0.2234, 0.2193, 0.2147, 0.2104, 0.2056, 0.2003, 0.1979, 0.1913, 0.1892, 0.1889, 0.1859, 0.1828, 0.1820, 0.1768, 0.1715, 0.1706, 0.1694, 0.1622, 0.1595, 0.1587, 0.1562, 0.1530, 0.1518, 0.1493, 0.1455, 0.1442, 0.1402, 0.1377, 0.1359, 0.1342, 0.1326, 0.1310, 0.1302, 0.1282, 0.1264, 0.1242, 0.1214, 0.1182, 0.1145, 0.1129, 0.1126, 0.1110, 0.1089, 0.1081, 0.1069, 0.1038, 0.1025, 0.1012, 0.0996, 0.0986, 0.0983, 0.0956, 0.0946, 0.0925, 0.0914, 0.0891, 0.0879, 0.0857, 0.0833, 0.0816, 0.0797, 0.0781, 0.0764, 0.0753, 0.0705, 0.0694, 0.0670, 0.0660, 0.0612
2025-09-09 23:16:17,747 - __main__ - INFO - KL Eigenvalues: 0.0869, 0.1016, 0.1324, 0.1370, 0.1468, 0.1546, 0.1635, 0.1803, 0.1958, 0.1990, 0.2091, 0.2283, 0.2333, 0.2374, 0.2465, 0.2636, 0.2702, 0.2858, 0.2907, 0.3006, 0.3078, 0.3170, 0.3278, 0.3372, 0.3435, 0.3501, 0.3538, 0.3611, 0.3684, 0.3766, 0.3846, 0.3938, 0.4041, 0.4090, 0.4227, 0.4270, 0.4277, 0.4342, 0.4411, 0.4429, 0.4548, 0.4673, 0.4695, 0.4723, 0.4906, 0.4977, 0.4997, 0.5064, 0.5152, 0.5185, 0.5256, 0.5364, 0.5404, 0.5524, 0.5603, 0.5658, 0.5713, 0.5764, 0.5817, 0.5843, 0.5910, 0.5972, 0.6050, 0.6149, 0.6269, 0.6409, 0.6470, 0.6483, 0.6546, 0.6633, 0.6663, 0.6714, 0.6844, 0.6901, 0.6958, 0.7032, 0.7078, 0.7088, 0.7216, 0.7265, 0.7367, 0.7419, 0.7535, 0.7597, 0.7712, 0.7844, 0.7939, 0.8043, 0.8141, 0.8238, 0.8308, 0.8615, 0.8684, 0.8847, 0.8922, 0.9277
2025-09-09 23:16:17,747 - __main__ - INFO - Variance explained by eigenvalues: 0.0291, 0.0565, 0.0810, 0.1050, 0.1283, 0.1510, 0.1730, 0.1938, 0.2136, 0.2333, 0.2523, 0.2703, 0.2880, 0.3055, 0.3226, 0.3388, 0.3548, 0.3700, 0.3851, 0.3998, 0.4142, 0.4282, 0.4418, 0.4551, 0.4682, 0.4811, 0.4938, 0.5063, 0.5186, 0.5306, 0.5424, 0.5539, 0.5651, 0.5762, 0.5869, 0.5975, 0.6080, 0.6184, 0.6287, 0.6388, 0.6487, 0.6583, 0.6679, 0.6774, 0.6864, 0.6954, 0.7043, 0.7130, 0.7216, 0.7301, 0.7384, 0.7466, 0.7546, 0.7625, 0.7702, 0.7778, 0.7853, 0.7927, 0.8000, 0.8073, 0.8145, 0.8216, 0.8285, 0.8353, 0.8419, 0.8484, 0.8547, 0.8610, 0.8672, 0.8733, 0.8793, 0.8853, 0.8911, 0.8969, 0.9025, 0.9081, 0.9136, 0.9191, 0.9245, 0.9298, 0.9349, 0.9400, 0.9450, 0.9500, 0.9548, 0.9594, 0.9640, 0.9684, 0.9728, 0.9771, 0.9813, 0.9852, 0.9891, 0.9929, 0.9966, 1.0000
2025-09-09 23:16:17,748 - __main__ - INFO - ==================================================
2025-09-09 23:16:17,748 - __main__ - INFO - 
✅ MultiModalVAE training completed!
2025-09-09 23:16:17,748 - __main__ - INFO -   - Completed all 1 epochs
2025-09-09 23:16:17,748 - __main__ - INFO -   - Final train loss: 3788.0667
2025-09-09 23:16:17,748 - __main__ - INFO -   - Final test loss: 2605.6283
2025-09-09 23:16:17,772 - __main__ - INFO - 💾 Model saved locally: checkpoints_hmm/vae_hmm_round1_temp.pth
2025-09-09 23:16:19,162 - __main__ - DEBUG - 🗑️  Removed temporary file: checkpoints_hmm/vae_hmm_round1_temp.pth
2025-09-09 23:16:19,163 - __main__ - INFO - ✅ M-step completed: final_train_loss=3788.0667, final_test_loss=2605.6283
2025-09-09 23:16:19,193 - __main__ - INFO - 💾 Saved VAE+HMM → checkpoints_hmm/vae_with_hmm_round1.pt
2025-09-09 23:16:19,193 - __main__ - INFO - 🤗 Uploading VAE+HMM round 1 to HuggingFace: CatkinChen/nethack-vae-hmm
2025-09-09 23:16:24,572 - huggingface_hub.hf_api - WARNING - No files have been modified since last commit. Skipping to prevent empty commit.
2025-09-09 23:16:30,359 - __main__ - INFO - ✅ VAE+HMM uploaded to: https://huggingface.co/CatkinChen/nethack-vae-hmm
2025-09-09 23:16:33,897 - __main__ - INFO - ========== EM Round 2/4: E-step ==========
2025-09-09 23:16:33,897 - __main__ - INFO -    - Resetting HMM to prior
2025-09-09 23:16:33,898 - __main__ - INFO -    - Resetting HMM streaming statistics
2025-09-09 23:16:51,079 - __main__ - INFO -    - Re-initialized NIW mean with k-means on VAE latents
2025-09-09 23:17:46,653 - __main__ - DEBUG - Initial ELBO: -11997116.7950
2025-09-09 23:17:46,653 - __main__ - DEBUG - Relative tol: 0.0100
2025-09-09 23:17:46,653 - __main__ - DEBUG - Relative elbo_drop_tol: 0.0100
2025-09-09 23:17:46,653 - __main__ - DEBUG - - Init -118.0441
2025-09-09 23:17:46,653 - __main__ - DEBUG - - Trans -183121.2754
2025-09-09 23:17:46,653 - __main__ - DEBUG - - Emit -11805148.5938
2025-09-09 23:17:46,653 - __main__ - DEBUG - - Entropy 681.8152
2025-09-09 23:17:46,653 - __main__ - DEBUG - - Dir 0.0000
2025-09-09 23:17:46,653 - __main__ - DEBUG - - NIW -9395.9414
2025-09-09 23:17:46,653 - __main__ - DEBUG - - Beta prior -14.7555
2025-09-09 23:18:32,518 - __main__ - DEBUG - Iter 0: ELBO after FB: -11997116.7950 (LL -11987706.0981, Δ=0.0000)
2025-09-09 23:18:32,519 - __main__ - DEBUG - First pass after reset, using full stats.
2025-09-09 23:18:32,557 - __main__ - DEBUG - Iter 0: ELBO after NIW update: -2201513.8731 (Emit LL -1517071.0508, NIW term -501870.5625, Δ=9795602.9219)
2025-09-09 23:18:32,595 - __main__ - DEBUG - Iter 0: ELBO after Dirichlet update: -2023494.3645 (Trans LL -3831.9226, Dir term -1269.8442, Δ=178019.5086)
2025-09-09 23:19:18,463 - __main__ - DEBUG - Iter 1: ELBO after FB: -2011511.1972 (LL -1508356.0350, Δ=11983.1673)
2025-09-09 23:19:18,463 - __main__ - DEBUG - First pass after reset, using full stats.
2025-09-09 23:19:18,501 - __main__ - DEBUG - Iter 1: ELBO after NIW update: -1967342.7715 (Emit LL -1508878.7734, NIW term -452794.5312, Δ=44168.4258)
2025-09-09 23:19:18,538 - __main__ - DEBUG - Iter 1: ELBO after Dirichlet update: -1966816.2995 (Trans LL -4626.8864, Dir term -1178.0679, Δ=526.4719)
2025-09-09 23:20:04,842 - __main__ - DEBUG - Iter 2: ELBO after FB: -1948021.6563 (LL -1494034.3017, Δ=18794.6432)
2025-09-09 23:20:04,842 - __main__ - DEBUG - First pass after reset, using full stats.
2025-09-09 23:20:04,880 - __main__ - DEBUG - Iter 2: ELBO after NIW update: -1871287.0040 (Emit LL -1496010.6641, NIW term -369661.0938, Δ=76734.6523)
2025-09-09 23:20:04,918 - __main__ - DEBUG - Iter 2: ELBO after Dirichlet update: -1870757.6423 (Trans LL -4755.2082, Dir term -980.8711, Δ=529.3616)
2025-09-09 23:20:51,086 - __main__ - DEBUG - Iter 3: ELBO after FB: -1851889.7422 (LL -1481233.0219, Δ=18867.9001)
2025-09-09 23:20:51,086 - __main__ - DEBUG - First pass after reset, using full stats.
2025-09-09 23:20:51,124 - __main__ - DEBUG - Iter 3: ELBO after NIW update: -1804510.1758 (Emit LL -1484897.8242, NIW term -314552.1250, Δ=47379.5664)
2025-09-09 23:20:51,163 - __main__ - DEBUG - Iter 3: ELBO after Dirichlet update: -1804074.7741 (Trans LL -4415.8931, Dir term -795.6240, Δ=435.4017)
2025-09-09 23:21:38,550 - __main__ - DEBUG - Iter 4: ELBO after FB: -1789954.3914 (LL -1474591.8869, Δ=14120.3827)
2025-09-09 23:21:38,550 - __main__ - DEBUG - First pass after reset, using full stats.
2025-09-09 23:21:38,589 - __main__ - DEBUG - Iter 4: ELBO after NIW update: -1750862.6609 (Emit LL -1478656.8555, NIW term -267486.3125, Δ=39091.7305)
2025-09-09 23:21:38,627 - __main__ - DEBUG - Iter 4: ELBO after Dirichlet update: -1750611.7822 (Trans LL -4381.6249, Dir term -672.9541, Δ=250.8787)
2025-09-09 23:22:26,199 - __main__ - DEBUG - Iter 5: ELBO after FB: -1739331.2685 (LL -1471157.2464, Δ=11280.5137)
2025-09-09 23:22:26,199 - __main__ - DEBUG - First pass after reset, using full stats.
2025-09-09 23:22:26,238 - __main__ - DEBUG - Iter 5: ELBO after NIW update: -1723286.7607 (Emit LL -1470503.9297, NIW term -248330.2188, Δ=16044.5078)
2025-09-09 23:22:26,277 - __main__ - DEBUG - Iter 5: ELBO after Dirichlet update: -1723172.5650 (Trans LL -4330.2971, Dir term -601.5942, Δ=114.1957)
2025-09-09 23:23:14,520 - __main__ - DEBUG - Iter 6: ELBO after FB: -1718987.7264 (LL -1470041.1579, Δ=4184.8386)
2025-09-09 23:23:14,520 - __main__ - DEBUG - First pass after reset, using full stats.
2025-09-09 23:23:14,559 - __main__ - DEBUG - Iter 6: ELBO after NIW update: -1704060.4061 (Emit LL -1466005.9062, NIW term -233687.2188, Δ=14927.3203)
2025-09-09 23:23:14,597 - __main__ - DEBUG - Iter 6: ELBO after Dirichlet update: -1703963.0254 (Trans LL -4326.5605, Dir term -549.2061, Δ=97.3807)
2025-09-09 23:24:02,580 - __main__ - DEBUG - Iter 7: ELBO after FB: -1703060.2900 (LL -1468809.1096, Δ=902.7354)
2025-09-09 23:24:02,581 - __main__ - DEBUG - First pass after reset, using full stats.
2025-09-09 23:24:02,619 - __main__ - DEBUG - Iter 7: ELBO after NIW update: -1699046.3056 (Emit LL -1468319.7070, NIW term -226416.5312, Δ=4013.9844)
2025-09-09 23:24:02,657 - __main__ - DEBUG - Iter 7: ELBO after Dirichlet update: -1699008.0434 (Trans LL -4343.0822, Dir term -538.4971, Δ=38.2621)
2025-09-09 23:24:02,659 - __main__ - DEBUG - Early stopping: ELBO improvement 4954.9820 < tolerance
2025-09-09 23:24:59,598 - __main__ - INFO - [E-step] Multi-batch 1/1 (x100 batches) - HMM Diagnostics:
2025-09-09 23:24:59,600 - __main__ - INFO -   - Avg log-likelihood per step: -15.8529
2025-09-09 23:24:59,600 - __main__ - INFO -   - Inner ELBO (final): -1699008.0434
2025-09-09 23:24:59,600 - __main__ - INFO -   - ELBO progression (8 iters): [-2023494.38, ..., -1699008.00] (Δ=324486.3750)
2025-09-09 23:24:59,600 - __main__ - INFO -   - Effective number of skills: 11.31
2025-09-09 23:24:59,600 - __main__ - INFO -   - State entropy: 0.033
2025-09-09 23:24:59,600 - __main__ - INFO -   - Transition stickiness: 0.488
2025-09-09 23:24:59,600 - __main__ - INFO -   - Top 5 skills: [3, 33, 8, 35, 34] (probs: ['0.148', '0.138', '0.123', '0.109', '0.107'])
2025-09-09 23:24:59,600 - __main__ - INFO -   - Combined time length: 3200 (original T=32, multiples=100)
2025-09-09 23:24:59,607 - __main__ - INFO - 🔍 Computing HMM diagnostics...
2025-09-09 23:26:09,941 - __main__ - INFO - 📊 HMM Diagnostics for Round 2:
2025-09-09 23:26:09,943 - __main__ - INFO -   - Avg log-likelihood per step: -15.9676
2025-09-09 23:26:09,943 - __main__ - INFO -   - State entropy: 0.0461
2025-09-09 23:26:09,943 - __main__ - INFO -   - Effective number of skills: 11.27
2025-09-09 23:26:09,943 - __main__ - INFO -   - Transition stickiness (diag): 0.4881
2025-09-09 23:26:09,943 - __main__ - INFO -   - Top 5 skill occupancies: [0.14628662168979645, 0.13923808932304382, 0.12289802730083466, 0.11207082122564316, 0.10715144872665405]
2025-09-09 23:26:09,943 - __main__ - INFO -   - Top 5 skill indices: [3, 33, 8, 35, 34]
2025-09-09 23:26:09,943 - __main__ - INFO -     - Skill 25: emp= 30.07  E[1/(1-p)]:346.11  p_stay=0.997
2025-09-09 23:26:09,943 - __main__ - INFO -     - Skill 8: emp= 26.74  E[1/(1-p)]:259.75  p_stay=0.996
2025-09-09 23:26:09,943 - __main__ - INFO -     - Skill 30: emp= 27.91  E[1/(1-p)]:214.20  p_stay=0.995
2025-09-09 23:26:09,943 - __main__ - INFO -     - Skill 9: emp= 27.17  E[1/(1-p)]:204.86  p_stay=0.995
2025-09-09 23:26:09,944 - __main__ - INFO -     - Skill 21: emp= 26.97  E[1/(1-p)]:200.54  p_stay=0.995
2025-09-09 23:26:09,944 - __main__ - INFO - 🖼️  Rendering HMM visualizations for round 2
2025-09-09 23:27:25,706 - __main__ - INFO - 💾 Saved HMM posterior → checkpoints_hmm/hmm_round2.pt
2025-09-09 23:27:25,706 - __main__ - INFO - 🤗 Uploading HMM round 2 to HuggingFace: CatkinChen/nethack-hmm
2025-09-09 23:27:31,480 - __main__ - INFO - ✅ HMM uploaded to: https://huggingface.co/CatkinChen/nethack-hmm
2025-09-09 23:27:31,480 - __main__ - INFO - ========== EM Round 2/4: M-step ==========
2025-09-09 23:27:31,480 - __main__ - INFO - 🔧 Fine-tuning VAE with HMM prior for 1 epochs...
2025-09-09 23:27:31,480 - __main__ - INFO - 📊 M-step 2 parameter schedule:
2025-09-09 23:27:31,480 - __main__ - INFO -   - prior_blend_alpha: 0.400 → 0.600 (cosine)
2025-09-09 23:27:31,480 - __main__ - INFO -   - mi_beta: 0.333 → 0.467 (linear)
2025-09-09 23:27:31,480 - __main__ - INFO -   - tc_beta: 0.067 → 0.133 (linear)
2025-09-09 23:27:31,480 - __main__ - INFO -   - dw_beta: 0.667 → 0.833 (linear)
2025-09-09 23:27:32,219 - __main__ - INFO - Weights & Biases initialized
2025-09-09 23:27:32,219 - __main__ - INFO - 🔥Training MultiModalHackVAE with 100 train batches, 20 test batches
2025-09-09 23:27:32,219 - __main__ - INFO -    Epochs: 1
2025-09-09 23:27:32,219 - __main__ - INFO -    Batch size: 32
2025-09-09 23:27:32,219 - __main__ - INFO -    Sequence size: 32
2025-09-09 23:27:32,220 - __main__ - INFO -    Device: cuda
2025-09-09 23:27:32,220 - __main__ - INFO -    Mixed Precision: BF16 = False
2025-09-09 23:27:32,220 - __main__ - INFO -    LR Scheduler: constant
2025-09-09 23:27:32,220 - __main__ - INFO -    Shuffle batches: True
2025-09-09 23:27:32,220 - __main__ - INFO -    Shuffle within batch: False
2025-09-09 23:27:32,220 - __main__ - INFO -    VAE Configuration:
2025-09-09 23:27:32,220 - __main__ - INFO -      - Latent dimension: 96
2025-09-09 23:27:32,220 - __main__ - INFO -      - Encoder dropout: 0.1
2025-09-09 23:27:32,220 - __main__ - INFO -      - Decoder dropout: 0.1
2025-09-09 23:27:32,221 - __main__ - INFO -    Adaptive Loss Weighting:
2025-09-09 23:27:32,221 - __main__ - INFO -      - MI beta: 0.333 → 0.467
2025-09-09 23:27:32,221 - __main__ - INFO -      - TC beta: 0.067 → 0.133
2025-09-09 23:27:32,221 - __main__ - INFO -      - DW beta: 0.667 → 0.833
2025-09-09 23:27:32,221 - __main__ - INFO -      - Blend alpha: 0.400 → 0.600
2025-09-09 23:27:32,221 - __main__ - INFO -      - Warmup epochs: 0 out of 1 total epochs
2025-09-09 23:27:32,221 - __main__ - INFO -    Free bits: 0.75
2025-09-09 23:27:32,221 - __main__ - INFO -    Focal loss: alpha=0.5, gamma=2.0
2025-09-09 23:27:32,221 - __main__ - INFO -    Early Stopping:
2025-09-09 23:27:32,221 - __main__ - INFO -      - Enabled: False
2025-09-09 23:27:32,222 - __main__ - INFO -    HMM Prior: Enabled
2025-09-09 23:27:32,248 - __main__ - INFO - 🔧 Using FP32 precision training
2025-09-09 23:27:32,249 - __main__ - INFO - Model has latent dimension: 96
2025-09-09 23:27:32,249 - __main__ - INFO - 🎯 Starting training for 1 epochs (starting from epoch 0)...
2025-09-09 23:27:32,249 - __main__ - INFO -    Total training steps: 100
2025-09-09 23:27:32,249 - __main__ - INFO -    Warmup steps: 20
2025-09-09 23:27:32,249 - __main__ - INFO - 🎯 Epoch 1/1 - Starting epoch...
2025-09-09 23:27:32,250 - __main__ - DEBUG - Shuffled 100 training batches for epoch 1
2025-09-09 23:27:32,250 - __main__ - DEBUG - Shuffled 20 testing batches for epoch 1
2025-09-09 23:27:32,852 - __main__ - DEBUG - Step 0/100 - Adaptive weights: mi_beta=0.333, tc_beta=0.067, dw_beta=0.667, blend_alpha=0.400
2025-09-09 23:30:48,095 - __main__ - DEBUG - Step 100/100 - Adaptive weights: mi_beta=0.467, tc_beta=0.133, dw_beta=0.833, blend_alpha=0.600
2025-09-09 23:30:49,643 - __main__ - DEBUG - Step 100/100 - Adaptive weights: mi_beta=0.467, tc_beta=0.133, dw_beta=0.833, blend_alpha=0.600
2025-09-09 23:30:51,195 - __main__ - DEBUG - Step 100/100 - Adaptive weights: mi_beta=0.467, tc_beta=0.133, dw_beta=0.833, blend_alpha=0.600
2025-09-09 23:30:52,741 - __main__ - DEBUG - Step 100/100 - Adaptive weights: mi_beta=0.467, tc_beta=0.133, dw_beta=0.833, blend_alpha=0.600
2025-09-09 23:30:54,244 - __main__ - DEBUG - Step 100/100 - Adaptive weights: mi_beta=0.467, tc_beta=0.133, dw_beta=0.833, blend_alpha=0.600
2025-09-09 23:30:55,852 - __main__ - DEBUG - Step 100/100 - Adaptive weights: mi_beta=0.467, tc_beta=0.133, dw_beta=0.833, blend_alpha=0.600
2025-09-09 23:30:57,391 - __main__ - DEBUG - Step 100/100 - Adaptive weights: mi_beta=0.467, tc_beta=0.133, dw_beta=0.833, blend_alpha=0.600
2025-09-09 23:30:58,957 - __main__ - DEBUG - Step 100/100 - Adaptive weights: mi_beta=0.467, tc_beta=0.133, dw_beta=0.833, blend_alpha=0.600
2025-09-09 23:31:00,492 - __main__ - DEBUG - Step 100/100 - Adaptive weights: mi_beta=0.467, tc_beta=0.133, dw_beta=0.833, blend_alpha=0.600
2025-09-09 23:31:01,994 - __main__ - DEBUG - Step 100/100 - Adaptive weights: mi_beta=0.467, tc_beta=0.133, dw_beta=0.833, blend_alpha=0.600
2025-09-09 23:31:03,307 - __main__ - DEBUG - Step 100/100 - Adaptive weights: mi_beta=0.467, tc_beta=0.133, dw_beta=0.833, blend_alpha=0.600
2025-09-09 23:31:04,960 - __main__ - DEBUG - Step 100/100 - Adaptive weights: mi_beta=0.467, tc_beta=0.133, dw_beta=0.833, blend_alpha=0.600
2025-09-09 23:31:06,508 - __main__ - DEBUG - Step 100/100 - Adaptive weights: mi_beta=0.467, tc_beta=0.133, dw_beta=0.833, blend_alpha=0.600
2025-09-09 23:31:08,088 - __main__ - DEBUG - Step 100/100 - Adaptive weights: mi_beta=0.467, tc_beta=0.133, dw_beta=0.833, blend_alpha=0.600
2025-09-09 23:31:09,698 - __main__ - DEBUG - Step 100/100 - Adaptive weights: mi_beta=0.467, tc_beta=0.133, dw_beta=0.833, blend_alpha=0.600
2025-09-09 23:31:11,317 - __main__ - DEBUG - Step 100/100 - Adaptive weights: mi_beta=0.467, tc_beta=0.133, dw_beta=0.833, blend_alpha=0.600
2025-09-09 23:31:12,799 - __main__ - DEBUG - Step 100/100 - Adaptive weights: mi_beta=0.467, tc_beta=0.133, dw_beta=0.833, blend_alpha=0.600
2025-09-09 23:31:14,314 - __main__ - DEBUG - Step 100/100 - Adaptive weights: mi_beta=0.467, tc_beta=0.133, dw_beta=0.833, blend_alpha=0.600
2025-09-09 23:31:15,811 - __main__ - DEBUG - Step 100/100 - Adaptive weights: mi_beta=0.467, tc_beta=0.133, dw_beta=0.833, blend_alpha=0.600
2025-09-09 23:31:17,286 - __main__ - DEBUG - Step 100/100 - Adaptive weights: mi_beta=0.467, tc_beta=0.133, dw_beta=0.833, blend_alpha=0.600
2025-09-09 23:31:18,149 - __main__ - DEBUG - Step 100/100 - Adaptive weights: mi_beta=0.467, tc_beta=0.133, dw_beta=0.833, blend_alpha=0.600
2025-09-09 23:31:18,149 - __main__ - INFO - 
=== Epoch 1/1 Summary ===
2025-09-09 23:31:18,149 - __main__ - INFO - Average Train Loss: 3867.557 | Average Test Loss: 2678.876
2025-09-09 23:31:18,149 - __main__ - INFO - Current KL Betas: mi=0.467, tc=0.133, dw=0.833, blend_alpha=0.600
2025-09-09 23:31:18,150 - __main__ - INFO - Global Step: 100/100 (100.0%)
2025-09-09 23:31:18,150 - __main__ - INFO - Final Training Batch Details:
2025-09-09 23:31:18,150 - __main__ - INFO -   Raw Losses: hero_loc: 4.257 | occupy: 1641.883 | bag: 394.708 | stats: 69.976 | msg: 24.458 | ego_char: 25.282 | ego_color: 177.251 | ego_class: 29.683 | passability: 0.599 | reward: 32.493 | done: 0.015 | value_k: 5.382 | safety: 0.677 | goal: 0.318 | forward: 44.319 | inverse: 2.915
2025-09-09 23:31:18,150 - __main__ - INFO - Final Testing Batch Details:
2025-09-09 23:31:18,150 - __main__ - INFO -   Raw Losses: hero_loc: 4.233 | occupy: 1549.327 | bag: 371.194 | stats: 69.361 | msg: 30.626 | ego_char: 25.757 | ego_color: 163.290 | ego_class: 30.317 | passability: 0.592 | reward: 16.297 | done: 0.014 | value_k: 2.254 | safety: 0.672 | goal: 0.089 | forward: 30.410 | inverse: 3.114
2025-09-09 23:31:18,151 - __main__ - INFO - Variance of model output (mu): 0.1007, 0.1384, 0.1316, 0.0916, 0.1172, 0.1237, 0.0777, 0.0939, 0.0914, 0.0905, 0.1230, 0.1019, 0.0916, 0.1268, 0.0796, 0.0813, 0.0752, 0.0861, 0.0729, 0.0705, 0.0827, 0.0699, 0.0945, 0.0716, 0.0819, 0.0719, 0.0665, 0.0829, 0.0708, 0.0747, 0.0660, 0.0810, 0.0878, 0.0813, 0.0614, 0.0794, 0.0778, 0.0735, 0.0721, 0.0869, 0.0848, 0.0777, 0.0742, 0.0863, 0.0678, 0.0568, 0.0731, 0.0820, 0.0728, 0.0704, 0.0734, 0.0682, 0.0710, 0.0708, 0.0964, 0.0790, 0.0721, 0.0822, 0.0929, 0.0856, 0.0833, 0.0705, 0.0741, 0.0824, 0.0664, 0.0820, 0.0702, 0.0741, 0.0637, 0.0782, 0.0623, 0.0766, 0.0542, 0.0777, 0.0719, 0.0674, 0.0806, 0.0683, 0.0660, 0.0909, 0.0736, 0.0688, 0.0764, 0.0650, 0.0767, 0.0809, 0.0634, 0.0704, 0.0701, 0.0690, 0.0699, 0.0776, 0.0732, 0.0668, 0.0697, 0.0673
2025-09-09 23:31:18,151 - __main__ - INFO - Per-dim KL: 3.4410, 7.1330, 5.1050, 0.5361, 8.0023, 2.2525, 0.8156, 2.8309, 3.0977, 0.9606, 1.8281, 8.1331, 3.3599, 8.7272, 0.8570, 0.4475, 0.5091, 0.3177, 0.4561, 0.5817, 0.2886, 0.5414, 0.4416, 0.5486, 0.4320, 0.5515, 0.3848, 0.3814, 0.4437, 0.6135, 0.5706, 0.5071, 0.4922, 0.2636, 0.4892, 0.6331, 0.5069, 0.4429, 0.5094, 0.5510, 0.6235, 0.3308, 0.4787, 0.4015, 0.4957, 0.5660, 0.4949, 0.3672, 0.3844, 0.6591, 0.6625, 0.5037, 0.5667, 0.3798, 0.5011, 0.6246, 0.6061, 0.3930, 0.3629, 0.4721, 0.3276, 0.4199, 0.4556, 0.4515, 0.3228, 0.5824, 0.5984, 0.3952, 0.5001, 0.5235, 0.5487, 0.4934, 0.5518, 0.4261, 0.3147, 0.5493, 0.5510, 0.6021, 0.5412, 0.3884, 0.4581, 0.3685, 0.4643, 0.5121, 0.5326, 0.4178, 0.5168, 0.3517, 0.4963, 0.4527, 0.4461, 0.4430, 0.6122, 0.5213, 0.5814, 0.5908
2025-09-09 23:31:18,151 - __main__ - INFO - Eigenvalues of latent space: 0.5031, 0.4402, 0.4122, 0.4026, 0.3762, 0.3722, 0.3531, 0.3401, 0.3253, 0.3167, 0.3127, 0.3076, 0.3026, 0.2900, 0.2855, 0.2752, 0.2729, 0.2625, 0.2579, 0.2500, 0.2473, 0.2458, 0.2418, 0.2375, 0.2306, 0.2266, 0.2184, 0.2131, 0.2121, 0.2095, 0.2025, 0.1962, 0.1928, 0.1901, 0.1872, 0.1845, 0.1839, 0.1786, 0.1774, 0.1733, 0.1702, 0.1690, 0.1665, 0.1650, 0.1609, 0.1594, 0.1580, 0.1563, 0.1534, 0.1522, 0.1508, 0.1487, 0.1449, 0.1417, 0.1374, 0.1361, 0.1353, 0.1343, 0.1315, 0.1305, 0.1276, 0.1249, 0.1234, 0.1223, 0.1216, 0.1195, 0.1188, 0.1167, 0.1143, 0.1131, 0.1124, 0.1100, 0.1090, 0.1074, 0.1060, 0.1053, 0.1039, 0.1014, 0.0998, 0.0984, 0.0968, 0.0953, 0.0939, 0.0907, 0.0899, 0.0882, 0.0866, 0.0842, 0.0826, 0.0809, 0.0782, 0.0762, 0.0750, 0.0723, 0.0701, 0.0673
2025-09-09 23:31:18,151 - __main__ - INFO - KL Eigenvalues: 0.0950, 0.1304, 0.1492, 0.1562, 0.1769, 0.1803, 0.1970, 0.2093, 0.2242, 0.2333, 0.2376, 0.2432, 0.2489, 0.2640, 0.2695, 0.2827, 0.2857, 0.3000, 0.3066, 0.3181, 0.3222, 0.3246, 0.3308, 0.3376, 0.3488, 0.3556, 0.3700, 0.3795, 0.3814, 0.3863, 0.3998, 0.4125, 0.4195, 0.4252, 0.4313, 0.4374, 0.4386, 0.4506, 0.4534, 0.4629, 0.4704, 0.4734, 0.4795, 0.4834, 0.4938, 0.4978, 0.5015, 0.5062, 0.5140, 0.5174, 0.5214, 0.5274, 0.5383, 0.5479, 0.5610, 0.5651, 0.5677, 0.5710, 0.5802, 0.5834, 0.5931, 0.6026, 0.6077, 0.6117, 0.6143, 0.6220, 0.6247, 0.6324, 0.6416, 0.6464, 0.6491, 0.6585, 0.6629, 0.6692, 0.6751, 0.6783, 0.6840, 0.6951, 0.7022, 0.7087, 0.7160, 0.7228, 0.7296, 0.7456, 0.7493, 0.7582, 0.7663, 0.7795, 0.7880, 0.7979, 0.8131, 0.8254, 0.8329, 0.8494, 0.8638, 0.8832
2025-09-09 23:31:18,151 - __main__ - INFO - Variance explained by eigenvalues: 0.0289, 0.0542, 0.0779, 0.1011, 0.1227, 0.1441, 0.1644, 0.1840, 0.2027, 0.2209, 0.2388, 0.2565, 0.2739, 0.2906, 0.3070, 0.3228, 0.3385, 0.3536, 0.3684, 0.3828, 0.3970, 0.4112, 0.4251, 0.4387, 0.4520, 0.4650, 0.4775, 0.4898, 0.5020, 0.5140, 0.5257, 0.5370, 0.5480, 0.5590, 0.5697, 0.5803, 0.5909, 0.6012, 0.6114, 0.6213, 0.6311, 0.6408, 0.6504, 0.6599, 0.6692, 0.6783, 0.6874, 0.6964, 0.7052, 0.7140, 0.7226, 0.7312, 0.7395, 0.7477, 0.7556, 0.7634, 0.7712, 0.7789, 0.7864, 0.7939, 0.8013, 0.8085, 0.8156, 0.8226, 0.8296, 0.8365, 0.8433, 0.8500, 0.8566, 0.8631, 0.8695, 0.8759, 0.8821, 0.8883, 0.8944, 0.9004, 0.9064, 0.9122, 0.9180, 0.9236, 0.9292, 0.9347, 0.9401, 0.9453, 0.9505, 0.9555, 0.9605, 0.9654, 0.9701, 0.9748, 0.9793, 0.9836, 0.9879, 0.9921, 0.9961, 1.0000
2025-09-09 23:31:18,151 - __main__ - INFO - ==================================================
2025-09-09 23:31:18,152 - __main__ - INFO - 
✅ MultiModalVAE training completed!
2025-09-09 23:31:18,152 - __main__ - INFO -   - Completed all 1 epochs
2025-09-09 23:31:18,152 - __main__ - INFO -   - Final train loss: 3867.5571
2025-09-09 23:31:18,152 - __main__ - INFO -   - Final test loss: 2678.8755
2025-09-09 23:31:18,179 - __main__ - INFO - 💾 Model saved locally: checkpoints_hmm/vae_hmm_round2_temp.pth
2025-09-09 23:31:19,383 - __main__ - DEBUG - 🗑️  Removed temporary file: checkpoints_hmm/vae_hmm_round2_temp.pth
2025-09-09 23:31:19,383 - __main__ - INFO - ✅ M-step completed: final_train_loss=3867.5571, final_test_loss=2678.8755
2025-09-09 23:31:19,414 - __main__ - INFO - 💾 Saved VAE+HMM → checkpoints_hmm/vae_with_hmm_round2.pt
2025-09-09 23:31:19,414 - __main__ - INFO - 🤗 Uploading VAE+HMM round 2 to HuggingFace: CatkinChen/nethack-vae-hmm
2025-09-09 23:31:24,259 - huggingface_hub.hf_api - WARNING - No files have been modified since last commit. Skipping to prevent empty commit.
2025-09-09 23:31:29,237 - __main__ - INFO - ✅ VAE+HMM uploaded to: https://huggingface.co/CatkinChen/nethack-vae-hmm
2025-09-09 23:31:33,062 - __main__ - INFO - ========== EM Round 3/4: E-step ==========
2025-09-09 23:31:33,062 - __main__ - INFO -    - Resetting HMM to prior
2025-09-09 23:31:33,063 - __main__ - INFO -    - Resetting HMM streaming statistics
2025-09-09 23:31:49,666 - __main__ - INFO -    - Re-initialized NIW mean with k-means on VAE latents
2025-09-09 23:32:48,503 - __main__ - DEBUG - Initial ELBO: -12037798.2907
2025-09-09 23:32:48,503 - __main__ - DEBUG - Relative tol: 0.0100
2025-09-09 23:32:48,503 - __main__ - DEBUG - Relative elbo_drop_tol: 0.0100
2025-09-09 23:32:48,503 - __main__ - DEBUG - - Init -118.0441
2025-09-09 23:32:48,503 - __main__ - DEBUG - - Trans -180491.2617
2025-09-09 23:32:48,503 - __main__ - DEBUG - - Emit -11849604.9062
2025-09-09 23:32:48,503 - __main__ - DEBUG - - Entropy 178.9377
2025-09-09 23:32:48,503 - __main__ - DEBUG - - Dir 0.0000
2025-09-09 23:32:48,503 - __main__ - DEBUG - - NIW -7748.2607
2025-09-09 23:32:48,503 - __main__ - DEBUG - - Beta prior -14.7555
2025-09-09 23:33:36,468 - __main__ - DEBUG - Iter 0: ELBO after FB: -12037798.2907 (LL -12030035.2745, Δ=0.0000)
2025-09-09 23:33:36,468 - __main__ - DEBUG - First pass after reset, using full stats.
2025-09-09 23:33:36,506 - __main__ - DEBUG - Iter 0: ELBO after NIW update: -2405906.7643 (Emit LL -1763796.7344, NIW term -461664.9062, Δ=9631891.5264)
2025-09-09 23:33:36,544 - __main__ - DEBUG - Iter 0: ELBO after Dirichlet update: -2227661.2696 (Trans LL -1124.6859, Dir term -1121.0811, Δ=178245.4948)
2025-09-09 23:34:25,419 - __main__ - DEBUG - Iter 1: ELBO after FB: -2220049.4156 (LL -1757248.6728, Δ=7611.8539)
2025-09-09 23:34:25,419 - __main__ - DEBUG - First pass after reset, using full stats.
2025-09-09 23:34:25,457 - __main__ - DEBUG - Iter 1: ELBO after NIW update: -2188437.9508 (Emit LL -1758871.1719, NIW term -427246.7812, Δ=31611.4648)
2025-09-09 23:34:25,495 - __main__ - DEBUG - Iter 1: ELBO after Dirichlet update: -2188208.1248 (Trans LL -1119.7031, Dir term -1044.6887, Δ=229.8260)
2025-09-09 23:35:13,890 - __main__ - DEBUG - Iter 2: ELBO after FB: -2177324.2961 (LL -1749018.0706, Δ=10883.8287)
2025-09-09 23:35:13,891 - __main__ - DEBUG - First pass after reset, using full stats.
2025-09-09 23:35:13,929 - __main__ - DEBUG - Iter 2: ELBO after NIW update: -2129667.3781 (Emit LL -1752773.3203, NIW term -374737.0625, Δ=47656.9180)
2025-09-09 23:35:13,968 - __main__ - DEBUG - Iter 2: ELBO after Dirichlet update: -2129451.4658 (Trans LL -1063.3713, Dir term -921.1455, Δ=215.9123)
2025-09-09 23:36:02,723 - __main__ - DEBUG - Iter 3: ELBO after FB: -2116556.8649 (LL -1740883.9014, Δ=12894.6009)
2025-09-09 23:36:02,723 - __main__ - DEBUG - First pass after reset, using full stats.
2025-09-09 23:36:02,762 - __main__ - DEBUG - Iter 3: ELBO after NIW update: -2079289.4118 (Emit LL -1743057.2539, NIW term -334243.1250, Δ=37267.4531)
2025-09-09 23:36:02,801 - __main__ - DEBUG - Iter 3: ELBO after Dirichlet update: -2079067.9558 (Trans LL -984.1849, Dir term -797.7694, Δ=221.4560)
2025-09-09 23:36:51,347 - __main__ - DEBUG - Iter 4: ELBO after FB: -2070798.2835 (LL -1735742.6336, Δ=8269.6722)
2025-09-09 23:36:51,348 - __main__ - DEBUG - First pass after reset, using full stats.
2025-09-09 23:36:51,386 - __main__ - DEBUG - Iter 4: ELBO after NIW update: -2048273.4593 (Emit LL -1735758.5273, NIW term -310717.5625, Δ=22524.8242)
2025-09-09 23:36:51,424 - __main__ - DEBUG - Iter 4: ELBO after Dirichlet update: -2048167.2291 (Trans LL -988.4529, Dir term -729.7513, Δ=106.2303)
2025-09-09 23:37:40,258 - __main__ - DEBUG - Iter 5: ELBO after FB: -2044566.0352 (LL -1733103.9658, Δ=3601.1939)
2025-09-09 23:37:40,258 - __main__ - DEBUG - First pass after reset, using full stats.
2025-09-09 23:37:40,296 - __main__ - DEBUG - Iter 5: ELBO after NIW update: -2021469.5273 (Emit LL -1732864.5664, NIW term -286983.5625, Δ=23096.5078)
2025-09-09 23:37:40,334 - __main__ - DEBUG - Iter 5: ELBO after Dirichlet update: -2021380.9592 (Trans LL -884.3310, Dir term -670.2484, Δ=88.5681)
2025-09-09 23:38:30,177 - __main__ - DEBUG - Iter 6: ELBO after FB: -2019080.4005 (LL -1731411.8340, Δ=2300.5587)
2025-09-09 23:38:30,178 - __main__ - DEBUG - First pass after reset, using full stats.
2025-09-09 23:38:30,216 - __main__ - DEBUG - Iter 6: ELBO after NIW update: -2012695.8927 (Emit LL -1734891.2969, NIW term -276230.0000, Δ=6384.5078)
2025-09-09 23:38:30,254 - __main__ - DEBUG - Iter 6: ELBO after Dirichlet update: -2012667.9034 (Trans LL -912.5920, Dir term -649.4874, Δ=27.9892)
2025-09-09 23:38:30,255 - __main__ - DEBUG - Early stopping: ELBO improvement 8713.0558 < tolerance
2025-09-09 23:39:30,344 - __main__ - INFO - [E-step] Multi-batch 1/1 (x100 batches) - HMM Diagnostics:
2025-09-09 23:39:30,345 - __main__ - INFO -   - Avg log-likelihood per step: -18.6805
2025-09-09 23:39:30,345 - __main__ - INFO -   - Inner ELBO (final): -2012667.9034
2025-09-09 23:39:30,345 - __main__ - INFO -   - ELBO progression (7 iters): [-2227661.25, ..., -2012667.88] (Δ=214993.3750)
2025-09-09 23:39:30,345 - __main__ - INFO -   - Effective number of skills: 13.40
2025-09-09 23:39:30,345 - __main__ - INFO -   - State entropy: 0.015
2025-09-09 23:39:30,345 - __main__ - INFO -   - Transition stickiness: 0.612
2025-09-09 23:39:30,345 - __main__ - INFO -   - Top 5 skills: [14, 20, 15, 18, 2] (probs: ['0.283', '0.096', '0.063', '0.060', '0.056'])
2025-09-09 23:39:30,345 - __main__ - INFO -   - Combined time length: 3200 (original T=32, multiples=100)
2025-09-09 23:39:30,352 - __main__ - INFO - 🔍 Computing HMM diagnostics...
2025-09-09 23:40:41,919 - __main__ - INFO - 📊 HMM Diagnostics for Round 3:
2025-09-09 23:40:41,920 - __main__ - INFO -   - Avg log-likelihood per step: -18.8015
2025-09-09 23:40:41,920 - __main__ - INFO -   - State entropy: 0.0267
2025-09-09 23:40:41,920 - __main__ - INFO -   - Effective number of skills: 13.14
2025-09-09 23:40:41,920 - __main__ - INFO -   - Transition stickiness (diag): 0.6122
2025-09-09 23:40:41,920 - __main__ - INFO -   - Top 5 skill occupancies: [0.2916877865791321, 0.09552094340324402, 0.0629759430885315, 0.059896163642406464, 0.056061722338199615]
2025-09-09 23:40:41,920 - __main__ - INFO -   - Top 5 skill indices: [14, 20, 15, 18, 2]
2025-09-09 23:40:41,920 - __main__ - INFO -     - Skill 18: emp= 29.58  E[1/(1-p)]:1092.12  p_stay=0.999
2025-09-09 23:40:41,920 - __main__ - INFO -     - Skill 14: emp= 28.62  E[1/(1-p)]:1087.73  p_stay=0.999
2025-09-09 23:40:41,920 - __main__ - INFO -     - Skill 2: emp= 28.61  E[1/(1-p)]:738.53  p_stay=0.999
2025-09-09 23:40:41,920 - __main__ - INFO -     - Skill 31: emp= 29.36  E[1/(1-p)]:732.66  p_stay=0.999
2025-09-09 23:40:41,920 - __main__ - INFO -     - Skill 10: emp= 28.74  E[1/(1-p)]:527.12  p_stay=0.998
2025-09-09 23:40:41,920 - __main__ - INFO - 🖼️  Rendering HMM visualizations for round 3
2025-09-09 23:41:59,553 - __main__ - INFO - 💾 Saved HMM posterior → checkpoints_hmm/hmm_round3.pt
2025-09-09 23:41:59,554 - __main__ - INFO - 🤗 Uploading HMM round 3 to HuggingFace: CatkinChen/nethack-hmm
2025-09-09 23:42:05,175 - __main__ - INFO - ✅ HMM uploaded to: https://huggingface.co/CatkinChen/nethack-hmm
2025-09-09 23:42:05,175 - __main__ - INFO - ========== EM Round 3/4: M-step ==========
2025-09-09 23:42:05,175 - __main__ - INFO - 🔧 Fine-tuning VAE with HMM prior for 1 epochs...
2025-09-09 23:42:05,176 - __main__ - INFO - 📊 M-step 3 parameter schedule:
2025-09-09 23:42:05,176 - __main__ - INFO -   - prior_blend_alpha: 0.600 → 1.000 (cosine)
2025-09-09 23:42:05,176 - __main__ - INFO -   - mi_beta: 0.467 → 0.600 (linear)
2025-09-09 23:42:05,176 - __main__ - INFO -   - tc_beta: 0.133 → 0.200 (linear)
2025-09-09 23:42:05,176 - __main__ - INFO -   - dw_beta: 0.833 → 1.000 (linear)
2025-09-09 23:42:06,116 - __main__ - INFO - Weights & Biases initialized
2025-09-09 23:42:06,117 - __main__ - INFO - 🔥Training MultiModalHackVAE with 100 train batches, 20 test batches
2025-09-09 23:42:06,117 - __main__ - INFO -    Epochs: 1
2025-09-09 23:42:06,117 - __main__ - INFO -    Batch size: 32
2025-09-09 23:42:06,117 - __main__ - INFO -    Sequence size: 32
2025-09-09 23:42:06,117 - __main__ - INFO -    Device: cuda
2025-09-09 23:42:06,118 - __main__ - INFO -    Mixed Precision: BF16 = False
2025-09-09 23:42:06,118 - __main__ - INFO -    LR Scheduler: constant
2025-09-09 23:42:06,118 - __main__ - INFO -    Shuffle batches: True
2025-09-09 23:42:06,118 - __main__ - INFO -    Shuffle within batch: False
2025-09-09 23:42:06,118 - __main__ - INFO -    VAE Configuration:
2025-09-09 23:42:06,118 - __main__ - INFO -      - Latent dimension: 96
2025-09-09 23:42:06,118 - __main__ - INFO -      - Encoder dropout: 0.1
2025-09-09 23:42:06,118 - __main__ - INFO -      - Decoder dropout: 0.1
2025-09-09 23:42:06,118 - __main__ - INFO -    Adaptive Loss Weighting:
2025-09-09 23:42:06,118 - __main__ - INFO -      - MI beta: 0.467 → 0.600
2025-09-09 23:42:06,118 - __main__ - INFO -      - TC beta: 0.133 → 0.200
2025-09-09 23:42:06,118 - __main__ - INFO -      - DW beta: 0.833 → 1.000
2025-09-09 23:42:06,119 - __main__ - INFO -      - Blend alpha: 0.600 → 1.000
2025-09-09 23:42:06,119 - __main__ - INFO -      - Warmup epochs: 0 out of 1 total epochs
2025-09-09 23:42:06,119 - __main__ - INFO -    Free bits: 0.75
2025-09-09 23:42:06,119 - __main__ - INFO -    Focal loss: alpha=0.5, gamma=2.0
2025-09-09 23:42:06,119 - __main__ - INFO -    Early Stopping:
2025-09-09 23:42:06,119 - __main__ - INFO -      - Enabled: False
2025-09-09 23:42:06,119 - __main__ - INFO -    HMM Prior: Enabled
2025-09-09 23:42:06,150 - __main__ - INFO - 🔧 Using FP32 precision training
2025-09-09 23:42:06,151 - __main__ - INFO - Model has latent dimension: 96
2025-09-09 23:42:06,151 - __main__ - INFO - 🎯 Starting training for 1 epochs (starting from epoch 0)...
2025-09-09 23:42:06,151 - __main__ - INFO -    Total training steps: 100
2025-09-09 23:42:06,151 - __main__ - INFO -    Warmup steps: 20
2025-09-09 23:42:06,151 - __main__ - INFO - 🎯 Epoch 1/1 - Starting epoch...
2025-09-09 23:42:06,152 - __main__ - DEBUG - Shuffled 100 training batches for epoch 1
2025-09-09 23:42:06,152 - __main__ - DEBUG - Shuffled 20 testing batches for epoch 1
2025-09-09 23:42:06,797 - __main__ - DEBUG - Step 0/100 - Adaptive weights: mi_beta=0.467, tc_beta=0.133, dw_beta=0.833, blend_alpha=0.600
2025-09-09 23:45:24,439 - __main__ - DEBUG - Step 100/100 - Adaptive weights: mi_beta=0.600, tc_beta=0.200, dw_beta=1.000, blend_alpha=1.000
2025-09-09 23:45:26,000 - __main__ - DEBUG - Step 100/100 - Adaptive weights: mi_beta=0.600, tc_beta=0.200, dw_beta=1.000, blend_alpha=1.000
2025-09-09 23:45:27,575 - __main__ - DEBUG - Step 100/100 - Adaptive weights: mi_beta=0.600, tc_beta=0.200, dw_beta=1.000, blend_alpha=1.000
2025-09-09 23:45:29,149 - __main__ - DEBUG - Step 100/100 - Adaptive weights: mi_beta=0.600, tc_beta=0.200, dw_beta=1.000, blend_alpha=1.000
2025-09-09 23:45:30,685 - __main__ - DEBUG - Step 100/100 - Adaptive weights: mi_beta=0.600, tc_beta=0.200, dw_beta=1.000, blend_alpha=1.000
2025-09-09 23:45:32,332 - __main__ - DEBUG - Step 100/100 - Adaptive weights: mi_beta=0.600, tc_beta=0.200, dw_beta=1.000, blend_alpha=1.000
2025-09-09 23:45:33,897 - __main__ - DEBUG - Step 100/100 - Adaptive weights: mi_beta=0.600, tc_beta=0.200, dw_beta=1.000, blend_alpha=1.000
2025-09-09 23:45:35,490 - __main__ - DEBUG - Step 100/100 - Adaptive weights: mi_beta=0.600, tc_beta=0.200, dw_beta=1.000, blend_alpha=1.000
2025-09-09 23:45:37,040 - __main__ - DEBUG - Step 100/100 - Adaptive weights: mi_beta=0.600, tc_beta=0.200, dw_beta=1.000, blend_alpha=1.000
2025-09-09 23:45:38,571 - __main__ - DEBUG - Step 100/100 - Adaptive weights: mi_beta=0.600, tc_beta=0.200, dw_beta=1.000, blend_alpha=1.000
2025-09-09 23:45:39,908 - __main__ - DEBUG - Step 100/100 - Adaptive weights: mi_beta=0.600, tc_beta=0.200, dw_beta=1.000, blend_alpha=1.000
2025-09-09 23:45:41,562 - __main__ - DEBUG - Step 100/100 - Adaptive weights: mi_beta=0.600, tc_beta=0.200, dw_beta=1.000, blend_alpha=1.000
2025-09-09 23:45:43,137 - __main__ - DEBUG - Step 100/100 - Adaptive weights: mi_beta=0.600, tc_beta=0.200, dw_beta=1.000, blend_alpha=1.000
2025-09-09 23:45:44,745 - __main__ - DEBUG - Step 100/100 - Adaptive weights: mi_beta=0.600, tc_beta=0.200, dw_beta=1.000, blend_alpha=1.000
2025-09-09 23:45:46,383 - __main__ - DEBUG - Step 100/100 - Adaptive weights: mi_beta=0.600, tc_beta=0.200, dw_beta=1.000, blend_alpha=1.000
2025-09-09 23:45:48,018 - __main__ - DEBUG - Step 100/100 - Adaptive weights: mi_beta=0.600, tc_beta=0.200, dw_beta=1.000, blend_alpha=1.000
2025-09-09 23:45:49,526 - __main__ - DEBUG - Step 100/100 - Adaptive weights: mi_beta=0.600, tc_beta=0.200, dw_beta=1.000, blend_alpha=1.000
2025-09-09 23:45:51,051 - __main__ - DEBUG - Step 100/100 - Adaptive weights: mi_beta=0.600, tc_beta=0.200, dw_beta=1.000, blend_alpha=1.000
2025-09-09 23:45:52,571 - __main__ - DEBUG - Step 100/100 - Adaptive weights: mi_beta=0.600, tc_beta=0.200, dw_beta=1.000, blend_alpha=1.000
2025-09-09 23:45:54,072 - __main__ - DEBUG - Step 100/100 - Adaptive weights: mi_beta=0.600, tc_beta=0.200, dw_beta=1.000, blend_alpha=1.000
2025-09-09 23:45:54,946 - __main__ - DEBUG - Step 100/100 - Adaptive weights: mi_beta=0.600, tc_beta=0.200, dw_beta=1.000, blend_alpha=1.000
2025-09-09 23:45:54,946 - __main__ - INFO - 
=== Epoch 1/1 Summary ===
2025-09-09 23:45:54,946 - __main__ - INFO - Average Train Loss: 3842.716 | Average Test Loss: 2714.770
2025-09-09 23:45:54,946 - __main__ - INFO - Current KL Betas: mi=0.600, tc=0.200, dw=1.000, blend_alpha=1.000
2025-09-09 23:45:54,947 - __main__ - INFO - Global Step: 100/100 (100.0%)
2025-09-09 23:45:54,947 - __main__ - INFO - Final Training Batch Details:
2025-09-09 23:45:54,947 - __main__ - INFO -   Raw Losses: hero_loc: 2.732 | occupy: 1643.996 | bag: 428.518 | stats: 67.895 | msg: 24.652 | ego_char: 28.996 | ego_color: 118.335 | ego_class: 29.964 | passability: 0.598 | reward: 32.408 | done: 0.011 | value_k: 5.373 | safety: 0.677 | goal: 0.319 | forward: 47.932 | inverse: 2.922
2025-09-09 23:45:54,947 - __main__ - INFO - Final Testing Batch Details:
2025-09-09 23:45:54,947 - __main__ - INFO -   Raw Losses: hero_loc: 1.840 | occupy: 1559.710 | bag: 400.952 | stats: 71.520 | msg: 30.767 | ego_char: 29.459 | ego_color: 103.413 | ego_class: 30.780 | passability: 0.589 | reward: 16.294 | done: 0.010 | value_k: 2.252 | safety: 0.674 | goal: 0.076 | forward: 32.702 | inverse: 3.142
2025-09-09 23:45:54,948 - __main__ - INFO - Variance of model output (mu): 0.1238, 0.1143, 0.1182, 0.1197, 0.1372, 0.0931, 0.1543, 0.1781, 0.1128, 0.0981, 0.1020, 0.1300, 0.1454, 0.1128, 0.1099, 0.1690, 0.0675, 0.0813, 0.0823, 0.0764, 0.0695, 0.0818, 0.0923, 0.0732, 0.0720, 0.0905, 0.0758, 0.0791, 0.0695, 0.0612, 0.0727, 0.0854, 0.0707, 0.0837, 0.0636, 0.0808, 0.0637, 0.0586, 0.0711, 0.0700, 0.0815, 0.0693, 0.0683, 0.0798, 0.0795, 0.0867, 0.0745, 0.0716, 0.0744, 0.0714, 0.0802, 0.0935, 0.0718, 0.0954, 0.0844, 0.0859, 0.0751, 0.0772, 0.0685, 0.0820, 0.0863, 0.0817, 0.0763, 0.0716, 0.0842, 0.0666, 0.0796, 0.0617, 0.0816, 0.0697, 0.0739, 0.0891, 0.0647, 0.0697, 0.0687, 0.0639, 0.0662, 0.0660, 0.0722, 0.0765, 0.0584, 0.0757, 0.0636, 0.0727, 0.0909, 0.0742, 0.0711, 0.0755, 0.0762, 0.0640, 0.0743, 0.0659, 0.0886, 0.0636, 0.0730, 0.0741
2025-09-09 23:45:54,948 - __main__ - INFO - Per-dim KL: 3.6907, 0.5971, 4.0077, 0.4016, 0.8532, 1.6651, 5.1548, 7.3397, 1.9606, 1.3691, 1.3739, 3.4011, 1.3721, 2.8747, 0.7233, 2.8254, 0.4724, 0.6265, 0.5875, 0.6230, 0.6583, 0.7073, 0.4282, 0.4599, 0.4895, 0.5114, 0.4917, 0.5688, 0.6168, 0.3974, 0.6103, 0.4963, 0.6662, 0.6461, 0.5709, 0.5609, 0.5396, 0.5263, 0.4086, 0.5393, 0.3911, 0.3905, 0.6305, 0.3774, 0.6474, 0.4405, 0.7276, 0.5085, 0.6202, 0.6433, 0.5919, 0.4602, 0.6632, 0.3427, 0.5235, 0.5641, 0.5841, 0.4096, 0.5447, 0.3533, 0.5205, 0.6312, 0.4410, 0.6489, 0.4470, 0.5936, 0.4974, 0.6856, 0.4906, 0.4987, 0.4727, 0.6352, 0.4555, 0.4492, 0.5403, 0.6135, 0.6546, 0.6677, 0.6451, 0.6764, 0.7539, 0.5236, 0.6267, 0.6234, 0.5615, 0.6593, 0.5829, 0.5584, 0.5741, 0.6783, 0.3979, 0.7086, 0.4268, 0.6299, 0.4897, 0.4831
2025-09-09 23:45:54,948 - __main__ - INFO - Eigenvalues of latent space: 0.6295, 0.5089, 0.4344, 0.3846, 0.3651, 0.3559, 0.3386, 0.3107, 0.3104, 0.3023, 0.2867, 0.2791, 0.2750, 0.2725, 0.2643, 0.2495, 0.2428, 0.2381, 0.2347, 0.2269, 0.2254, 0.2199, 0.2151, 0.2144, 0.2040, 0.2015, 0.1989, 0.1950, 0.1891, 0.1826, 0.1800, 0.1751, 0.1739, 0.1687, 0.1671, 0.1621, 0.1613, 0.1589, 0.1565, 0.1533, 0.1498, 0.1474, 0.1438, 0.1413, 0.1399, 0.1375, 0.1354, 0.1323, 0.1307, 0.1284, 0.1275, 0.1251, 0.1240, 0.1229, 0.1205, 0.1182, 0.1153, 0.1134, 0.1108, 0.1101, 0.1083, 0.1073, 0.1056, 0.1050, 0.1025, 0.1021, 0.0994, 0.0988, 0.0980, 0.0957, 0.0934, 0.0925, 0.0917, 0.0897, 0.0884, 0.0870, 0.0866, 0.0843, 0.0832, 0.0818, 0.0783, 0.0768, 0.0755, 0.0752, 0.0744, 0.0726, 0.0708, 0.0695, 0.0677, 0.0668, 0.0659, 0.0653, 0.0607, 0.0600, 0.0578, 0.0541
2025-09-09 23:45:54,948 - __main__ - INFO - KL Eigenvalues: 0.0462, 0.0922, 0.1341, 0.1700, 0.1863, 0.1945, 0.2108, 0.2398, 0.2401, 0.2493, 0.2680, 0.2777, 0.2830, 0.2863, 0.2974, 0.3189, 0.3292, 0.3366, 0.3421, 0.3550, 0.3576, 0.3673, 0.3759, 0.3772, 0.3968, 0.4016, 0.4069, 0.4148, 0.4274, 0.4415, 0.4474, 0.4588, 0.4617, 0.4742, 0.4782, 0.4909, 0.4928, 0.4992, 0.5055, 0.5144, 0.5243, 0.5310, 0.5415, 0.5491, 0.5534, 0.5609, 0.5674, 0.5774, 0.5827, 0.5904, 0.5936, 0.6019, 0.6058, 0.6096, 0.6185, 0.6268, 0.6378, 0.6451, 0.6553, 0.6582, 0.6656, 0.6698, 0.6769, 0.6792, 0.6904, 0.6919, 0.7041, 0.7065, 0.7105, 0.7213, 0.7322, 0.7365, 0.7404, 0.7505, 0.7572, 0.7645, 0.7668, 0.7788, 0.7850, 0.7927, 0.8127, 0.8214, 0.8298, 0.8315, 0.8365, 0.8474, 0.8596, 0.8677, 0.8802, 0.8862, 0.8931, 0.8973, 0.9316, 0.9365, 0.9541, 0.9857
2025-09-09 23:45:54,948 - __main__ - INFO - Variance explained by eigenvalues: 0.0399, 0.0721, 0.0997, 0.1241, 0.1472, 0.1697, 0.1912, 0.2109, 0.2306, 0.2497, 0.2679, 0.2856, 0.3030, 0.3203, 0.3370, 0.3528, 0.3682, 0.3833, 0.3982, 0.4126, 0.4269, 0.4408, 0.4544, 0.4680, 0.4809, 0.4937, 0.5063, 0.5187, 0.5306, 0.5422, 0.5536, 0.5647, 0.5757, 0.5864, 0.5970, 0.6073, 0.6175, 0.6276, 0.6375, 0.6472, 0.6567, 0.6660, 0.6752, 0.6841, 0.6930, 0.7017, 0.7103, 0.7187, 0.7269, 0.7351, 0.7432, 0.7511, 0.7589, 0.7667, 0.7744, 0.7819, 0.7892, 0.7964, 0.8034, 0.8104, 0.8172, 0.8240, 0.8307, 0.8374, 0.8439, 0.8503, 0.8566, 0.8629, 0.8691, 0.8752, 0.8811, 0.8869, 0.8928, 0.8984, 0.9040, 0.9096, 0.9150, 0.9204, 0.9257, 0.9308, 0.9358, 0.9407, 0.9455, 0.9502, 0.9549, 0.9595, 0.9640, 0.9684, 0.9727, 0.9770, 0.9811, 0.9853, 0.9891, 0.9929, 0.9966, 1.0000
2025-09-09 23:45:54,948 - __main__ - INFO - ==================================================
2025-09-09 23:45:54,949 - __main__ - INFO - 
✅ MultiModalVAE training completed!
2025-09-09 23:45:54,949 - __main__ - INFO -   - Completed all 1 epochs
2025-09-09 23:45:54,949 - __main__ - INFO -   - Final train loss: 3842.7160
2025-09-09 23:45:54,949 - __main__ - INFO -   - Final test loss: 2714.7704
2025-09-09 23:45:54,982 - __main__ - INFO - 💾 Model saved locally: checkpoints_hmm/vae_hmm_round3_temp.pth
2025-09-09 23:45:56,144 - __main__ - DEBUG - 🗑️  Removed temporary file: checkpoints_hmm/vae_hmm_round3_temp.pth
2025-09-09 23:45:56,144 - __main__ - INFO - ✅ M-step completed: final_train_loss=3842.7160, final_test_loss=2714.7704
2025-09-09 23:45:56,174 - __main__ - INFO - 💾 Saved VAE+HMM → checkpoints_hmm/vae_with_hmm_round3.pt
2025-09-09 23:45:56,174 - __main__ - INFO - 🤗 Uploading VAE+HMM round 3 to HuggingFace: CatkinChen/nethack-vae-hmm
2025-09-09 23:46:00,963 - huggingface_hub.hf_api - WARNING - No files have been modified since last commit. Skipping to prevent empty commit.
2025-09-09 23:46:05,553 - __main__ - INFO - ✅ VAE+HMM uploaded to: https://huggingface.co/CatkinChen/nethack-vae-hmm
2025-09-09 23:46:09,581 - __main__ - INFO - ========== EM Round 4/4: E-step ==========
2025-09-09 23:46:09,581 - __main__ - INFO -    - Resetting HMM to prior
2025-09-09 23:46:09,584 - __main__ - INFO -    - Resetting HMM streaming statistics
2025-09-09 23:46:27,729 - __main__ - INFO -    - Re-initialized NIW mean with k-means on VAE latents
2025-09-09 23:47:24,574 - __main__ - DEBUG - Initial ELBO: -11777818.9995
2025-09-09 23:47:24,575 - __main__ - DEBUG - Relative tol: 0.0100
2025-09-09 23:47:24,575 - __main__ - DEBUG - Relative elbo_drop_tol: 0.0100
2025-09-09 23:47:24,575 - __main__ - DEBUG - - Init -118.0441
2025-09-09 23:47:24,575 - __main__ - DEBUG - - Trans -193973.7070
2025-09-09 23:47:24,575 - __main__ - DEBUG - - Emit -11580617.1875
2025-09-09 23:47:24,575 - __main__ - DEBUG - - Entropy 2223.9276
2025-09-09 23:47:24,575 - __main__ - DEBUG - - Dir 0.0000
2025-09-09 23:47:24,575 - __main__ - DEBUG - - NIW -5319.2329
2025-09-09 23:47:24,575 - __main__ - DEBUG - - Beta prior -14.7555
2025-09-09 23:48:12,677 - __main__ - DEBUG - Iter 0: ELBO after FB: -11777818.9995 (LL -11772485.0111, Δ=0.0000)
2025-09-09 23:48:12,677 - __main__ - DEBUG - First pass after reset, using full stats.
2025-09-09 23:48:12,715 - __main__ - DEBUG - Iter 0: ELBO after NIW update: -1514389.3496 (Emit LL -764506.1455, NIW term -558000.6250, Δ=10263429.6499)
2025-09-09 23:48:12,753 - __main__ - DEBUG - Iter 0: ELBO after Dirichlet update: -1336699.9719 (Trans LL -14488.5216, Dir term -1795.8076, Δ=177689.3778)
2025-09-09 23:49:00,874 - __main__ - DEBUG - Iter 1: ELBO after FB: -1313905.5117 (LL -754094.3235, Δ=22794.4602)
2025-09-09 23:49:00,875 - __main__ - DEBUG - First pass after reset, using full stats.
2025-09-09 23:49:00,913 - __main__ - DEBUG - Iter 1: ELBO after NIW update: -1278367.7206 (Emit LL -742033.4307, NIW term -514552.9375, Δ=35537.7910)
2025-09-09 23:49:00,951 - __main__ - DEBUG - Iter 1: ELBO after Dirichlet update: -1276569.1963 (Trans LL -20793.1135, Dir term -1582.9043, Δ=1798.5243)
2025-09-09 23:49:49,128 - __main__ - DEBUG - Iter 2: ELBO after FB: -1251408.3411 (LL -735257.7437, Δ=25160.8552)
2025-09-09 23:49:49,128 - __main__ - DEBUG - First pass after reset, using full stats.
2025-09-09 23:49:49,167 - __main__ - DEBUG - Iter 2: ELBO after NIW update: -1190711.9260 (Emit LL -720261.5234, NIW term -447278.8438, Δ=60696.4150)
2025-09-09 23:49:49,205 - __main__ - DEBUG - Iter 2: ELBO after Dirichlet update: -1189685.9471 (Trans LL -23450.1888, Dir term -1281.9551, Δ=1025.9789)
2025-09-09 23:50:37,294 - __main__ - DEBUG - Iter 3: ELBO after FB: -1173185.9397 (LL -724610.3853, Δ=16500.0075)
2025-09-09 23:50:37,295 - __main__ - DEBUG - First pass after reset, using full stats.
2025-09-09 23:50:37,333 - __main__ - DEBUG - Iter 3: ELBO after NIW update: -1115316.4563 (Emit LL -713762.7891, NIW term -378453.0938, Δ=57869.4834)
2025-09-09 23:50:37,371 - __main__ - DEBUG - Iter 3: ELBO after Dirichlet update: -1114545.7936 (Trans LL -23792.8760, Dir term -1065.7676, Δ=770.6627)
2025-09-09 23:51:25,582 - __main__ - DEBUG - Iter 4: ELBO after FB: -1094180.7427 (LL -714647.1258, Δ=20365.0509)
2025-09-09 23:51:25,582 - __main__ - DEBUG - First pass after reset, using full stats.
2025-09-09 23:51:25,620 - __main__ - DEBUG - Iter 4: ELBO after NIW update: -1038941.0874 (Emit LL -698310.0537, NIW term -318726.2812, Δ=55239.6553)
2025-09-09 23:51:25,658 - __main__ - DEBUG - Iter 4: ELBO after Dirichlet update: -1038342.0517 (Trans LL -22874.2613, Dir term -844.3828, Δ=599.0357)
2025-09-09 23:52:13,755 - __main__ - DEBUG - Iter 5: ELBO after FB: -1029035.5327 (LL -709450.1132, Δ=9306.5190)
2025-09-09 23:52:13,755 - __main__ - DEBUG - First pass after reset, using full stats.
2025-09-09 23:52:13,793 - __main__ - DEBUG - Iter 5: ELBO after NIW update: -1015092.1021 (Emit LL -694779.6553, NIW term -299505.4375, Δ=13943.4307)
2025-09-09 23:52:13,832 - __main__ - DEBUG - Iter 5: ELBO after Dirichlet update: -1014867.2119 (Trans LL -22232.7031, Dir term -761.5020, Δ=224.8902)
2025-09-09 23:53:01,608 - __main__ - DEBUG - Iter 6: ELBO after FB: -1008578.2998 (LL -708296.6048, Δ=6288.9121)
2025-09-09 23:53:01,608 - __main__ - DEBUG - First pass after reset, using full stats.
2025-09-09 23:53:01,647 - __main__ - DEBUG - Iter 6: ELBO after NIW update: -996054.2529 (Emit LL -694258.6992, NIW term -281663.1250, Δ=12524.0469)
2025-09-09 23:53:01,685 - __main__ - DEBUG - Iter 6: ELBO after Dirichlet update: -995736.1262 (Trans LL -21507.1245, Dir term -702.2676, Δ=318.1268)
2025-09-09 23:53:51,779 - __main__ - DEBUG - Iter 7: ELBO after FB: -990838.3556 (LL -708458.2075, Δ=4897.7706)
2025-09-09 23:53:51,780 - __main__ - DEBUG - First pass after reset, using full stats.
2025-09-09 23:53:51,819 - __main__ - DEBUG - Iter 7: ELBO after NIW update: -984950.8273 (Emit LL -693870.2148, NIW term -271353.2500, Δ=5887.5283)
2025-09-09 23:53:51,858 - __main__ - DEBUG - Iter 7: ELBO after Dirichlet update: -984788.5129 (Trans LL -21310.5394, Dir term -655.7285, Δ=162.3143)
2025-09-09 23:54:40,285 - __main__ - DEBUG - Iter 8: ELBO after FB: -980430.4440 (LL -708406.7100, Δ=4358.0689)
2025-09-09 23:54:40,285 - __main__ - DEBUG - First pass after reset, using full stats.
2025-09-09 23:54:40,323 - __main__ - DEBUG - Iter 8: ELBO after NIW update: -970243.2321 (Emit LL -694605.4609, NIW term -256276.2656, Δ=10187.2119)
2025-09-09 23:54:40,362 - __main__ - DEBUG - Iter 8: ELBO after Dirichlet update: -970122.9610 (Trans LL -20981.2228, Dir term -615.8574, Δ=120.2711)
2025-09-09 23:55:29,172 - __main__ - DEBUG - Iter 9: ELBO after FB: -964068.7909 (LL -707161.9123, Δ=6054.1701)
2025-09-09 23:55:29,172 - __main__ - DEBUG - First pass after reset, using full stats.
2025-09-09 23:55:29,211 - __main__ - DEBUG - Iter 9: ELBO after NIW update: -946966.2137 (Emit LL -689193.3926, NIW term -238678.6250, Δ=17102.5771)
2025-09-09 23:55:29,249 - __main__ - DEBUG - Iter 9: ELBO after Dirichlet update: -946782.4964 (Trans LL -20671.0040, Dir term -556.2637, Δ=183.7173)
2025-09-09 23:56:27,241 - __main__ - INFO - [E-step] Multi-batch 1/1 (x100 batches) - HMM Diagnostics:
2025-09-09 23:56:27,241 - __main__ - INFO -   - Avg log-likelihood per step: -7.6321
2025-09-09 23:56:27,242 - __main__ - INFO -   - Inner ELBO (final): -946782.4964
2025-09-09 23:56:27,242 - __main__ - INFO -   - ELBO progression (10 iters): [-1336700.00, ..., -946782.50] (Δ=389917.5000)
2025-09-09 23:56:27,242 - __main__ - INFO -   - Effective number of skills: 10.59
2025-09-09 23:56:27,242 - __main__ - INFO -   - State entropy: 0.072
2025-09-09 23:56:27,242 - __main__ - INFO -   - Transition stickiness: 0.439
2025-09-09 23:56:27,242 - __main__ - INFO -   - Top 5 skills: [9, 1, 5, 26, 4] (probs: ['0.163', '0.137', '0.127', '0.111', '0.109'])
2025-09-09 23:56:27,242 - __main__ - INFO -   - Combined time length: 3200 (original T=32, multiples=100)
2025-09-09 23:56:27,245 - __main__ - INFO - 🔍 Computing HMM diagnostics...
2025-09-09 23:57:36,658 - __main__ - INFO - 📊 HMM Diagnostics for Round 4:
2025-09-09 23:57:36,659 - __main__ - INFO -   - Avg log-likelihood per step: -7.7389
2025-09-09 23:57:36,659 - __main__ - INFO -   - State entropy: 0.0823
2025-09-09 23:57:36,659 - __main__ - INFO -   - Effective number of skills: 10.62
2025-09-09 23:57:36,659 - __main__ - INFO -   - Transition stickiness (diag): 0.4395
2025-09-09 23:57:36,659 - __main__ - INFO -   - Top 5 skill occupancies: [0.16317883133888245, 0.13717953860759735, 0.12632222473621368, 0.11053387820720673, 0.10789503157138824]
2025-09-09 23:57:36,659 - __main__ - INFO -   - Top 5 skill indices: [9, 1, 5, 26, 4]
2025-09-09 23:57:36,660 - __main__ - INFO -     - Skill 15: emp= 26.55  E[1/(1-p)]:410.87  p_stay=0.998
2025-09-09 23:57:36,660 - __main__ - INFO -     - Skill 21: emp= 27.70  E[1/(1-p)]:210.52  p_stay=0.995
2025-09-09 23:57:36,660 - __main__ - INFO -     - Skill 11: emp= 23.06  E[1/(1-p)]:128.31  p_stay=0.992
2025-09-09 23:57:36,660 - __main__ - INFO -     - Skill 9: emp= 19.45  E[1/(1-p)]: 39.54  p_stay=0.975
2025-09-09 23:57:36,660 - __main__ - INFO -     - Skill 8: emp= 16.41  E[1/(1-p)]: 31.38  p_stay=0.968
2025-09-09 23:57:36,660 - __main__ - INFO - 🖼️  Rendering HMM visualizations for round 4
2025-09-09 23:58:51,693 - __main__ - INFO - 💾 Saved HMM posterior → checkpoints_hmm/hmm_round4.pt
2025-09-09 23:58:51,693 - __main__ - INFO - 🤗 Uploading HMM round 4 to HuggingFace: CatkinChen/nethack-hmm
2025-09-09 23:58:57,717 - __main__ - INFO - ✅ HMM uploaded to: https://huggingface.co/CatkinChen/nethack-hmm
2025-09-09 23:58:57,717 - __main__ - INFO - ========== EM Round 4/4: M-step ==========
2025-09-09 23:58:57,717 - __main__ - INFO - 🔧 Fine-tuning VAE with HMM prior for 1 epochs...
2025-09-09 23:58:57,717 - __main__ - INFO - 📊 M-step 4 parameter schedule:
2025-09-09 23:58:57,717 - __main__ - INFO -   - prior_blend_alpha: 1.000 → 1.000 (constant)
2025-09-09 23:58:57,717 - __main__ - INFO -   - mi_beta: 0.600 → 0.600 (linear)
2025-09-09 23:58:57,717 - __main__ - INFO -   - tc_beta: 0.200 → 0.200 (linear)
2025-09-09 23:58:57,717 - __main__ - INFO -   - dw_beta: 1.000 → 1.000 (linear)
2025-09-09 23:58:58,430 - __main__ - INFO - Weights & Biases initialized
2025-09-09 23:58:58,430 - __main__ - INFO - 🔥Training MultiModalHackVAE with 100 train batches, 20 test batches
2025-09-09 23:58:58,431 - __main__ - INFO -    Epochs: 1
2025-09-09 23:58:58,431 - __main__ - INFO -    Batch size: 32
2025-09-09 23:58:58,431 - __main__ - INFO -    Sequence size: 32
2025-09-09 23:58:58,431 - __main__ - INFO -    Device: cuda
2025-09-09 23:58:58,431 - __main__ - INFO -    Mixed Precision: BF16 = False
2025-09-09 23:58:58,431 - __main__ - INFO -    LR Scheduler: constant
2025-09-09 23:58:58,432 - __main__ - INFO -    Shuffle batches: True
2025-09-09 23:58:58,432 - __main__ - INFO -    Shuffle within batch: False
2025-09-09 23:58:58,432 - __main__ - INFO -    VAE Configuration:
2025-09-09 23:58:58,432 - __main__ - INFO -      - Latent dimension: 96
2025-09-09 23:58:58,432 - __main__ - INFO -      - Encoder dropout: 0.1
2025-09-09 23:58:58,432 - __main__ - INFO -      - Decoder dropout: 0.1
2025-09-09 23:58:58,432 - __main__ - INFO -    Adaptive Loss Weighting:
2025-09-09 23:58:58,432 - __main__ - INFO -      - MI beta: 0.600 → 0.600
2025-09-09 23:58:58,432 - __main__ - INFO -      - TC beta: 0.200 → 0.200
2025-09-09 23:58:58,432 - __main__ - INFO -      - DW beta: 1.000 → 1.000
2025-09-09 23:58:58,432 - __main__ - INFO -      - Blend alpha: 1.000 → 1.000
2025-09-09 23:58:58,432 - __main__ - INFO -      - Warmup epochs: 0 out of 1 total epochs
2025-09-09 23:58:58,433 - __main__ - INFO -    Free bits: 0.75
2025-09-09 23:58:58,433 - __main__ - INFO -    Focal loss: alpha=0.5, gamma=2.0
2025-09-09 23:58:58,433 - __main__ - INFO -    Early Stopping:
2025-09-09 23:58:58,433 - __main__ - INFO -      - Enabled: False
2025-09-09 23:58:58,433 - __main__ - INFO -    HMM Prior: Enabled
2025-09-09 23:58:58,461 - __main__ - INFO - 🔧 Using FP32 precision training
2025-09-09 23:58:58,462 - __main__ - INFO - Model has latent dimension: 96
2025-09-09 23:58:58,462 - __main__ - INFO - 🎯 Starting training for 1 epochs (starting from epoch 0)...
2025-09-09 23:58:58,462 - __main__ - INFO -    Total training steps: 100
2025-09-09 23:58:58,462 - __main__ - INFO -    Warmup steps: 20
2025-09-09 23:58:58,462 - __main__ - INFO - 🎯 Epoch 1/1 - Starting epoch...
2025-09-09 23:58:58,463 - __main__ - DEBUG - Shuffled 100 training batches for epoch 1
2025-09-09 23:58:58,463 - __main__ - DEBUG - Shuffled 20 testing batches for epoch 1
2025-09-09 23:58:59,061 - __main__ - DEBUG - Step 0/100 - Adaptive weights: mi_beta=0.600, tc_beta=0.200, dw_beta=1.000, blend_alpha=1.000
2025-09-10 00:02:16,033 - __main__ - DEBUG - Step 100/100 - Adaptive weights: mi_beta=0.600, tc_beta=0.200, dw_beta=1.000, blend_alpha=1.000
2025-09-10 00:02:17,607 - __main__ - DEBUG - Step 100/100 - Adaptive weights: mi_beta=0.600, tc_beta=0.200, dw_beta=1.000, blend_alpha=1.000
2025-09-10 00:02:19,198 - __main__ - DEBUG - Step 100/100 - Adaptive weights: mi_beta=0.600, tc_beta=0.200, dw_beta=1.000, blend_alpha=1.000
2025-09-10 00:02:20,776 - __main__ - DEBUG - Step 100/100 - Adaptive weights: mi_beta=0.600, tc_beta=0.200, dw_beta=1.000, blend_alpha=1.000
2025-09-10 00:02:22,341 - __main__ - DEBUG - Step 100/100 - Adaptive weights: mi_beta=0.600, tc_beta=0.200, dw_beta=1.000, blend_alpha=1.000
2025-09-10 00:02:23,984 - __main__ - DEBUG - Step 100/100 - Adaptive weights: mi_beta=0.600, tc_beta=0.200, dw_beta=1.000, blend_alpha=1.000
2025-09-10 00:02:25,552 - __main__ - DEBUG - Step 100/100 - Adaptive weights: mi_beta=0.600, tc_beta=0.200, dw_beta=1.000, blend_alpha=1.000
2025-09-10 00:02:27,149 - __main__ - DEBUG - Step 100/100 - Adaptive weights: mi_beta=0.600, tc_beta=0.200, dw_beta=1.000, blend_alpha=1.000
2025-09-10 00:02:28,714 - __main__ - DEBUG - Step 100/100 - Adaptive weights: mi_beta=0.600, tc_beta=0.200, dw_beta=1.000, blend_alpha=1.000
2025-09-10 00:02:30,246 - __main__ - DEBUG - Step 100/100 - Adaptive weights: mi_beta=0.600, tc_beta=0.200, dw_beta=1.000, blend_alpha=1.000
2025-09-10 00:02:31,569 - __main__ - DEBUG - Step 100/100 - Adaptive weights: mi_beta=0.600, tc_beta=0.200, dw_beta=1.000, blend_alpha=1.000
2025-09-10 00:02:33,208 - __main__ - DEBUG - Step 100/100 - Adaptive weights: mi_beta=0.600, tc_beta=0.200, dw_beta=1.000, blend_alpha=1.000
2025-09-10 00:02:34,776 - __main__ - DEBUG - Step 100/100 - Adaptive weights: mi_beta=0.600, tc_beta=0.200, dw_beta=1.000, blend_alpha=1.000
2025-09-10 00:02:36,384 - __main__ - DEBUG - Step 100/100 - Adaptive weights: mi_beta=0.600, tc_beta=0.200, dw_beta=1.000, blend_alpha=1.000
2025-09-10 00:02:38,019 - __main__ - DEBUG - Step 100/100 - Adaptive weights: mi_beta=0.600, tc_beta=0.200, dw_beta=1.000, blend_alpha=1.000
2025-09-10 00:02:39,674 - __main__ - DEBUG - Step 100/100 - Adaptive weights: mi_beta=0.600, tc_beta=0.200, dw_beta=1.000, blend_alpha=1.000
2025-09-10 00:02:41,185 - __main__ - DEBUG - Step 100/100 - Adaptive weights: mi_beta=0.600, tc_beta=0.200, dw_beta=1.000, blend_alpha=1.000
2025-09-10 00:02:42,714 - __main__ - DEBUG - Step 100/100 - Adaptive weights: mi_beta=0.600, tc_beta=0.200, dw_beta=1.000, blend_alpha=1.000
2025-09-10 00:02:44,250 - __main__ - DEBUG - Step 100/100 - Adaptive weights: mi_beta=0.600, tc_beta=0.200, dw_beta=1.000, blend_alpha=1.000
2025-09-10 00:02:45,762 - __main__ - DEBUG - Step 100/100 - Adaptive weights: mi_beta=0.600, tc_beta=0.200, dw_beta=1.000, blend_alpha=1.000
2025-09-10 00:02:46,635 - __main__ - DEBUG - Step 100/100 - Adaptive weights: mi_beta=0.600, tc_beta=0.200, dw_beta=1.000, blend_alpha=1.000
2025-09-10 00:02:46,635 - __main__ - INFO - 
=== Epoch 1/1 Summary ===
2025-09-10 00:02:46,635 - __main__ - INFO - Average Train Loss: 3881.393 | Average Test Loss: 2738.563
2025-09-10 00:02:46,635 - __main__ - INFO - Current KL Betas: mi=0.600, tc=0.200, dw=1.000, blend_alpha=1.000
2025-09-10 00:02:46,635 - __main__ - INFO - Global Step: 100/100 (100.0%)
2025-09-10 00:02:46,635 - __main__ - INFO - Final Training Batch Details:
2025-09-10 00:02:46,636 - __main__ - INFO -   Raw Losses: hero_loc: 4.290 | occupy: 1641.783 | bag: 431.310 | stats: 68.912 | msg: 24.693 | ego_char: 24.579 | ego_color: 110.215 | ego_class: 30.064 | passability: 0.599 | reward: 32.929 | done: 0.012 | value_k: 5.374 | safety: 0.667 | goal: 0.311 | forward: 46.961 | inverse: 2.903
2025-09-10 00:02:46,636 - __main__ - INFO - Final Testing Batch Details:
2025-09-10 00:02:46,636 - __main__ - INFO -   Raw Losses: hero_loc: 3.562 | occupy: 1533.160 | bag: 406.180 | stats: 70.424 | msg: 31.058 | ego_char: 24.278 | ego_color: 90.416 | ego_class: 30.799 | passability: 0.587 | reward: 16.407 | done: 0.012 | value_k: 2.256 | safety: 0.665 | goal: 0.095 | forward: 30.820 | inverse: 3.110
2025-09-10 00:02:46,636 - __main__ - INFO - Variance of model output (mu): 0.1179, 0.0698, 0.1065, 0.1429, 0.0738, 0.1040, 0.0722, 0.1073, 0.1184, 0.1114, 0.0664, 0.1238, 0.1170, 0.1127, 0.0775, 0.0658, 0.0758, 0.0692, 0.0653, 0.0786, 0.0645, 0.0721, 0.0805, 0.0717, 0.0528, 0.0905, 0.0727, 0.0728, 0.0698, 0.0803, 0.0785, 0.0722, 0.0692, 0.0679, 0.0801, 0.0630, 0.0636, 0.0681, 0.0624, 0.0717, 0.0774, 0.0746, 0.0751, 0.0704, 0.0692, 0.0635, 0.0797, 0.0594, 0.0859, 0.0595, 0.0671, 0.0679, 0.0649, 0.0747, 0.0763, 0.0709, 0.0650, 0.0743, 0.0636, 0.0657, 0.0727, 0.0681, 0.0649, 0.0712, 0.0601, 0.0720, 0.0692, 0.0852, 0.0644, 0.0673, 0.0825, 0.0823, 0.0571, 0.0605, 0.0756, 0.0648, 0.0630, 0.0466, 0.0830, 0.0618, 0.0805, 0.0805, 0.0685, 0.0725, 0.0829, 0.0647, 0.0608, 0.0673, 0.0640, 0.0690, 0.0747, 0.0691, 0.0786, 0.0695, 0.0596, 0.0736
2025-09-10 00:02:46,636 - __main__ - INFO - Per-dim KL: 4.1658, 0.8830, 4.0600, 0.6107, 0.8801, 3.2668, 0.9754, 0.6668, 3.2636, 4.9715, 0.8406, 6.2726, 4.0025, 4.7644, 1.1334, 0.8919, 0.6246, 0.6032, 0.5871, 0.5747, 0.7297, 0.7245, 0.3896, 0.5049, 0.7500, 0.5633, 0.6056, 0.3982, 0.6269, 0.3786, 0.5594, 0.5410, 0.5482, 0.5452, 0.5491, 0.7080, 0.5819, 0.5780, 0.5645, 0.5440, 0.5140, 0.6561, 0.6293, 0.6452, 0.5893, 0.6038, 0.5596, 0.4340, 0.6506, 0.7088, 0.5578, 0.6221, 0.5831, 0.4136, 0.4808, 0.6506, 0.6317, 0.5505, 0.5499, 0.5923, 0.5742, 0.6434, 0.6653, 0.5077, 0.7528, 0.4365, 0.6922, 0.4111, 0.6728, 0.5868, 0.4060, 0.4888, 0.5006, 0.6428, 0.4939, 0.5192, 0.6513, 0.6143, 0.4932, 0.7198, 0.5145, 0.5233, 0.5386, 0.6315, 0.6251, 0.6394, 0.5762, 0.6835, 0.6273, 0.5684, 0.5585, 0.6691, 0.3844, 0.6689, 0.4662, 0.5982
2025-09-10 00:02:46,637 - __main__ - INFO - Eigenvalues of latent space: 0.4148, 0.3928, 0.3629, 0.3324, 0.3246, 0.3186, 0.2976, 0.2831, 0.2775, 0.2730, 0.2669, 0.2590, 0.2531, 0.2429, 0.2347, 0.2305, 0.2242, 0.2230, 0.2209, 0.2145, 0.2106, 0.2054, 0.2023, 0.1962, 0.1927, 0.1902, 0.1827, 0.1768, 0.1743, 0.1670, 0.1663, 0.1646, 0.1607, 0.1562, 0.1540, 0.1512, 0.1487, 0.1461, 0.1441, 0.1418, 0.1392, 0.1380, 0.1326, 0.1313, 0.1298, 0.1293, 0.1256, 0.1243, 0.1237, 0.1211, 0.1203, 0.1172, 0.1148, 0.1123, 0.1118, 0.1095, 0.1080, 0.1071, 0.1045, 0.1028, 0.1021, 0.1007, 0.1000, 0.0980, 0.0943, 0.0940, 0.0932, 0.0912, 0.0882, 0.0874, 0.0870, 0.0857, 0.0843, 0.0831, 0.0829, 0.0798, 0.0786, 0.0776, 0.0760, 0.0739, 0.0724, 0.0711, 0.0706, 0.0698, 0.0683, 0.0675, 0.0657, 0.0641, 0.0624, 0.0617, 0.0614, 0.0593, 0.0578, 0.0562, 0.0545, 0.0534
2025-09-10 00:02:46,637 - __main__ - INFO - KL Eigenvalues: 0.1474, 0.1636, 0.1883, 0.2169, 0.2249, 0.2312, 0.2548, 0.2725, 0.2797, 0.2857, 0.2939, 0.3050, 0.3135, 0.3289, 0.3421, 0.3490, 0.3597, 0.3618, 0.3655, 0.3770, 0.3842, 0.3941, 0.4002, 0.4125, 0.4196, 0.4250, 0.4412, 0.4547, 0.4607, 0.4783, 0.4802, 0.4843, 0.4943, 0.5065, 0.5123, 0.5201, 0.5272, 0.5349, 0.5406, 0.5475, 0.5555, 0.5594, 0.5767, 0.5809, 0.5857, 0.5876, 0.6000, 0.6046, 0.6070, 0.6161, 0.6192, 0.6305, 0.6396, 0.6496, 0.6515, 0.6608, 0.6669, 0.6707, 0.6815, 0.6888, 0.6918, 0.6982, 0.7014, 0.7106, 0.7280, 0.7291, 0.7330, 0.7431, 0.7583, 0.7625, 0.7644, 0.7713, 0.7789, 0.7856, 0.7867, 0.8043, 0.8108, 0.8167, 0.8264, 0.8398, 0.8489, 0.8571, 0.8605, 0.8658, 0.8758, 0.8817, 0.8940, 0.9055, 0.9182, 0.9238, 0.9260, 0.9422, 0.9544, 0.9675, 0.9818, 0.9915
2025-09-10 00:02:46,637 - __main__ - INFO - Variance explained by eigenvalues: 0.0291, 0.0567, 0.0821, 0.1054, 0.1282, 0.1505, 0.1714, 0.1913, 0.2107, 0.2299, 0.2486, 0.2668, 0.2845, 0.3016, 0.3180, 0.3342, 0.3499, 0.3656, 0.3811, 0.3961, 0.4109, 0.4253, 0.4395, 0.4532, 0.4668, 0.4801, 0.4929, 0.5053, 0.5175, 0.5293, 0.5409, 0.5525, 0.5637, 0.5747, 0.5855, 0.5961, 0.6065, 0.6168, 0.6269, 0.6368, 0.6466, 0.6563, 0.6656, 0.6748, 0.6839, 0.6930, 0.7018, 0.7105, 0.7192, 0.7277, 0.7361, 0.7443, 0.7524, 0.7603, 0.7681, 0.7758, 0.7833, 0.7909, 0.7982, 0.8054, 0.8126, 0.8196, 0.8266, 0.8335, 0.8401, 0.8467, 0.8533, 0.8597, 0.8658, 0.8720, 0.8781, 0.8841, 0.8900, 0.8958, 0.9016, 0.9072, 0.9127, 0.9182, 0.9235, 0.9287, 0.9338, 0.9388, 0.9437, 0.9486, 0.9534, 0.9582, 0.9628, 0.9673, 0.9716, 0.9760, 0.9803, 0.9844, 0.9885, 0.9924, 0.9963, 1.0000
2025-09-10 00:02:46,637 - __main__ - INFO - ==================================================
2025-09-10 00:02:46,637 - __main__ - INFO - 
✅ MultiModalVAE training completed!
2025-09-10 00:02:46,637 - __main__ - INFO -   - Completed all 1 epochs
2025-09-10 00:02:46,637 - __main__ - INFO -   - Final train loss: 3881.3932
2025-09-10 00:02:46,638 - __main__ - INFO -   - Final test loss: 2738.5632
2025-09-10 00:02:46,668 - __main__ - INFO - 💾 Model saved locally: checkpoints_hmm/vae_hmm_round4_temp.pth
2025-09-10 00:02:47,855 - __main__ - DEBUG - 🗑️  Removed temporary file: checkpoints_hmm/vae_hmm_round4_temp.pth
2025-09-10 00:02:47,855 - __main__ - INFO - ✅ M-step completed: final_train_loss=3881.3932, final_test_loss=2738.5632
2025-09-10 00:02:47,891 - __main__ - INFO - 💾 Saved VAE+HMM → checkpoints_hmm/vae_with_hmm_round4.pt
2025-09-10 00:02:47,892 - __main__ - INFO - 🤗 Uploading VAE+HMM round 4 to HuggingFace: CatkinChen/nethack-vae-hmm
2025-09-10 00:02:54,579 - huggingface_hub.hf_api - WARNING - No files have been modified since last commit. Skipping to prevent empty commit.
2025-09-10 00:02:59,989 - __main__ - INFO - ✅ VAE+HMM uploaded to: https://huggingface.co/CatkinChen/nethack-vae-hmm
2025-09-10 00:03:04,663 - __main__ - INFO - 
🎉 EM training completed! Summary:
2025-09-10 00:03:04,663 - __main__ - INFO -   - EM rounds: 4
2025-09-10 00:03:04,663 - __main__ - INFO -   - M-step epochs per round: 1
2025-09-10 00:03:04,663 - __main__ - INFO -   - HMM checkpoints: 4
2025-09-10 00:03:04,663 - __main__ - INFO -   - VAE+HMM checkpoints: 4
2025-09-10 00:03:04,663 - __main__ - INFO -   - HuggingFace repos:
2025-09-10 00:03:04,663 - __main__ - INFO -     * HMM: https://huggingface.co/CatkinChen/nethack-hmm
2025-09-10 00:03:04,663 - __main__ - INFO -     * VAE+HMM: https://huggingface.co/CatkinChen/nethack-vae-hmm
2025-09-10 00:03:04,663 - __main__ - INFO - 📊 Training Configuration:
2025-09-10 00:03:04,664 - __main__ - INFO -   - Mode: EM
2025-09-10 00:03:04,664 - __main__ - INFO -   - HMM params: α=5.0, κ=1.0, γ=5.0, K=40, D=96
2025-09-10 00:03:04,664 - __main__ - INFO -   - NIW params: μ₀=0.0, κ₀=1.0, Ψ₀=30.0, ν₀=106
2025-09-10 00:03:04,664 - __main__ - INFO -   - Checkpoints: HMM=4, VAE+HMM=4
2025-09-10 00:03:04,664 - __main__ - INFO -   - HF repos: HMM=CatkinChen/nethack-hmm, VAE+HMM=CatkinChen/nethack-vae-hmm
