2025-09-09 15:05:26,366 - __main__ - INFO - 🤗 Loading pretrained VAE from HuggingFace: CatkinChen/nethack-vae
2025-09-09 15:05:26,968 - __main__ - INFO - ✅ Loaded pretrained VAE checkpoint (plain prior).
2025-09-09 15:05:26,969 - __main__ - INFO - 🧠 Initializing new Sticky-HDP-HMM: latent_dim=96, skills=40
2025-09-09 15:05:27,014 - __main__ - INFO - 🔍 Initializing NIW mean with k-means on VAE latents...
2025-09-09 15:05:42,961 - __main__ - INFO - ========== EM Round 1/4: E-step ==========
2025-09-09 15:06:37,316 - __main__ - DEBUG - Initial ELBO: -62116730.2297
2025-09-09 15:06:37,316 - __main__ - DEBUG - Relative tol: 0.0100
2025-09-09 15:06:37,316 - __main__ - DEBUG - Relative elbo_drop_tol: 0.0100
2025-09-09 15:06:37,316 - __main__ - DEBUG - - Init -118.0441
2025-09-09 15:06:37,316 - __main__ - DEBUG - - Trans -266652.1475
2025-09-09 15:06:37,316 - __main__ - DEBUG - - Emit -61798949.2500
2025-09-09 15:06:37,316 - __main__ - DEBUG - - Entropy 329.2096
2025-09-09 15:06:37,317 - __main__ - DEBUG - - Dir 0.0000
2025-09-09 15:06:37,317 - __main__ - DEBUG - - NIW -51325.2422
2025-09-09 15:06:37,317 - __main__ - DEBUG - - Beta prior -14.7555
2025-09-09 15:07:22,151 - __main__ - DEBUG - Iter 0: ELBO after FB: -62116730.2297 (LL -62065390.2320, Δ=0.0000)
2025-09-09 15:07:22,189 - __main__ - DEBUG - Iter 0: ELBO after NIW update: -4393664.3234 (Emit LL -3619805.7109, NIW term -507402.8750, Δ=57723065.9062)
2025-09-09 15:07:22,226 - __main__ - DEBUG - Iter 0: ELBO after Dirichlet update: -4181855.6315 (Trans LL -52830.0493, Dir term -2013.4062, Δ=211808.6920)
2025-09-09 15:08:07,121 - __main__ - DEBUG - Iter 1: ELBO after FB: -4153606.5537 (LL -3644175.5169, Δ=28249.0777)
2025-09-09 15:08:07,160 - __main__ - DEBUG - Iter 1: ELBO after NIW update: -4143283.5615 (Emit LL -3604594.9062, NIW term -503624.0000, Δ=10322.9922)
2025-09-09 15:08:07,197 - __main__ - DEBUG - Iter 1: ELBO after Dirichlet update: -4140207.5279 (Trans LL -32152.2435, Dir term -1637.8984, Δ=3076.0336)
2025-09-09 15:08:07,198 - __main__ - DEBUG - Early stopping: ELBO improvement 41648.1036 < tolerance
2025-09-09 15:09:00,547 - __main__ - INFO - [E-step] Multi-batch 1/1 (x100 batches) - HMM Diagnostics:
2025-09-09 15:09:00,548 - __main__ - INFO -   - Avg log-likelihood per step: -39.3229
2025-09-09 15:09:00,548 - __main__ - INFO -   - Inner ELBO (final): -4140207.5279
2025-09-09 15:09:00,548 - __main__ - INFO -   - ELBO progression (2 iters): [-4181855.75, -4140207.50] (Δ=41648.2500)
2025-09-09 15:09:00,548 - __main__ - INFO -   - Effective number of skills: 35.77
2025-09-09 15:09:00,548 - __main__ - INFO -   - State entropy: 0.057
2025-09-09 15:09:00,548 - __main__ - INFO -   - Transition stickiness: 0.852
2025-09-09 15:09:00,548 - __main__ - INFO -   - Top 5 skills: [32, 20, 18, 6, 0] (probs: ['0.048', '0.047', '0.044', '0.041', '0.038'])
2025-09-09 15:09:00,548 - __main__ - INFO -   - Combined time length: 3200 (original T=32, multiples=100)
2025-09-09 15:09:00,550 - __main__ - INFO - 🔍 Computing HMM diagnostics...
2025-09-09 15:10:04,306 - __main__ - INFO - 📊 HMM Diagnostics for Round 1:
2025-09-09 15:10:04,307 - __main__ - INFO -   - Avg log-likelihood per step: -39.4236
2025-09-09 15:10:04,307 - __main__ - INFO -   - State entropy: 0.0626
2025-09-09 15:10:04,307 - __main__ - INFO -   - Effective number of skills: 35.79
2025-09-09 15:10:04,307 - __main__ - INFO -   - Transition stickiness (diag): 0.8524
2025-09-09 15:10:04,307 - __main__ - INFO -   - Top 5 skill occupancies: [0.04846419766545296, 0.04640250280499458, 0.04471547156572342, 0.04081850126385689, 0.038324106484651566]
2025-09-09 15:10:04,307 - __main__ - INFO -   - Top 5 skill indices: [32, 20, 18, 6, 0]
2025-09-09 15:10:04,308 - __main__ - INFO -     - Skill 29: emp= 18.21  E[1/(1-p)]: 33.17  p_stay=0.970
2025-09-09 15:10:04,308 - __main__ - INFO -     - Skill 21: emp= 18.85  E[1/(1-p)]: 30.94  p_stay=0.968
2025-09-09 15:10:04,308 - __main__ - INFO -     - Skill 18: emp= 21.42  E[1/(1-p)]: 30.80  p_stay=0.968
2025-09-09 15:10:04,308 - __main__ - INFO -     - Skill 36: emp= 17.36  E[1/(1-p)]: 30.41  p_stay=0.967
2025-09-09 15:10:04,308 - __main__ - INFO -     - Skill 14: emp= 17.34  E[1/(1-p)]: 26.70  p_stay=0.963
2025-09-09 15:10:04,308 - __main__ - INFO - 🖼️  Rendering HMM visualizations for round 1
2025-09-09 15:11:18,182 - __main__ - INFO - 💾 Saved HMM posterior → checkpoints_hmm/hmm_round1.pt
2025-09-09 15:11:18,182 - __main__ - INFO - 🤗 Uploading HMM round 1 to HuggingFace: CatkinChen/nethack-hmm
2025-09-09 15:11:23,666 - __main__ - INFO - ✅ HMM uploaded to: https://huggingface.co/CatkinChen/nethack-hmm
2025-09-09 15:11:23,667 - __main__ - INFO - ========== EM Round 1/4: M-step ==========
2025-09-09 15:11:23,667 - __main__ - INFO - 🔧 Fine-tuning VAE with HMM prior for 1 epochs...
2025-09-09 15:11:23,667 - __main__ - INFO - 📊 M-step 1 parameter schedule:
2025-09-09 15:11:23,667 - __main__ - INFO -   - prior_blend_alpha: 0.300 → 0.400 (cosine)
2025-09-09 15:11:23,667 - __main__ - INFO -   - mi_beta: 0.200 → 0.333 (linear)
2025-09-09 15:11:23,667 - __main__ - INFO -   - tc_beta: 0.000 → 0.067 (linear)
2025-09-09 15:11:23,667 - __main__ - INFO -   - dw_beta: 0.500 → 0.667 (linear)
2025-09-09 15:11:25,010 - __main__ - INFO - Weights & Biases initialized
2025-09-09 15:11:25,010 - __main__ - INFO - 🔥Training MultiModalHackVAE with 100 train batches, 20 test batches
2025-09-09 15:11:25,010 - __main__ - INFO -    Epochs: 1
2025-09-09 15:11:25,011 - __main__ - INFO -    Batch size: 32
2025-09-09 15:11:25,011 - __main__ - INFO -    Sequence size: 32
2025-09-09 15:11:25,011 - __main__ - INFO -    Device: cuda
2025-09-09 15:11:25,011 - __main__ - INFO -    Mixed Precision: BF16 = False
2025-09-09 15:11:25,011 - __main__ - INFO -    LR Scheduler: constant
2025-09-09 15:11:25,011 - __main__ - INFO -    Shuffle batches: True
2025-09-09 15:11:25,011 - __main__ - INFO -    Shuffle within batch: False
2025-09-09 15:11:25,011 - __main__ - INFO -    VAE Configuration:
2025-09-09 15:11:25,011 - __main__ - INFO -      - Latent dimension: 96
2025-09-09 15:11:25,011 - __main__ - INFO -      - Encoder dropout: 0.1
2025-09-09 15:11:25,011 - __main__ - INFO -      - Decoder dropout: 0.1
2025-09-09 15:11:25,011 - __main__ - INFO -    Adaptive Loss Weighting:
2025-09-09 15:11:25,012 - __main__ - INFO -      - MI beta: 0.200 → 0.333
2025-09-09 15:11:25,012 - __main__ - INFO -      - TC beta: 0.000 → 0.067
2025-09-09 15:11:25,012 - __main__ - INFO -      - DW beta: 0.500 → 0.667
2025-09-09 15:11:25,012 - __main__ - INFO -      - Blend alpha: 0.300 → 0.400
2025-09-09 15:11:25,012 - __main__ - INFO -      - Warmup epochs: 0 out of 1 total epochs
2025-09-09 15:11:25,012 - __main__ - INFO -    Free bits: 0.75
2025-09-09 15:11:25,012 - __main__ - INFO -    Focal loss: alpha=0.5, gamma=2.0
2025-09-09 15:11:25,012 - __main__ - INFO -    Early Stopping:
2025-09-09 15:11:25,012 - __main__ - INFO -      - Enabled: False
2025-09-09 15:11:25,012 - __main__ - INFO -    HMM Prior: Enabled
2025-09-09 15:11:25,924 - __main__ - INFO - 🔧 Using FP32 precision training
2025-09-09 15:11:25,925 - __main__ - INFO - Model has latent dimension: 96
2025-09-09 15:11:25,925 - __main__ - INFO - 🎯 Starting training for 1 epochs (starting from epoch 0)...
2025-09-09 15:11:25,925 - __main__ - INFO -    Total training steps: 100
2025-09-09 15:11:25,925 - __main__ - INFO -    Warmup steps: 20
2025-09-09 15:11:25,926 - __main__ - INFO - 🎯 Epoch 1/1 - Starting epoch...
2025-09-09 15:11:25,926 - __main__ - DEBUG - Shuffled 100 training batches for epoch 1
2025-09-09 15:11:25,927 - __main__ - DEBUG - Shuffled 20 testing batches for epoch 1
2025-09-09 15:11:26,510 - __main__ - DEBUG - Step 0/100 - Adaptive weights: mi_beta=0.200, tc_beta=0.000, dw_beta=0.500, blend_alpha=0.300
2025-09-09 15:14:36,129 - __main__ - DEBUG - Step 100/100 - Adaptive weights: mi_beta=0.333, tc_beta=0.067, dw_beta=0.667, blend_alpha=0.400
2025-09-09 15:14:37,609 - __main__ - DEBUG - Step 100/100 - Adaptive weights: mi_beta=0.333, tc_beta=0.067, dw_beta=0.667, blend_alpha=0.400
2025-09-09 15:14:39,100 - __main__ - DEBUG - Step 100/100 - Adaptive weights: mi_beta=0.333, tc_beta=0.067, dw_beta=0.667, blend_alpha=0.400
2025-09-09 15:14:40,589 - __main__ - DEBUG - Step 100/100 - Adaptive weights: mi_beta=0.333, tc_beta=0.067, dw_beta=0.667, blend_alpha=0.400
2025-09-09 15:14:42,031 - __main__ - DEBUG - Step 100/100 - Adaptive weights: mi_beta=0.333, tc_beta=0.067, dw_beta=0.667, blend_alpha=0.400
2025-09-09 15:14:43,574 - __main__ - DEBUG - Step 100/100 - Adaptive weights: mi_beta=0.333, tc_beta=0.067, dw_beta=0.667, blend_alpha=0.400
2025-09-09 15:14:45,071 - __main__ - DEBUG - Step 100/100 - Adaptive weights: mi_beta=0.333, tc_beta=0.067, dw_beta=0.667, blend_alpha=0.400
2025-09-09 15:14:46,617 - __main__ - DEBUG - Step 100/100 - Adaptive weights: mi_beta=0.333, tc_beta=0.067, dw_beta=0.667, blend_alpha=0.400
2025-09-09 15:14:48,083 - __main__ - DEBUG - Step 100/100 - Adaptive weights: mi_beta=0.333, tc_beta=0.067, dw_beta=0.667, blend_alpha=0.400
2025-09-09 15:14:49,543 - __main__ - DEBUG - Step 100/100 - Adaptive weights: mi_beta=0.333, tc_beta=0.067, dw_beta=0.667, blend_alpha=0.400
2025-09-09 15:14:50,803 - __main__ - DEBUG - Step 100/100 - Adaptive weights: mi_beta=0.333, tc_beta=0.067, dw_beta=0.667, blend_alpha=0.400
2025-09-09 15:14:52,365 - __main__ - DEBUG - Step 100/100 - Adaptive weights: mi_beta=0.333, tc_beta=0.067, dw_beta=0.667, blend_alpha=0.400
2025-09-09 15:14:53,850 - __main__ - DEBUG - Step 100/100 - Adaptive weights: mi_beta=0.333, tc_beta=0.067, dw_beta=0.667, blend_alpha=0.400
2025-09-09 15:14:55,368 - __main__ - DEBUG - Step 100/100 - Adaptive weights: mi_beta=0.333, tc_beta=0.067, dw_beta=0.667, blend_alpha=0.400
2025-09-09 15:14:56,924 - __main__ - DEBUG - Step 100/100 - Adaptive weights: mi_beta=0.333, tc_beta=0.067, dw_beta=0.667, blend_alpha=0.400
2025-09-09 15:14:58,481 - __main__ - DEBUG - Step 100/100 - Adaptive weights: mi_beta=0.333, tc_beta=0.067, dw_beta=0.667, blend_alpha=0.400
2025-09-09 15:14:59,906 - __main__ - DEBUG - Step 100/100 - Adaptive weights: mi_beta=0.333, tc_beta=0.067, dw_beta=0.667, blend_alpha=0.400
2025-09-09 15:15:01,350 - __main__ - DEBUG - Step 100/100 - Adaptive weights: mi_beta=0.333, tc_beta=0.067, dw_beta=0.667, blend_alpha=0.400
2025-09-09 15:15:02,795 - __main__ - DEBUG - Step 100/100 - Adaptive weights: mi_beta=0.333, tc_beta=0.067, dw_beta=0.667, blend_alpha=0.400
2025-09-09 15:15:04,223 - __main__ - DEBUG - Step 100/100 - Adaptive weights: mi_beta=0.333, tc_beta=0.067, dw_beta=0.667, blend_alpha=0.400
2025-09-09 15:15:05,072 - __main__ - DEBUG - Step 100/100 - Adaptive weights: mi_beta=0.333, tc_beta=0.067, dw_beta=0.667, blend_alpha=0.400
2025-09-09 15:15:05,072 - __main__ - INFO - 
=== Epoch 1/1 Summary ===
2025-09-09 15:15:05,072 - __main__ - INFO - Average Train Loss: 3915.127 | Average Test Loss: 2750.116
2025-09-09 15:15:05,072 - __main__ - INFO - Current KL Betas: mi=0.333, tc=0.067, dw=0.667, blend_alpha=0.400
2025-09-09 15:15:05,073 - __main__ - INFO - Global Step: 100/100 (100.0%)
2025-09-09 15:15:05,073 - __main__ - INFO - Final Training Batch Details:
2025-09-09 15:15:05,073 - __main__ - INFO -   Raw Losses: hero_loc: 2.849 | occupy: 1641.757 | bag: 434.095 | stats: 69.988 | msg: 24.681 | ego_char: 25.079 | ego_color: 122.225 | ego_class: 30.106 | passability: 0.595 | reward: 32.894 | done: 0.015 | value_k: 5.376 | safety: 0.668 | goal: 0.311 | forward: 46.218 | inverse: 2.934
2025-09-09 15:15:05,073 - __main__ - INFO - Final Testing Batch Details:
2025-09-09 15:15:05,073 - __main__ - INFO -   Raw Losses: hero_loc: 2.639 | occupy: 1535.677 | bag: 412.016 | stats: 72.307 | msg: 31.030 | ego_char: 25.237 | ego_color: 107.222 | ego_class: 30.907 | passability: 0.582 | reward: 16.182 | done: 0.014 | value_k: 2.249 | safety: 0.666 | goal: 0.077 | forward: 31.426 | inverse: 3.145
2025-09-09 15:15:05,074 - __main__ - INFO - Variance of model output (mu): 0.1708, 0.1066, 0.1245, 0.1711, 0.1388, 0.1211, 0.1156, 0.1534, 0.1541, 0.1859, 0.1322, 0.2032, 0.1881, 0.1780, 0.0897, 0.1006, 0.0791, 0.0852, 0.0877, 0.0984, 0.0633, 0.0927, 0.0969, 0.0878, 0.0792, 0.0762, 0.0758, 0.0874, 0.0825, 0.0953, 0.0969, 0.0709, 0.0790, 0.1002, 0.0970, 0.0721, 0.0775, 0.0949, 0.0796, 0.0649, 0.0707, 0.0772, 0.0867, 0.0874, 0.0721, 0.0784, 0.0824, 0.0876, 0.0767, 0.0871, 0.0787, 0.0797, 0.0745, 0.0939, 0.0796, 0.0709, 0.0778, 0.0876, 0.1098, 0.0745, 0.0783, 0.0876, 0.0852, 0.0926, 0.0949, 0.0805, 0.0813, 0.0794, 0.0921, 0.0828, 0.0798, 0.0965, 0.0752, 0.0802, 0.0892, 0.0687, 0.0931, 0.0703, 0.0950, 0.0799, 0.0932, 0.0720, 0.0719, 0.0879, 0.0738, 0.0982, 0.0842, 0.1000, 0.0818, 0.0928, 0.0714, 0.0764, 0.0888, 0.0874, 0.0870, 0.0776
2025-09-09 15:15:05,074 - __main__ - INFO - Per-dim KL: 9.8889, 1.1329, 3.6375, 4.7634, 6.8274, 2.1542, 3.3963, 3.9931, 8.5566, 4.8505, 5.1334, 3.4461, 1.2377, 6.7044, 0.4405, 3.7395, 0.4488, 0.4764, 0.4241, 0.4239, 0.4638, 0.5739, 0.5337, 0.4732, 0.4881, 0.6762, 0.5011, 0.5870, 0.4249, 0.6161, 0.3268, 0.4523, 0.3963, 0.2338, 0.5862, 0.4666, 0.6403, 0.4604, 0.5520, 0.1322, 0.7042, 0.7183, 0.3996, 0.5408, 0.6542, 0.5080, 0.5401, 0.6227, 0.5125, 0.4881, 0.6086, 0.5271, 0.5559, 0.3571, 0.5062, 0.2562, 0.6238, 0.4555, 0.5499, 0.4621, 0.6416, 0.3348, 0.5091, 0.6112, 0.4201, 0.0836, 0.5903, 0.2126, 0.4588, 0.5505, 0.5205, 0.3716, 0.4788, 0.4453, 0.4929, 0.6421, 0.4558, 0.4028, 0.5966, 0.4530, 0.4301, 0.4786, 0.3295, 0.4282, 0.4046, 0.5290, 0.4284, 0.4671, 0.3565, 0.4537, 0.6157, 0.3197, 0.4720, 0.5075, 0.5559, 0.6735
2025-09-09 15:15:05,074 - __main__ - INFO - Eigenvalues of latent space: 0.7206, 0.6128, 0.5654, 0.5243, 0.4888, 0.4517, 0.4386, 0.4084, 0.4011, 0.3879, 0.3672, 0.3593, 0.3562, 0.3495, 0.3296, 0.3262, 0.3181, 0.3124, 0.3066, 0.2942, 0.2908, 0.2799, 0.2791, 0.2726, 0.2636, 0.2568, 0.2506, 0.2464, 0.2396, 0.2390, 0.2309, 0.2238, 0.2201, 0.2141, 0.2099, 0.2090, 0.2034, 0.2016, 0.1980, 0.1927, 0.1890, 0.1839, 0.1825, 0.1772, 0.1754, 0.1732, 0.1717, 0.1665, 0.1616, 0.1604, 0.1583, 0.1564, 0.1519, 0.1505, 0.1460, 0.1444, 0.1431, 0.1383, 0.1366, 0.1352, 0.1332, 0.1325, 0.1306, 0.1286, 0.1277, 0.1238, 0.1229, 0.1213, 0.1195, 0.1190, 0.1138, 0.1115, 0.1104, 0.1090, 0.1074, 0.1047, 0.1021, 0.1014, 0.0992, 0.0977, 0.0967, 0.0957, 0.0936, 0.0902, 0.0878, 0.0835, 0.0832, 0.0825, 0.0795, 0.0765, 0.0740, 0.0709, 0.0695, 0.0683, 0.0660, 0.0646
2025-09-09 15:15:05,074 - __main__ - INFO - KL Eigenvalues: 0.0241, 0.0512, 0.0678, 0.0850, 0.1023, 0.1232, 0.1314, 0.1520, 0.1573, 0.1675, 0.1846, 0.1914, 0.1942, 0.2004, 0.2198, 0.2232, 0.2317, 0.2379, 0.2444, 0.2588, 0.2629, 0.2766, 0.2777, 0.2862, 0.2985, 0.3082, 0.3172, 0.3236, 0.3343, 0.3351, 0.3484, 0.3605, 0.3668, 0.3777, 0.3855, 0.3873, 0.3980, 0.4016, 0.4088, 0.4196, 0.4274, 0.4387, 0.4417, 0.4539, 0.4581, 0.4633, 0.4668, 0.4797, 0.4921, 0.4953, 0.5007, 0.5058, 0.5181, 0.5220, 0.5351, 0.5398, 0.5436, 0.5584, 0.5638, 0.5682, 0.5746, 0.5768, 0.5832, 0.5900, 0.5930, 0.6063, 0.6095, 0.6152, 0.6219, 0.6239, 0.6437, 0.6528, 0.6570, 0.6627, 0.6693, 0.6805, 0.6919, 0.6951, 0.7049, 0.7116, 0.7165, 0.7211, 0.7313, 0.7478, 0.7601, 0.7831, 0.7851, 0.7889, 0.8058, 0.8234, 0.8391, 0.8589, 0.8682, 0.8762, 0.8918, 0.9022
2025-09-09 15:15:05,074 - __main__ - INFO - Variance explained by eigenvalues: 0.0363, 0.0672, 0.0957, 0.1221, 0.1468, 0.1695, 0.1916, 0.2122, 0.2324, 0.2520, 0.2705, 0.2886, 0.3065, 0.3242, 0.3408, 0.3572, 0.3732, 0.3890, 0.4044, 0.4193, 0.4339, 0.4480, 0.4621, 0.4758, 0.4891, 0.5021, 0.5147, 0.5271, 0.5392, 0.5512, 0.5629, 0.5741, 0.5852, 0.5960, 0.6066, 0.6171, 0.6274, 0.6376, 0.6475, 0.6572, 0.6668, 0.6760, 0.6852, 0.6942, 0.7030, 0.7117, 0.7204, 0.7288, 0.7369, 0.7450, 0.7530, 0.7609, 0.7685, 0.7761, 0.7835, 0.7908, 0.7980, 0.8049, 0.8118, 0.8186, 0.8253, 0.8320, 0.8386, 0.8451, 0.8515, 0.8578, 0.8640, 0.8701, 0.8761, 0.8821, 0.8878, 0.8934, 0.8990, 0.9045, 0.9099, 0.9152, 0.9203, 0.9254, 0.9304, 0.9354, 0.9402, 0.9451, 0.9498, 0.9543, 0.9588, 0.9630, 0.9672, 0.9713, 0.9753, 0.9792, 0.9829, 0.9865, 0.9900, 0.9934, 0.9967, 1.0000
2025-09-09 15:15:05,074 - __main__ - INFO - ==================================================
2025-09-09 15:15:05,075 - __main__ - INFO - 
✅ MultiModalVAE training completed!
2025-09-09 15:15:05,075 - __main__ - INFO -   - Completed all 1 epochs
2025-09-09 15:15:05,075 - __main__ - INFO -   - Final train loss: 3915.1266
2025-09-09 15:15:05,075 - __main__ - INFO -   - Final test loss: 2750.1158
2025-09-09 15:15:05,098 - __main__ - INFO - 💾 Model saved locally: checkpoints_hmm/vae_hmm_round1_temp.pth
2025-09-09 15:15:05,993 - __main__ - DEBUG - 🗑️  Removed temporary file: checkpoints_hmm/vae_hmm_round1_temp.pth
2025-09-09 15:15:05,994 - __main__ - INFO - ✅ M-step completed: final_train_loss=3915.1266, final_test_loss=2750.1158
2025-09-09 15:15:06,023 - __main__ - INFO - 💾 Saved VAE+HMM → checkpoints_hmm/vae_with_hmm_round1.pt
2025-09-09 15:15:06,023 - __main__ - INFO - 🤗 Uploading VAE+HMM round 1 to HuggingFace: CatkinChen/nethack-vae-hmm
2025-09-09 15:15:14,274 - huggingface_hub.hf_api - WARNING - No files have been modified since last commit. Skipping to prevent empty commit.
2025-09-09 15:15:18,891 - __main__ - INFO - ✅ VAE+HMM uploaded to: https://huggingface.co/CatkinChen/nethack-vae-hmm
2025-09-09 15:15:22,608 - __main__ - INFO - ========== EM Round 2/4: E-step ==========
2025-09-09 15:15:22,608 - __main__ - INFO -    - Continuing HMM from previous round
2025-09-09 15:16:16,752 - __main__ - DEBUG - Initial ELBO: -35539427.2906
2025-09-09 15:16:16,752 - __main__ - DEBUG - Relative tol: 0.0100
2025-09-09 15:16:16,753 - __main__ - DEBUG - Relative elbo_drop_tol: 0.0100
2025-09-09 15:16:16,753 - __main__ - DEBUG - - Init -118.0441
2025-09-09 15:16:16,753 - __main__ - DEBUG - - Trans -5626.4719
2025-09-09 15:16:16,753 - __main__ - DEBUG - - Emit -35028406.1250
2025-09-09 15:16:16,753 - __main__ - DEBUG - - Entropy 0.0044
2025-09-09 15:16:16,753 - __main__ - DEBUG - - Dir -1637.8984
2025-09-09 15:16:16,753 - __main__ - DEBUG - - NIW -503624.0000
2025-09-09 15:16:16,753 - __main__ - DEBUG - - Beta prior -14.7555
2025-09-09 15:17:00,775 - __main__ - DEBUG - Iter 0: ELBO after FB: -35539427.2906 (LL -35034150.6366, Δ=0.0000)
2025-09-09 15:17:00,813 - __main__ - DEBUG - Iter 0: ELBO after NIW update: -2069393.8883 (Emit LL -2041278.2695, NIW term -20718.4531, Δ=33470033.4023)
2025-09-09 15:17:00,850 - __main__ - DEBUG - Iter 0: ELBO after Dirichlet update: -2062180.0972 (Trans LL -4.9076, Dir term -45.6717, Δ=7213.7910)
2025-09-09 15:17:44,678 - __main__ - DEBUG - Iter 1: ELBO after FB: -2062180.0972 (LL -2041401.2169, Δ=0.0000)
2025-09-09 15:17:44,715 - __main__ - DEBUG - Iter 1: ELBO after NIW update: -2062180.0972 (Emit LL -2041278.2695, NIW term -20718.4531, Δ=0.0000)
2025-09-09 15:17:44,753 - __main__ - DEBUG - Iter 1: ELBO after Dirichlet update: -2062180.0972 (Trans LL -4.9076, Dir term -45.6717, Δ=0.0000)
2025-09-09 15:17:44,753 - __main__ - DEBUG - Early stopping: ELBO improvement 0.0000 < tolerance
2025-09-09 15:18:37,384 - __main__ - INFO - [E-step] Multi-batch 1/1 (x100 batches) - HMM Diagnostics:
2025-09-09 15:18:37,385 - __main__ - INFO -   - Avg log-likelihood per step: -22.0373
2025-09-09 15:18:37,385 - __main__ - INFO -   - Inner ELBO (final): -2062180.0972
2025-09-09 15:18:37,385 - __main__ - INFO -   - ELBO progression (2 iters): [-2062180.12, -2062180.12] (Δ=0.0000)
2025-09-09 15:18:37,385 - __main__ - INFO -   - Effective number of skills: 1.00
2025-09-09 15:18:37,385 - __main__ - INFO -   - State entropy: 0.000
2025-09-09 15:18:37,385 - __main__ - INFO -   - Transition stickiness: 0.208
2025-09-09 15:18:37,385 - __main__ - INFO -   - Top 5 skills: [33, 30, 35, 8, 31] (probs: ['1.000', '0.000', '0.000', '0.000', '0.000'])
2025-09-09 15:18:37,385 - __main__ - INFO -   - Combined time length: 3200 (original T=32, multiples=100)
2025-09-09 15:18:37,387 - __main__ - INFO - 🔍 Computing HMM diagnostics...
2025-09-09 15:19:42,382 - __main__ - INFO - 📊 HMM Diagnostics for Round 2:
2025-09-09 15:19:42,384 - __main__ - INFO -   - Avg log-likelihood per step: -22.1634
2025-09-09 15:19:42,384 - __main__ - INFO -   - State entropy: 0.0001
2025-09-09 15:19:42,384 - __main__ - INFO -   - Effective number of skills: 1.00
2025-09-09 15:19:42,384 - __main__ - INFO -   - Transition stickiness (diag): 0.2078
2025-09-09 15:19:42,384 - __main__ - INFO -   - Top 5 skill occupancies: [0.9999948143959045, 1.3117997355038824e-07, 1.311799451286788e-07, 1.311799451286788e-07, 1.311799451286788e-07]
2025-09-09 15:19:42,384 - __main__ - INFO -   - Top 5 skill indices: [33, 14, 11, 31, 15]
2025-09-09 15:19:42,385 - __main__ - INFO -     - Skill 33: emp= 28.95  E[1/(1-p)]:17586.18  p_stay=1.000
2025-09-09 15:19:42,385 - __main__ - INFO -     - Skill 1: emp=  0.00  E[1/(1-p)]:  1.23  p_stay=0.188
2025-09-09 15:19:42,385 - __main__ - INFO -     - Skill 32: emp=  0.00  E[1/(1-p)]:  1.23  p_stay=0.188
2025-09-09 15:19:42,385 - __main__ - INFO -     - Skill 34: emp=  0.00  E[1/(1-p)]:  1.23  p_stay=0.188
2025-09-09 15:19:42,385 - __main__ - INFO -     - Skill 35: emp=  0.00  E[1/(1-p)]:  1.23  p_stay=0.188
2025-09-09 15:19:42,385 - __main__ - INFO - 🖼️  Rendering HMM visualizations for round 2
2025-09-09 15:20:53,407 - __main__ - INFO - 💾 Saved HMM posterior → checkpoints_hmm/hmm_round2.pt
2025-09-09 15:20:53,407 - __main__ - INFO - 🤗 Uploading HMM round 2 to HuggingFace: CatkinChen/nethack-hmm
2025-09-09 15:20:58,177 - __main__ - INFO - ✅ HMM uploaded to: https://huggingface.co/CatkinChen/nethack-hmm
2025-09-09 15:20:58,177 - __main__ - INFO - ========== EM Round 2/4: M-step ==========
2025-09-09 15:20:58,177 - __main__ - INFO - 🔧 Fine-tuning VAE with HMM prior for 1 epochs...
2025-09-09 15:20:58,177 - __main__ - INFO - 📊 M-step 2 parameter schedule:
2025-09-09 15:20:58,177 - __main__ - INFO -   - prior_blend_alpha: 0.400 → 0.600 (cosine)
2025-09-09 15:20:58,177 - __main__ - INFO -   - mi_beta: 0.333 → 0.467 (linear)
2025-09-09 15:20:58,177 - __main__ - INFO -   - tc_beta: 0.067 → 0.133 (linear)
2025-09-09 15:20:58,177 - __main__ - INFO -   - dw_beta: 0.667 → 0.833 (linear)
2025-09-09 15:20:58,943 - __main__ - INFO - Weights & Biases initialized
2025-09-09 15:20:58,943 - __main__ - INFO - 🔥Training MultiModalHackVAE with 100 train batches, 20 test batches
2025-09-09 15:20:58,944 - __main__ - INFO -    Epochs: 1
2025-09-09 15:20:58,944 - __main__ - INFO -    Batch size: 32
2025-09-09 15:20:58,944 - __main__ - INFO -    Sequence size: 32
2025-09-09 15:20:58,944 - __main__ - INFO -    Device: cuda
2025-09-09 15:20:58,944 - __main__ - INFO -    Mixed Precision: BF16 = False
2025-09-09 15:20:58,944 - __main__ - INFO -    LR Scheduler: constant
2025-09-09 15:20:58,944 - __main__ - INFO -    Shuffle batches: True
2025-09-09 15:20:58,945 - __main__ - INFO -    Shuffle within batch: False
2025-09-09 15:20:58,945 - __main__ - INFO -    VAE Configuration:
2025-09-09 15:20:58,945 - __main__ - INFO -      - Latent dimension: 96
2025-09-09 15:20:58,945 - __main__ - INFO -      - Encoder dropout: 0.1
2025-09-09 15:20:58,945 - __main__ - INFO -      - Decoder dropout: 0.1
2025-09-09 15:20:58,945 - __main__ - INFO -    Adaptive Loss Weighting:
2025-09-09 15:20:58,945 - __main__ - INFO -      - MI beta: 0.333 → 0.467
2025-09-09 15:20:58,945 - __main__ - INFO -      - TC beta: 0.067 → 0.133
2025-09-09 15:20:58,945 - __main__ - INFO -      - DW beta: 0.667 → 0.833
2025-09-09 15:20:58,945 - __main__ - INFO -      - Blend alpha: 0.400 → 0.600
2025-09-09 15:20:58,945 - __main__ - INFO -      - Warmup epochs: 0 out of 1 total epochs
2025-09-09 15:20:58,945 - __main__ - INFO -    Free bits: 0.75
2025-09-09 15:20:58,946 - __main__ - INFO -    Focal loss: alpha=0.5, gamma=2.0
2025-09-09 15:20:58,946 - __main__ - INFO -    Early Stopping:
2025-09-09 15:20:58,946 - __main__ - INFO -      - Enabled: False
2025-09-09 15:20:58,946 - __main__ - INFO -    HMM Prior: Enabled
2025-09-09 15:20:58,970 - __main__ - INFO - 🔧 Using FP32 precision training
2025-09-09 15:20:58,971 - __main__ - INFO - Model has latent dimension: 96
2025-09-09 15:20:58,971 - __main__ - INFO - 🎯 Starting training for 1 epochs (starting from epoch 0)...
2025-09-09 15:20:58,971 - __main__ - INFO -    Total training steps: 100
2025-09-09 15:20:58,971 - __main__ - INFO -    Warmup steps: 20
2025-09-09 15:20:58,972 - __main__ - INFO - 🎯 Epoch 1/1 - Starting epoch...
2025-09-09 15:20:58,972 - __main__ - DEBUG - Shuffled 100 training batches for epoch 1
2025-09-09 15:20:58,972 - __main__ - DEBUG - Shuffled 20 testing batches for epoch 1
2025-09-09 15:20:59,577 - __main__ - DEBUG - Step 0/100 - Adaptive weights: mi_beta=0.333, tc_beta=0.067, dw_beta=0.667, blend_alpha=0.400
2025-09-09 15:24:09,943 - __main__ - DEBUG - Step 100/100 - Adaptive weights: mi_beta=0.467, tc_beta=0.133, dw_beta=0.833, blend_alpha=0.600
2025-09-09 15:24:11,430 - __main__ - DEBUG - Step 100/100 - Adaptive weights: mi_beta=0.467, tc_beta=0.133, dw_beta=0.833, blend_alpha=0.600
2025-09-09 15:24:12,911 - __main__ - DEBUG - Step 100/100 - Adaptive weights: mi_beta=0.467, tc_beta=0.133, dw_beta=0.833, blend_alpha=0.600
2025-09-09 15:24:14,385 - __main__ - DEBUG - Step 100/100 - Adaptive weights: mi_beta=0.467, tc_beta=0.133, dw_beta=0.833, blend_alpha=0.600
2025-09-09 15:24:15,827 - __main__ - DEBUG - Step 100/100 - Adaptive weights: mi_beta=0.467, tc_beta=0.133, dw_beta=0.833, blend_alpha=0.600
2025-09-09 15:24:17,356 - __main__ - DEBUG - Step 100/100 - Adaptive weights: mi_beta=0.467, tc_beta=0.133, dw_beta=0.833, blend_alpha=0.600
2025-09-09 15:24:18,831 - __main__ - DEBUG - Step 100/100 - Adaptive weights: mi_beta=0.467, tc_beta=0.133, dw_beta=0.833, blend_alpha=0.600
2025-09-09 15:24:20,329 - __main__ - DEBUG - Step 100/100 - Adaptive weights: mi_beta=0.467, tc_beta=0.133, dw_beta=0.833, blend_alpha=0.600
2025-09-09 15:24:21,787 - __main__ - DEBUG - Step 100/100 - Adaptive weights: mi_beta=0.467, tc_beta=0.133, dw_beta=0.833, blend_alpha=0.600
2025-09-09 15:24:23,232 - __main__ - DEBUG - Step 100/100 - Adaptive weights: mi_beta=0.467, tc_beta=0.133, dw_beta=0.833, blend_alpha=0.600
2025-09-09 15:24:24,481 - __main__ - DEBUG - Step 100/100 - Adaptive weights: mi_beta=0.467, tc_beta=0.133, dw_beta=0.833, blend_alpha=0.600
2025-09-09 15:24:26,035 - __main__ - DEBUG - Step 100/100 - Adaptive weights: mi_beta=0.467, tc_beta=0.133, dw_beta=0.833, blend_alpha=0.600
2025-09-09 15:24:27,506 - __main__ - DEBUG - Step 100/100 - Adaptive weights: mi_beta=0.467, tc_beta=0.133, dw_beta=0.833, blend_alpha=0.600
2025-09-09 15:24:29,010 - __main__ - DEBUG - Step 100/100 - Adaptive weights: mi_beta=0.467, tc_beta=0.133, dw_beta=0.833, blend_alpha=0.600
2025-09-09 15:24:30,548 - __main__ - DEBUG - Step 100/100 - Adaptive weights: mi_beta=0.467, tc_beta=0.133, dw_beta=0.833, blend_alpha=0.600
2025-09-09 15:24:32,099 - __main__ - DEBUG - Step 100/100 - Adaptive weights: mi_beta=0.467, tc_beta=0.133, dw_beta=0.833, blend_alpha=0.600
2025-09-09 15:24:33,518 - __main__ - DEBUG - Step 100/100 - Adaptive weights: mi_beta=0.467, tc_beta=0.133, dw_beta=0.833, blend_alpha=0.600
2025-09-09 15:24:34,957 - __main__ - DEBUG - Step 100/100 - Adaptive weights: mi_beta=0.467, tc_beta=0.133, dw_beta=0.833, blend_alpha=0.600
2025-09-09 15:24:36,396 - __main__ - DEBUG - Step 100/100 - Adaptive weights: mi_beta=0.467, tc_beta=0.133, dw_beta=0.833, blend_alpha=0.600
2025-09-09 15:24:37,824 - __main__ - DEBUG - Step 100/100 - Adaptive weights: mi_beta=0.467, tc_beta=0.133, dw_beta=0.833, blend_alpha=0.600
2025-09-09 15:24:38,669 - __main__ - DEBUG - Step 100/100 - Adaptive weights: mi_beta=0.467, tc_beta=0.133, dw_beta=0.833, blend_alpha=0.600
2025-09-09 15:24:38,669 - __main__ - INFO - 
=== Epoch 1/1 Summary ===
2025-09-09 15:24:38,669 - __main__ - INFO - Average Train Loss: 3988.777 | Average Test Loss: 2856.275
2025-09-09 15:24:38,669 - __main__ - INFO - Current KL Betas: mi=0.467, tc=0.133, dw=0.833, blend_alpha=0.600
2025-09-09 15:24:38,670 - __main__ - INFO - Global Step: 100/100 (100.0%)
2025-09-09 15:24:38,670 - __main__ - INFO - Final Training Batch Details:
2025-09-09 15:24:38,670 - __main__ - INFO -   Raw Losses: hero_loc: 2.964 | occupy: 1642.212 | bag: 450.949 | stats: 62.614 | msg: 24.703 | ego_char: 28.808 | ego_color: 143.073 | ego_class: 28.914 | passability: 0.597 | reward: 32.573 | done: 0.011 | value_k: 5.379 | safety: 0.669 | goal: 0.314 | forward: 48.179 | inverse: 2.919
2025-09-09 15:24:38,670 - __main__ - INFO - Final Testing Batch Details:
2025-09-09 15:24:38,670 - __main__ - INFO -   Raw Losses: hero_loc: 2.622 | occupy: 1529.938 | bag: 425.858 | stats: 63.285 | msg: 31.048 | ego_char: 29.926 | ego_color: 129.538 | ego_class: 29.645 | passability: 0.585 | reward: 16.271 | done: 0.010 | value_k: 2.256 | safety: 0.666 | goal: 0.084 | forward: 31.386 | inverse: 3.131
2025-09-09 15:24:38,671 - __main__ - INFO - Variance of model output (mu): 0.1342, 0.1211, 0.0983, 0.1081, 0.0941, 0.0862, 0.1054, 0.1233, 0.0917, 0.0983, 0.0860, 0.0992, 0.1086, 0.0985, 0.0968, 0.1191, 0.0643, 0.0720, 0.0701, 0.0846, 0.0803, 0.0858, 0.0844, 0.0855, 0.0775, 0.0784, 0.0692, 0.0733, 0.0773, 0.0669, 0.0710, 0.0774, 0.0708, 0.0728, 0.0729, 0.0731, 0.0813, 0.0772, 0.0746, 0.0810, 0.0705, 0.0964, 0.0571, 0.0896, 0.0757, 0.0711, 0.0818, 0.0833, 0.0686, 0.0740, 0.0863, 0.0647, 0.0735, 0.0748, 0.0704, 0.0934, 0.0663, 0.0784, 0.0932, 0.0726, 0.0659, 0.0697, 0.0754, 0.0842, 0.0850, 0.0757, 0.0891, 0.0661, 0.0717, 0.0807, 0.0753, 0.0718, 0.0775, 0.0728, 0.0903, 0.0669, 0.0753, 0.0755, 0.0736, 0.0635, 0.0725, 0.0788, 0.0810, 0.0708, 0.0719, 0.0616, 0.0748, 0.0576, 0.0845, 0.0722, 0.0590, 0.0662, 0.0727, 0.0704, 0.0826, 0.0703
2025-09-09 15:24:38,671 - __main__ - INFO - Per-dim KL: 5.0368, 10.0002, 1.8621, 2.3954, 3.2019, 1.2542, 5.8038, 3.3130, 2.2606, 8.9223, 1.7401, 1.7610, 1.0893, 3.7208, 3.9242, 3.9339, 0.6216, 0.6093, 0.7156, 0.4554, 0.6298, 0.5348, 0.6982, 0.4436, 0.4012, 0.5597, 0.5724, 0.5946, 0.4602, 0.6702, 0.4804, 0.6328, 0.6771, 0.6183, 0.5881, 0.6646, 0.4118, 0.4514, 0.5839, 0.4341, 0.4858, 0.6214, 0.6308, 0.4924, 0.4607, 0.4802, 0.5471, 0.6628, 0.5363, 0.6378, 0.5650, 0.6281, 0.4678, 0.5774, 0.5368, 0.4166, 0.7103, 0.5750, 0.6947, 0.5994, 0.6738, 0.5667, 0.6205, 0.6067, 0.6117, 0.4518, 0.4248, 0.5922, 0.7654, 0.6485, 0.5029, 0.5138, 0.4731, 0.4893, 0.4588, 0.6592, 0.5455, 0.5970, 0.5364, 0.6295, 0.6617, 0.4892, 0.3854, 0.2931, 0.6394, 0.4633, 0.4877, 0.6822, 0.5043, 0.5150, 0.5848, 0.7436, 0.6888, 0.6730, 0.6132, 0.3811
2025-09-09 15:24:38,671 - __main__ - INFO - Eigenvalues of latent space: 0.4416, 0.4130, 0.3874, 0.3650, 0.3496, 0.3338, 0.3220, 0.3156, 0.3020, 0.2895, 0.2868, 0.2822, 0.2698, 0.2588, 0.2513, 0.2485, 0.2399, 0.2317, 0.2310, 0.2269, 0.2209, 0.2161, 0.2085, 0.2073, 0.2035, 0.2001, 0.1977, 0.1921, 0.1872, 0.1826, 0.1808, 0.1715, 0.1694, 0.1683, 0.1665, 0.1618, 0.1613, 0.1559, 0.1532, 0.1522, 0.1495, 0.1489, 0.1467, 0.1421, 0.1391, 0.1351, 0.1329, 0.1318, 0.1307, 0.1298, 0.1238, 0.1224, 0.1193, 0.1165, 0.1155, 0.1138, 0.1121, 0.1105, 0.1086, 0.1079, 0.1066, 0.1051, 0.1028, 0.1017, 0.0998, 0.0983, 0.0969, 0.0942, 0.0928, 0.0919, 0.0905, 0.0887, 0.0868, 0.0858, 0.0851, 0.0841, 0.0807, 0.0786, 0.0774, 0.0766, 0.0759, 0.0749, 0.0728, 0.0704, 0.0686, 0.0673, 0.0663, 0.0649, 0.0643, 0.0627, 0.0623, 0.0606, 0.0593, 0.0565, 0.0552, 0.0528
2025-09-09 15:24:38,671 - __main__ - INFO - KL Eigenvalues: 0.1295, 0.1487, 0.1679, 0.1864, 0.2002, 0.2156, 0.2276, 0.2344, 0.2497, 0.2645, 0.2679, 0.2736, 0.2900, 0.3052, 0.3162, 0.3204, 0.3338, 0.3470, 0.3481, 0.3551, 0.3655, 0.3740, 0.3881, 0.3905, 0.3979, 0.4045, 0.4093, 0.4209, 0.4314, 0.4416, 0.4457, 0.4672, 0.4725, 0.4752, 0.4795, 0.4915, 0.4928, 0.5073, 0.5146, 0.5174, 0.5249, 0.5268, 0.5330, 0.5467, 0.5559, 0.5683, 0.5756, 0.5792, 0.5829, 0.5859, 0.6066, 0.6115, 0.6228, 0.6331, 0.6368, 0.6436, 0.6501, 0.6566, 0.6643, 0.6671, 0.6726, 0.6791, 0.6889, 0.6939, 0.7023, 0.7089, 0.7156, 0.7282, 0.7352, 0.7393, 0.7464, 0.7556, 0.7657, 0.7709, 0.7744, 0.7799, 0.7989, 0.8108, 0.8180, 0.8227, 0.8274, 0.8333, 0.8462, 0.8621, 0.8738, 0.8828, 0.8899, 0.9001, 0.9042, 0.9162, 0.9191, 0.9317, 0.9422, 0.9654, 0.9757, 0.9967
2025-09-09 15:24:38,671 - __main__ - INFO - Variance explained by eigenvalues: 0.0292, 0.0566, 0.0823, 0.1064, 0.1296, 0.1517, 0.1730, 0.1939, 0.2139, 0.2331, 0.2521, 0.2708, 0.2886, 0.3058, 0.3224, 0.3389, 0.3548, 0.3701, 0.3854, 0.4004, 0.4151, 0.4294, 0.4432, 0.4569, 0.4704, 0.4836, 0.4967, 0.5095, 0.5219, 0.5339, 0.5459, 0.5573, 0.5685, 0.5796, 0.5907, 0.6014, 0.6121, 0.6224, 0.6325, 0.6426, 0.6525, 0.6624, 0.6721, 0.6815, 0.6907, 0.6997, 0.7085, 0.7172, 0.7259, 0.7345, 0.7426, 0.7508, 0.7587, 0.7664, 0.7740, 0.7816, 0.7890, 0.7963, 0.8035, 0.8106, 0.8177, 0.8247, 0.8315, 0.8382, 0.8448, 0.8513, 0.8577, 0.8640, 0.8701, 0.8762, 0.8822, 0.8881, 0.8938, 0.8995, 0.9051, 0.9107, 0.9161, 0.9213, 0.9264, 0.9315, 0.9365, 0.9414, 0.9463, 0.9509, 0.9555, 0.9599, 0.9643, 0.9686, 0.9729, 0.9770, 0.9812, 0.9852, 0.9891, 0.9928, 0.9965, 1.0000
2025-09-09 15:24:38,671 - __main__ - INFO - ==================================================
2025-09-09 15:24:38,672 - __main__ - INFO - 
✅ MultiModalVAE training completed!
2025-09-09 15:24:38,672 - __main__ - INFO -   - Completed all 1 epochs
2025-09-09 15:24:38,672 - __main__ - INFO -   - Final train loss: 3988.7774
2025-09-09 15:24:38,672 - __main__ - INFO -   - Final test loss: 2856.2749
2025-09-09 15:24:38,697 - __main__ - INFO - 💾 Model saved locally: checkpoints_hmm/vae_hmm_round2_temp.pth
2025-09-09 15:24:39,619 - __main__ - DEBUG - 🗑️  Removed temporary file: checkpoints_hmm/vae_hmm_round2_temp.pth
2025-09-09 15:24:39,619 - __main__ - INFO - ✅ M-step completed: final_train_loss=3988.7774, final_test_loss=2856.2749
2025-09-09 15:24:39,644 - __main__ - INFO - 💾 Saved VAE+HMM → checkpoints_hmm/vae_with_hmm_round2.pt
2025-09-09 15:24:39,644 - __main__ - INFO - 🤗 Uploading VAE+HMM round 2 to HuggingFace: CatkinChen/nethack-vae-hmm
2025-09-09 15:24:58,223 - huggingface_hub.hf_api - WARNING - No files have been modified since last commit. Skipping to prevent empty commit.
2025-09-09 15:25:03,525 - __main__ - INFO - ✅ VAE+HMM uploaded to: https://huggingface.co/CatkinChen/nethack-vae-hmm
2025-09-09 15:25:07,861 - __main__ - INFO - ========== EM Round 3/4: E-step ==========
2025-09-09 15:25:07,861 - __main__ - INFO -    - Continuing HMM from previous round
2025-09-09 15:26:01,173 - __main__ - DEBUG - Initial ELBO: -41231448.3277
2025-09-09 15:26:01,174 - __main__ - DEBUG - Relative tol: 0.0100
2025-09-09 15:26:01,174 - __main__ - DEBUG - Relative elbo_drop_tol: 0.0100
2025-09-09 15:26:01,174 - __main__ - DEBUG - - Init -118.0441
2025-09-09 15:26:01,174 - __main__ - DEBUG - - Trans -4.9076
2025-09-09 15:26:01,174 - __main__ - DEBUG - - Emit -41210546.5000
2025-09-09 15:26:01,174 - __main__ - DEBUG - - Entropy 0.0044
2025-09-09 15:26:01,174 - __main__ - DEBUG - - Dir -45.6717
2025-09-09 15:26:01,174 - __main__ - DEBUG - - NIW -20718.4531
2025-09-09 15:26:01,174 - __main__ - DEBUG - - Beta prior -14.7555
2025-09-09 15:26:43,095 - __main__ - DEBUG - Iter 0: ELBO after FB: -41231448.3277 (LL -41210669.4474, Δ=0.0000)
2025-09-09 15:26:43,133 - __main__ - DEBUG - Iter 0: ELBO after NIW update: -569200.1763 (Emit LL -549612.8154, NIW term -19403.9863, Δ=40662248.1514)
2025-09-09 15:26:43,170 - __main__ - DEBUG - Iter 0: ELBO after Dirichlet update: -569200.1763 (Trans LL -4.9076, Dir term -45.6717, Δ=0.0000)
2025-09-09 15:27:25,154 - __main__ - DEBUG - Iter 1: ELBO after FB: -569200.1763 (LL -549735.7628, Δ=0.0000)
2025-09-09 15:27:25,193 - __main__ - DEBUG - Iter 1: ELBO after NIW update: -569200.1763 (Emit LL -549612.8154, NIW term -19403.9863, Δ=0.0000)
2025-09-09 15:27:25,230 - __main__ - DEBUG - Iter 1: ELBO after Dirichlet update: -569200.1763 (Trans LL -4.9076, Dir term -45.6717, Δ=0.0000)
2025-09-09 15:27:25,231 - __main__ - DEBUG - Early stopping: ELBO improvement 0.0000 < tolerance
2025-09-09 15:28:16,202 - __main__ - INFO - [E-step] Multi-batch 1/1 (x100 batches) - HMM Diagnostics:
2025-09-09 15:28:16,203 - __main__ - INFO -   - Avg log-likelihood per step: -5.9345
2025-09-09 15:28:16,203 - __main__ - INFO -   - Inner ELBO (final): -569200.1763
2025-09-09 15:28:16,203 - __main__ - INFO -   - ELBO progression (2 iters): [-569200.19, -569200.19] (Δ=0.0000)
2025-09-09 15:28:16,203 - __main__ - INFO -   - Effective number of skills: 1.00
2025-09-09 15:28:16,203 - __main__ - INFO -   - State entropy: 0.000
2025-09-09 15:28:16,203 - __main__ - INFO -   - Transition stickiness: 0.208
2025-09-09 15:28:16,203 - __main__ - INFO -   - Top 5 skills: [33, 30, 35, 8, 31] (probs: ['1.000', '0.000', '0.000', '0.000', '0.000'])
2025-09-09 15:28:16,203 - __main__ - INFO -   - Combined time length: 3200 (original T=32, multiples=100)
2025-09-09 15:28:16,205 - __main__ - INFO - 🔍 Computing HMM diagnostics...
2025-09-09 15:29:19,191 - __main__ - INFO - 📊 HMM Diagnostics for Round 3:
2025-09-09 15:29:19,191 - __main__ - INFO -   - Avg log-likelihood per step: -6.0607
2025-09-09 15:29:19,191 - __main__ - INFO -   - State entropy: 0.0001
2025-09-09 15:29:19,192 - __main__ - INFO -   - Effective number of skills: 1.00
2025-09-09 15:29:19,192 - __main__ - INFO -   - Transition stickiness (diag): 0.2078
2025-09-09 15:29:19,192 - __main__ - INFO -   - Top 5 skill occupancies: [0.9999948143959045, 1.3117997355038824e-07, 1.311799451286788e-07, 1.311799451286788e-07, 1.311799451286788e-07]
2025-09-09 15:29:19,192 - __main__ - INFO -   - Top 5 skill indices: [33, 14, 11, 31, 15]
2025-09-09 15:29:19,192 - __main__ - INFO -     - Skill 33: emp= 28.95  E[1/(1-p)]:17586.18  p_stay=1.000
2025-09-09 15:29:19,192 - __main__ - INFO -     - Skill 1: emp=  0.00  E[1/(1-p)]:  1.23  p_stay=0.188
2025-09-09 15:29:19,192 - __main__ - INFO -     - Skill 32: emp=  0.00  E[1/(1-p)]:  1.23  p_stay=0.188
2025-09-09 15:29:19,192 - __main__ - INFO -     - Skill 34: emp=  0.00  E[1/(1-p)]:  1.23  p_stay=0.188
2025-09-09 15:29:19,192 - __main__ - INFO -     - Skill 35: emp=  0.00  E[1/(1-p)]:  1.23  p_stay=0.188
2025-09-09 15:29:19,192 - __main__ - INFO - 🖼️  Rendering HMM visualizations for round 3
2025-09-09 15:30:28,423 - __main__ - INFO - 💾 Saved HMM posterior → checkpoints_hmm/hmm_round3.pt
2025-09-09 15:30:28,423 - __main__ - INFO - 🤗 Uploading HMM round 3 to HuggingFace: CatkinChen/nethack-hmm
2025-09-09 15:30:34,377 - __main__ - INFO - ✅ HMM uploaded to: https://huggingface.co/CatkinChen/nethack-hmm
2025-09-09 15:30:34,377 - __main__ - INFO - ========== EM Round 3/4: M-step ==========
2025-09-09 15:30:34,377 - __main__ - INFO - 🔧 Fine-tuning VAE with HMM prior for 1 epochs...
2025-09-09 15:30:34,377 - __main__ - INFO - 📊 M-step 3 parameter schedule:
2025-09-09 15:30:34,377 - __main__ - INFO -   - prior_blend_alpha: 0.600 → 1.000 (cosine)
2025-09-09 15:30:34,377 - __main__ - INFO -   - mi_beta: 0.467 → 0.600 (linear)
2025-09-09 15:30:34,377 - __main__ - INFO -   - tc_beta: 0.133 → 0.200 (linear)
2025-09-09 15:30:34,377 - __main__ - INFO -   - dw_beta: 0.833 → 1.000 (linear)
2025-09-09 15:30:35,207 - __main__ - INFO - Weights & Biases initialized
2025-09-09 15:30:35,207 - __main__ - INFO - 🔥Training MultiModalHackVAE with 100 train batches, 20 test batches
2025-09-09 15:30:35,207 - __main__ - INFO -    Epochs: 1
2025-09-09 15:30:35,207 - __main__ - INFO -    Batch size: 32
2025-09-09 15:30:35,208 - __main__ - INFO -    Sequence size: 32
2025-09-09 15:30:35,208 - __main__ - INFO -    Device: cuda
2025-09-09 15:30:35,208 - __main__ - INFO -    Mixed Precision: BF16 = False
2025-09-09 15:30:35,208 - __main__ - INFO -    LR Scheduler: constant
2025-09-09 15:30:35,208 - __main__ - INFO -    Shuffle batches: True
2025-09-09 15:30:35,208 - __main__ - INFO -    Shuffle within batch: False
2025-09-09 15:30:35,208 - __main__ - INFO -    VAE Configuration:
2025-09-09 15:30:35,208 - __main__ - INFO -      - Latent dimension: 96
2025-09-09 15:30:35,208 - __main__ - INFO -      - Encoder dropout: 0.1
2025-09-09 15:30:35,208 - __main__ - INFO -      - Decoder dropout: 0.1
2025-09-09 15:30:35,208 - __main__ - INFO -    Adaptive Loss Weighting:
2025-09-09 15:30:35,209 - __main__ - INFO -      - MI beta: 0.467 → 0.600
2025-09-09 15:30:35,209 - __main__ - INFO -      - TC beta: 0.133 → 0.200
2025-09-09 15:30:35,209 - __main__ - INFO -      - DW beta: 0.833 → 1.000
2025-09-09 15:30:35,209 - __main__ - INFO -      - Blend alpha: 0.600 → 1.000
2025-09-09 15:30:35,209 - __main__ - INFO -      - Warmup epochs: 0 out of 1 total epochs
2025-09-09 15:30:35,209 - __main__ - INFO -    Free bits: 0.75
2025-09-09 15:30:35,209 - __main__ - INFO -    Focal loss: alpha=0.5, gamma=2.0
2025-09-09 15:30:35,209 - __main__ - INFO -    Early Stopping:
2025-09-09 15:30:35,209 - __main__ - INFO -      - Enabled: False
2025-09-09 15:30:35,209 - __main__ - INFO -    HMM Prior: Enabled
2025-09-09 15:30:35,237 - __main__ - INFO - 🔧 Using FP32 precision training
2025-09-09 15:30:35,237 - __main__ - INFO - Model has latent dimension: 96
2025-09-09 15:30:35,237 - __main__ - INFO - 🎯 Starting training for 1 epochs (starting from epoch 0)...
2025-09-09 15:30:35,238 - __main__ - INFO -    Total training steps: 100
2025-09-09 15:30:35,238 - __main__ - INFO -    Warmup steps: 20
2025-09-09 15:30:35,238 - __main__ - INFO - 🎯 Epoch 1/1 - Starting epoch...
2025-09-09 15:30:35,238 - __main__ - DEBUG - Shuffled 100 training batches for epoch 1
2025-09-09 15:30:35,239 - __main__ - DEBUG - Shuffled 20 testing batches for epoch 1
2025-09-09 15:30:35,803 - __main__ - DEBUG - Step 0/100 - Adaptive weights: mi_beta=0.467, tc_beta=0.133, dw_beta=0.833, blend_alpha=0.600
2025-09-09 15:33:43,513 - __main__ - DEBUG - Step 100/100 - Adaptive weights: mi_beta=0.600, tc_beta=0.200, dw_beta=1.000, blend_alpha=1.000
2025-09-09 15:33:45,004 - __main__ - DEBUG - Step 100/100 - Adaptive weights: mi_beta=0.600, tc_beta=0.200, dw_beta=1.000, blend_alpha=1.000
2025-09-09 15:33:46,480 - __main__ - DEBUG - Step 100/100 - Adaptive weights: mi_beta=0.600, tc_beta=0.200, dw_beta=1.000, blend_alpha=1.000
2025-09-09 15:33:47,986 - __main__ - DEBUG - Step 100/100 - Adaptive weights: mi_beta=0.600, tc_beta=0.200, dw_beta=1.000, blend_alpha=1.000
2025-09-09 15:33:49,433 - __main__ - DEBUG - Step 100/100 - Adaptive weights: mi_beta=0.600, tc_beta=0.200, dw_beta=1.000, blend_alpha=1.000
2025-09-09 15:33:50,987 - __main__ - DEBUG - Step 100/100 - Adaptive weights: mi_beta=0.600, tc_beta=0.200, dw_beta=1.000, blend_alpha=1.000
2025-09-09 15:33:52,465 - __main__ - DEBUG - Step 100/100 - Adaptive weights: mi_beta=0.600, tc_beta=0.200, dw_beta=1.000, blend_alpha=1.000
2025-09-09 15:33:53,968 - __main__ - DEBUG - Step 100/100 - Adaptive weights: mi_beta=0.600, tc_beta=0.200, dw_beta=1.000, blend_alpha=1.000
2025-09-09 15:33:55,440 - __main__ - DEBUG - Step 100/100 - Adaptive weights: mi_beta=0.600, tc_beta=0.200, dw_beta=1.000, blend_alpha=1.000
2025-09-09 15:33:56,886 - __main__ - DEBUG - Step 100/100 - Adaptive weights: mi_beta=0.600, tc_beta=0.200, dw_beta=1.000, blend_alpha=1.000
2025-09-09 15:33:58,155 - __main__ - DEBUG - Step 100/100 - Adaptive weights: mi_beta=0.600, tc_beta=0.200, dw_beta=1.000, blend_alpha=1.000
2025-09-09 15:33:59,724 - __main__ - DEBUG - Step 100/100 - Adaptive weights: mi_beta=0.600, tc_beta=0.200, dw_beta=1.000, blend_alpha=1.000
2025-09-09 15:34:01,198 - __main__ - DEBUG - Step 100/100 - Adaptive weights: mi_beta=0.600, tc_beta=0.200, dw_beta=1.000, blend_alpha=1.000
2025-09-09 15:34:02,718 - __main__ - DEBUG - Step 100/100 - Adaptive weights: mi_beta=0.600, tc_beta=0.200, dw_beta=1.000, blend_alpha=1.000
2025-09-09 15:34:04,260 - __main__ - DEBUG - Step 100/100 - Adaptive weights: mi_beta=0.600, tc_beta=0.200, dw_beta=1.000, blend_alpha=1.000
2025-09-09 15:34:05,842 - __main__ - DEBUG - Step 100/100 - Adaptive weights: mi_beta=0.600, tc_beta=0.200, dw_beta=1.000, blend_alpha=1.000
2025-09-09 15:34:07,266 - __main__ - DEBUG - Step 100/100 - Adaptive weights: mi_beta=0.600, tc_beta=0.200, dw_beta=1.000, blend_alpha=1.000
2025-09-09 15:34:08,722 - __main__ - DEBUG - Step 100/100 - Adaptive weights: mi_beta=0.600, tc_beta=0.200, dw_beta=1.000, blend_alpha=1.000
2025-09-09 15:34:10,156 - __main__ - DEBUG - Step 100/100 - Adaptive weights: mi_beta=0.600, tc_beta=0.200, dw_beta=1.000, blend_alpha=1.000
2025-09-09 15:34:11,583 - __main__ - DEBUG - Step 100/100 - Adaptive weights: mi_beta=0.600, tc_beta=0.200, dw_beta=1.000, blend_alpha=1.000
2025-09-09 15:34:12,431 - __main__ - DEBUG - Step 100/100 - Adaptive weights: mi_beta=0.600, tc_beta=0.200, dw_beta=1.000, blend_alpha=1.000
2025-09-09 15:34:12,431 - __main__ - INFO - 
=== Epoch 1/1 Summary ===
2025-09-09 15:34:12,431 - __main__ - INFO - Average Train Loss: 4265.394 | Average Test Loss: 3189.778
2025-09-09 15:34:12,431 - __main__ - INFO - Current KL Betas: mi=0.600, tc=0.200, dw=1.000, blend_alpha=1.000
2025-09-09 15:34:12,431 - __main__ - INFO - Global Step: 100/100 (100.0%)
2025-09-09 15:34:12,431 - __main__ - INFO - Final Training Batch Details:
2025-09-09 15:34:12,432 - __main__ - INFO -   Raw Losses: hero_loc: 4.791 | occupy: 1641.656 | bag: 533.473 | stats: 80.284 | msg: 24.695 | ego_char: 30.378 | ego_color: 106.543 | ego_class: 29.328 | passability: 0.598 | reward: 32.505 | done: 0.013 | value_k: 5.380 | safety: 0.672 | goal: 0.315 | forward: 54.754 | inverse: 2.924
2025-09-09 15:34:12,432 - __main__ - INFO - Final Testing Batch Details:
2025-09-09 15:34:12,432 - __main__ - INFO -   Raw Losses: hero_loc: 4.139 | occupy: 1527.171 | bag: 503.496 | stats: 84.571 | msg: 30.882 | ego_char: 31.342 | ego_color: 91.847 | ego_class: 29.850 | passability: 0.587 | reward: 16.272 | done: 0.012 | value_k: 2.254 | safety: 0.668 | goal: 0.073 | forward: 35.149 | inverse: 3.121
2025-09-09 15:34:12,432 - __main__ - INFO - Variance of model output (mu): 0.0994, 0.1023, 0.0838, 0.1444, 0.0731, 0.1405, 0.1013, 0.0894, 0.1046, 0.0967, 0.1231, 0.1045, 0.1035, 0.1168, 0.1511, 0.1138, 0.0802, 0.0681, 0.0859, 0.0902, 0.0748, 0.0633, 0.0715, 0.0946, 0.0866, 0.0691, 0.0650, 0.0746, 0.0729, 0.0715, 0.0950, 0.0696, 0.0715, 0.0904, 0.0767, 0.0746, 0.0831, 0.0728, 0.0833, 0.0907, 0.0840, 0.0969, 0.0763, 0.0853, 0.0881, 0.0757, 0.0872, 0.0770, 0.0742, 0.0900, 0.0809, 0.0829, 0.0715, 0.0887, 0.0671, 0.0853, 0.0955, 0.0715, 0.0855, 0.0818, 0.0566, 0.0855, 0.0865, 0.0660, 0.0772, 0.0781, 0.0779, 0.0749, 0.0845, 0.0947, 0.0829, 0.0792, 0.0741, 0.0891, 0.0854, 0.0752, 0.0975, 0.0665, 0.0874, 0.0763, 0.0803, 0.0604, 0.0769, 0.1002, 0.0909, 0.0833, 0.0744, 0.0725, 0.0762, 0.0764, 0.0797, 0.0990, 0.0764, 0.0919, 0.0742, 0.0915
2025-09-09 15:34:12,432 - __main__ - INFO - Per-dim KL: 1.0527, 1.3379, 1.7794, 3.6745, 0.8616, 2.4726, 1.6431, 0.5784, 0.7620, 3.3024, 1.8927, 1.3189, 1.7947, 4.2427, 3.9794, 4.6230, 0.5789, 0.4201, 0.5930, 0.5276, 0.6746, 0.7648, 0.6053, 0.5349, 0.5991, 0.5549, 0.6010, 0.7007, 0.6276, 0.6287, 0.5170, 0.6171, 0.6077, 0.6016, 0.5851, 0.5037, 0.6377, 0.5428, 0.5225, 0.5263, 0.5557, 0.7766, 0.3753, 0.5008, 0.5107, 0.6797, 0.4797, 0.6550, 0.6597, 0.5707, 0.6663, 0.5544, 0.6915, 0.4899, 0.4530, 0.4824, 0.5827, 0.5497, 0.5923, 0.5893, 0.7710, 0.5452, 0.5715, 0.5836, 0.5756, 0.4913, 0.5243, 0.6544, 0.6060, 0.6799, 0.5294, 0.6048, 0.6088, 0.6096, 0.5155, 0.5473, 0.4503, 0.5854, 0.6617, 0.5738, 0.6295, 0.5767, 0.4953, 0.4311, 0.5526, 0.6282, 0.5564, 0.6180, 0.4742, 0.5755, 0.6066, 0.4340, 0.5869, 0.5348, 0.6495, 0.5435
2025-09-09 15:34:12,432 - __main__ - INFO - Eigenvalues of latent space: 0.4189, 0.3996, 0.3601, 0.3552, 0.3429, 0.3340, 0.3186, 0.3066, 0.2973, 0.2886, 0.2810, 0.2638, 0.2626, 0.2575, 0.2459, 0.2402, 0.2306, 0.2252, 0.2173, 0.2136, 0.2102, 0.2020, 0.1994, 0.1940, 0.1907, 0.1816, 0.1782, 0.1760, 0.1753, 0.1663, 0.1622, 0.1565, 0.1526, 0.1508, 0.1483, 0.1451, 0.1428, 0.1414, 0.1361, 0.1353, 0.1331, 0.1313, 0.1271, 0.1269, 0.1235, 0.1209, 0.1202, 0.1182, 0.1132, 0.1119, 0.1113, 0.1083, 0.1064, 0.1062, 0.1046, 0.1023, 0.1003, 0.0983, 0.0973, 0.0948, 0.0914, 0.0912, 0.0899, 0.0883, 0.0866, 0.0854, 0.0847, 0.0827, 0.0802, 0.0800, 0.0780, 0.0762, 0.0752, 0.0734, 0.0728, 0.0710, 0.0702, 0.0693, 0.0680, 0.0678, 0.0652, 0.0644, 0.0638, 0.0625, 0.0616, 0.0612, 0.0596, 0.0565, 0.0560, 0.0553, 0.0544, 0.0517, 0.0506, 0.0495, 0.0480, 0.0450
2025-09-09 15:34:12,433 - __main__ - INFO - KL Eigenvalues: 0.1445, 0.1585, 0.1907, 0.1951, 0.2066, 0.2154, 0.2312, 0.2444, 0.2551, 0.2657, 0.2751, 0.2982, 0.2998, 0.3071, 0.3243, 0.3333, 0.3489, 0.3580, 0.3719, 0.3786, 0.3850, 0.4007, 0.4060, 0.4169, 0.4239, 0.4438, 0.4516, 0.4567, 0.4584, 0.4801, 0.4906, 0.5055, 0.5164, 0.5212, 0.5283, 0.5377, 0.5445, 0.5488, 0.5653, 0.5679, 0.5748, 0.5809, 0.5950, 0.5955, 0.6076, 0.6168, 0.6196, 0.6269, 0.6461, 0.6509, 0.6534, 0.6655, 0.6735, 0.6741, 0.6813, 0.6910, 0.7001, 0.7088, 0.7137, 0.7255, 0.7418, 0.7431, 0.7494, 0.7574, 0.7663, 0.7731, 0.7768, 0.7875, 0.8020, 0.8031, 0.8148, 0.8255, 0.8315, 0.8428, 0.8462, 0.8580, 0.8630, 0.8694, 0.8781, 0.8792, 0.8979, 0.9033, 0.9077, 0.9172, 0.9243, 0.9277, 0.9400, 0.9653, 0.9695, 0.9752, 0.9833, 1.0071, 1.0168, 1.0278, 1.0426, 1.0735
2025-09-09 15:34:12,433 - __main__ - INFO - Variance explained by eigenvalues: 0.0300, 0.0587, 0.0845, 0.1100, 0.1346, 0.1585, 0.1813, 0.2033, 0.2246, 0.2453, 0.2655, 0.2844, 0.3032, 0.3217, 0.3393, 0.3565, 0.3731, 0.3892, 0.4048, 0.4201, 0.4352, 0.4497, 0.4640, 0.4779, 0.4915, 0.5046, 0.5173, 0.5300, 0.5425, 0.5544, 0.5661, 0.5773, 0.5882, 0.5990, 0.6097, 0.6201, 0.6303, 0.6405, 0.6502, 0.6599, 0.6695, 0.6789, 0.6880, 0.6971, 0.7059, 0.7146, 0.7232, 0.7317, 0.7398, 0.7478, 0.7558, 0.7636, 0.7712, 0.7788, 0.7863, 0.7937, 0.8008, 0.8079, 0.8149, 0.8217, 0.8282, 0.8348, 0.8412, 0.8475, 0.8537, 0.8599, 0.8659, 0.8719, 0.8776, 0.8833, 0.8889, 0.8944, 0.8998, 0.9050, 0.9103, 0.9154, 0.9204, 0.9254, 0.9302, 0.9351, 0.9398, 0.9444, 0.9490, 0.9535, 0.9579, 0.9623, 0.9665, 0.9706, 0.9746, 0.9786, 0.9825, 0.9862, 0.9898, 0.9933, 0.9968, 1.0000
2025-09-09 15:34:12,433 - __main__ - INFO - ==================================================
2025-09-09 15:34:12,433 - __main__ - INFO - 
✅ MultiModalVAE training completed!
2025-09-09 15:34:12,433 - __main__ - INFO -   - Completed all 1 epochs
2025-09-09 15:34:12,433 - __main__ - INFO -   - Final train loss: 4265.3941
2025-09-09 15:34:12,433 - __main__ - INFO -   - Final test loss: 3189.7776
2025-09-09 15:34:12,455 - __main__ - INFO - 💾 Model saved locally: checkpoints_hmm/vae_hmm_round3_temp.pth
2025-09-09 15:34:13,565 - __main__ - DEBUG - 🗑️  Removed temporary file: checkpoints_hmm/vae_hmm_round3_temp.pth
2025-09-09 15:34:13,565 - __main__ - INFO - ✅ M-step completed: final_train_loss=4265.3941, final_test_loss=3189.7776
2025-09-09 15:34:13,593 - __main__ - INFO - 💾 Saved VAE+HMM → checkpoints_hmm/vae_with_hmm_round3.pt
2025-09-09 15:34:13,593 - __main__ - INFO - 🤗 Uploading VAE+HMM round 3 to HuggingFace: CatkinChen/nethack-vae-hmm
2025-09-09 15:34:19,845 - huggingface_hub.hf_api - WARNING - No files have been modified since last commit. Skipping to prevent empty commit.
2025-09-09 15:34:24,916 - __main__ - INFO - ✅ VAE+HMM uploaded to: https://huggingface.co/CatkinChen/nethack-vae-hmm
2025-09-09 15:34:28,942 - __main__ - INFO - ========== EM Round 4/4: E-step ==========
2025-09-09 15:34:28,942 - __main__ - INFO -    - Continuing HMM from previous round
2025-09-09 15:35:21,446 - __main__ - DEBUG - Initial ELBO: -33004793.6109
2025-09-09 15:35:21,446 - __main__ - DEBUG - Relative tol: 0.0100
2025-09-09 15:35:21,446 - __main__ - DEBUG - Relative elbo_drop_tol: 0.0100
2025-09-09 15:35:21,446 - __main__ - DEBUG - - Init -118.0441
2025-09-09 15:35:21,446 - __main__ - DEBUG - - Trans -4.9076
2025-09-09 15:35:21,446 - __main__ - DEBUG - - Emit -32985206.2500
2025-09-09 15:35:21,446 - __main__ - DEBUG - - Entropy 0.0044
2025-09-09 15:35:21,446 - __main__ - DEBUG - - Dir -45.6717
2025-09-09 15:35:21,447 - __main__ - DEBUG - - NIW -19403.9863
2025-09-09 15:35:21,447 - __main__ - DEBUG - - Beta prior -14.7555
2025-09-09 15:36:04,312 - __main__ - DEBUG - Iter 0: ELBO after FB: -33004793.6109 (LL -32985329.1974, Δ=0.0000)
2025-09-09 15:36:04,350 - __main__ - DEBUG - Iter 0: ELBO after NIW update: 515642.6972 (Emit LL 534115.3647, NIW term -18289.2930, Δ=33520436.3081)
2025-09-09 15:36:04,387 - __main__ - DEBUG - Iter 0: ELBO after Dirichlet update: 515642.6972 (Trans LL -4.9076, Dir term -45.6717, Δ=0.0000)
2025-09-09 15:36:47,230 - __main__ - DEBUG - Iter 1: ELBO after FB: 515642.6972 (LL 533992.4174, Δ=0.0000)
2025-09-09 15:36:47,267 - __main__ - DEBUG - Iter 1: ELBO after NIW update: 515642.6972 (Emit LL 534115.3647, NIW term -18289.2930, Δ=0.0000)
2025-09-09 15:36:47,305 - __main__ - DEBUG - Iter 1: ELBO after Dirichlet update: 515642.6972 (Trans LL -4.9076, Dir term -45.6717, Δ=0.0000)
2025-09-09 15:36:47,305 - __main__ - DEBUG - Early stopping: ELBO improvement 0.0000 < tolerance
2025-09-09 15:37:39,125 - __main__ - INFO - [E-step] Multi-batch 1/1 (x100 batches) - HMM Diagnostics:
2025-09-09 15:37:39,125 - __main__ - INFO -   - Avg log-likelihood per step: 5.7645
2025-09-09 15:37:39,125 - __main__ - INFO -   - Inner ELBO (final): 515642.6972
2025-09-09 15:37:39,125 - __main__ - INFO -   - ELBO progression (2 iters): [515642.69, 515642.69] (Δ=0.0000)
2025-09-09 15:37:39,125 - __main__ - INFO -   - Effective number of skills: 1.00
2025-09-09 15:37:39,125 - __main__ - INFO -   - State entropy: 0.000
2025-09-09 15:37:39,125 - __main__ - INFO -   - Transition stickiness: 0.208
2025-09-09 15:37:39,126 - __main__ - INFO -   - Top 5 skills: [33, 30, 35, 8, 31] (probs: ['1.000', '0.000', '0.000', '0.000', '0.000'])
2025-09-09 15:37:39,126 - __main__ - INFO -   - Combined time length: 3200 (original T=32, multiples=100)
2025-09-09 15:37:39,127 - __main__ - INFO - 🔍 Computing HMM diagnostics...
2025-09-09 15:38:43,273 - __main__ - INFO - 📊 HMM Diagnostics for Round 4:
2025-09-09 15:38:43,274 - __main__ - INFO -   - Avg log-likelihood per step: 5.6384
2025-09-09 15:38:43,274 - __main__ - INFO -   - State entropy: 0.0001
2025-09-09 15:38:43,274 - __main__ - INFO -   - Effective number of skills: 1.00
2025-09-09 15:38:43,274 - __main__ - INFO -   - Transition stickiness (diag): 0.2078
2025-09-09 15:38:43,274 - __main__ - INFO -   - Top 5 skill occupancies: [0.9999948143959045, 1.3117997355038824e-07, 1.311799451286788e-07, 1.311799451286788e-07, 1.311799451286788e-07]
2025-09-09 15:38:43,274 - __main__ - INFO -   - Top 5 skill indices: [33, 14, 11, 31, 15]
2025-09-09 15:38:43,274 - __main__ - INFO -     - Skill 33: emp= 28.95  E[1/(1-p)]:17586.18  p_stay=1.000
2025-09-09 15:38:43,274 - __main__ - INFO -     - Skill 1: emp=  0.00  E[1/(1-p)]:  1.23  p_stay=0.188
2025-09-09 15:38:43,274 - __main__ - INFO -     - Skill 32: emp=  0.00  E[1/(1-p)]:  1.23  p_stay=0.188
2025-09-09 15:38:43,274 - __main__ - INFO -     - Skill 34: emp=  0.00  E[1/(1-p)]:  1.23  p_stay=0.188
2025-09-09 15:38:43,274 - __main__ - INFO -     - Skill 35: emp=  0.00  E[1/(1-p)]:  1.23  p_stay=0.188
2025-09-09 15:38:43,274 - __main__ - INFO - 🖼️  Rendering HMM visualizations for round 4
2025-09-09 15:39:53,313 - __main__ - INFO - 💾 Saved HMM posterior → checkpoints_hmm/hmm_round4.pt
2025-09-09 15:39:53,313 - __main__ - INFO - 🤗 Uploading HMM round 4 to HuggingFace: CatkinChen/nethack-hmm
2025-09-09 15:39:58,118 - __main__ - INFO - ✅ HMM uploaded to: https://huggingface.co/CatkinChen/nethack-hmm
2025-09-09 15:39:58,118 - __main__ - INFO - ========== EM Round 4/4: M-step ==========
2025-09-09 15:39:58,118 - __main__ - INFO - 🔧 Fine-tuning VAE with HMM prior for 1 epochs...
2025-09-09 15:39:58,118 - __main__ - INFO - 📊 M-step 4 parameter schedule:
2025-09-09 15:39:58,118 - __main__ - INFO -   - prior_blend_alpha: 1.000 → 1.000 (constant)
2025-09-09 15:39:58,119 - __main__ - INFO -   - mi_beta: 0.600 → 0.600 (linear)
2025-09-09 15:39:58,119 - __main__ - INFO -   - tc_beta: 0.200 → 0.200 (linear)
2025-09-09 15:39:58,119 - __main__ - INFO -   - dw_beta: 1.000 → 1.000 (linear)
2025-09-09 15:39:59,104 - __main__ - INFO - Weights & Biases initialized
2025-09-09 15:39:59,105 - __main__ - INFO - 🔥Training MultiModalHackVAE with 100 train batches, 20 test batches
2025-09-09 15:39:59,105 - __main__ - INFO -    Epochs: 1
2025-09-09 15:39:59,105 - __main__ - INFO -    Batch size: 32
2025-09-09 15:39:59,106 - __main__ - INFO -    Sequence size: 32
2025-09-09 15:39:59,106 - __main__ - INFO -    Device: cuda
2025-09-09 15:39:59,106 - __main__ - INFO -    Mixed Precision: BF16 = False
2025-09-09 15:39:59,106 - __main__ - INFO -    LR Scheduler: constant
2025-09-09 15:39:59,106 - __main__ - INFO -    Shuffle batches: True
2025-09-09 15:39:59,106 - __main__ - INFO -    Shuffle within batch: False
2025-09-09 15:39:59,106 - __main__ - INFO -    VAE Configuration:
2025-09-09 15:39:59,106 - __main__ - INFO -      - Latent dimension: 96
2025-09-09 15:39:59,106 - __main__ - INFO -      - Encoder dropout: 0.1
2025-09-09 15:39:59,106 - __main__ - INFO -      - Decoder dropout: 0.1
2025-09-09 15:39:59,106 - __main__ - INFO -    Adaptive Loss Weighting:
2025-09-09 15:39:59,107 - __main__ - INFO -      - MI beta: 0.600 → 0.600
2025-09-09 15:39:59,107 - __main__ - INFO -      - TC beta: 0.200 → 0.200
2025-09-09 15:39:59,107 - __main__ - INFO -      - DW beta: 1.000 → 1.000
2025-09-09 15:39:59,107 - __main__ - INFO -      - Blend alpha: 1.000 → 1.000
2025-09-09 15:39:59,107 - __main__ - INFO -      - Warmup epochs: 0 out of 1 total epochs
2025-09-09 15:39:59,107 - __main__ - INFO -    Free bits: 0.75
2025-09-09 15:39:59,107 - __main__ - INFO -    Focal loss: alpha=0.5, gamma=2.0
2025-09-09 15:39:59,107 - __main__ - INFO -    Early Stopping:
2025-09-09 15:39:59,107 - __main__ - INFO -      - Enabled: False
2025-09-09 15:39:59,107 - __main__ - INFO -    HMM Prior: Enabled
2025-09-09 15:39:59,141 - __main__ - INFO - 🔧 Using FP32 precision training
2025-09-09 15:39:59,141 - __main__ - INFO - Model has latent dimension: 96
2025-09-09 15:39:59,142 - __main__ - INFO - 🎯 Starting training for 1 epochs (starting from epoch 0)...
2025-09-09 15:39:59,142 - __main__ - INFO -    Total training steps: 100
2025-09-09 15:39:59,142 - __main__ - INFO -    Warmup steps: 20
2025-09-09 15:39:59,142 - __main__ - INFO - 🎯 Epoch 1/1 - Starting epoch...
2025-09-09 15:39:59,143 - __main__ - DEBUG - Shuffled 100 training batches for epoch 1
2025-09-09 15:39:59,143 - __main__ - DEBUG - Shuffled 20 testing batches for epoch 1
2025-09-09 15:39:59,727 - __main__ - DEBUG - Step 0/100 - Adaptive weights: mi_beta=0.600, tc_beta=0.200, dw_beta=1.000, blend_alpha=1.000
2025-09-09 15:43:08,321 - __main__ - DEBUG - Step 100/100 - Adaptive weights: mi_beta=0.600, tc_beta=0.200, dw_beta=1.000, blend_alpha=1.000
2025-09-09 15:43:09,818 - __main__ - DEBUG - Step 100/100 - Adaptive weights: mi_beta=0.600, tc_beta=0.200, dw_beta=1.000, blend_alpha=1.000
2025-09-09 15:43:11,324 - __main__ - DEBUG - Step 100/100 - Adaptive weights: mi_beta=0.600, tc_beta=0.200, dw_beta=1.000, blend_alpha=1.000
2025-09-09 15:43:12,810 - __main__ - DEBUG - Step 100/100 - Adaptive weights: mi_beta=0.600, tc_beta=0.200, dw_beta=1.000, blend_alpha=1.000
2025-09-09 15:43:14,262 - __main__ - DEBUG - Step 100/100 - Adaptive weights: mi_beta=0.600, tc_beta=0.200, dw_beta=1.000, blend_alpha=1.000
2025-09-09 15:43:15,808 - __main__ - DEBUG - Step 100/100 - Adaptive weights: mi_beta=0.600, tc_beta=0.200, dw_beta=1.000, blend_alpha=1.000
2025-09-09 15:43:17,287 - __main__ - DEBUG - Step 100/100 - Adaptive weights: mi_beta=0.600, tc_beta=0.200, dw_beta=1.000, blend_alpha=1.000
2025-09-09 15:43:18,791 - __main__ - DEBUG - Step 100/100 - Adaptive weights: mi_beta=0.600, tc_beta=0.200, dw_beta=1.000, blend_alpha=1.000
2025-09-09 15:43:20,271 - __main__ - DEBUG - Step 100/100 - Adaptive weights: mi_beta=0.600, tc_beta=0.200, dw_beta=1.000, blend_alpha=1.000
2025-09-09 15:43:21,718 - __main__ - DEBUG - Step 100/100 - Adaptive weights: mi_beta=0.600, tc_beta=0.200, dw_beta=1.000, blend_alpha=1.000
2025-09-09 15:43:22,987 - __main__ - DEBUG - Step 100/100 - Adaptive weights: mi_beta=0.600, tc_beta=0.200, dw_beta=1.000, blend_alpha=1.000
2025-09-09 15:43:24,558 - __main__ - DEBUG - Step 100/100 - Adaptive weights: mi_beta=0.600, tc_beta=0.200, dw_beta=1.000, blend_alpha=1.000
2025-09-09 15:43:26,043 - __main__ - DEBUG - Step 100/100 - Adaptive weights: mi_beta=0.600, tc_beta=0.200, dw_beta=1.000, blend_alpha=1.000
2025-09-09 15:43:27,568 - __main__ - DEBUG - Step 100/100 - Adaptive weights: mi_beta=0.600, tc_beta=0.200, dw_beta=1.000, blend_alpha=1.000
2025-09-09 15:43:29,125 - __main__ - DEBUG - Step 100/100 - Adaptive weights: mi_beta=0.600, tc_beta=0.200, dw_beta=1.000, blend_alpha=1.000
2025-09-09 15:43:30,692 - __main__ - DEBUG - Step 100/100 - Adaptive weights: mi_beta=0.600, tc_beta=0.200, dw_beta=1.000, blend_alpha=1.000
2025-09-09 15:43:32,132 - __main__ - DEBUG - Step 100/100 - Adaptive weights: mi_beta=0.600, tc_beta=0.200, dw_beta=1.000, blend_alpha=1.000
2025-09-09 15:43:33,581 - __main__ - DEBUG - Step 100/100 - Adaptive weights: mi_beta=0.600, tc_beta=0.200, dw_beta=1.000, blend_alpha=1.000
2025-09-09 15:43:35,047 - __main__ - DEBUG - Step 100/100 - Adaptive weights: mi_beta=0.600, tc_beta=0.200, dw_beta=1.000, blend_alpha=1.000
2025-09-09 15:43:36,469 - __main__ - DEBUG - Step 100/100 - Adaptive weights: mi_beta=0.600, tc_beta=0.200, dw_beta=1.000, blend_alpha=1.000
2025-09-09 15:43:37,318 - __main__ - DEBUG - Step 100/100 - Adaptive weights: mi_beta=0.600, tc_beta=0.200, dw_beta=1.000, blend_alpha=1.000
2025-09-09 15:43:37,318 - __main__ - INFO - 
=== Epoch 1/1 Summary ===
2025-09-09 15:43:37,318 - __main__ - INFO - Average Train Loss: 4151.666 | Average Test Loss: 2707.732
2025-09-09 15:43:37,318 - __main__ - INFO - Current KL Betas: mi=0.600, tc=0.200, dw=1.000, blend_alpha=1.000
2025-09-09 15:43:37,318 - __main__ - INFO - Global Step: 100/100 (100.0%)
2025-09-09 15:43:37,318 - __main__ - INFO - Final Training Batch Details:
2025-09-09 15:43:37,319 - __main__ - INFO -   Raw Losses: hero_loc: 4.202 | occupy: 1641.314 | bag: 426.867 | stats: 62.404 | msg: 24.385 | ego_char: 27.719 | ego_color: 104.758 | ego_class: 27.937 | passability: 0.599 | reward: 33.014 | done: 0.009 | value_k: 5.381 | safety: 0.667 | goal: 0.321 | forward: 54.187 | inverse: 2.907
2025-09-09 15:43:37,319 - __main__ - INFO - Final Testing Batch Details:
2025-09-09 15:43:37,319 - __main__ - INFO -   Raw Losses: hero_loc: 3.731 | occupy: 1545.707 | bag: 395.101 | stats: 64.186 | msg: 30.562 | ego_char: 28.090 | ego_color: 85.913 | ego_class: 28.720 | passability: 0.590 | reward: 16.440 | done: 0.008 | value_k: 2.254 | safety: 0.664 | goal: 0.089 | forward: 30.448 | inverse: 3.104
2025-09-09 15:43:37,319 - __main__ - INFO - Variance of model output (mu): 0.1177, 0.0958, 0.0968, 0.1277, 0.0962, 0.0714, 0.1016, 0.0968, 0.0862, 0.1050, 0.0951, 0.1029, 0.0951, 0.0807, 0.1090, 0.1179, 0.0771, 0.0805, 0.0706, 0.0669, 0.0766, 0.0811, 0.0730, 0.0654, 0.0858, 0.0822, 0.0748, 0.0635, 0.0579, 0.0945, 0.0802, 0.0779, 0.0799, 0.0789, 0.0765, 0.0805, 0.0621, 0.0859, 0.0650, 0.0812, 0.0719, 0.0794, 0.0747, 0.0891, 0.0763, 0.0780, 0.0785, 0.0908, 0.0684, 0.0908, 0.0775, 0.0905, 0.0777, 0.0731, 0.0708, 0.0919, 0.0777, 0.0739, 0.0528, 0.0743, 0.0713, 0.0757, 0.0692, 0.0711, 0.0790, 0.0731, 0.0910, 0.0673, 0.0709, 0.0703, 0.0605, 0.0679, 0.0702, 0.0616, 0.0773, 0.0854, 0.0740, 0.0687, 0.0827, 0.0824, 0.0887, 0.0774, 0.0928, 0.0747, 0.0630, 0.0640, 0.0683, 0.0876, 0.0931, 0.0668, 0.0664, 0.0730, 0.0672, 0.0794, 0.0909, 0.0971
2025-09-09 15:43:37,320 - __main__ - INFO - Per-dim KL: 2.4437, 2.6805, 1.7688, 4.7785, 1.1108, 0.6931, 3.6156, 1.5350, 0.8624, 3.5225, 1.6795, 1.8319, 0.7581, 1.0605, 3.1841, 6.0024, 0.6172, 0.4270, 0.5827, 0.6673, 0.5628, 0.7833, 0.5754, 0.6975, 0.5197, 0.5209, 0.7015, 0.7257, 0.6777, 0.4865, 0.5889, 0.6823, 0.6269, 0.5732, 0.5965, 0.5238, 0.5798, 0.5319, 0.5149, 0.5831, 0.6491, 0.5039, 0.6387, 0.5428, 0.6327, 0.5809, 0.6701, 0.6074, 0.7825, 0.5149, 0.6787, 0.5853, 0.5877, 0.5290, 0.6144, 0.6068, 0.6773, 0.6200, 0.6646, 0.6855, 0.7075, 0.5880, 0.6563, 0.6120, 0.6650, 0.6220, 0.6101, 0.6817, 0.6258, 0.6355, 0.6894, 0.5883, 0.6346, 0.7529, 0.6040, 0.5414, 0.6620, 0.5583, 0.6472, 0.7423, 0.5389, 0.5335, 0.5765, 0.5410, 0.6041, 0.6226, 0.7214, 0.5584, 0.3676, 0.7363, 0.6617, 0.4895, 0.6006, 0.4760, 0.5918, 0.5399
2025-09-09 15:43:37,320 - __main__ - INFO - Eigenvalues of latent space: 0.4038, 0.3700, 0.3436, 0.3363, 0.3149, 0.2992, 0.2902, 0.2744, 0.2707, 0.2671, 0.2550, 0.2537, 0.2430, 0.2338, 0.2278, 0.2208, 0.2108, 0.2092, 0.1988, 0.1969, 0.1895, 0.1873, 0.1802, 0.1800, 0.1758, 0.1715, 0.1664, 0.1643, 0.1596, 0.1553, 0.1518, 0.1445, 0.1384, 0.1359, 0.1349, 0.1325, 0.1303, 0.1290, 0.1269, 0.1243, 0.1212, 0.1185, 0.1167, 0.1145, 0.1125, 0.1122, 0.1117, 0.1075, 0.1056, 0.1028, 0.1015, 0.0993, 0.0985, 0.0971, 0.0943, 0.0929, 0.0913, 0.0893, 0.0884, 0.0851, 0.0842, 0.0830, 0.0825, 0.0803, 0.0780, 0.0773, 0.0765, 0.0756, 0.0739, 0.0717, 0.0695, 0.0690, 0.0668, 0.0661, 0.0659, 0.0643, 0.0628, 0.0623, 0.0606, 0.0601, 0.0589, 0.0580, 0.0579, 0.0569, 0.0552, 0.0547, 0.0534, 0.0527, 0.0518, 0.0502, 0.0482, 0.0471, 0.0459, 0.0443, 0.0430, 0.0406
2025-09-09 15:43:37,320 - __main__ - INFO - KL Eigenvalues: 0.1553, 0.1821, 0.2059, 0.2130, 0.2352, 0.2529, 0.2637, 0.2837, 0.2887, 0.2937, 0.3107, 0.3126, 0.3289, 0.3435, 0.3536, 0.3657, 0.3838, 0.3869, 0.4072, 0.4111, 0.4265, 0.4313, 0.4470, 0.4475, 0.4570, 0.4673, 0.4800, 0.4851, 0.4973, 0.5089, 0.5185, 0.5396, 0.5579, 0.5659, 0.5691, 0.5767, 0.5840, 0.5884, 0.5957, 0.6048, 0.6158, 0.6256, 0.6324, 0.6409, 0.6486, 0.6500, 0.6517, 0.6689, 0.6769, 0.6888, 0.6945, 0.7045, 0.7082, 0.7147, 0.7280, 0.7348, 0.7424, 0.7527, 0.7570, 0.7748, 0.7795, 0.7861, 0.7889, 0.8013, 0.8146, 0.8187, 0.8235, 0.8292, 0.8396, 0.8536, 0.8681, 0.8716, 0.8866, 0.8916, 0.8929, 0.9042, 0.9153, 0.9190, 0.9323, 0.9362, 0.9453, 0.9527, 0.9539, 0.9620, 0.9763, 0.9802, 0.9916, 0.9981, 1.0065, 1.0206, 1.0405, 1.0511, 1.0639, 1.0803, 1.0948, 1.1219
2025-09-09 15:43:37,320 - __main__ - INFO - Variance explained by eigenvalues: 0.0315, 0.0604, 0.0873, 0.1135, 0.1381, 0.1615, 0.1841, 0.2055, 0.2267, 0.2475, 0.2674, 0.2873, 0.3062, 0.3245, 0.3423, 0.3595, 0.3760, 0.3923, 0.4078, 0.4232, 0.4380, 0.4526, 0.4667, 0.4807, 0.4944, 0.5078, 0.5208, 0.5337, 0.5461, 0.5582, 0.5701, 0.5814, 0.5922, 0.6028, 0.6133, 0.6237, 0.6339, 0.6439, 0.6538, 0.6635, 0.6730, 0.6822, 0.6914, 0.7003, 0.7091, 0.7178, 0.7266, 0.7350, 0.7432, 0.7512, 0.7592, 0.7669, 0.7746, 0.7822, 0.7895, 0.7968, 0.8039, 0.8109, 0.8178, 0.8244, 0.8310, 0.8375, 0.8439, 0.8502, 0.8563, 0.8623, 0.8683, 0.8742, 0.8799, 0.8855, 0.8910, 0.8964, 0.9016, 0.9067, 0.9119, 0.9169, 0.9218, 0.9267, 0.9314, 0.9361, 0.9407, 0.9452, 0.9497, 0.9542, 0.9585, 0.9627, 0.9669, 0.9710, 0.9751, 0.9790, 0.9827, 0.9864, 0.9900, 0.9935, 0.9968, 1.0000
2025-09-09 15:43:37,320 - __main__ - INFO - ==================================================
2025-09-09 15:43:37,321 - __main__ - INFO - 
✅ MultiModalVAE training completed!
2025-09-09 15:43:37,321 - __main__ - INFO -   - Completed all 1 epochs
2025-09-09 15:43:37,321 - __main__ - INFO -   - Final train loss: 4151.6663
2025-09-09 15:43:37,321 - __main__ - INFO -   - Final test loss: 2707.7324
2025-09-09 15:43:37,349 - __main__ - INFO - 💾 Model saved locally: checkpoints_hmm/vae_hmm_round4_temp.pth
2025-09-09 15:43:38,238 - __main__ - DEBUG - 🗑️  Removed temporary file: checkpoints_hmm/vae_hmm_round4_temp.pth
2025-09-09 15:43:38,238 - __main__ - INFO - ✅ M-step completed: final_train_loss=4151.6663, final_test_loss=2707.7324
2025-09-09 15:43:38,267 - __main__ - INFO - 💾 Saved VAE+HMM → checkpoints_hmm/vae_with_hmm_round4.pt
2025-09-09 15:43:38,267 - __main__ - INFO - 🤗 Uploading VAE+HMM round 4 to HuggingFace: CatkinChen/nethack-vae-hmm
2025-09-09 15:43:43,094 - huggingface_hub.hf_api - WARNING - No files have been modified since last commit. Skipping to prevent empty commit.
2025-09-09 15:43:47,570 - __main__ - INFO - ✅ VAE+HMM uploaded to: https://huggingface.co/CatkinChen/nethack-vae-hmm
2025-09-09 15:43:51,526 - __main__ - INFO - 
🎉 EM training completed! Summary:
2025-09-09 15:43:51,526 - __main__ - INFO -   - EM rounds: 4
2025-09-09 15:43:51,526 - __main__ - INFO -   - M-step epochs per round: 1
2025-09-09 15:43:51,526 - __main__ - INFO -   - HMM checkpoints: 4
2025-09-09 15:43:51,526 - __main__ - INFO -   - VAE+HMM checkpoints: 4
2025-09-09 15:43:51,526 - __main__ - INFO -   - HuggingFace repos:
2025-09-09 15:43:51,526 - __main__ - INFO -     * HMM: https://huggingface.co/CatkinChen/nethack-hmm
2025-09-09 15:43:51,526 - __main__ - INFO -     * VAE+HMM: https://huggingface.co/CatkinChen/nethack-vae-hmm
2025-09-09 15:43:51,526 - __main__ - INFO - 📊 Training Configuration:
2025-09-09 15:43:51,526 - __main__ - INFO -   - Mode: EM
2025-09-09 15:43:51,526 - __main__ - INFO -   - HMM params: α=5.0, κ=1.0, γ=5.0, K=40, D=96
2025-09-09 15:43:51,527 - __main__ - INFO -   - NIW params: μ₀=0.0, κ₀=1.0, Ψ₀=1.0, ν₀=106
2025-09-09 15:43:51,527 - __main__ - INFO -   - Checkpoints: HMM=4, VAE+HMM=4
2025-09-09 15:43:51,527 - __main__ - INFO -   - HF repos: HMM=CatkinChen/nethack-hmm, VAE+HMM=CatkinChen/nethack-vae-hmm
