2025-09-09 22:09:47,140 - __main__ - INFO - 🤗 Loading pretrained VAE from HuggingFace: CatkinChen/nethack-vae
2025-09-09 22:09:47,685 - __main__ - INFO - ✅ Loaded pretrained VAE checkpoint (plain prior).
2025-09-09 22:09:47,685 - __main__ - INFO - 🧠 Initializing new Sticky-HDP-HMM: latent_dim=96, skills=40
2025-09-09 22:09:47,733 - __main__ - INFO - Sticky-HDP-HMM initialized with NIW streaming rho: 0.5, transition rho: 0.5
2025-09-09 22:09:47,733 - __main__ - INFO - 🔍 Initializing NIW mean with k-means on VAE latents...
2025-09-09 22:10:03,575 - __main__ - INFO - ========== EM Round 1/4: E-step ==========
2025-09-09 22:10:57,194 - __main__ - DEBUG - Initial ELBO: -12873134.8745
2025-09-09 22:10:57,195 - __main__ - DEBUG - Relative tol: 0.0100
2025-09-09 22:10:57,195 - __main__ - DEBUG - Relative elbo_drop_tol: 0.0100
2025-09-09 22:10:57,195 - __main__ - DEBUG - - Init -118.0441
2025-09-09 22:10:57,195 - __main__ - DEBUG - - Trans -223858.9155
2025-09-09 22:10:57,195 - __main__ - DEBUG - - Emit -12648987.8125
2025-09-09 22:10:57,195 - __main__ - DEBUG - - Entropy 1555.4944
2025-09-09 22:10:57,195 - __main__ - DEBUG - - Dir 0.0000
2025-09-09 22:10:57,195 - __main__ - DEBUG - - NIW -1710.8412
2025-09-09 22:10:57,195 - __main__ - DEBUG - - Beta prior -14.7555
2025-09-09 22:11:40,364 - __main__ - DEBUG - Iter 0: ELBO after FB: -12873134.8745 (LL -12871409.2777, Δ=0.0000)
2025-09-09 22:11:40,364 - __main__ - DEBUG - First pass after reset, using full stats.
2025-09-09 22:11:40,403 - __main__ - DEBUG - Iter 0: ELBO after NIW update: -4110012.0098 (Emit LL -3540119.0703, NIW term -347456.7188, Δ=8763122.8646)
2025-09-09 22:11:40,440 - __main__ - DEBUG - Iter 0: ELBO after Dirichlet update: -3915852.1745 (Trans LL -28020.0978, Dir term -1678.9824, Δ=194159.8353)
2025-09-09 22:12:23,678 - __main__ - DEBUG - Iter 1: ELBO after FB: -3904791.0873 (LL -3555640.6306, Δ=11061.0872)
2025-09-09 22:12:23,678 - __main__ - DEBUG - First pass after reset, using full stats.
2025-09-09 22:12:23,716 - __main__ - DEBUG - Iter 1: ELBO after NIW update: -3897083.3139 (Emit LL -3520335.3984, NIW term -348795.8750, Δ=7707.7734)
2025-09-09 22:12:23,753 - __main__ - DEBUG - Iter 1: ELBO after Dirichlet update: -3896090.9320 (Trans LL -26738.7666, Dir term -1551.3145, Δ=992.3818)
2025-09-09 22:12:23,753 - __main__ - DEBUG - Early stopping: ELBO improvement 19761.2425 < tolerance
2025-09-09 22:13:15,143 - __main__ - INFO - [E-step] Multi-batch 1/1 (x100 batches) - HMM Diagnostics:
2025-09-09 22:13:15,144 - __main__ - INFO -   - Avg log-likelihood per step: -38.3905
2025-09-09 22:13:15,144 - __main__ - INFO -   - Inner ELBO (final): -3896090.9320
2025-09-09 22:13:15,144 - __main__ - INFO -   - ELBO progression (2 iters): [-3915852.25, -3896091.00] (Δ=19761.2500)
2025-09-09 22:13:15,144 - __main__ - INFO -   - Effective number of skills: 36.55
2025-09-09 22:13:15,144 - __main__ - INFO -   - State entropy: 0.054
2025-09-09 22:13:15,144 - __main__ - INFO -   - Transition stickiness: 0.867
2025-09-09 22:13:15,144 - __main__ - INFO -   - Top 5 skills: [32, 18, 20, 21, 0] (probs: ['0.043', '0.042', '0.042', '0.038', '0.037'])
2025-09-09 22:13:15,144 - __main__ - INFO -   - Combined time length: 3200 (original T=32, multiples=100)
2025-09-09 22:13:15,146 - __main__ - INFO - 🔍 Computing HMM diagnostics...
2025-09-09 22:14:18,682 - __main__ - INFO - 📊 HMM Diagnostics for Round 1:
2025-09-09 22:14:18,683 - __main__ - INFO -   - Avg log-likelihood per step: -38.4903
2025-09-09 22:14:18,683 - __main__ - INFO -   - State entropy: 0.0584
2025-09-09 22:14:18,683 - __main__ - INFO -   - Effective number of skills: 36.57
2025-09-09 22:14:18,684 - __main__ - INFO -   - Transition stickiness (diag): 0.8666
2025-09-09 22:14:18,684 - __main__ - INFO -   - Top 5 skill occupancies: [0.0428745374083519, 0.04245814308524132, 0.042131613940000534, 0.037962254136800766, 0.037228308618068695]
2025-09-09 22:14:18,684 - __main__ - INFO -   - Top 5 skill indices: [32, 18, 20, 21, 0]
2025-09-09 22:14:18,684 - __main__ - INFO -     - Skill 25: emp= 22.32  E[1/(1-p)]: 54.36  p_stay=0.982
2025-09-09 22:14:18,684 - __main__ - INFO -     - Skill 21: emp= 20.93  E[1/(1-p)]: 48.95  p_stay=0.980
2025-09-09 22:14:18,684 - __main__ - INFO -     - Skill 30: emp= 22.41  E[1/(1-p)]: 48.94  p_stay=0.980
2025-09-09 22:14:18,684 - __main__ - INFO -     - Skill 22: emp= 17.93  E[1/(1-p)]: 39.68  p_stay=0.975
2025-09-09 22:14:18,684 - __main__ - INFO -     - Skill 29: emp= 19.57  E[1/(1-p)]: 38.32  p_stay=0.974
2025-09-09 22:14:18,684 - __main__ - INFO - 🖼️  Rendering HMM visualizations for round 1
2025-09-09 22:15:29,690 - __main__ - INFO - 💾 Saved HMM posterior → checkpoints_hmm/hmm_round1.pt
2025-09-09 22:15:29,690 - __main__ - INFO - 🤗 Uploading HMM round 1 to HuggingFace: CatkinChen/nethack-hmm
2025-09-09 22:15:34,068 - huggingface_hub.hf_api - WARNING - No files have been modified since last commit. Skipping to prevent empty commit.
2025-09-09 22:15:34,462 - huggingface_hub.hf_api - WARNING - No files have been modified since last commit. Skipping to prevent empty commit.
2025-09-09 22:15:34,588 - __main__ - INFO - ✅ HMM uploaded to: https://huggingface.co/CatkinChen/nethack-hmm
2025-09-09 22:15:34,588 - __main__ - INFO - ========== EM Round 1/4: M-step ==========
2025-09-09 22:15:34,588 - __main__ - INFO - 🔧 Fine-tuning VAE with HMM prior for 1 epochs...
2025-09-09 22:15:34,588 - __main__ - INFO - 📊 M-step 1 parameter schedule:
2025-09-09 22:15:34,588 - __main__ - INFO -   - prior_blend_alpha: 0.300 → 0.400 (cosine)
2025-09-09 22:15:34,588 - __main__ - INFO -   - mi_beta: 0.200 → 0.333 (linear)
2025-09-09 22:15:34,588 - __main__ - INFO -   - tc_beta: 0.000 → 0.067 (linear)
2025-09-09 22:15:34,588 - __main__ - INFO -   - dw_beta: 0.500 → 0.667 (linear)
2025-09-09 22:15:35,854 - __main__ - INFO - Weights & Biases initialized
2025-09-09 22:15:35,855 - __main__ - INFO - 🔥Training MultiModalHackVAE with 100 train batches, 20 test batches
2025-09-09 22:15:35,855 - __main__ - INFO -    Epochs: 1
2025-09-09 22:15:35,855 - __main__ - INFO -    Batch size: 32
2025-09-09 22:15:35,855 - __main__ - INFO -    Sequence size: 32
2025-09-09 22:15:35,855 - __main__ - INFO -    Device: cuda
2025-09-09 22:15:35,855 - __main__ - INFO -    Mixed Precision: BF16 = False
2025-09-09 22:15:35,855 - __main__ - INFO -    LR Scheduler: constant
2025-09-09 22:15:35,855 - __main__ - INFO -    Shuffle batches: True
2025-09-09 22:15:35,855 - __main__ - INFO -    Shuffle within batch: False
2025-09-09 22:15:35,855 - __main__ - INFO -    VAE Configuration:
2025-09-09 22:15:35,856 - __main__ - INFO -      - Latent dimension: 96
2025-09-09 22:15:35,856 - __main__ - INFO -      - Encoder dropout: 0.1
2025-09-09 22:15:35,856 - __main__ - INFO -      - Decoder dropout: 0.1
2025-09-09 22:15:35,856 - __main__ - INFO -    Adaptive Loss Weighting:
2025-09-09 22:15:35,856 - __main__ - INFO -      - MI beta: 0.200 → 0.333
2025-09-09 22:15:35,856 - __main__ - INFO -      - TC beta: 0.000 → 0.067
2025-09-09 22:15:35,856 - __main__ - INFO -      - DW beta: 0.500 → 0.667
2025-09-09 22:15:35,856 - __main__ - INFO -      - Blend alpha: 0.300 → 0.400
2025-09-09 22:15:35,856 - __main__ - INFO -      - Warmup epochs: 0 out of 1 total epochs
2025-09-09 22:15:35,856 - __main__ - INFO -    Free bits: 0.75
2025-09-09 22:15:35,856 - __main__ - INFO -    Focal loss: alpha=0.5, gamma=2.0
2025-09-09 22:15:35,856 - __main__ - INFO -    Early Stopping:
2025-09-09 22:15:35,856 - __main__ - INFO -      - Enabled: False
2025-09-09 22:15:35,857 - __main__ - INFO -    HMM Prior: Enabled
2025-09-09 22:15:36,788 - __main__ - INFO - 🔧 Using FP32 precision training
2025-09-09 22:15:36,789 - __main__ - INFO - Model has latent dimension: 96
2025-09-09 22:15:36,789 - __main__ - INFO - 🎯 Starting training for 1 epochs (starting from epoch 0)...
2025-09-09 22:15:36,789 - __main__ - INFO -    Total training steps: 100
2025-09-09 22:15:36,789 - __main__ - INFO -    Warmup steps: 20
2025-09-09 22:15:36,789 - __main__ - INFO - 🎯 Epoch 1/1 - Starting epoch...
2025-09-09 22:15:36,791 - __main__ - DEBUG - Shuffled 100 training batches for epoch 1
2025-09-09 22:15:36,791 - __main__ - DEBUG - Shuffled 20 testing batches for epoch 1
2025-09-09 22:15:37,369 - __main__ - DEBUG - Step 0/100 - Adaptive weights: mi_beta=0.200, tc_beta=0.000, dw_beta=0.500, blend_alpha=0.300
2025-09-09 22:18:46,412 - __main__ - DEBUG - Step 100/100 - Adaptive weights: mi_beta=0.333, tc_beta=0.067, dw_beta=0.667, blend_alpha=0.400
2025-09-09 22:18:47,901 - __main__ - DEBUG - Step 100/100 - Adaptive weights: mi_beta=0.333, tc_beta=0.067, dw_beta=0.667, blend_alpha=0.400
2025-09-09 22:18:49,396 - __main__ - DEBUG - Step 100/100 - Adaptive weights: mi_beta=0.333, tc_beta=0.067, dw_beta=0.667, blend_alpha=0.400
2025-09-09 22:18:50,880 - __main__ - DEBUG - Step 100/100 - Adaptive weights: mi_beta=0.333, tc_beta=0.067, dw_beta=0.667, blend_alpha=0.400
2025-09-09 22:18:52,329 - __main__ - DEBUG - Step 100/100 - Adaptive weights: mi_beta=0.333, tc_beta=0.067, dw_beta=0.667, blend_alpha=0.400
2025-09-09 22:18:53,873 - __main__ - DEBUG - Step 100/100 - Adaptive weights: mi_beta=0.333, tc_beta=0.067, dw_beta=0.667, blend_alpha=0.400
2025-09-09 22:18:55,352 - __main__ - DEBUG - Step 100/100 - Adaptive weights: mi_beta=0.333, tc_beta=0.067, dw_beta=0.667, blend_alpha=0.400
2025-09-09 22:18:56,857 - __main__ - DEBUG - Step 100/100 - Adaptive weights: mi_beta=0.333, tc_beta=0.067, dw_beta=0.667, blend_alpha=0.400
2025-09-09 22:18:58,331 - __main__ - DEBUG - Step 100/100 - Adaptive weights: mi_beta=0.333, tc_beta=0.067, dw_beta=0.667, blend_alpha=0.400
2025-09-09 22:18:59,774 - __main__ - DEBUG - Step 100/100 - Adaptive weights: mi_beta=0.333, tc_beta=0.067, dw_beta=0.667, blend_alpha=0.400
2025-09-09 22:19:01,041 - __main__ - DEBUG - Step 100/100 - Adaptive weights: mi_beta=0.333, tc_beta=0.067, dw_beta=0.667, blend_alpha=0.400
2025-09-09 22:19:02,606 - __main__ - DEBUG - Step 100/100 - Adaptive weights: mi_beta=0.333, tc_beta=0.067, dw_beta=0.667, blend_alpha=0.400
2025-09-09 22:19:04,090 - __main__ - DEBUG - Step 100/100 - Adaptive weights: mi_beta=0.333, tc_beta=0.067, dw_beta=0.667, blend_alpha=0.400
2025-09-09 22:19:05,609 - __main__ - DEBUG - Step 100/100 - Adaptive weights: mi_beta=0.333, tc_beta=0.067, dw_beta=0.667, blend_alpha=0.400
2025-09-09 22:19:07,165 - __main__ - DEBUG - Step 100/100 - Adaptive weights: mi_beta=0.333, tc_beta=0.067, dw_beta=0.667, blend_alpha=0.400
2025-09-09 22:19:08,723 - __main__ - DEBUG - Step 100/100 - Adaptive weights: mi_beta=0.333, tc_beta=0.067, dw_beta=0.667, blend_alpha=0.400
2025-09-09 22:19:10,137 - __main__ - DEBUG - Step 100/100 - Adaptive weights: mi_beta=0.333, tc_beta=0.067, dw_beta=0.667, blend_alpha=0.400
2025-09-09 22:19:11,586 - __main__ - DEBUG - Step 100/100 - Adaptive weights: mi_beta=0.333, tc_beta=0.067, dw_beta=0.667, blend_alpha=0.400
2025-09-09 22:19:13,032 - __main__ - DEBUG - Step 100/100 - Adaptive weights: mi_beta=0.333, tc_beta=0.067, dw_beta=0.667, blend_alpha=0.400
2025-09-09 22:19:14,460 - __main__ - DEBUG - Step 100/100 - Adaptive weights: mi_beta=0.333, tc_beta=0.067, dw_beta=0.667, blend_alpha=0.400
2025-09-09 22:19:15,299 - __main__ - DEBUG - Step 100/100 - Adaptive weights: mi_beta=0.333, tc_beta=0.067, dw_beta=0.667, blend_alpha=0.400
2025-09-09 22:19:15,299 - __main__ - INFO - 
=== Epoch 1/1 Summary ===
2025-09-09 22:19:15,299 - __main__ - INFO - Average Train Loss: 3852.285 | Average Test Loss: 2712.835
2025-09-09 22:19:15,299 - __main__ - INFO - Current KL Betas: mi=0.333, tc=0.067, dw=0.667, blend_alpha=0.400
2025-09-09 22:19:15,299 - __main__ - INFO - Global Step: 100/100 (100.0%)
2025-09-09 22:19:15,299 - __main__ - INFO - Final Training Batch Details:
2025-09-09 22:19:15,300 - __main__ - INFO -   Raw Losses: hero_loc: 3.107 | occupy: 1641.832 | bag: 422.084 | stats: 65.949 | msg: 24.337 | ego_char: 26.954 | ego_color: 119.174 | ego_class: 29.508 | passability: 0.596 | reward: 32.557 | done: 0.012 | value_k: 5.393 | safety: 0.667 | goal: 0.313 | forward: 46.070 | inverse: 2.933
2025-09-09 22:19:15,300 - __main__ - INFO - Final Testing Batch Details:
2025-09-09 22:19:15,300 - __main__ - INFO -   Raw Losses: hero_loc: 3.054 | occupy: 1569.510 | bag: 397.867 | stats: 67.888 | msg: 30.473 | ego_char: 27.454 | ego_color: 105.666 | ego_class: 30.279 | passability: 0.586 | reward: 16.332 | done: 0.012 | value_k: 2.251 | safety: 0.665 | goal: 0.094 | forward: 30.588 | inverse: 3.107
2025-09-09 22:19:15,300 - __main__ - INFO - Variance of model output (mu): 0.0977, 0.1982, 0.0955, 0.1152, 0.1220, 0.1092, 0.0961, 0.1003, 0.1252, 0.0875, 0.0917, 0.1114, 0.1216, 0.1815, 0.1453, 0.1114, 0.1020, 0.0913, 0.0848, 0.0921, 0.0925, 0.1065, 0.0979, 0.0957, 0.0720, 0.0783, 0.0895, 0.0649, 0.0848, 0.0858, 0.0862, 0.0907, 0.0793, 0.0754, 0.0900, 0.0938, 0.0947, 0.0943, 0.0746, 0.0827, 0.0722, 0.0976, 0.0881, 0.0990, 0.0805, 0.1043, 0.0864, 0.0888, 0.1059, 0.0814, 0.0913, 0.0849, 0.0862, 0.0944, 0.0940, 0.0778, 0.0914, 0.0954, 0.0996, 0.0976, 0.0869, 0.0814, 0.0943, 0.0834, 0.0992, 0.0779, 0.0927, 0.0908, 0.0734, 0.0916, 0.0752, 0.0752, 0.1032, 0.0766, 0.0713, 0.0857, 0.0846, 0.0910, 0.0874, 0.1136, 0.0919, 0.0704, 0.0609, 0.0955, 0.1015, 0.0721, 0.0931, 0.0994, 0.0791, 0.0882, 0.0868, 0.0970, 0.0683, 0.0789, 0.0899, 0.0797
2025-09-09 22:19:15,301 - __main__ - INFO - Per-dim KL: 0.4135, 14.8461, 1.0878, 2.6165, 7.4148, 2.3724, 0.5333, 0.5005, 3.3505, 5.5908, 3.1783, 9.9962, 0.3139, 16.3697, 6.6728, 4.0072, 0.4040, 0.3508, 0.6855, 0.5726, 0.4183, 0.4452, 0.3619, 0.5422, 0.5589, 0.5574, 0.2569, 0.7140, 0.3770, 0.6971, 0.4544, 0.5492, 0.3739, 0.3761, 0.4495, 0.3855, 0.3186, 0.2673, 0.6085, 0.3299, 0.6359, 0.5719, 0.5046, 0.5545, 0.5237, 0.4360, 0.5746, 0.5219, 0.5221, 0.4410, 0.5344, 0.5683, 0.6266, 0.5561, 0.4238, 0.5164, 0.5734, 0.2238, 0.3207, 0.4335, 0.4172, 0.6059, 0.5115, 0.5007, 0.5287, 0.3554, 0.5018, 0.3936, 0.3693, 0.2956, 0.2875, 0.4718, 0.4023, 0.5740, 0.6978, 0.4383, 0.4915, 0.5223, 0.5467, 0.1966, 0.2905, 0.2999, 0.5570, 0.4987, 0.4477, 0.6029, 0.3424, 0.4337, 0.3651, 0.5674, 0.5953, 0.5315, 0.5282, 0.5398, 0.4372, 0.4477
2025-09-09 22:19:15,301 - __main__ - INFO - Eigenvalues of latent space: 0.5948, 0.5466, 0.5130, 0.4871, 0.4673, 0.4592, 0.4221, 0.4020, 0.3740, 0.3672, 0.3582, 0.3479, 0.3341, 0.3265, 0.3151, 0.3126, 0.3097, 0.2955, 0.2944, 0.2806, 0.2775, 0.2723, 0.2659, 0.2642, 0.2532, 0.2457, 0.2426, 0.2406, 0.2328, 0.2291, 0.2265, 0.2249, 0.2176, 0.2130, 0.2098, 0.2054, 0.1999, 0.1949, 0.1924, 0.1860, 0.1848, 0.1825, 0.1795, 0.1785, 0.1732, 0.1659, 0.1620, 0.1602, 0.1586, 0.1568, 0.1551, 0.1516, 0.1490, 0.1472, 0.1446, 0.1419, 0.1408, 0.1395, 0.1366, 0.1342, 0.1307, 0.1290, 0.1282, 0.1266, 0.1219, 0.1189, 0.1182, 0.1166, 0.1152, 0.1131, 0.1117, 0.1105, 0.1084, 0.1056, 0.1030, 0.1017, 0.1004, 0.0975, 0.0963, 0.0950, 0.0936, 0.0930, 0.0906, 0.0889, 0.0883, 0.0861, 0.0849, 0.0829, 0.0798, 0.0775, 0.0756, 0.0753, 0.0736, 0.0712, 0.0694, 0.0677
2025-09-09 22:19:15,301 - __main__ - INFO - KL Eigenvalues: 0.0572, 0.0753, 0.0903, 0.1032, 0.1141, 0.1187, 0.1423, 0.1567, 0.1788, 0.1845, 0.1925, 0.2018, 0.2152, 0.2229, 0.2350, 0.2377, 0.2409, 0.2573, 0.2587, 0.2757, 0.2797, 0.2865, 0.2952, 0.2976, 0.3133, 0.3246, 0.3295, 0.3326, 0.3451, 0.3513, 0.3558, 0.3586, 0.3713, 0.3798, 0.3858, 0.3941, 0.4050, 0.4150, 0.4203, 0.4339, 0.4365, 0.4419, 0.4485, 0.4508, 0.4633, 0.4812, 0.4912, 0.4957, 0.5000, 0.5048, 0.5094, 0.5191, 0.5263, 0.5316, 0.5392, 0.5473, 0.5506, 0.5546, 0.5636, 0.5712, 0.5827, 0.5884, 0.5912, 0.5968, 0.6133, 0.6242, 0.6268, 0.6329, 0.6380, 0.6465, 0.6520, 0.6566, 0.6650, 0.6769, 0.6879, 0.6936, 0.6997, 0.7128, 0.7184, 0.7245, 0.7312, 0.7341, 0.7458, 0.7548, 0.7578, 0.7694, 0.7755, 0.7863, 0.8041, 0.8172, 0.8291, 0.8310, 0.8413, 0.8567, 0.8688, 0.8802
2025-09-09 22:19:15,301 - __main__ - INFO - Variance explained by eigenvalues: 0.0312, 0.0598, 0.0867, 0.1122, 0.1366, 0.1607, 0.1828, 0.2039, 0.2235, 0.2427, 0.2614, 0.2797, 0.2972, 0.3143, 0.3308, 0.3472, 0.3634, 0.3789, 0.3943, 0.4090, 0.4235, 0.4378, 0.4517, 0.4655, 0.4788, 0.4917, 0.5044, 0.5170, 0.5292, 0.5412, 0.5530, 0.5648, 0.5762, 0.5874, 0.5984, 0.6091, 0.6196, 0.6298, 0.6399, 0.6496, 0.6593, 0.6689, 0.6783, 0.6876, 0.6967, 0.7054, 0.7139, 0.7223, 0.7306, 0.7388, 0.7469, 0.7548, 0.7626, 0.7704, 0.7779, 0.7854, 0.7927, 0.8000, 0.8072, 0.8142, 0.8211, 0.8278, 0.8345, 0.8412, 0.8476, 0.8538, 0.8600, 0.8661, 0.8721, 0.8780, 0.8839, 0.8897, 0.8954, 0.9009, 0.9063, 0.9116, 0.9169, 0.9220, 0.9270, 0.9320, 0.9369, 0.9418, 0.9465, 0.9512, 0.9558, 0.9603, 0.9647, 0.9691, 0.9733, 0.9773, 0.9813, 0.9852, 0.9891, 0.9928, 0.9965, 1.0000
2025-09-09 22:19:15,301 - __main__ - INFO - ==================================================
2025-09-09 22:19:15,301 - __main__ - INFO - 
✅ MultiModalVAE training completed!
2025-09-09 22:19:15,302 - __main__ - INFO -   - Completed all 1 epochs
2025-09-09 22:19:15,302 - __main__ - INFO -   - Final train loss: 3852.2848
2025-09-09 22:19:15,302 - __main__ - INFO -   - Final test loss: 2712.8349
2025-09-09 22:19:15,323 - __main__ - INFO - 💾 Model saved locally: checkpoints_hmm/vae_hmm_round1_temp.pth
2025-09-09 22:19:16,233 - __main__ - DEBUG - 🗑️  Removed temporary file: checkpoints_hmm/vae_hmm_round1_temp.pth
2025-09-09 22:19:16,233 - __main__ - INFO - ✅ M-step completed: final_train_loss=3852.2848, final_test_loss=2712.8349
2025-09-09 22:19:16,261 - __main__ - INFO - 💾 Saved VAE+HMM → checkpoints_hmm/vae_with_hmm_round1.pt
2025-09-09 22:19:16,261 - __main__ - INFO - 🤗 Uploading VAE+HMM round 1 to HuggingFace: CatkinChen/nethack-vae-hmm
2025-09-09 22:19:21,994 - huggingface_hub.hf_api - WARNING - No files have been modified since last commit. Skipping to prevent empty commit.
2025-09-09 22:19:26,854 - __main__ - INFO - ✅ VAE+HMM uploaded to: https://huggingface.co/CatkinChen/nethack-vae-hmm
2025-09-09 22:19:30,678 - __main__ - INFO - ========== EM Round 2/4: E-step ==========
2025-09-09 22:19:30,678 - __main__ - INFO -    - Resetting HMM to prior
2025-09-09 22:19:30,680 - __main__ - INFO -    - Continuing HMM streaming statistics from previous round but resetting to prior
2025-09-09 22:19:30,680 - __main__ - INFO -    - Keeping NIW mean as is (no k-means re-init)
2025-09-09 22:20:24,566 - __main__ - DEBUG - Initial ELBO: -41300429.6030
2025-09-09 22:20:24,567 - __main__ - DEBUG - Relative tol: 0.0100
2025-09-09 22:20:24,567 - __main__ - DEBUG - Relative elbo_drop_tol: 0.0100
2025-09-09 22:20:24,567 - __main__ - DEBUG - - Init -118.0441
2025-09-09 22:20:24,567 - __main__ - DEBUG - - Trans -179675.9053
2025-09-09 22:20:24,567 - __main__ - DEBUG - - Emit -41118914.2500
2025-09-09 22:20:24,567 - __main__ - DEBUG - - Entropy 4.1931
2025-09-09 22:20:24,567 - __main__ - DEBUG - - Dir 0.0000
2025-09-09 22:20:24,567 - __main__ - DEBUG - - NIW -1710.8412
2025-09-09 22:20:24,567 - __main__ - DEBUG - - Beta prior -14.7555
2025-09-09 22:21:07,797 - __main__ - DEBUG - Iter 0: ELBO after FB: -41300429.6030 (LL -41298704.0063, Δ=0.0000)
2025-09-09 22:21:07,797 - __main__ - DEBUG - Blending stats with ρ_niw=0.5000, ρ_tr=0.5000.
2025-09-09 22:21:07,835 - __main__ - DEBUG - Iter 0: ELBO after NIW update: -2373351.1329 (Emit LL -1908857.1211, NIW term -284689.5000, Δ=38927078.4701)
2025-09-09 22:21:07,872 - __main__ - DEBUG - Iter 0: ELBO after Dirichlet update: -2195268.5672 (Trans LL -255.6375, Dir term -1337.7021, Δ=178082.5657)
2025-09-09 22:21:50,380 - __main__ - DEBUG - Iter 1: ELBO after FB: -2192939.5517 (LL -1906897.5940, Δ=2329.0156)
2025-09-09 22:21:50,380 - __main__ - DEBUG - Blending stats with ρ_niw=0.5000, ρ_tr=0.5000.
2025-09-09 22:21:50,418 - __main__ - DEBUG - Iter 1: ELBO after NIW update: -2192188.9970 (Emit LL -1906577.4766, NIW term -284014.4062, Δ=750.5547)
2025-09-09 22:21:50,455 - __main__ - DEBUG - Iter 1: ELBO after Dirichlet update: -2192184.7769 (Trans LL -125.0627, Dir term -1335.0361, Δ=4.2201)
2025-09-09 22:21:50,456 - __main__ - DEBUG - Early stopping: ELBO improvement 3083.7903 < tolerance
2025-09-09 22:22:41,548 - __main__ - INFO - [E-step] Multi-batch 1/1 (x100 batches) - HMM Diagnostics:
2025-09-09 22:22:41,549 - __main__ - INFO -   - Avg log-likelihood per step: -20.5847
2025-09-09 22:22:41,549 - __main__ - INFO -   - Inner ELBO (final): -2192184.7769
2025-09-09 22:22:41,549 - __main__ - INFO -   - ELBO progression (2 iters): [-2195268.50, -2192184.75] (Δ=3083.7500)
2025-09-09 22:22:41,549 - __main__ - INFO -   - Effective number of skills: 1.00
2025-09-09 22:22:41,549 - __main__ - INFO -   - State entropy: 0.000
2025-09-09 22:22:41,549 - __main__ - INFO -   - Transition stickiness: 0.866
2025-09-09 22:22:41,549 - __main__ - INFO -   - Top 5 skills: [17, 7, 28, 21, 9] (probs: ['1.000', '0.000', '0.000', '0.000', '0.000'])
2025-09-09 22:22:41,549 - __main__ - INFO -   - Combined time length: 3200 (original T=32, multiples=100)
2025-09-09 22:22:41,552 - __main__ - INFO - 🔍 Computing HMM diagnostics...
2025-09-09 22:23:44,890 - __main__ - INFO - 📊 HMM Diagnostics for Round 2:
2025-09-09 22:23:44,892 - __main__ - INFO -   - Avg log-likelihood per step: -20.7107
2025-09-09 22:23:44,892 - __main__ - INFO -   - State entropy: 0.0006
2025-09-09 22:23:44,892 - __main__ - INFO -   - Effective number of skills: 1.00
2025-09-09 22:23:44,892 - __main__ - INFO -   - Transition stickiness (diag): 0.8658
2025-09-09 22:23:44,892 - __main__ - INFO -   - Top 5 skill occupancies: [0.9999024271965027, 5.995610263198614e-05, 2.5982357328757644e-05, 4.982850896340096e-06, 2.9996526791364886e-06]
2025-09-09 22:23:44,892 - __main__ - INFO -   - Top 5 skill indices: [17, 7, 21, 28, 9]
2025-09-09 22:23:44,893 - __main__ - INFO -     - Skill 17: emp= 28.95  E[1/(1-p)]:686.41  p_stay=0.999
2025-09-09 22:23:44,893 - __main__ - INFO -     - Skill 25: emp=  0.00  E[1/(1-p)]: 48.79  p_stay=0.980
2025-09-09 22:23:44,893 - __main__ - INFO -     - Skill 21: emp=  0.00  E[1/(1-p)]: 45.46  p_stay=0.978
2025-09-09 22:23:44,893 - __main__ - INFO -     - Skill 30: emp=  0.00  E[1/(1-p)]: 36.91  p_stay=0.973
2025-09-09 22:23:44,893 - __main__ - INFO -     - Skill 22: emp=  0.00  E[1/(1-p)]: 36.39  p_stay=0.973
2025-09-09 22:23:44,893 - __main__ - INFO - 🖼️  Rendering HMM visualizations for round 2
2025-09-09 22:24:54,967 - __main__ - INFO - 💾 Saved HMM posterior → checkpoints_hmm/hmm_round2.pt
2025-09-09 22:24:54,967 - __main__ - INFO - 🤗 Uploading HMM round 2 to HuggingFace: CatkinChen/nethack-hmm
2025-09-09 22:25:00,075 - __main__ - INFO - ✅ HMM uploaded to: https://huggingface.co/CatkinChen/nethack-hmm
2025-09-09 22:25:00,075 - __main__ - INFO - ========== EM Round 2/4: M-step ==========
2025-09-09 22:25:00,075 - __main__ - INFO - 🔧 Fine-tuning VAE with HMM prior for 1 epochs...
2025-09-09 22:25:00,076 - __main__ - INFO - 📊 M-step 2 parameter schedule:
2025-09-09 22:25:00,076 - __main__ - INFO -   - prior_blend_alpha: 0.400 → 0.600 (cosine)
2025-09-09 22:25:00,076 - __main__ - INFO -   - mi_beta: 0.333 → 0.467 (linear)
2025-09-09 22:25:00,076 - __main__ - INFO -   - tc_beta: 0.067 → 0.133 (linear)
2025-09-09 22:25:00,076 - __main__ - INFO -   - dw_beta: 0.667 → 0.833 (linear)
2025-09-09 22:25:00,878 - __main__ - INFO - Weights & Biases initialized
2025-09-09 22:25:00,878 - __main__ - INFO - 🔥Training MultiModalHackVAE with 100 train batches, 20 test batches
2025-09-09 22:25:00,878 - __main__ - INFO -    Epochs: 1
2025-09-09 22:25:00,878 - __main__ - INFO -    Batch size: 32
2025-09-09 22:25:00,879 - __main__ - INFO -    Sequence size: 32
2025-09-09 22:25:00,879 - __main__ - INFO -    Device: cuda
2025-09-09 22:25:00,879 - __main__ - INFO -    Mixed Precision: BF16 = False
2025-09-09 22:25:00,879 - __main__ - INFO -    LR Scheduler: constant
2025-09-09 22:25:00,879 - __main__ - INFO -    Shuffle batches: True
2025-09-09 22:25:00,879 - __main__ - INFO -    Shuffle within batch: False
2025-09-09 22:25:00,879 - __main__ - INFO -    VAE Configuration:
2025-09-09 22:25:00,879 - __main__ - INFO -      - Latent dimension: 96
2025-09-09 22:25:00,879 - __main__ - INFO -      - Encoder dropout: 0.1
2025-09-09 22:25:00,879 - __main__ - INFO -      - Decoder dropout: 0.1
2025-09-09 22:25:00,879 - __main__ - INFO -    Adaptive Loss Weighting:
2025-09-09 22:25:00,880 - __main__ - INFO -      - MI beta: 0.333 → 0.467
2025-09-09 22:25:00,880 - __main__ - INFO -      - TC beta: 0.067 → 0.133
2025-09-09 22:25:00,880 - __main__ - INFO -      - DW beta: 0.667 → 0.833
2025-09-09 22:25:00,880 - __main__ - INFO -      - Blend alpha: 0.400 → 0.600
2025-09-09 22:25:00,880 - __main__ - INFO -      - Warmup epochs: 0 out of 1 total epochs
2025-09-09 22:25:00,880 - __main__ - INFO -    Free bits: 0.75
2025-09-09 22:25:00,880 - __main__ - INFO -    Focal loss: alpha=0.5, gamma=2.0
2025-09-09 22:25:00,880 - __main__ - INFO -    Early Stopping:
2025-09-09 22:25:00,880 - __main__ - INFO -      - Enabled: False
2025-09-09 22:25:00,880 - __main__ - INFO -    HMM Prior: Enabled
2025-09-09 22:25:00,941 - __main__ - INFO - 🔧 Using FP32 precision training
2025-09-09 22:25:00,942 - __main__ - INFO - Model has latent dimension: 96
2025-09-09 22:25:00,942 - __main__ - INFO - 🎯 Starting training for 1 epochs (starting from epoch 0)...
2025-09-09 22:25:00,942 - __main__ - INFO -    Total training steps: 100
2025-09-09 22:25:00,942 - __main__ - INFO -    Warmup steps: 20
2025-09-09 22:25:00,942 - __main__ - INFO - 🎯 Epoch 1/1 - Starting epoch...
2025-09-09 22:25:00,943 - __main__ - DEBUG - Shuffled 100 training batches for epoch 1
2025-09-09 22:25:00,943 - __main__ - DEBUG - Shuffled 20 testing batches for epoch 1
2025-09-09 22:25:01,513 - __main__ - DEBUG - Step 0/100 - Adaptive weights: mi_beta=0.333, tc_beta=0.067, dw_beta=0.667, blend_alpha=0.400
2025-09-09 22:28:09,861 - __main__ - DEBUG - Step 100/100 - Adaptive weights: mi_beta=0.467, tc_beta=0.133, dw_beta=0.833, blend_alpha=0.600
2025-09-09 22:28:11,361 - __main__ - DEBUG - Step 100/100 - Adaptive weights: mi_beta=0.467, tc_beta=0.133, dw_beta=0.833, blend_alpha=0.600
2025-09-09 22:28:12,869 - __main__ - DEBUG - Step 100/100 - Adaptive weights: mi_beta=0.467, tc_beta=0.133, dw_beta=0.833, blend_alpha=0.600
2025-09-09 22:28:14,379 - __main__ - DEBUG - Step 100/100 - Adaptive weights: mi_beta=0.467, tc_beta=0.133, dw_beta=0.833, blend_alpha=0.600
2025-09-09 22:28:15,841 - __main__ - DEBUG - Step 100/100 - Adaptive weights: mi_beta=0.467, tc_beta=0.133, dw_beta=0.833, blend_alpha=0.600
2025-09-09 22:28:17,405 - __main__ - DEBUG - Step 100/100 - Adaptive weights: mi_beta=0.467, tc_beta=0.133, dw_beta=0.833, blend_alpha=0.600
2025-09-09 22:28:18,898 - __main__ - DEBUG - Step 100/100 - Adaptive weights: mi_beta=0.467, tc_beta=0.133, dw_beta=0.833, blend_alpha=0.600
2025-09-09 22:28:20,424 - __main__ - DEBUG - Step 100/100 - Adaptive weights: mi_beta=0.467, tc_beta=0.133, dw_beta=0.833, blend_alpha=0.600
2025-09-09 22:28:21,913 - __main__ - DEBUG - Step 100/100 - Adaptive weights: mi_beta=0.467, tc_beta=0.133, dw_beta=0.833, blend_alpha=0.600
2025-09-09 22:28:23,375 - __main__ - DEBUG - Step 100/100 - Adaptive weights: mi_beta=0.467, tc_beta=0.133, dw_beta=0.833, blend_alpha=0.600
2025-09-09 22:28:24,666 - __main__ - DEBUG - Step 100/100 - Adaptive weights: mi_beta=0.467, tc_beta=0.133, dw_beta=0.833, blend_alpha=0.600
2025-09-09 22:28:26,258 - __main__ - DEBUG - Step 100/100 - Adaptive weights: mi_beta=0.467, tc_beta=0.133, dw_beta=0.833, blend_alpha=0.600
2025-09-09 22:28:27,759 - __main__ - DEBUG - Step 100/100 - Adaptive weights: mi_beta=0.467, tc_beta=0.133, dw_beta=0.833, blend_alpha=0.600
2025-09-09 22:28:29,304 - __main__ - DEBUG - Step 100/100 - Adaptive weights: mi_beta=0.467, tc_beta=0.133, dw_beta=0.833, blend_alpha=0.600
2025-09-09 22:28:30,873 - __main__ - DEBUG - Step 100/100 - Adaptive weights: mi_beta=0.467, tc_beta=0.133, dw_beta=0.833, blend_alpha=0.600
2025-09-09 22:28:32,452 - __main__ - DEBUG - Step 100/100 - Adaptive weights: mi_beta=0.467, tc_beta=0.133, dw_beta=0.833, blend_alpha=0.600
2025-09-09 22:28:33,900 - __main__ - DEBUG - Step 100/100 - Adaptive weights: mi_beta=0.467, tc_beta=0.133, dw_beta=0.833, blend_alpha=0.600
2025-09-09 22:28:35,369 - __main__ - DEBUG - Step 100/100 - Adaptive weights: mi_beta=0.467, tc_beta=0.133, dw_beta=0.833, blend_alpha=0.600
2025-09-09 22:28:36,834 - __main__ - DEBUG - Step 100/100 - Adaptive weights: mi_beta=0.467, tc_beta=0.133, dw_beta=0.833, blend_alpha=0.600
2025-09-09 22:28:38,275 - __main__ - DEBUG - Step 100/100 - Adaptive weights: mi_beta=0.467, tc_beta=0.133, dw_beta=0.833, blend_alpha=0.600
2025-09-09 22:28:39,121 - __main__ - DEBUG - Step 100/100 - Adaptive weights: mi_beta=0.467, tc_beta=0.133, dw_beta=0.833, blend_alpha=0.600
2025-09-09 22:28:39,121 - __main__ - INFO - 
=== Epoch 1/1 Summary ===
2025-09-09 22:28:39,121 - __main__ - INFO - Average Train Loss: 3900.528 | Average Test Loss: 2770.211
2025-09-09 22:28:39,121 - __main__ - INFO - Current KL Betas: mi=0.467, tc=0.133, dw=0.833, blend_alpha=0.600
2025-09-09 22:28:39,121 - __main__ - INFO - Global Step: 100/100 (100.0%)
2025-09-09 22:28:39,122 - __main__ - INFO - Final Training Batch Details:
2025-09-09 22:28:39,122 - __main__ - INFO -   Raw Losses: hero_loc: 3.480 | occupy: 1641.228 | bag: 445.633 | stats: 69.729 | msg: 24.582 | ego_char: 28.000 | ego_color: 102.899 | ego_class: 30.573 | passability: 0.595 | reward: 32.652 | done: 0.016 | value_k: 5.379 | safety: 0.662 | goal: 0.319 | forward: 47.762 | inverse: 2.918
2025-09-09 22:28:39,122 - __main__ - INFO - Final Testing Batch Details:
2025-09-09 22:28:39,122 - __main__ - INFO -   Raw Losses: hero_loc: 3.480 | occupy: 1529.667 | bag: 420.906 | stats: 70.851 | msg: 30.950 | ego_char: 27.776 | ego_color: 90.459 | ego_class: 31.243 | passability: 0.586 | reward: 16.436 | done: 0.014 | value_k: 2.254 | safety: 0.665 | goal: 0.087 | forward: 30.530 | inverse: 3.119
2025-09-09 22:28:39,123 - __main__ - INFO - Variance of model output (mu): 0.0913, 0.1063, 0.1114, 0.1184, 0.1121, 0.1311, 0.0909, 0.0799, 0.0760, 0.0994, 0.0876, 0.1039, 0.0813, 0.0757, 0.0940, 0.1530, 0.0763, 0.0660, 0.0731, 0.0818, 0.0693, 0.0786, 0.0801, 0.0783, 0.0832, 0.0687, 0.0715, 0.0904, 0.0709, 0.0700, 0.0874, 0.0720, 0.0814, 0.0696, 0.0977, 0.0787, 0.0690, 0.0918, 0.0662, 0.0695, 0.0747, 0.0805, 0.0786, 0.0771, 0.0790, 0.0834, 0.0730, 0.0638, 0.0675, 0.0794, 0.0783, 0.0824, 0.0821, 0.0677, 0.0844, 0.0683, 0.0786, 0.0795, 0.0792, 0.0849, 0.0892, 0.0805, 0.0906, 0.0612, 0.0746, 0.0860, 0.0815, 0.0615, 0.0704, 0.0720, 0.0854, 0.0845, 0.0754, 0.0916, 0.0843, 0.0842, 0.0774, 0.0743, 0.0918, 0.0761, 0.0826, 0.0772, 0.0847, 0.0696, 0.0831, 0.0770, 0.0735, 0.0843, 0.0823, 0.0858, 0.0672, 0.0756, 0.0741, 0.0924, 0.0619, 0.0837
2025-09-09 22:28:39,123 - __main__ - INFO - Per-dim KL: 0.6459, 4.1651, 4.9153, 8.7031, 3.5981, 9.2915, 2.1121, 0.7886, 1.5763, 2.2241, 0.9996, 0.8249, 1.4771, 0.8062, 1.7366, 9.9966, 0.5597, 0.5991, 0.5806, 0.4013, 0.6231, 0.4884, 0.5277, 0.5881, 0.5474, 0.6218, 0.4395, 0.5139, 0.6045, 0.5899, 0.4833, 0.6203, 0.6839, 0.6293, 0.3873, 0.3677, 0.5774, 0.5812, 0.5864, 0.5247, 0.6807, 0.5547, 0.3136, 0.5741, 0.5655, 0.5638, 0.4764, 0.3945, 0.5604, 0.5468, 0.5348, 0.6154, 0.3797, 0.5486, 0.3940, 0.6597, 0.5944, 0.4421, 0.5745, 0.2257, 0.6223, 0.5278, 0.5503, 0.6429, 0.5925, 0.4083, 0.5926, 0.5128, 0.6357, 0.6189, 0.4797, 0.1492, 0.5413, 0.4698, 0.5931, 0.4345, 0.5598, 0.3961, 0.4992, 0.2919, 0.3693, 0.6211, 0.6351, 0.4563, 0.5236, 0.5886, 0.6471, 0.5670, 0.5654, 0.5912, 0.5047, 0.5903, 0.6451, 0.4709, 0.4329, 0.5286
2025-09-09 22:28:39,123 - __main__ - INFO - Eigenvalues of latent space: 0.4877, 0.4658, 0.4463, 0.3965, 0.3746, 0.3577, 0.3526, 0.3324, 0.3176, 0.3148, 0.3029, 0.3017, 0.2894, 0.2849, 0.2814, 0.2643, 0.2634, 0.2587, 0.2475, 0.2448, 0.2367, 0.2321, 0.2235, 0.2160, 0.2153, 0.2100, 0.2070, 0.1981, 0.1939, 0.1931, 0.1909, 0.1839, 0.1806, 0.1783, 0.1742, 0.1735, 0.1682, 0.1616, 0.1605, 0.1584, 0.1574, 0.1536, 0.1506, 0.1471, 0.1427, 0.1422, 0.1396, 0.1384, 0.1346, 0.1316, 0.1277, 0.1244, 0.1240, 0.1212, 0.1206, 0.1182, 0.1170, 0.1147, 0.1111, 0.1099, 0.1080, 0.1071, 0.1047, 0.1031, 0.1007, 0.0993, 0.0981, 0.0972, 0.0946, 0.0934, 0.0920, 0.0902, 0.0891, 0.0864, 0.0860, 0.0837, 0.0821, 0.0806, 0.0794, 0.0782, 0.0765, 0.0756, 0.0750, 0.0732, 0.0714, 0.0704, 0.0699, 0.0684, 0.0681, 0.0661, 0.0653, 0.0648, 0.0630, 0.0621, 0.0603, 0.0569
2025-09-09 22:28:39,123 - __main__ - INFO - KL Eigenvalues: 0.1029, 0.1149, 0.1266, 0.1608, 0.1783, 0.1928, 0.1975, 0.2169, 0.2323, 0.2353, 0.2486, 0.2500, 0.2647, 0.2702, 0.2747, 0.2975, 0.2987, 0.3054, 0.3220, 0.3260, 0.3388, 0.3463, 0.3609, 0.3743, 0.3756, 0.3853, 0.3910, 0.4085, 0.4172, 0.4188, 0.4235, 0.4386, 0.4460, 0.4514, 0.4609, 0.4625, 0.4754, 0.4920, 0.4950, 0.5004, 0.5031, 0.5136, 0.5220, 0.5319, 0.5447, 0.5463, 0.5542, 0.5580, 0.5699, 0.5797, 0.5930, 0.6045, 0.6058, 0.6159, 0.6180, 0.6267, 0.6314, 0.6400, 0.6542, 0.6589, 0.6670, 0.6707, 0.6807, 0.6876, 0.6980, 0.7046, 0.7099, 0.7140, 0.7264, 0.7322, 0.7391, 0.7479, 0.7536, 0.7678, 0.7696, 0.7818, 0.7909, 0.7994, 0.8065, 0.8132, 0.8234, 0.8287, 0.8328, 0.8440, 0.8556, 0.8618, 0.8654, 0.8756, 0.8774, 0.8912, 0.8968, 0.9003, 0.9141, 0.9203, 0.9341, 0.9616
2025-09-09 22:28:39,123 - __main__ - INFO - Variance explained by eigenvalues: 0.0305, 0.0596, 0.0874, 0.1122, 0.1356, 0.1580, 0.1800, 0.2007, 0.2206, 0.2402, 0.2592, 0.2780, 0.2961, 0.3139, 0.3315, 0.3480, 0.3644, 0.3806, 0.3961, 0.4113, 0.4261, 0.4406, 0.4546, 0.4681, 0.4815, 0.4947, 0.5076, 0.5200, 0.5321, 0.5441, 0.5561, 0.5675, 0.5788, 0.5900, 0.6008, 0.6117, 0.6222, 0.6323, 0.6423, 0.6522, 0.6620, 0.6716, 0.6810, 0.6902, 0.6992, 0.7080, 0.7168, 0.7254, 0.7338, 0.7420, 0.7500, 0.7578, 0.7655, 0.7731, 0.7806, 0.7880, 0.7953, 0.8025, 0.8094, 0.8163, 0.8230, 0.8297, 0.8363, 0.8427, 0.8490, 0.8552, 0.8613, 0.8674, 0.8733, 0.8791, 0.8849, 0.8905, 0.8961, 0.9015, 0.9069, 0.9121, 0.9172, 0.9222, 0.9272, 0.9321, 0.9369, 0.9416, 0.9463, 0.9509, 0.9553, 0.9597, 0.9641, 0.9683, 0.9726, 0.9767, 0.9808, 0.9849, 0.9888, 0.9927, 0.9964, 1.0000
2025-09-09 22:28:39,123 - __main__ - INFO - ==================================================
2025-09-09 22:28:39,124 - __main__ - INFO - 
✅ MultiModalVAE training completed!
2025-09-09 22:28:39,124 - __main__ - INFO -   - Completed all 1 epochs
2025-09-09 22:28:39,124 - __main__ - INFO -   - Final train loss: 3900.5281
2025-09-09 22:28:39,124 - __main__ - INFO -   - Final test loss: 2770.2115
2025-09-09 22:28:39,144 - __main__ - INFO - 💾 Model saved locally: checkpoints_hmm/vae_hmm_round2_temp.pth
2025-09-09 22:28:40,452 - __main__ - DEBUG - 🗑️  Removed temporary file: checkpoints_hmm/vae_hmm_round2_temp.pth
2025-09-09 22:28:40,453 - __main__ - INFO - ✅ M-step completed: final_train_loss=3900.5281, final_test_loss=2770.2115
2025-09-09 22:28:40,481 - __main__ - INFO - 💾 Saved VAE+HMM → checkpoints_hmm/vae_with_hmm_round2.pt
2025-09-09 22:28:40,481 - __main__ - INFO - 🤗 Uploading VAE+HMM round 2 to HuggingFace: CatkinChen/nethack-vae-hmm
2025-09-09 22:28:45,297 - huggingface_hub.hf_api - WARNING - No files have been modified since last commit. Skipping to prevent empty commit.
2025-09-09 22:28:49,808 - __main__ - INFO - ✅ VAE+HMM uploaded to: https://huggingface.co/CatkinChen/nethack-vae-hmm
2025-09-09 22:28:53,909 - __main__ - INFO - ========== EM Round 3/4: E-step ==========
2025-09-09 22:28:53,909 - __main__ - INFO -    - Resetting HMM to prior
2025-09-09 22:28:53,911 - __main__ - INFO -    - Continuing HMM streaming statistics from previous round but resetting to prior
2025-09-09 22:28:53,911 - __main__ - INFO -    - Keeping NIW mean as is (no k-means re-init)
2025-09-09 22:29:46,912 - __main__ - DEBUG - Initial ELBO: -27768351.9048
2025-09-09 22:29:46,912 - __main__ - DEBUG - Relative tol: 0.0100
2025-09-09 22:29:46,912 - __main__ - DEBUG - Relative elbo_drop_tol: 0.0100
2025-09-09 22:29:46,913 - __main__ - DEBUG - - Init -118.0441
2025-09-09 22:29:46,913 - __main__ - DEBUG - - Trans -180599.2852
2025-09-09 22:29:46,913 - __main__ - DEBUG - - Emit -27586087.8125
2025-09-09 22:29:46,913 - __main__ - DEBUG - - Entropy 178.8337
2025-09-09 22:29:46,913 - __main__ - DEBUG - - Dir 0.0000
2025-09-09 22:29:46,913 - __main__ - DEBUG - - NIW -1710.8412
2025-09-09 22:29:46,913 - __main__ - DEBUG - - Beta prior -14.7555
2025-09-09 22:30:29,755 - __main__ - DEBUG - Iter 0: ELBO after FB: -27768351.9048 (LL -27766626.3081, Δ=0.0000)
2025-09-09 22:30:29,756 - __main__ - DEBUG - Blending stats with ρ_niw=0.5000, ρ_tr=0.5000.
2025-09-09 22:30:29,794 - __main__ - DEBUG - Iter 0: ELBO after NIW update: -1344181.7179 (Emit LL -927040.0762, NIW term -236588.3906, Δ=26424170.1869)
2025-09-09 22:30:29,831 - __main__ - DEBUG - Iter 0: ELBO after Dirichlet update: -1165766.6676 (Trans LL -1041.0366, Dir term -1143.1982, Δ=178415.0504)
2025-09-09 22:31:12,764 - __main__ - DEBUG - Iter 1: ELBO after FB: -1160586.2494 (LL -922839.9050, Δ=5180.4182)
2025-09-09 22:31:12,764 - __main__ - DEBUG - Blending stats with ρ_niw=0.5000, ρ_tr=0.5000.
2025-09-09 22:31:12,802 - __main__ - DEBUG - Iter 1: ELBO after NIW update: -1159955.1400 (Emit LL -923247.8418, NIW term -234487.5000, Δ=631.1094)
2025-09-09 22:31:12,840 - __main__ - DEBUG - Iter 1: ELBO after Dirichlet update: -1159935.7160 (Trans LL -1175.4012, Dir term -1141.1533, Δ=19.4239)
2025-09-09 22:31:12,840 - __main__ - DEBUG - Early stopping: ELBO improvement 5830.9515 < tolerance
2025-09-09 22:32:04,259 - __main__ - INFO - [E-step] Multi-batch 1/1 (x100 batches) - HMM Diagnostics:
2025-09-09 22:32:04,260 - __main__ - INFO -   - Avg log-likelihood per step: -9.9122
2025-09-09 22:32:04,260 - __main__ - INFO -   - Inner ELBO (final): -1159935.7160
2025-09-09 22:32:04,260 - __main__ - INFO -   - ELBO progression (2 iters): [-1165766.62, -1159935.75] (Δ=5830.8750)
2025-09-09 22:32:04,260 - __main__ - INFO -   - Effective number of skills: 1.20
2025-09-09 22:32:04,260 - __main__ - INFO -   - State entropy: 0.008
2025-09-09 22:32:04,260 - __main__ - INFO -   - Transition stickiness: 0.864
2025-09-09 22:32:04,260 - __main__ - INFO -   - Top 5 skills: [20, 33, 28, 7, 11] (probs: ['0.957', '0.043', '0.000', '0.000', '0.000'])
2025-09-09 22:32:04,260 - __main__ - INFO -   - Combined time length: 3200 (original T=32, multiples=100)
2025-09-09 22:32:04,262 - __main__ - INFO - 🔍 Computing HMM diagnostics...
2025-09-09 22:33:07,377 - __main__ - INFO - 📊 HMM Diagnostics for Round 3:
2025-09-09 22:33:07,377 - __main__ - INFO -   - Avg log-likelihood per step: -10.0356
2025-09-09 22:33:07,377 - __main__ - INFO -   - State entropy: 0.0122
2025-09-09 22:33:07,377 - __main__ - INFO -   - Effective number of skills: 1.20
2025-09-09 22:33:07,377 - __main__ - INFO -   - Transition stickiness (diag): 0.8643
2025-09-09 22:33:07,378 - __main__ - INFO -   - Top 5 skill occupancies: [0.9564980268478394, 0.04303727298974991, 0.0003486411878839135, 1.5021263607195579e-05, 1.2801672710338607e-05]
2025-09-09 22:33:07,378 - __main__ - INFO -   - Top 5 skill indices: [20, 33, 28, 2, 7]
2025-09-09 22:33:07,378 - __main__ - INFO -     - Skill 17: emp=  0.00  E[1/(1-p)]:638.14  p_stay=0.998
2025-09-09 22:33:07,378 - __main__ - INFO -     - Skill 20: emp= 28.89  E[1/(1-p)]:408.13  p_stay=0.998
2025-09-09 22:33:07,378 - __main__ - INFO -     - Skill 33: emp= 25.99  E[1/(1-p)]: 94.50  p_stay=0.989
2025-09-09 22:33:07,378 - __main__ - INFO -     - Skill 25: emp=  0.00  E[1/(1-p)]: 40.54  p_stay=0.975
2025-09-09 22:33:07,378 - __main__ - INFO -     - Skill 21: emp=  0.00  E[1/(1-p)]: 39.81  p_stay=0.975
2025-09-09 22:33:07,378 - __main__ - INFO - 🖼️  Rendering HMM visualizations for round 3
2025-09-09 22:34:16,415 - __main__ - INFO - 💾 Saved HMM posterior → checkpoints_hmm/hmm_round3.pt
2025-09-09 22:34:16,416 - __main__ - INFO - 🤗 Uploading HMM round 3 to HuggingFace: CatkinChen/nethack-hmm
2025-09-09 22:34:21,297 - __main__ - INFO - ✅ HMM uploaded to: https://huggingface.co/CatkinChen/nethack-hmm
2025-09-09 22:34:21,298 - __main__ - INFO - ========== EM Round 3/4: M-step ==========
2025-09-09 22:34:21,298 - __main__ - INFO - 🔧 Fine-tuning VAE with HMM prior for 1 epochs...
2025-09-09 22:34:21,298 - __main__ - INFO - 📊 M-step 3 parameter schedule:
2025-09-09 22:34:21,298 - __main__ - INFO -   - prior_blend_alpha: 0.600 → 1.000 (cosine)
2025-09-09 22:34:21,298 - __main__ - INFO -   - mi_beta: 0.467 → 0.600 (linear)
2025-09-09 22:34:21,298 - __main__ - INFO -   - tc_beta: 0.133 → 0.200 (linear)
2025-09-09 22:34:21,298 - __main__ - INFO -   - dw_beta: 0.833 → 1.000 (linear)
2025-09-09 22:34:22,061 - __main__ - INFO - Weights & Biases initialized
2025-09-09 22:34:22,062 - __main__ - INFO - 🔥Training MultiModalHackVAE with 100 train batches, 20 test batches
2025-09-09 22:34:22,062 - __main__ - INFO -    Epochs: 1
2025-09-09 22:34:22,062 - __main__ - INFO -    Batch size: 32
2025-09-09 22:34:22,062 - __main__ - INFO -    Sequence size: 32
2025-09-09 22:34:22,062 - __main__ - INFO -    Device: cuda
2025-09-09 22:34:22,062 - __main__ - INFO -    Mixed Precision: BF16 = False
2025-09-09 22:34:22,062 - __main__ - INFO -    LR Scheduler: constant
2025-09-09 22:34:22,063 - __main__ - INFO -    Shuffle batches: True
2025-09-09 22:34:22,063 - __main__ - INFO -    Shuffle within batch: False
2025-09-09 22:34:22,063 - __main__ - INFO -    VAE Configuration:
2025-09-09 22:34:22,063 - __main__ - INFO -      - Latent dimension: 96
2025-09-09 22:34:22,063 - __main__ - INFO -      - Encoder dropout: 0.1
2025-09-09 22:34:22,063 - __main__ - INFO -      - Decoder dropout: 0.1
2025-09-09 22:34:22,063 - __main__ - INFO -    Adaptive Loss Weighting:
2025-09-09 22:34:22,063 - __main__ - INFO -      - MI beta: 0.467 → 0.600
2025-09-09 22:34:22,063 - __main__ - INFO -      - TC beta: 0.133 → 0.200
2025-09-09 22:34:22,063 - __main__ - INFO -      - DW beta: 0.833 → 1.000
2025-09-09 22:34:22,063 - __main__ - INFO -      - Blend alpha: 0.600 → 1.000
2025-09-09 22:34:22,063 - __main__ - INFO -      - Warmup epochs: 0 out of 1 total epochs
2025-09-09 22:34:22,064 - __main__ - INFO -    Free bits: 0.75
2025-09-09 22:34:22,064 - __main__ - INFO -    Focal loss: alpha=0.5, gamma=2.0
2025-09-09 22:34:22,064 - __main__ - INFO -    Early Stopping:
2025-09-09 22:34:22,064 - __main__ - INFO -      - Enabled: False
2025-09-09 22:34:22,064 - __main__ - INFO -    HMM Prior: Enabled
2025-09-09 22:34:22,092 - __main__ - INFO - 🔧 Using FP32 precision training
2025-09-09 22:34:22,093 - __main__ - INFO - Model has latent dimension: 96
2025-09-09 22:34:22,093 - __main__ - INFO - 🎯 Starting training for 1 epochs (starting from epoch 0)...
2025-09-09 22:34:22,093 - __main__ - INFO -    Total training steps: 100
2025-09-09 22:34:22,093 - __main__ - INFO -    Warmup steps: 20
2025-09-09 22:34:22,093 - __main__ - INFO - 🎯 Epoch 1/1 - Starting epoch...
2025-09-09 22:34:22,094 - __main__ - DEBUG - Shuffled 100 training batches for epoch 1
2025-09-09 22:34:22,094 - __main__ - DEBUG - Shuffled 20 testing batches for epoch 1
2025-09-09 22:34:22,665 - __main__ - DEBUG - Step 0/100 - Adaptive weights: mi_beta=0.467, tc_beta=0.133, dw_beta=0.833, blend_alpha=0.600
2025-09-09 22:37:29,738 - __main__ - DEBUG - Step 100/100 - Adaptive weights: mi_beta=0.600, tc_beta=0.200, dw_beta=1.000, blend_alpha=1.000
2025-09-09 22:37:31,224 - __main__ - DEBUG - Step 100/100 - Adaptive weights: mi_beta=0.600, tc_beta=0.200, dw_beta=1.000, blend_alpha=1.000
2025-09-09 22:37:32,699 - __main__ - DEBUG - Step 100/100 - Adaptive weights: mi_beta=0.600, tc_beta=0.200, dw_beta=1.000, blend_alpha=1.000
2025-09-09 22:37:34,169 - __main__ - DEBUG - Step 100/100 - Adaptive weights: mi_beta=0.600, tc_beta=0.200, dw_beta=1.000, blend_alpha=1.000
2025-09-09 22:37:35,602 - __main__ - DEBUG - Step 100/100 - Adaptive weights: mi_beta=0.600, tc_beta=0.200, dw_beta=1.000, blend_alpha=1.000
2025-09-09 22:37:37,128 - __main__ - DEBUG - Step 100/100 - Adaptive weights: mi_beta=0.600, tc_beta=0.200, dw_beta=1.000, blend_alpha=1.000
2025-09-09 22:37:38,585 - __main__ - DEBUG - Step 100/100 - Adaptive weights: mi_beta=0.600, tc_beta=0.200, dw_beta=1.000, blend_alpha=1.000
2025-09-09 22:37:40,073 - __main__ - DEBUG - Step 100/100 - Adaptive weights: mi_beta=0.600, tc_beta=0.200, dw_beta=1.000, blend_alpha=1.000
2025-09-09 22:37:41,527 - __main__ - DEBUG - Step 100/100 - Adaptive weights: mi_beta=0.600, tc_beta=0.200, dw_beta=1.000, blend_alpha=1.000
2025-09-09 22:37:42,953 - __main__ - DEBUG - Step 100/100 - Adaptive weights: mi_beta=0.600, tc_beta=0.200, dw_beta=1.000, blend_alpha=1.000
2025-09-09 22:37:44,201 - __main__ - DEBUG - Step 100/100 - Adaptive weights: mi_beta=0.600, tc_beta=0.200, dw_beta=1.000, blend_alpha=1.000
2025-09-09 22:37:45,776 - __main__ - DEBUG - Step 100/100 - Adaptive weights: mi_beta=0.600, tc_beta=0.200, dw_beta=1.000, blend_alpha=1.000
2025-09-09 22:37:47,251 - __main__ - DEBUG - Step 100/100 - Adaptive weights: mi_beta=0.600, tc_beta=0.200, dw_beta=1.000, blend_alpha=1.000
2025-09-09 22:37:48,771 - __main__ - DEBUG - Step 100/100 - Adaptive weights: mi_beta=0.600, tc_beta=0.200, dw_beta=1.000, blend_alpha=1.000
2025-09-09 22:37:50,325 - __main__ - DEBUG - Step 100/100 - Adaptive weights: mi_beta=0.600, tc_beta=0.200, dw_beta=1.000, blend_alpha=1.000
2025-09-09 22:37:51,886 - __main__ - DEBUG - Step 100/100 - Adaptive weights: mi_beta=0.600, tc_beta=0.200, dw_beta=1.000, blend_alpha=1.000
2025-09-09 22:37:53,302 - __main__ - DEBUG - Step 100/100 - Adaptive weights: mi_beta=0.600, tc_beta=0.200, dw_beta=1.000, blend_alpha=1.000
2025-09-09 22:37:54,740 - __main__ - DEBUG - Step 100/100 - Adaptive weights: mi_beta=0.600, tc_beta=0.200, dw_beta=1.000, blend_alpha=1.000
2025-09-09 22:37:56,170 - __main__ - DEBUG - Step 100/100 - Adaptive weights: mi_beta=0.600, tc_beta=0.200, dw_beta=1.000, blend_alpha=1.000
2025-09-09 22:37:57,574 - __main__ - DEBUG - Step 100/100 - Adaptive weights: mi_beta=0.600, tc_beta=0.200, dw_beta=1.000, blend_alpha=1.000
2025-09-09 22:37:58,416 - __main__ - DEBUG - Step 100/100 - Adaptive weights: mi_beta=0.600, tc_beta=0.200, dw_beta=1.000, blend_alpha=1.000
2025-09-09 22:37:58,416 - __main__ - INFO - 
=== Epoch 1/1 Summary ===
2025-09-09 22:37:58,417 - __main__ - INFO - Average Train Loss: 3856.207 | Average Test Loss: 2632.556
2025-09-09 22:37:58,417 - __main__ - INFO - Current KL Betas: mi=0.600, tc=0.200, dw=1.000, blend_alpha=1.000
2025-09-09 22:37:58,417 - __main__ - INFO - Global Step: 100/100 (100.0%)
2025-09-09 22:37:58,417 - __main__ - INFO - Final Training Batch Details:
2025-09-09 22:37:58,417 - __main__ - INFO -   Raw Losses: hero_loc: 2.371 | occupy: 1643.736 | bag: 401.669 | stats: 74.027 | msg: 25.143 | ego_char: 28.182 | ego_color: 124.586 | ego_class: 29.093 | passability: 0.598 | reward: 32.685 | done: 0.022 | value_k: 5.376 | safety: 0.674 | goal: 0.300 | forward: 53.374 | inverse: 2.925
2025-09-09 22:37:58,417 - __main__ - INFO - Final Testing Batch Details:
2025-09-09 22:37:58,418 - __main__ - INFO -   Raw Losses: hero_loc: 1.634 | occupy: 1534.022 | bag: 373.730 | stats: 76.360 | msg: 31.601 | ego_char: 28.866 | ego_color: 107.040 | ego_class: 29.795 | passability: 0.590 | reward: 16.358 | done: 0.019 | value_k: 2.257 | safety: 0.668 | goal: 0.080 | forward: 37.933 | inverse: 3.138
2025-09-09 22:37:58,418 - __main__ - INFO - Variance of model output (mu): 0.1093, 0.1328, 0.2049, 0.1107, 0.1872, 0.0807, 0.1049, 0.1439, 0.0920, 0.1759, 0.1009, 0.0895, 0.1318, 0.1879, 0.0948, 0.1457, 0.0860, 0.0717, 0.0620, 0.0831, 0.0880, 0.0541, 0.0739, 0.0807, 0.0837, 0.0721, 0.0908, 0.0788, 0.0777, 0.0652, 0.0736, 0.0602, 0.0673, 0.0773, 0.0922, 0.0995, 0.0699, 0.0688, 0.0814, 0.0809, 0.0867, 0.0778, 0.0796, 0.0747, 0.0788, 0.0937, 0.0682, 0.0772, 0.0845, 0.0670, 0.0897, 0.0730, 0.0739, 0.0774, 0.0900, 0.0740, 0.0847, 0.0683, 0.0897, 0.0646, 0.0998, 0.0816, 0.0788, 0.0779, 0.0654, 0.0831, 0.0857, 0.0932, 0.0711, 0.0835, 0.0625, 0.0653, 0.0656, 0.0880, 0.0854, 0.0862, 0.0718, 0.0787, 0.0913, 0.0920, 0.1013, 0.0769, 0.0745, 0.0664, 0.0702, 0.0816, 0.0705, 0.0977, 0.0815, 0.0896, 0.0842, 0.0799, 0.0748, 0.0626, 0.0804, 0.0817
2025-09-09 22:37:58,418 - __main__ - INFO - Per-dim KL: 2.4251, 3.5086, 10.7742, 5.0003, 1.5508, 0.6394, 0.5681, 3.5236, 0.5269, 4.0809, 0.5194, 1.1933, 8.0848, 1.4104, 1.4360, 0.6376, 0.6239, 0.5784, 0.6306, 0.5426, 0.4380, 0.4101, 0.6149, 0.4292, 0.5890, 0.6498, 0.3926, 0.5795, 0.5524, 0.7516, 0.5225, 0.7390, 0.4955, 0.6505, 0.4240, 0.4550, 0.5428, 0.5645, 0.5524, 0.4025, 0.4902, 0.7902, 0.5690, 0.6737, 0.5470, 0.6250, 0.4608, 0.6674, 0.5660, 0.4612, 0.6347, 0.7416, 0.6951, 0.6829, 0.4616, 0.6474, 0.5786, 0.6220, 0.4726, 0.7090, 0.5228, 0.5276, 0.4842, 0.6403, 0.6388, 0.5780, 0.5135, 0.3971, 0.4993, 0.5743, 0.5582, 0.5503, 0.5482, 0.5124, 0.8466, 0.5927, 0.4417, 0.5390, 0.6424, 0.6727, 0.5774, 0.5637, 0.6108, 0.7437, 0.5517, 0.5087, 0.6819, 0.4372, 0.4224, 0.5257, 0.4754, 0.4853, 0.5597, 0.5295, 0.5463, 0.6302
2025-09-09 22:37:58,418 - __main__ - INFO - Eigenvalues of latent space: 0.6886, 0.4583, 0.4069, 0.3884, 0.3674, 0.3491, 0.3249, 0.3062, 0.2946, 0.2896, 0.2786, 0.2725, 0.2639, 0.2550, 0.2484, 0.2457, 0.2321, 0.2291, 0.2197, 0.2180, 0.2136, 0.2106, 0.2045, 0.2036, 0.1990, 0.1959, 0.1863, 0.1821, 0.1765, 0.1736, 0.1698, 0.1661, 0.1600, 0.1596, 0.1569, 0.1549, 0.1530, 0.1470, 0.1442, 0.1412, 0.1388, 0.1359, 0.1348, 0.1334, 0.1301, 0.1290, 0.1269, 0.1255, 0.1217, 0.1203, 0.1169, 0.1148, 0.1139, 0.1125, 0.1112, 0.1095, 0.1087, 0.1065, 0.1034, 0.1013, 0.0981, 0.0972, 0.0957, 0.0939, 0.0931, 0.0916, 0.0907, 0.0905, 0.0892, 0.0863, 0.0859, 0.0846, 0.0830, 0.0819, 0.0792, 0.0788, 0.0760, 0.0741, 0.0734, 0.0720, 0.0716, 0.0701, 0.0689, 0.0668, 0.0665, 0.0651, 0.0641, 0.0620, 0.0609, 0.0604, 0.0581, 0.0570, 0.0550, 0.0538, 0.0525, 0.0502
2025-09-09 22:37:58,418 - __main__ - INFO - KL Eigenvalues: 0.0308, 0.1193, 0.1530, 0.1670, 0.1843, 0.2007, 0.2246, 0.2449, 0.2583, 0.2645, 0.2783, 0.2863, 0.2980, 0.3108, 0.3205, 0.3247, 0.3464, 0.3513, 0.3676, 0.3706, 0.3786, 0.3842, 0.3958, 0.3975, 0.4068, 0.4130, 0.4334, 0.4426, 0.4555, 0.4624, 0.4715, 0.4807, 0.4962, 0.4974, 0.5046, 0.5098, 0.5151, 0.5322, 0.5404, 0.5494, 0.5568, 0.5658, 0.5693, 0.5738, 0.5848, 0.5885, 0.5955, 0.6003, 0.6138, 0.6192, 0.6318, 0.6398, 0.6431, 0.6488, 0.6539, 0.6607, 0.6638, 0.6730, 0.6865, 0.6954, 0.7099, 0.7139, 0.7211, 0.7298, 0.7334, 0.7410, 0.7453, 0.7462, 0.7533, 0.7678, 0.7701, 0.7770, 0.7860, 0.7923, 0.8075, 0.8095, 0.8266, 0.8380, 0.8429, 0.8514, 0.8542, 0.8640, 0.8717, 0.8862, 0.8889, 0.8983, 0.9059, 0.9210, 0.9297, 0.9336, 0.9518, 0.9610, 0.9780, 0.9883, 0.9996, 1.0210
2025-09-09 22:37:58,418 - __main__ - INFO - Variance explained by eigenvalues: 0.0461, 0.0768, 0.1041, 0.1301, 0.1547, 0.1781, 0.1999, 0.2204, 0.2401, 0.2595, 0.2782, 0.2964, 0.3141, 0.3312, 0.3478, 0.3643, 0.3798, 0.3952, 0.4099, 0.4245, 0.4388, 0.4529, 0.4666, 0.4802, 0.4936, 0.5067, 0.5192, 0.5314, 0.5432, 0.5548, 0.5662, 0.5773, 0.5880, 0.5987, 0.6092, 0.6196, 0.6299, 0.6397, 0.6494, 0.6588, 0.6681, 0.6772, 0.6862, 0.6952, 0.7039, 0.7125, 0.7210, 0.7295, 0.7376, 0.7457, 0.7535, 0.7612, 0.7688, 0.7763, 0.7838, 0.7911, 0.7984, 0.8055, 0.8125, 0.8193, 0.8258, 0.8323, 0.8387, 0.8450, 0.8513, 0.8574, 0.8635, 0.8696, 0.8755, 0.8813, 0.8871, 0.8927, 0.8983, 0.9038, 0.9091, 0.9144, 0.9195, 0.9244, 0.9293, 0.9342, 0.9390, 0.9436, 0.9483, 0.9527, 0.9572, 0.9616, 0.9658, 0.9700, 0.9741, 0.9781, 0.9820, 0.9858, 0.9895, 0.9931, 0.9966, 1.0000
2025-09-09 22:37:58,419 - __main__ - INFO - ==================================================
2025-09-09 22:37:58,419 - __main__ - INFO - 
✅ MultiModalVAE training completed!
2025-09-09 22:37:58,419 - __main__ - INFO -   - Completed all 1 epochs
2025-09-09 22:37:58,419 - __main__ - INFO -   - Final train loss: 3856.2073
2025-09-09 22:37:58,419 - __main__ - INFO -   - Final test loss: 2632.5562
2025-09-09 22:37:58,441 - __main__ - INFO - 💾 Model saved locally: checkpoints_hmm/vae_hmm_round3_temp.pth
2025-09-09 22:37:59,315 - __main__ - DEBUG - 🗑️  Removed temporary file: checkpoints_hmm/vae_hmm_round3_temp.pth
2025-09-09 22:37:59,315 - __main__ - INFO - ✅ M-step completed: final_train_loss=3856.2073, final_test_loss=2632.5562
2025-09-09 22:37:59,345 - __main__ - INFO - 💾 Saved VAE+HMM → checkpoints_hmm/vae_with_hmm_round3.pt
2025-09-09 22:37:59,345 - __main__ - INFO - 🤗 Uploading VAE+HMM round 3 to HuggingFace: CatkinChen/nethack-vae-hmm
2025-09-09 22:38:04,394 - huggingface_hub.hf_api - WARNING - No files have been modified since last commit. Skipping to prevent empty commit.
2025-09-09 22:38:09,729 - __main__ - INFO - ✅ VAE+HMM uploaded to: https://huggingface.co/CatkinChen/nethack-vae-hmm
2025-09-09 22:38:14,123 - __main__ - INFO - ========== EM Round 4/4: E-step ==========
2025-09-09 22:38:14,123 - __main__ - INFO -    - Resetting HMM to prior
2025-09-09 22:38:14,125 - __main__ - INFO -    - Continuing HMM streaming statistics from previous round but resetting to prior
2025-09-09 22:38:14,125 - __main__ - INFO -    - Keeping NIW mean as is (no k-means re-init)
2025-09-09 22:39:06,730 - __main__ - DEBUG - Initial ELBO: -19571225.7556
2025-09-09 22:39:06,730 - __main__ - DEBUG - Relative tol: 0.0100
2025-09-09 22:39:06,730 - __main__ - DEBUG - Relative elbo_drop_tol: 0.0100
2025-09-09 22:39:06,730 - __main__ - DEBUG - - Init -118.0441
2025-09-09 22:39:06,731 - __main__ - DEBUG - - Trans -179648.4390
2025-09-09 22:39:06,731 - __main__ - DEBUG - - Emit -19389733.6875
2025-09-09 22:39:06,731 - __main__ - DEBUG - - Entropy 0.0117
2025-09-09 22:39:06,731 - __main__ - DEBUG - - Dir 0.0000
2025-09-09 22:39:06,731 - __main__ - DEBUG - - NIW -1710.8412
2025-09-09 22:39:06,731 - __main__ - DEBUG - - Beta prior -14.7555
2025-09-09 22:39:49,989 - __main__ - DEBUG - Iter 0: ELBO after FB: -19571225.7556 (LL -19569500.1589, Δ=0.0000)
2025-09-09 22:39:49,989 - __main__ - DEBUG - Blending stats with ρ_niw=0.5000, ρ_tr=0.5000.
2025-09-09 22:39:50,027 - __main__ - DEBUG - Iter 0: ELBO after NIW update: -1014928.5443 (Emit LL -666521.3799, NIW term -168625.9375, Δ=18556297.2113)
2025-09-09 22:39:50,065 - __main__ - DEBUG - Iter 0: ELBO after Dirichlet update: -836281.3998 (Trans LL -68.2203, Dir term -933.0742, Δ=178647.1445)
2025-09-09 22:40:33,154 - __main__ - DEBUG - Iter 1: ELBO after FB: -836281.2378 (LL -666707.4706, Δ=0.1620)
2025-09-09 22:40:33,154 - __main__ - DEBUG - Blending stats with ρ_niw=0.5000, ρ_tr=0.5000.
2025-09-09 22:40:33,196 - __main__ - DEBUG - Iter 1: ELBO after NIW update: -836280.4009 (Emit LL -666520.8779, NIW term -168625.4375, Δ=0.8369)
2025-09-09 22:40:33,237 - __main__ - DEBUG - Iter 1: ELBO after Dirichlet update: -836280.4029 (Trans LL -68.2160, Dir term -933.0762, Δ=-0.0020)
2025-09-09 22:40:33,237 - __main__ - DEBUG - Early stopping: ELBO improvement 0.9969 < tolerance
2025-09-09 22:41:24,943 - __main__ - INFO - [E-step] Multi-batch 1/1 (x100 batches) - HMM Diagnostics:
2025-09-09 22:41:24,943 - __main__ - INFO -   - Avg log-likelihood per step: -7.1974
2025-09-09 22:41:24,943 - __main__ - INFO -   - Inner ELBO (final): -836280.4029
2025-09-09 22:41:24,943 - __main__ - INFO -   - ELBO progression (2 iters): [-836281.38, -836280.38] (Δ=1.0000)
2025-09-09 22:41:24,943 - __main__ - INFO -   - Effective number of skills: 1.00
2025-09-09 22:41:24,944 - __main__ - INFO -   - State entropy: 0.000
2025-09-09 22:41:24,944 - __main__ - INFO -   - Transition stickiness: 0.857
2025-09-09 22:41:24,944 - __main__ - INFO -   - Top 5 skills: [20, 28, 33, 7, 15] (probs: ['1.000', '0.000', '0.000', '0.000', '0.000'])
2025-09-09 22:41:24,944 - __main__ - INFO -   - Combined time length: 3200 (original T=32, multiples=100)
2025-09-09 22:41:24,947 - __main__ - INFO - 🔍 Computing HMM diagnostics...
2025-09-09 22:42:28,444 - __main__ - INFO - 📊 HMM Diagnostics for Round 4:
2025-09-09 22:42:28,445 - __main__ - INFO -   - Avg log-likelihood per step: -7.3231
2025-09-09 22:42:28,445 - __main__ - INFO -   - State entropy: 0.0019
2025-09-09 22:42:28,445 - __main__ - INFO -   - Effective number of skills: 1.00
2025-09-09 22:42:28,445 - __main__ - INFO -   - Transition stickiness (diag): 0.8570
2025-09-09 22:42:28,445 - __main__ - INFO -   - Top 5 skill occupancies: [0.9995725154876709, 0.0002977796830236912, 3.257165735703893e-05, 1.2578854693856556e-05, 1.1309075489407405e-05]
2025-09-09 22:42:28,445 - __main__ - INFO -   - Top 5 skill indices: [20, 28, 33, 2, 4]
2025-09-09 22:42:28,445 - __main__ - INFO -     - Skill 20: emp= 28.95  E[1/(1-p)]:1256.91  p_stay=0.999
2025-09-09 22:42:28,446 - __main__ - INFO -     - Skill 17: emp=  0.00  E[1/(1-p)]:559.50  p_stay=0.998
2025-09-09 22:42:28,446 - __main__ - INFO -     - Skill 33: emp=  0.00  E[1/(1-p)]: 87.96  p_stay=0.989
2025-09-09 22:42:28,446 - __main__ - INFO -     - Skill 21: emp=  0.00  E[1/(1-p)]: 31.95  p_stay=0.969
2025-09-09 22:42:28,446 - __main__ - INFO -     - Skill 25: emp=  0.00  E[1/(1-p)]: 30.42  p_stay=0.967
2025-09-09 22:42:28,446 - __main__ - INFO - 🖼️  Rendering HMM visualizations for round 4
2025-09-09 22:43:37,617 - __main__ - INFO - 💾 Saved HMM posterior → checkpoints_hmm/hmm_round4.pt
2025-09-09 22:43:37,617 - __main__ - INFO - 🤗 Uploading HMM round 4 to HuggingFace: CatkinChen/nethack-hmm
2025-09-09 22:43:43,298 - __main__ - INFO - ✅ HMM uploaded to: https://huggingface.co/CatkinChen/nethack-hmm
2025-09-09 22:43:43,299 - __main__ - INFO - ========== EM Round 4/4: M-step ==========
2025-09-09 22:43:43,299 - __main__ - INFO - 🔧 Fine-tuning VAE with HMM prior for 1 epochs...
2025-09-09 22:43:43,299 - __main__ - INFO - 📊 M-step 4 parameter schedule:
2025-09-09 22:43:43,299 - __main__ - INFO -   - prior_blend_alpha: 1.000 → 1.000 (constant)
2025-09-09 22:43:43,299 - __main__ - INFO -   - mi_beta: 0.600 → 0.600 (linear)
2025-09-09 22:43:43,299 - __main__ - INFO -   - tc_beta: 0.200 → 0.200 (linear)
2025-09-09 22:43:43,299 - __main__ - INFO -   - dw_beta: 1.000 → 1.000 (linear)
2025-09-09 22:43:44,027 - __main__ - INFO - Weights & Biases initialized
2025-09-09 22:43:44,027 - __main__ - INFO - 🔥Training MultiModalHackVAE with 100 train batches, 20 test batches
2025-09-09 22:43:44,028 - __main__ - INFO -    Epochs: 1
2025-09-09 22:43:44,028 - __main__ - INFO -    Batch size: 32
2025-09-09 22:43:44,028 - __main__ - INFO -    Sequence size: 32
2025-09-09 22:43:44,028 - __main__ - INFO -    Device: cuda
2025-09-09 22:43:44,028 - __main__ - INFO -    Mixed Precision: BF16 = False
2025-09-09 22:43:44,028 - __main__ - INFO -    LR Scheduler: constant
2025-09-09 22:43:44,028 - __main__ - INFO -    Shuffle batches: True
2025-09-09 22:43:44,028 - __main__ - INFO -    Shuffle within batch: False
2025-09-09 22:43:44,028 - __main__ - INFO -    VAE Configuration:
2025-09-09 22:43:44,028 - __main__ - INFO -      - Latent dimension: 96
2025-09-09 22:43:44,028 - __main__ - INFO -      - Encoder dropout: 0.1
2025-09-09 22:43:44,029 - __main__ - INFO -      - Decoder dropout: 0.1
2025-09-09 22:43:44,029 - __main__ - INFO -    Adaptive Loss Weighting:
2025-09-09 22:43:44,029 - __main__ - INFO -      - MI beta: 0.600 → 0.600
2025-09-09 22:43:44,029 - __main__ - INFO -      - TC beta: 0.200 → 0.200
2025-09-09 22:43:44,029 - __main__ - INFO -      - DW beta: 1.000 → 1.000
2025-09-09 22:43:44,029 - __main__ - INFO -      - Blend alpha: 1.000 → 1.000
2025-09-09 22:43:44,029 - __main__ - INFO -      - Warmup epochs: 0 out of 1 total epochs
2025-09-09 22:43:44,029 - __main__ - INFO -    Free bits: 0.75
2025-09-09 22:43:44,029 - __main__ - INFO -    Focal loss: alpha=0.5, gamma=2.0
2025-09-09 22:43:44,029 - __main__ - INFO -    Early Stopping:
2025-09-09 22:43:44,029 - __main__ - INFO -      - Enabled: False
2025-09-09 22:43:44,029 - __main__ - INFO -    HMM Prior: Enabled
2025-09-09 22:43:44,053 - __main__ - INFO - 🔧 Using FP32 precision training
2025-09-09 22:43:44,053 - __main__ - INFO - Model has latent dimension: 96
2025-09-09 22:43:44,053 - __main__ - INFO - 🎯 Starting training for 1 epochs (starting from epoch 0)...
2025-09-09 22:43:44,054 - __main__ - INFO -    Total training steps: 100
2025-09-09 22:43:44,054 - __main__ - INFO -    Warmup steps: 20
2025-09-09 22:43:44,054 - __main__ - INFO - 🎯 Epoch 1/1 - Starting epoch...
2025-09-09 22:43:44,054 - __main__ - DEBUG - Shuffled 100 training batches for epoch 1
2025-09-09 22:43:44,055 - __main__ - DEBUG - Shuffled 20 testing batches for epoch 1
2025-09-09 22:43:44,609 - __main__ - DEBUG - Step 0/100 - Adaptive weights: mi_beta=0.600, tc_beta=0.200, dw_beta=1.000, blend_alpha=1.000
2025-09-09 22:46:52,491 - __main__ - DEBUG - Step 100/100 - Adaptive weights: mi_beta=0.600, tc_beta=0.200, dw_beta=1.000, blend_alpha=1.000
2025-09-09 22:46:53,972 - __main__ - DEBUG - Step 100/100 - Adaptive weights: mi_beta=0.600, tc_beta=0.200, dw_beta=1.000, blend_alpha=1.000
2025-09-09 22:46:55,452 - __main__ - DEBUG - Step 100/100 - Adaptive weights: mi_beta=0.600, tc_beta=0.200, dw_beta=1.000, blend_alpha=1.000
2025-09-09 22:46:56,925 - __main__ - DEBUG - Step 100/100 - Adaptive weights: mi_beta=0.600, tc_beta=0.200, dw_beta=1.000, blend_alpha=1.000
2025-09-09 22:46:58,363 - __main__ - DEBUG - Step 100/100 - Adaptive weights: mi_beta=0.600, tc_beta=0.200, dw_beta=1.000, blend_alpha=1.000
2025-09-09 22:46:59,903 - __main__ - DEBUG - Step 100/100 - Adaptive weights: mi_beta=0.600, tc_beta=0.200, dw_beta=1.000, blend_alpha=1.000
2025-09-09 22:47:01,372 - __main__ - DEBUG - Step 100/100 - Adaptive weights: mi_beta=0.600, tc_beta=0.200, dw_beta=1.000, blend_alpha=1.000
2025-09-09 22:47:02,867 - __main__ - DEBUG - Step 100/100 - Adaptive weights: mi_beta=0.600, tc_beta=0.200, dw_beta=1.000, blend_alpha=1.000
2025-09-09 22:47:04,331 - __main__ - DEBUG - Step 100/100 - Adaptive weights: mi_beta=0.600, tc_beta=0.200, dw_beta=1.000, blend_alpha=1.000
2025-09-09 22:47:05,780 - __main__ - DEBUG - Step 100/100 - Adaptive weights: mi_beta=0.600, tc_beta=0.200, dw_beta=1.000, blend_alpha=1.000
2025-09-09 22:47:07,035 - __main__ - DEBUG - Step 100/100 - Adaptive weights: mi_beta=0.600, tc_beta=0.200, dw_beta=1.000, blend_alpha=1.000
2025-09-09 22:47:08,591 - __main__ - DEBUG - Step 100/100 - Adaptive weights: mi_beta=0.600, tc_beta=0.200, dw_beta=1.000, blend_alpha=1.000
2025-09-09 22:47:10,074 - __main__ - DEBUG - Step 100/100 - Adaptive weights: mi_beta=0.600, tc_beta=0.200, dw_beta=1.000, blend_alpha=1.000
2025-09-09 22:47:11,593 - __main__ - DEBUG - Step 100/100 - Adaptive weights: mi_beta=0.600, tc_beta=0.200, dw_beta=1.000, blend_alpha=1.000
2025-09-09 22:47:13,135 - __main__ - DEBUG - Step 100/100 - Adaptive weights: mi_beta=0.600, tc_beta=0.200, dw_beta=1.000, blend_alpha=1.000
2025-09-09 22:47:14,691 - __main__ - DEBUG - Step 100/100 - Adaptive weights: mi_beta=0.600, tc_beta=0.200, dw_beta=1.000, blend_alpha=1.000
2025-09-09 22:47:16,114 - __main__ - DEBUG - Step 100/100 - Adaptive weights: mi_beta=0.600, tc_beta=0.200, dw_beta=1.000, blend_alpha=1.000
2025-09-09 22:47:17,592 - __main__ - DEBUG - Step 100/100 - Adaptive weights: mi_beta=0.600, tc_beta=0.200, dw_beta=1.000, blend_alpha=1.000
2025-09-09 22:47:19,036 - __main__ - DEBUG - Step 100/100 - Adaptive weights: mi_beta=0.600, tc_beta=0.200, dw_beta=1.000, blend_alpha=1.000
2025-09-09 22:47:20,460 - __main__ - DEBUG - Step 100/100 - Adaptive weights: mi_beta=0.600, tc_beta=0.200, dw_beta=1.000, blend_alpha=1.000
2025-09-09 22:47:21,306 - __main__ - DEBUG - Step 100/100 - Adaptive weights: mi_beta=0.600, tc_beta=0.200, dw_beta=1.000, blend_alpha=1.000
2025-09-09 22:47:21,306 - __main__ - INFO - 
=== Epoch 1/1 Summary ===
2025-09-09 22:47:21,306 - __main__ - INFO - Average Train Loss: 3852.706 | Average Test Loss: 2628.494
2025-09-09 22:47:21,307 - __main__ - INFO - Current KL Betas: mi=0.600, tc=0.200, dw=1.000, blend_alpha=1.000
2025-09-09 22:47:21,307 - __main__ - INFO - Global Step: 100/100 (100.0%)
2025-09-09 22:47:21,307 - __main__ - INFO - Final Training Batch Details:
2025-09-09 22:47:21,307 - __main__ - INFO -   Raw Losses: hero_loc: 2.761 | occupy: 1642.778 | bag: 406.588 | stats: 72.505 | msg: 24.405 | ego_char: 26.855 | ego_color: 106.417 | ego_class: 29.454 | passability: 0.592 | reward: 32.500 | done: 0.011 | value_k: 5.368 | safety: 0.670 | goal: 0.305 | forward: 50.009 | inverse: 2.904
2025-09-09 22:47:21,307 - __main__ - INFO - Final Testing Batch Details:
2025-09-09 22:47:21,307 - __main__ - INFO -   Raw Losses: hero_loc: 2.242 | occupy: 1555.878 | bag: 379.799 | stats: 73.712 | msg: 30.676 | ego_char: 26.372 | ego_color: 90.880 | ego_class: 30.125 | passability: 0.583 | reward: 16.527 | done: 0.010 | value_k: 2.253 | safety: 0.667 | goal: 0.103 | forward: 33.334 | inverse: 3.106
2025-09-09 22:47:21,308 - __main__ - INFO - Variance of model output (mu): 0.1124, 0.1181, 0.1230, 0.0936, 0.1039, 0.0946, 0.1359, 0.1060, 0.0977, 0.1187, 0.1091, 0.1219, 0.1086, 0.1302, 0.1307, 0.0850, 0.0814, 0.0706, 0.0783, 0.1020, 0.0818, 0.0635, 0.0792, 0.0710, 0.0834, 0.0651, 0.0683, 0.0710, 0.0687, 0.0703, 0.0743, 0.0668, 0.0850, 0.0704, 0.0699, 0.0769, 0.0760, 0.0643, 0.0607, 0.0690, 0.0822, 0.0874, 0.0983, 0.0889, 0.0859, 0.0761, 0.0868, 0.0868, 0.0600, 0.0756, 0.0675, 0.0689, 0.0736, 0.0708, 0.0719, 0.0737, 0.0748, 0.0760, 0.0783, 0.0711, 0.0721, 0.0737, 0.0804, 0.0833, 0.0656, 0.0752, 0.0901, 0.0814, 0.0903, 0.0801, 0.1017, 0.0920, 0.0603, 0.0770, 0.0667, 0.0823, 0.0693, 0.0758, 0.0836, 0.0778, 0.0719, 0.0795, 0.0678, 0.0667, 0.0809, 0.0677, 0.0828, 0.0717, 0.0698, 0.0782, 0.0598, 0.0933, 0.0713, 0.0754, 0.0825, 0.0769
2025-09-09 22:47:21,308 - __main__ - INFO - Per-dim KL: 3.6031, 4.8750, 5.2556, 0.6337, 3.5694, 0.4915, 0.5190, 0.4552, 0.9690, 5.0336, 6.9968, 1.8169, 1.1039, 8.5746, 0.9551, 0.9822, 0.5642, 0.5876, 0.4631, 0.4792, 0.5370, 0.5904, 0.6383, 0.4247, 0.3814, 0.5661, 0.5400, 0.4697, 0.6467, 0.6819, 0.6140, 0.6210, 0.5383, 0.6179, 0.6310, 0.6491, 0.5768, 0.4474, 0.6933, 0.5155, 0.6362, 0.5747, 0.3778, 0.6151, 0.5199, 0.6098, 0.5833, 0.5306, 0.5289, 0.5260, 0.5298, 0.5613, 0.5830, 0.5758, 0.3993, 0.6215, 0.4790, 0.6047, 0.6751, 0.5266, 0.5228, 0.6269, 0.6307, 0.5191, 0.6276, 0.4709, 0.4736, 0.6128, 0.5717, 0.5448, 0.5011, 0.4871, 0.5825, 0.5087, 0.5224, 0.6329, 0.6684, 0.4827, 0.4938, 0.4795, 0.6376, 0.3466, 0.5418, 0.6611, 0.5963, 0.5706, 0.4770, 0.6183, 0.6105, 0.6676, 0.5650, 0.4723, 0.6591, 0.5315, 0.5026, 0.5518
2025-09-09 22:47:21,308 - __main__ - INFO - Eigenvalues of latent space: 0.4762, 0.4003, 0.3906, 0.3734, 0.3355, 0.3342, 0.3164, 0.3033, 0.2963, 0.2849, 0.2810, 0.2647, 0.2618, 0.2479, 0.2427, 0.2350, 0.2323, 0.2215, 0.2153, 0.2087, 0.2058, 0.2028, 0.2000, 0.1960, 0.1930, 0.1896, 0.1843, 0.1818, 0.1789, 0.1733, 0.1665, 0.1658, 0.1603, 0.1551, 0.1529, 0.1518, 0.1498, 0.1449, 0.1438, 0.1412, 0.1402, 0.1344, 0.1328, 0.1318, 0.1296, 0.1264, 0.1255, 0.1222, 0.1217, 0.1205, 0.1188, 0.1171, 0.1154, 0.1126, 0.1110, 0.1090, 0.1077, 0.1070, 0.1053, 0.1046, 0.1020, 0.1012, 0.0997, 0.0971, 0.0962, 0.0938, 0.0932, 0.0917, 0.0905, 0.0884, 0.0878, 0.0855, 0.0848, 0.0834, 0.0822, 0.0819, 0.0804, 0.0784, 0.0768, 0.0759, 0.0742, 0.0737, 0.0727, 0.0723, 0.0715, 0.0707, 0.0684, 0.0674, 0.0670, 0.0650, 0.0633, 0.0614, 0.0591, 0.0588, 0.0573, 0.0560
2025-09-09 22:47:21,308 - __main__ - INFO - KL Eigenvalues: 0.1091, 0.1579, 0.1653, 0.1792, 0.2139, 0.2151, 0.2336, 0.2481, 0.2563, 0.2702, 0.2752, 0.2969, 0.3009, 0.3213, 0.3293, 0.3416, 0.3460, 0.3643, 0.3755, 0.3878, 0.3932, 0.3991, 0.4047, 0.4129, 0.4190, 0.4262, 0.4377, 0.4433, 0.4499, 0.4630, 0.4797, 0.4813, 0.4955, 0.5094, 0.5155, 0.5184, 0.5240, 0.5384, 0.5416, 0.5494, 0.5524, 0.5706, 0.5760, 0.5791, 0.5865, 0.5973, 0.6003, 0.6122, 0.6140, 0.6184, 0.6245, 0.6310, 0.6375, 0.6484, 0.6544, 0.6625, 0.6680, 0.6710, 0.6780, 0.6810, 0.6923, 0.6960, 0.7028, 0.7143, 0.7188, 0.7302, 0.7329, 0.7405, 0.7464, 0.7569, 0.7605, 0.7723, 0.7764, 0.7839, 0.7903, 0.7920, 0.8005, 0.8123, 0.8214, 0.8273, 0.8374, 0.8407, 0.8469, 0.8499, 0.8547, 0.8597, 0.8752, 0.8823, 0.8850, 0.8989, 0.9119, 0.9257, 0.9439, 0.9463, 0.9587, 0.9690
2025-09-09 22:47:21,308 - __main__ - INFO - Variance explained by eigenvalues: 0.0327, 0.0601, 0.0869, 0.1125, 0.1355, 0.1584, 0.1801, 0.2009, 0.2212, 0.2408, 0.2600, 0.2782, 0.2961, 0.3131, 0.3298, 0.3459, 0.3618, 0.3770, 0.3918, 0.4061, 0.4202, 0.4341, 0.4478, 0.4613, 0.4745, 0.4875, 0.5001, 0.5126, 0.5249, 0.5368, 0.5482, 0.5595, 0.5705, 0.5812, 0.5917, 0.6021, 0.6123, 0.6223, 0.6321, 0.6418, 0.6514, 0.6606, 0.6698, 0.6788, 0.6877, 0.6963, 0.7050, 0.7133, 0.7217, 0.7299, 0.7381, 0.7461, 0.7540, 0.7617, 0.7694, 0.7768, 0.7842, 0.7916, 0.7988, 0.8060, 0.8130, 0.8199, 0.8267, 0.8334, 0.8400, 0.8464, 0.8528, 0.8591, 0.8653, 0.8714, 0.8774, 0.8832, 0.8891, 0.8948, 0.9004, 0.9060, 0.9115, 0.9169, 0.9222, 0.9274, 0.9325, 0.9375, 0.9425, 0.9475, 0.9524, 0.9572, 0.9619, 0.9665, 0.9711, 0.9756, 0.9799, 0.9841, 0.9882, 0.9922, 0.9962, 1.0000
2025-09-09 22:47:21,309 - __main__ - INFO - ==================================================
2025-09-09 22:47:21,309 - __main__ - INFO - 
✅ MultiModalVAE training completed!
2025-09-09 22:47:21,309 - __main__ - INFO -   - Completed all 1 epochs
2025-09-09 22:47:21,309 - __main__ - INFO -   - Final train loss: 3852.7059
2025-09-09 22:47:21,309 - __main__ - INFO -   - Final test loss: 2628.4941
2025-09-09 22:47:21,331 - __main__ - INFO - 💾 Model saved locally: checkpoints_hmm/vae_hmm_round4_temp.pth
2025-09-09 22:47:22,240 - __main__ - DEBUG - 🗑️  Removed temporary file: checkpoints_hmm/vae_hmm_round4_temp.pth
2025-09-09 22:47:22,240 - __main__ - INFO - ✅ M-step completed: final_train_loss=3852.7059, final_test_loss=2628.4941
2025-09-09 22:47:22,268 - __main__ - INFO - 💾 Saved VAE+HMM → checkpoints_hmm/vae_with_hmm_round4.pt
2025-09-09 22:47:22,268 - __main__ - INFO - 🤗 Uploading VAE+HMM round 4 to HuggingFace: CatkinChen/nethack-vae-hmm
2025-09-09 22:47:27,198 - huggingface_hub.hf_api - WARNING - No files have been modified since last commit. Skipping to prevent empty commit.
2025-09-09 22:47:34,222 - __main__ - INFO - ✅ VAE+HMM uploaded to: https://huggingface.co/CatkinChen/nethack-vae-hmm
2025-09-09 22:47:38,890 - __main__ - INFO - 
🎉 EM training completed! Summary:
2025-09-09 22:47:38,891 - __main__ - INFO -   - EM rounds: 4
2025-09-09 22:47:38,891 - __main__ - INFO -   - M-step epochs per round: 1
2025-09-09 22:47:38,891 - __main__ - INFO -   - HMM checkpoints: 4
2025-09-09 22:47:38,891 - __main__ - INFO -   - VAE+HMM checkpoints: 4
2025-09-09 22:47:38,891 - __main__ - INFO -   - HuggingFace repos:
2025-09-09 22:47:38,891 - __main__ - INFO -     * HMM: https://huggingface.co/CatkinChen/nethack-hmm
2025-09-09 22:47:38,891 - __main__ - INFO -     * VAE+HMM: https://huggingface.co/CatkinChen/nethack-vae-hmm
2025-09-09 22:47:38,891 - __main__ - INFO - 📊 Training Configuration:
2025-09-09 22:47:38,891 - __main__ - INFO -   - Mode: EM
2025-09-09 22:47:38,891 - __main__ - INFO -   - HMM params: α=5.0, κ=1.0, γ=5.0, K=40, D=96
2025-09-09 22:47:38,891 - __main__ - INFO -   - NIW params: μ₀=0.0, κ₀=1.0, Ψ₀=30.0, ν₀=106
2025-09-09 22:47:38,891 - __main__ - INFO -   - Checkpoints: HMM=4, VAE+HMM=4
2025-09-09 22:47:38,891 - __main__ - INFO -   - HF repos: HMM=CatkinChen/nethack-hmm, VAE+HMM=CatkinChen/nethack-vae-hmm
