2025-09-09 17:00:26,296 - __main__ - INFO - 🤗 Loading pretrained VAE from HuggingFace: CatkinChen/nethack-vae
2025-09-09 17:00:26,943 - __main__ - INFO - ✅ Loaded pretrained VAE checkpoint (plain prior).
2025-09-09 17:00:26,943 - __main__ - INFO - 🧠 Initializing new Sticky-HDP-HMM: latent_dim=96, skills=40
2025-09-09 17:00:26,989 - __main__ - INFO - 🔍 Initializing NIW mean with k-means on VAE latents...
2025-09-09 17:00:43,235 - __main__ - INFO - ========== EM Round 1/4: E-step ==========
2025-09-09 17:01:42,954 - __main__ - DEBUG - Initial ELBO: -12873134.8428
2025-09-09 17:01:42,955 - __main__ - DEBUG - Relative tol: 0.0100
2025-09-09 17:01:42,955 - __main__ - DEBUG - Relative elbo_drop_tol: 0.0100
2025-09-09 17:01:42,955 - __main__ - DEBUG - - Init -118.0441
2025-09-09 17:01:42,955 - __main__ - DEBUG - - Trans -223858.9150
2025-09-09 17:01:42,955 - __main__ - DEBUG - - Emit -12648987.7812
2025-09-09 17:01:42,955 - __main__ - DEBUG - - Entropy 1555.4944
2025-09-09 17:01:42,955 - __main__ - DEBUG - - Dir 0.0000
2025-09-09 17:01:42,955 - __main__ - DEBUG - - NIW -1710.8413
2025-09-09 17:01:42,955 - __main__ - DEBUG - - Beta prior -14.7555
2025-09-09 17:02:30,687 - __main__ - DEBUG - Iter 0: ELBO after FB: -12873134.8428 (LL -12871409.2460, Δ=0.0000)
2025-09-09 17:02:30,725 - __main__ - DEBUG - Iter 0: ELBO after NIW update: -4110012.9312 (Emit LL -3540118.9922, NIW term -347457.7188, Δ=8763121.9116)
2025-09-09 17:02:30,763 - __main__ - DEBUG - Iter 0: ELBO after Dirichlet update: -3915853.0954 (Trans LL -28020.0968, Dir term -1678.9824, Δ=194159.8358)
2025-09-09 17:03:16,394 - __main__ - DEBUG - Iter 1: ELBO after FB: -3904791.9847 (LL -3555640.5280, Δ=11061.1107)
2025-09-09 17:03:16,432 - __main__ - DEBUG - Iter 1: ELBO after NIW update: -3897083.1956 (Emit LL -3520335.0547, NIW term -348796.0938, Δ=7708.7891)
2025-09-09 17:03:16,469 - __main__ - DEBUG - Iter 1: ELBO after Dirichlet update: -3896090.8060 (Trans LL -26738.7760, Dir term -1551.3027, Δ=992.3896)
2025-09-09 17:03:16,470 - __main__ - DEBUG - Early stopping: ELBO improvement 19762.2894 < tolerance
2025-09-09 17:04:09,499 - __main__ - INFO - [E-step] Multi-batch 1/1 (x100 batches) - HMM Diagnostics:
2025-09-09 17:04:09,500 - __main__ - INFO -   - Avg log-likelihood per step: -38.3905
2025-09-09 17:04:09,500 - __main__ - INFO -   - Inner ELBO (final): -3896090.8060
2025-09-09 17:04:09,501 - __main__ - INFO -   - ELBO progression (2 iters): [-3915853.00, -3896090.75] (Δ=19762.2500)
2025-09-09 17:04:09,501 - __main__ - INFO -   - Effective number of skills: 36.55
2025-09-09 17:04:09,501 - __main__ - INFO -   - State entropy: 0.054
2025-09-09 17:04:09,501 - __main__ - INFO -   - Transition stickiness: 0.867
2025-09-09 17:04:09,501 - __main__ - INFO -   - Top 5 skills: [32, 18, 20, 21, 0] (probs: ['0.043', '0.042', '0.042', '0.038', '0.037'])
2025-09-09 17:04:09,501 - __main__ - INFO -   - Combined time length: 3200 (original T=32, multiples=100)
2025-09-09 17:04:09,504 - __main__ - INFO - 🔍 Computing HMM diagnostics...
2025-09-09 17:05:18,555 - __main__ - INFO - 📊 HMM Diagnostics for Round 1:
2025-09-09 17:05:18,557 - __main__ - INFO -   - Avg log-likelihood per step: -38.4903
2025-09-09 17:05:18,557 - __main__ - INFO -   - State entropy: 0.0584
2025-09-09 17:05:18,557 - __main__ - INFO -   - Effective number of skills: 36.57
2025-09-09 17:05:18,557 - __main__ - INFO -   - Transition stickiness (diag): 0.8666
2025-09-09 17:05:18,557 - __main__ - INFO -   - Top 5 skill occupancies: [0.04287467524409294, 0.04245813190937042, 0.0421316996216774, 0.0379624217748642, 0.03722814470529556]
2025-09-09 17:05:18,557 - __main__ - INFO -   - Top 5 skill indices: [32, 18, 20, 21, 0]
2025-09-09 17:05:18,558 - __main__ - INFO -     - Skill 25: emp= 22.32  E[1/(1-p)]: 54.36  p_stay=0.982
2025-09-09 17:05:18,558 - __main__ - INFO -     - Skill 21: emp= 20.93  E[1/(1-p)]: 48.95  p_stay=0.980
2025-09-09 17:05:18,558 - __main__ - INFO -     - Skill 30: emp= 22.41  E[1/(1-p)]: 48.94  p_stay=0.980
2025-09-09 17:05:18,558 - __main__ - INFO -     - Skill 22: emp= 17.93  E[1/(1-p)]: 39.68  p_stay=0.975
2025-09-09 17:05:18,558 - __main__ - INFO -     - Skill 29: emp= 19.57  E[1/(1-p)]: 38.32  p_stay=0.974
2025-09-09 17:05:18,558 - __main__ - INFO - 🖼️  Rendering HMM visualizations for round 1
2025-09-09 17:06:33,105 - __main__ - INFO - 💾 Saved HMM posterior → checkpoints_hmm/hmm_round1.pt
2025-09-09 17:06:33,105 - __main__ - INFO - 🤗 Uploading HMM round 1 to HuggingFace: CatkinChen/nethack-hmm
2025-09-09 17:06:39,831 - __main__ - INFO - ✅ HMM uploaded to: https://huggingface.co/CatkinChen/nethack-hmm
2025-09-09 17:06:39,831 - __main__ - INFO - ========== EM Round 1/4: M-step ==========
2025-09-09 17:06:39,831 - __main__ - INFO - 🔧 Fine-tuning VAE with HMM prior for 1 epochs...
2025-09-09 17:06:39,831 - __main__ - INFO - 📊 M-step 1 parameter schedule:
2025-09-09 17:06:39,831 - __main__ - INFO -   - prior_blend_alpha: 0.300 → 0.400 (cosine)
2025-09-09 17:06:39,831 - __main__ - INFO -   - mi_beta: 0.200 → 0.333 (linear)
2025-09-09 17:06:39,831 - __main__ - INFO -   - tc_beta: 0.000 → 0.067 (linear)
2025-09-09 17:06:39,831 - __main__ - INFO -   - dw_beta: 0.500 → 0.667 (linear)
2025-09-09 17:06:41,253 - __main__ - INFO - Weights & Biases initialized
2025-09-09 17:06:41,253 - __main__ - INFO - 🔥Training MultiModalHackVAE with 100 train batches, 20 test batches
2025-09-09 17:06:41,254 - __main__ - INFO -    Epochs: 1
2025-09-09 17:06:41,254 - __main__ - INFO -    Batch size: 32
2025-09-09 17:06:41,254 - __main__ - INFO -    Sequence size: 32
2025-09-09 17:06:41,254 - __main__ - INFO -    Device: cuda
2025-09-09 17:06:41,254 - __main__ - INFO -    Mixed Precision: BF16 = False
2025-09-09 17:06:41,254 - __main__ - INFO -    LR Scheduler: constant
2025-09-09 17:06:41,254 - __main__ - INFO -    Shuffle batches: True
2025-09-09 17:06:41,254 - __main__ - INFO -    Shuffle within batch: False
2025-09-09 17:06:41,254 - __main__ - INFO -    VAE Configuration:
2025-09-09 17:06:41,254 - __main__ - INFO -      - Latent dimension: 96
2025-09-09 17:06:41,255 - __main__ - INFO -      - Encoder dropout: 0.1
2025-09-09 17:06:41,255 - __main__ - INFO -      - Decoder dropout: 0.1
2025-09-09 17:06:41,255 - __main__ - INFO -    Adaptive Loss Weighting:
2025-09-09 17:06:41,255 - __main__ - INFO -      - MI beta: 0.200 → 0.333
2025-09-09 17:06:41,255 - __main__ - INFO -      - TC beta: 0.000 → 0.067
2025-09-09 17:06:41,255 - __main__ - INFO -      - DW beta: 0.500 → 0.667
2025-09-09 17:06:41,255 - __main__ - INFO -      - Blend alpha: 0.300 → 0.400
2025-09-09 17:06:41,255 - __main__ - INFO -      - Warmup epochs: 0 out of 1 total epochs
2025-09-09 17:06:41,255 - __main__ - INFO -    Free bits: 0.75
2025-09-09 17:06:41,255 - __main__ - INFO -    Focal loss: alpha=0.5, gamma=2.0
2025-09-09 17:06:41,256 - __main__ - INFO -    Early Stopping:
2025-09-09 17:06:41,256 - __main__ - INFO -      - Enabled: False
2025-09-09 17:06:41,256 - __main__ - INFO -    HMM Prior: Enabled
2025-09-09 17:06:42,170 - __main__ - INFO - 🔧 Using FP32 precision training
2025-09-09 17:06:42,171 - __main__ - INFO - Model has latent dimension: 96
2025-09-09 17:06:42,171 - __main__ - INFO - 🎯 Starting training for 1 epochs (starting from epoch 0)...
2025-09-09 17:06:42,171 - __main__ - INFO -    Total training steps: 100
2025-09-09 17:06:42,171 - __main__ - INFO -    Warmup steps: 20
2025-09-09 17:06:42,171 - __main__ - INFO - 🎯 Epoch 1/1 - Starting epoch...
2025-09-09 17:06:42,172 - __main__ - DEBUG - Shuffled 100 training batches for epoch 1
2025-09-09 17:06:42,172 - __main__ - DEBUG - Shuffled 20 testing batches for epoch 1
2025-09-09 17:06:42,779 - __main__ - DEBUG - Step 0/100 - Adaptive weights: mi_beta=0.200, tc_beta=0.000, dw_beta=0.500, blend_alpha=0.300
2025-09-09 17:09:56,098 - __main__ - DEBUG - Step 100/100 - Adaptive weights: mi_beta=0.333, tc_beta=0.067, dw_beta=0.667, blend_alpha=0.400
2025-09-09 17:09:57,637 - __main__ - DEBUG - Step 100/100 - Adaptive weights: mi_beta=0.333, tc_beta=0.067, dw_beta=0.667, blend_alpha=0.400
2025-09-09 17:09:59,179 - __main__ - DEBUG - Step 100/100 - Adaptive weights: mi_beta=0.333, tc_beta=0.067, dw_beta=0.667, blend_alpha=0.400
2025-09-09 17:10:00,710 - __main__ - DEBUG - Step 100/100 - Adaptive weights: mi_beta=0.333, tc_beta=0.067, dw_beta=0.667, blend_alpha=0.400
2025-09-09 17:10:02,212 - __main__ - DEBUG - Step 100/100 - Adaptive weights: mi_beta=0.333, tc_beta=0.067, dw_beta=0.667, blend_alpha=0.400
2025-09-09 17:10:03,808 - __main__ - DEBUG - Step 100/100 - Adaptive weights: mi_beta=0.333, tc_beta=0.067, dw_beta=0.667, blend_alpha=0.400
2025-09-09 17:10:05,338 - __main__ - DEBUG - Step 100/100 - Adaptive weights: mi_beta=0.333, tc_beta=0.067, dw_beta=0.667, blend_alpha=0.400
2025-09-09 17:10:06,897 - __main__ - DEBUG - Step 100/100 - Adaptive weights: mi_beta=0.333, tc_beta=0.067, dw_beta=0.667, blend_alpha=0.400
2025-09-09 17:10:08,420 - __main__ - DEBUG - Step 100/100 - Adaptive weights: mi_beta=0.333, tc_beta=0.067, dw_beta=0.667, blend_alpha=0.400
2025-09-09 17:10:09,917 - __main__ - DEBUG - Step 100/100 - Adaptive weights: mi_beta=0.333, tc_beta=0.067, dw_beta=0.667, blend_alpha=0.400
2025-09-09 17:10:11,230 - __main__ - DEBUG - Step 100/100 - Adaptive weights: mi_beta=0.333, tc_beta=0.067, dw_beta=0.667, blend_alpha=0.400
2025-09-09 17:10:12,857 - __main__ - DEBUG - Step 100/100 - Adaptive weights: mi_beta=0.333, tc_beta=0.067, dw_beta=0.667, blend_alpha=0.400
2025-09-09 17:10:14,402 - __main__ - DEBUG - Step 100/100 - Adaptive weights: mi_beta=0.333, tc_beta=0.067, dw_beta=0.667, blend_alpha=0.400
2025-09-09 17:10:15,979 - __main__ - DEBUG - Step 100/100 - Adaptive weights: mi_beta=0.333, tc_beta=0.067, dw_beta=0.667, blend_alpha=0.400
2025-09-09 17:10:17,584 - __main__ - DEBUG - Step 100/100 - Adaptive weights: mi_beta=0.333, tc_beta=0.067, dw_beta=0.667, blend_alpha=0.400
2025-09-09 17:10:19,203 - __main__ - DEBUG - Step 100/100 - Adaptive weights: mi_beta=0.333, tc_beta=0.067, dw_beta=0.667, blend_alpha=0.400
2025-09-09 17:10:20,688 - __main__ - DEBUG - Step 100/100 - Adaptive weights: mi_beta=0.333, tc_beta=0.067, dw_beta=0.667, blend_alpha=0.400
2025-09-09 17:10:22,191 - __main__ - DEBUG - Step 100/100 - Adaptive weights: mi_beta=0.333, tc_beta=0.067, dw_beta=0.667, blend_alpha=0.400
2025-09-09 17:10:23,694 - __main__ - DEBUG - Step 100/100 - Adaptive weights: mi_beta=0.333, tc_beta=0.067, dw_beta=0.667, blend_alpha=0.400
2025-09-09 17:10:25,172 - __main__ - DEBUG - Step 100/100 - Adaptive weights: mi_beta=0.333, tc_beta=0.067, dw_beta=0.667, blend_alpha=0.400
2025-09-09 17:10:26,036 - __main__ - DEBUG - Step 100/100 - Adaptive weights: mi_beta=0.333, tc_beta=0.067, dw_beta=0.667, blend_alpha=0.400
2025-09-09 17:10:26,036 - __main__ - INFO - 
=== Epoch 1/1 Summary ===
2025-09-09 17:10:26,036 - __main__ - INFO - Average Train Loss: 3773.217 | Average Test Loss: 2601.964
2025-09-09 17:10:26,036 - __main__ - INFO - Current KL Betas: mi=0.333, tc=0.067, dw=0.667, blend_alpha=0.400
2025-09-09 17:10:26,036 - __main__ - INFO - Global Step: 100/100 (100.0%)
2025-09-09 17:10:26,036 - __main__ - INFO - Final Training Batch Details:
2025-09-09 17:10:26,037 - __main__ - INFO -   Raw Losses: hero_loc: 2.395 | occupy: 1642.309 | bag: 397.760 | stats: 75.587 | msg: 24.673 | ego_char: 26.057 | ego_color: 122.022 | ego_class: 30.031 | passability: 0.600 | reward: 32.609 | done: 0.012 | value_k: 5.378 | safety: 0.667 | goal: 0.305 | forward: 42.349 | inverse: 2.913
2025-09-09 17:10:26,037 - __main__ - INFO - Final Testing Batch Details:
2025-09-09 17:10:26,037 - __main__ - INFO -   Raw Losses: hero_loc: 2.161 | occupy: 1524.588 | bag: 375.121 | stats: 78.546 | msg: 31.006 | ego_char: 26.965 | ego_color: 104.996 | ego_class: 30.970 | passability: 0.583 | reward: 16.380 | done: 0.011 | value_k: 2.258 | safety: 0.666 | goal: 0.096 | forward: 28.293 | inverse: 3.113
2025-09-09 17:10:26,037 - __main__ - INFO - Variance of model output (mu): 0.1105, 0.1223, 0.1204, 0.2080, 0.1250, 0.1863, 0.0763, 0.1497, 0.2617, 0.2680, 0.1616, 0.1326, 0.1141, 0.1927, 0.1639, 0.1199, 0.0805, 0.0741, 0.0786, 0.0941, 0.0765, 0.0744, 0.0908, 0.0851, 0.0811, 0.0805, 0.0898, 0.0851, 0.0822, 0.0791, 0.0785, 0.0984, 0.0877, 0.0733, 0.0795, 0.0778, 0.0606, 0.0928, 0.0840, 0.0884, 0.0784, 0.0751, 0.0726, 0.0707, 0.0780, 0.0761, 0.0868, 0.0885, 0.0668, 0.0938, 0.0715, 0.0781, 0.0972, 0.0726, 0.0868, 0.0908, 0.0975, 0.0709, 0.0878, 0.0991, 0.0777, 0.0982, 0.0895, 0.0784, 0.0794, 0.0801, 0.0715, 0.0754, 0.0769, 0.0790, 0.0895, 0.0880, 0.0915, 0.0641, 0.0859, 0.0896, 0.0876, 0.0854, 0.0672, 0.0841, 0.0780, 0.0772, 0.0911, 0.0790, 0.1036, 0.0824, 0.0807, 0.0756, 0.0805, 0.0722, 0.0875, 0.0897, 0.0856, 0.0761, 0.0768, 0.0729
2025-09-09 17:10:26,037 - __main__ - INFO - Per-dim KL: 1.4418, 4.1085, 3.7658, 5.3423, 2.4560, 5.7811, 0.7994, 2.6756, 7.6432, 2.6791, 5.7054, 9.4293, 3.6793, 5.9462, 0.4861, 2.0711, 0.3706, 0.6018, 0.6109, 0.3756, 0.5832, 0.1993, 0.2154, 0.2915, 0.4982, 0.5890, 0.3673, 0.3682, 0.7688, 0.4434, 0.4978, 0.6421, 0.5305, 0.7216, 0.5264, 0.3855, 0.4601, 0.3728, 0.3917, 0.4714, 0.4172, 0.7436, 0.3602, 0.6334, 0.1761, 0.3581, 0.4485, 0.5897, 0.4980, 0.3885, 0.4819, 0.6099, 0.4119, 0.3826, 0.5047, 0.6198, 0.4427, 0.3600, 0.4295, 0.4882, 0.4593, 0.5480, 0.5889, 0.5355, 0.5122, 0.4767, 0.6150, 0.3152, 0.4820, 0.4843, 0.4763, 0.3617, 0.4529, 0.6198, 0.6879, 0.2974, 0.4888, 0.4656, 0.6037, 0.4440, 0.3738, 0.5836, 0.3841, 0.6274, 0.3650, 0.3392, 0.5330, 0.3406, 0.5999, 0.5156, 0.5581, 0.4309, 0.5331, 0.5580, 0.5489, 0.6841
2025-09-09 17:10:26,038 - __main__ - INFO - Eigenvalues of latent space: 0.6985, 0.5568, 0.4811, 0.4589, 0.4270, 0.4130, 0.4102, 0.3732, 0.3690, 0.3553, 0.3549, 0.3381, 0.3343, 0.3202, 0.3107, 0.3043, 0.2968, 0.2849, 0.2786, 0.2753, 0.2686, 0.2603, 0.2573, 0.2526, 0.2465, 0.2399, 0.2369, 0.2337, 0.2276, 0.2227, 0.2196, 0.2145, 0.2110, 0.2091, 0.2061, 0.2017, 0.1983, 0.1943, 0.1930, 0.1867, 0.1855, 0.1801, 0.1784, 0.1765, 0.1747, 0.1693, 0.1684, 0.1675, 0.1659, 0.1607, 0.1571, 0.1556, 0.1535, 0.1505, 0.1477, 0.1471, 0.1451, 0.1424, 0.1402, 0.1392, 0.1371, 0.1360, 0.1318, 0.1313, 0.1285, 0.1283, 0.1249, 0.1248, 0.1220, 0.1208, 0.1171, 0.1153, 0.1130, 0.1107, 0.1081, 0.1060, 0.1037, 0.1014, 0.1008, 0.0982, 0.0967, 0.0954, 0.0940, 0.0921, 0.0901, 0.0879, 0.0858, 0.0838, 0.0827, 0.0815, 0.0794, 0.0783, 0.0740, 0.0732, 0.0677, 0.0661
2025-09-09 17:10:26,038 - __main__ - INFO - KL Eigenvalues: 0.0287, 0.0712, 0.1064, 0.1189, 0.1390, 0.1486, 0.1506, 0.1795, 0.1830, 0.1950, 0.1954, 0.2112, 0.2150, 0.2296, 0.2398, 0.2470, 0.2558, 0.2702, 0.2783, 0.2826, 0.2916, 0.3031, 0.3073, 0.3143, 0.3234, 0.3338, 0.3385, 0.3437, 0.3538, 0.3623, 0.3677, 0.3771, 0.3835, 0.3870, 0.3928, 0.4013, 0.4082, 0.4164, 0.4191, 0.4325, 0.4350, 0.4471, 0.4511, 0.4554, 0.4597, 0.4727, 0.4748, 0.4772, 0.4811, 0.4944, 0.5040, 0.5080, 0.5139, 0.5221, 0.5300, 0.5319, 0.5376, 0.5458, 0.5525, 0.5555, 0.5620, 0.5656, 0.5792, 0.5809, 0.5903, 0.5910, 0.6024, 0.6029, 0.6128, 0.6172, 0.6310, 0.6379, 0.6467, 0.6559, 0.6662, 0.6753, 0.6849, 0.6950, 0.6975, 0.7094, 0.7166, 0.7226, 0.7292, 0.7387, 0.7483, 0.7599, 0.7709, 0.7816, 0.7878, 0.7945, 0.8061, 0.8128, 0.8387, 0.8436, 0.8803, 0.8914
2025-09-09 17:10:26,038 - __main__ - INFO - Variance explained by eigenvalues: 0.0367, 0.0660, 0.0913, 0.1154, 0.1379, 0.1596, 0.1812, 0.2008, 0.2202, 0.2389, 0.2576, 0.2754, 0.2929, 0.3098, 0.3261, 0.3421, 0.3577, 0.3727, 0.3874, 0.4018, 0.4160, 0.4297, 0.4432, 0.4565, 0.4694, 0.4821, 0.4945, 0.5068, 0.5188, 0.5305, 0.5420, 0.5533, 0.5644, 0.5754, 0.5862, 0.5968, 0.6073, 0.6175, 0.6276, 0.6375, 0.6472, 0.6567, 0.6661, 0.6753, 0.6845, 0.6934, 0.7023, 0.7111, 0.7198, 0.7283, 0.7365, 0.7447, 0.7528, 0.7607, 0.7685, 0.7762, 0.7839, 0.7913, 0.7987, 0.8060, 0.8132, 0.8204, 0.8273, 0.8342, 0.8410, 0.8477, 0.8543, 0.8609, 0.8673, 0.8736, 0.8798, 0.8859, 0.8918, 0.8976, 0.9033, 0.9089, 0.9143, 0.9197, 0.9250, 0.9301, 0.9352, 0.9402, 0.9452, 0.9500, 0.9548, 0.9594, 0.9639, 0.9683, 0.9726, 0.9769, 0.9811, 0.9852, 0.9891, 0.9930, 0.9965, 1.0000
2025-09-09 17:10:26,038 - __main__ - INFO - ==================================================
2025-09-09 17:10:26,038 - __main__ - INFO - 
✅ MultiModalVAE training completed!
2025-09-09 17:10:26,038 - __main__ - INFO -   - Completed all 1 epochs
2025-09-09 17:10:26,038 - __main__ - INFO -   - Final train loss: 3773.2168
2025-09-09 17:10:26,039 - __main__ - INFO -   - Final test loss: 2601.9639
2025-09-09 17:10:26,064 - __main__ - INFO - 💾 Model saved locally: checkpoints_hmm/vae_hmm_round1_temp.pth
2025-09-09 17:10:26,996 - __main__ - DEBUG - 🗑️  Removed temporary file: checkpoints_hmm/vae_hmm_round1_temp.pth
2025-09-09 17:10:26,997 - __main__ - INFO - ✅ M-step completed: final_train_loss=3773.2168, final_test_loss=2601.9639
2025-09-09 17:10:27,028 - __main__ - INFO - 💾 Saved VAE+HMM → checkpoints_hmm/vae_with_hmm_round1.pt
2025-09-09 17:10:27,029 - __main__ - INFO - 🤗 Uploading VAE+HMM round 1 to HuggingFace: CatkinChen/nethack-vae-hmm
2025-09-09 17:10:31,935 - huggingface_hub.hf_api - WARNING - No files have been modified since last commit. Skipping to prevent empty commit.
2025-09-09 17:10:37,232 - __main__ - INFO - ✅ VAE+HMM uploaded to: https://huggingface.co/CatkinChen/nethack-vae-hmm
2025-09-09 17:10:41,588 - __main__ - INFO - ========== EM Round 2/4: E-step ==========
2025-09-09 17:10:41,589 - __main__ - INFO -    - Resetting HMM to prior
2025-09-09 17:11:55,729 - __main__ - DEBUG - Initial ELBO: -12200835.4620
2025-09-09 17:11:55,729 - __main__ - DEBUG - Relative tol: 0.0100
2025-09-09 17:11:55,729 - __main__ - DEBUG - Relative elbo_drop_tol: 0.0100
2025-09-09 17:11:55,729 - __main__ - DEBUG - - Init -118.0441
2025-09-09 17:11:55,729 - __main__ - DEBUG - - Trans -191162.8765
2025-09-09 17:11:55,729 - __main__ - DEBUG - - Emit -12000609.8125
2025-09-09 17:11:55,729 - __main__ - DEBUG - - Entropy 1846.7063
2025-09-09 17:11:55,729 - __main__ - DEBUG - - Dir 0.0000
2025-09-09 17:11:55,729 - __main__ - DEBUG - - NIW -10776.6797
2025-09-09 17:11:55,729 - __main__ - DEBUG - - Beta prior -14.7555
2025-09-09 17:12:41,545 - __main__ - DEBUG - Iter 0: ELBO after FB: -12200835.4620 (LL -12190044.0268, Δ=0.0000)
2025-09-09 17:12:41,584 - __main__ - DEBUG - Iter 0: ELBO after NIW update: -2659987.2198 (Emit LL -2020764.4688, NIW term -449773.7812, Δ=9540848.2422)
2025-09-09 17:12:41,622 - __main__ - DEBUG - Iter 0: ELBO after Dirichlet update: -2484918.2852 (Trans LL -14297.9711, Dir term -1795.9707, Δ=175068.9347)
2025-09-09 17:13:27,853 - __main__ - DEBUG - Iter 1: ELBO after FB: -2473427.4111 (LL -2021842.9036, Δ=11490.8741)
2025-09-09 17:13:27,891 - __main__ - DEBUG - Iter 1: ELBO after NIW update: -2446855.2548 (Emit LL -2014655.0273, NIW term -414794.8438, Δ=26572.1562)
2025-09-09 17:13:27,944 - __main__ - DEBUG - Iter 1: ELBO after Dirichlet update: -2446256.8276 (Trans LL -17041.4355, Dir term -1721.1211, Δ=598.4272)
2025-09-09 17:14:14,609 - __main__ - DEBUG - Iter 2: ELBO after FB: -2428080.1979 (LL -2011549.4775, Δ=18176.6298)
2025-09-09 17:14:14,647 - __main__ - DEBUG - Iter 2: ELBO after NIW update: -2349660.4986 (Emit LL -2000689.4648, NIW term -331653.5938, Δ=78419.6992)
2025-09-09 17:14:14,685 - __main__ - DEBUG - Iter 2: ELBO after Dirichlet update: -2348935.7331 (Trans LL -17042.0331, Dir term -1626.3027, Δ=724.7655)
2025-09-09 17:15:01,332 - __main__ - DEBUG - Iter 3: ELBO after FB: -2333933.1606 (LL -2000638.5086, Δ=15002.5725)
2025-09-09 17:15:01,369 - __main__ - DEBUG - Iter 3: ELBO after NIW update: -2291147.3949 (Emit LL -1995300.8633, NIW term -279494.0312, Δ=42785.7656)
2025-09-09 17:15:01,407 - __main__ - DEBUG - Iter 3: ELBO after Dirichlet update: -2290767.2528 (Trans LL -16479.3622, Dir term -1566.1660, Δ=380.1421)
2025-09-09 17:15:48,036 - __main__ - DEBUG - Iter 4: ELBO after FB: -2279226.1331 (LL -1998151.1803, Δ=11541.1197)
2025-09-09 17:15:48,073 - __main__ - DEBUG - Iter 4: ELBO after NIW update: -2234938.9886 (Emit LL -1993568.3906, NIW term -225749.3750, Δ=44287.1445)
2025-09-09 17:15:48,111 - __main__ - DEBUG - Iter 4: ELBO after Dirichlet update: -2234702.0091 (Trans LL -15896.0759, Dir term -1526.2988, Δ=236.9794)
2025-09-09 17:16:35,386 - __main__ - DEBUG - Iter 5: ELBO after FB: -2222574.7442 (LL -1995284.3149, Δ=12127.2649)
2025-09-09 17:16:35,424 - __main__ - DEBUG - Iter 5: ELBO after NIW update: -2197872.6388 (Emit LL -1987481.6797, NIW term -195323.5469, Δ=24702.1055)
2025-09-09 17:16:35,462 - __main__ - DEBUG - Iter 5: ELBO after Dirichlet update: -2197763.1813 (Trans LL -15457.4332, Dir term -1508.0234, Δ=109.4575)
2025-09-09 17:17:22,749 - __main__ - DEBUG - Iter 6: ELBO after FB: -2191587.5880 (LL -1994741.2621, Δ=6175.5933)
2025-09-09 17:17:22,787 - __main__ - DEBUG - Iter 6: ELBO after NIW update: -2178145.7403 (Emit LL -1984764.5664, NIW term -178534.7188, Δ=13441.8477)
2025-09-09 17:17:22,826 - __main__ - DEBUG - Iter 6: ELBO after Dirichlet update: -2178069.9800 (Trans LL -15237.3764, Dir term -1497.2109, Δ=75.7603)
2025-09-09 17:17:22,826 - __main__ - DEBUG - Early stopping: ELBO improvement 19693.2013 < tolerance
2025-09-09 17:18:19,473 - __main__ - INFO - [E-step] Multi-batch 1/1 (x100 batches) - HMM Diagnostics:
2025-09-09 17:18:19,473 - __main__ - INFO -   - Avg log-likelihood per step: -21.5284
2025-09-09 17:18:19,473 - __main__ - INFO -   - Inner ELBO (final): -2178069.9800
2025-09-09 17:18:19,473 - __main__ - INFO -   - ELBO progression (7 iters): [-2484918.25, ..., -2178070.00] (Δ=306848.2500)
2025-09-09 17:18:19,473 - __main__ - INFO -   - Effective number of skills: 8.50
2025-09-09 17:18:19,474 - __main__ - INFO -   - State entropy: 0.081
2025-09-09 17:18:19,474 - __main__ - INFO -   - Transition stickiness: 0.935
2025-09-09 17:18:19,474 - __main__ - INFO -   - Top 5 skills: [23, 25, 26, 1, 35] (probs: ['0.206', '0.151', '0.146', '0.139', '0.128'])
2025-09-09 17:18:19,474 - __main__ - INFO -   - Combined time length: 3200 (original T=32, multiples=100)
2025-09-09 17:18:19,477 - __main__ - INFO - 🔍 Computing HMM diagnostics...
2025-09-09 17:19:27,626 - __main__ - INFO - 📊 HMM Diagnostics for Round 2:
2025-09-09 17:19:27,626 - __main__ - INFO -   - Avg log-likelihood per step: -21.6352
2025-09-09 17:19:27,626 - __main__ - INFO -   - State entropy: 0.1013
2025-09-09 17:19:27,626 - __main__ - INFO -   - Effective number of skills: 8.69
2025-09-09 17:19:27,627 - __main__ - INFO -   - Transition stickiness (diag): 0.9347
2025-09-09 17:19:27,627 - __main__ - INFO -   - Top 5 skill occupancies: [0.19915659725666046, 0.15103976428508759, 0.14679749310016632, 0.1390276849269867, 0.12963037192821503]
2025-09-09 17:19:27,627 - __main__ - INFO -   - Top 5 skill indices: [23, 25, 26, 1, 35]
2025-09-09 17:19:27,627 - __main__ - INFO -     - Skill 30: emp= 21.91  E[1/(1-p)]: 51.07  p_stay=0.980
2025-09-09 17:19:27,627 - __main__ - INFO -     - Skill 21: emp=  0.00  E[1/(1-p)]: 45.46  p_stay=0.978
2025-09-09 17:19:27,627 - __main__ - INFO -     - Skill 25: emp= 19.42  E[1/(1-p)]: 43.91  p_stay=0.977
2025-09-09 17:19:27,627 - __main__ - INFO -     - Skill 22: emp=  0.00  E[1/(1-p)]: 36.39  p_stay=0.973
2025-09-09 17:19:27,627 - __main__ - INFO -     - Skill 18: emp=  0.00  E[1/(1-p)]: 35.59  p_stay=0.972
2025-09-09 17:19:27,627 - __main__ - INFO - 🖼️  Rendering HMM visualizations for round 2
2025-09-09 17:20:43,268 - __main__ - INFO - 💾 Saved HMM posterior → checkpoints_hmm/hmm_round2.pt
2025-09-09 17:20:43,269 - __main__ - INFO - 🤗 Uploading HMM round 2 to HuggingFace: CatkinChen/nethack-hmm
2025-09-09 17:20:50,632 - __main__ - INFO - ✅ HMM uploaded to: https://huggingface.co/CatkinChen/nethack-hmm
2025-09-09 17:20:50,632 - __main__ - INFO - ========== EM Round 2/4: M-step ==========
2025-09-09 17:20:50,632 - __main__ - INFO - 🔧 Fine-tuning VAE with HMM prior for 1 epochs...
2025-09-09 17:20:50,632 - __main__ - INFO - 📊 M-step 2 parameter schedule:
2025-09-09 17:20:50,632 - __main__ - INFO -   - prior_blend_alpha: 0.400 → 0.600 (cosine)
2025-09-09 17:20:50,632 - __main__ - INFO -   - mi_beta: 0.333 → 0.467 (linear)
2025-09-09 17:20:50,632 - __main__ - INFO -   - tc_beta: 0.067 → 0.133 (linear)
2025-09-09 17:20:50,632 - __main__ - INFO -   - dw_beta: 0.667 → 0.833 (linear)
2025-09-09 17:20:51,296 - __main__ - INFO - Weights & Biases initialized
2025-09-09 17:20:51,296 - __main__ - INFO - 🔥Training MultiModalHackVAE with 100 train batches, 20 test batches
2025-09-09 17:20:51,296 - __main__ - INFO -    Epochs: 1
2025-09-09 17:20:51,296 - __main__ - INFO -    Batch size: 32
2025-09-09 17:20:51,296 - __main__ - INFO -    Sequence size: 32
2025-09-09 17:20:51,296 - __main__ - INFO -    Device: cuda
2025-09-09 17:20:51,296 - __main__ - INFO -    Mixed Precision: BF16 = False
2025-09-09 17:20:51,297 - __main__ - INFO -    LR Scheduler: constant
2025-09-09 17:20:51,297 - __main__ - INFO -    Shuffle batches: True
2025-09-09 17:20:51,297 - __main__ - INFO -    Shuffle within batch: False
2025-09-09 17:20:51,297 - __main__ - INFO -    VAE Configuration:
2025-09-09 17:20:51,297 - __main__ - INFO -      - Latent dimension: 96
2025-09-09 17:20:51,297 - __main__ - INFO -      - Encoder dropout: 0.1
2025-09-09 17:20:51,297 - __main__ - INFO -      - Decoder dropout: 0.1
2025-09-09 17:20:51,297 - __main__ - INFO -    Adaptive Loss Weighting:
2025-09-09 17:20:51,297 - __main__ - INFO -      - MI beta: 0.333 → 0.467
2025-09-09 17:20:51,297 - __main__ - INFO -      - TC beta: 0.067 → 0.133
2025-09-09 17:20:51,297 - __main__ - INFO -      - DW beta: 0.667 → 0.833
2025-09-09 17:20:51,297 - __main__ - INFO -      - Blend alpha: 0.400 → 0.600
2025-09-09 17:20:51,298 - __main__ - INFO -      - Warmup epochs: 0 out of 1 total epochs
2025-09-09 17:20:51,298 - __main__ - INFO -    Free bits: 0.75
2025-09-09 17:20:51,298 - __main__ - INFO -    Focal loss: alpha=0.5, gamma=2.0
2025-09-09 17:20:51,298 - __main__ - INFO -    Early Stopping:
2025-09-09 17:20:51,298 - __main__ - INFO -      - Enabled: False
2025-09-09 17:20:51,298 - __main__ - INFO -    HMM Prior: Enabled
2025-09-09 17:20:51,332 - __main__ - INFO - 🔧 Using FP32 precision training
2025-09-09 17:20:51,333 - __main__ - INFO - Model has latent dimension: 96
2025-09-09 17:20:51,333 - __main__ - INFO - 🎯 Starting training for 1 epochs (starting from epoch 0)...
2025-09-09 17:20:51,333 - __main__ - INFO -    Total training steps: 100
2025-09-09 17:20:51,333 - __main__ - INFO -    Warmup steps: 20
2025-09-09 17:20:51,333 - __main__ - INFO - 🎯 Epoch 1/1 - Starting epoch...
2025-09-09 17:20:51,334 - __main__ - DEBUG - Shuffled 100 training batches for epoch 1
2025-09-09 17:20:51,334 - __main__ - DEBUG - Shuffled 20 testing batches for epoch 1
2025-09-09 17:20:51,936 - __main__ - DEBUG - Step 0/100 - Adaptive weights: mi_beta=0.333, tc_beta=0.067, dw_beta=0.667, blend_alpha=0.400
2025-09-09 17:24:06,409 - __main__ - DEBUG - Step 100/100 - Adaptive weights: mi_beta=0.467, tc_beta=0.133, dw_beta=0.833, blend_alpha=0.600
2025-09-09 17:24:07,971 - __main__ - DEBUG - Step 100/100 - Adaptive weights: mi_beta=0.467, tc_beta=0.133, dw_beta=0.833, blend_alpha=0.600
2025-09-09 17:24:09,530 - __main__ - DEBUG - Step 100/100 - Adaptive weights: mi_beta=0.467, tc_beta=0.133, dw_beta=0.833, blend_alpha=0.600
2025-09-09 17:24:11,084 - __main__ - DEBUG - Step 100/100 - Adaptive weights: mi_beta=0.467, tc_beta=0.133, dw_beta=0.833, blend_alpha=0.600
2025-09-09 17:24:12,601 - __main__ - DEBUG - Step 100/100 - Adaptive weights: mi_beta=0.467, tc_beta=0.133, dw_beta=0.833, blend_alpha=0.600
2025-09-09 17:24:14,221 - __main__ - DEBUG - Step 100/100 - Adaptive weights: mi_beta=0.467, tc_beta=0.133, dw_beta=0.833, blend_alpha=0.600
2025-09-09 17:24:15,774 - __main__ - DEBUG - Step 100/100 - Adaptive weights: mi_beta=0.467, tc_beta=0.133, dw_beta=0.833, blend_alpha=0.600
2025-09-09 17:24:17,354 - __main__ - DEBUG - Step 100/100 - Adaptive weights: mi_beta=0.467, tc_beta=0.133, dw_beta=0.833, blend_alpha=0.600
2025-09-09 17:24:18,895 - __main__ - DEBUG - Step 100/100 - Adaptive weights: mi_beta=0.467, tc_beta=0.133, dw_beta=0.833, blend_alpha=0.600
2025-09-09 17:24:20,401 - __main__ - DEBUG - Step 100/100 - Adaptive weights: mi_beta=0.467, tc_beta=0.133, dw_beta=0.833, blend_alpha=0.600
2025-09-09 17:24:21,719 - __main__ - DEBUG - Step 100/100 - Adaptive weights: mi_beta=0.467, tc_beta=0.133, dw_beta=0.833, blend_alpha=0.600
2025-09-09 17:24:23,349 - __main__ - DEBUG - Step 100/100 - Adaptive weights: mi_beta=0.467, tc_beta=0.133, dw_beta=0.833, blend_alpha=0.600
2025-09-09 17:24:24,896 - __main__ - DEBUG - Step 100/100 - Adaptive weights: mi_beta=0.467, tc_beta=0.133, dw_beta=0.833, blend_alpha=0.600
2025-09-09 17:24:26,466 - __main__ - DEBUG - Step 100/100 - Adaptive weights: mi_beta=0.467, tc_beta=0.133, dw_beta=0.833, blend_alpha=0.600
2025-09-09 17:24:28,065 - __main__ - DEBUG - Step 100/100 - Adaptive weights: mi_beta=0.467, tc_beta=0.133, dw_beta=0.833, blend_alpha=0.600
2025-09-09 17:24:29,673 - __main__ - DEBUG - Step 100/100 - Adaptive weights: mi_beta=0.467, tc_beta=0.133, dw_beta=0.833, blend_alpha=0.600
2025-09-09 17:24:31,151 - __main__ - DEBUG - Step 100/100 - Adaptive weights: mi_beta=0.467, tc_beta=0.133, dw_beta=0.833, blend_alpha=0.600
2025-09-09 17:24:32,658 - __main__ - DEBUG - Step 100/100 - Adaptive weights: mi_beta=0.467, tc_beta=0.133, dw_beta=0.833, blend_alpha=0.600
2025-09-09 17:24:34,166 - __main__ - DEBUG - Step 100/100 - Adaptive weights: mi_beta=0.467, tc_beta=0.133, dw_beta=0.833, blend_alpha=0.600
2025-09-09 17:24:35,639 - __main__ - DEBUG - Step 100/100 - Adaptive weights: mi_beta=0.467, tc_beta=0.133, dw_beta=0.833, blend_alpha=0.600
2025-09-09 17:24:36,500 - __main__ - DEBUG - Step 100/100 - Adaptive weights: mi_beta=0.467, tc_beta=0.133, dw_beta=0.833, blend_alpha=0.600
2025-09-09 17:24:36,500 - __main__ - INFO - 
=== Epoch 1/1 Summary ===
2025-09-09 17:24:36,500 - __main__ - INFO - Average Train Loss: 3898.350 | Average Test Loss: 2764.528
2025-09-09 17:24:36,500 - __main__ - INFO - Current KL Betas: mi=0.467, tc=0.133, dw=0.833, blend_alpha=0.600
2025-09-09 17:24:36,500 - __main__ - INFO - Global Step: 100/100 (100.0%)
2025-09-09 17:24:36,500 - __main__ - INFO - Final Training Batch Details:
2025-09-09 17:24:36,501 - __main__ - INFO -   Raw Losses: hero_loc: 2.866 | occupy: 1642.240 | bag: 441.597 | stats: 71.177 | msg: 24.652 | ego_char: 28.947 | ego_color: 119.494 | ego_class: 29.655 | passability: 0.597 | reward: 33.237 | done: 0.020 | value_k: 5.380 | safety: 0.676 | goal: 0.313 | forward: 45.964 | inverse: 2.925
2025-09-09 17:24:36,501 - __main__ - INFO - Final Testing Batch Details:
2025-09-09 17:24:36,501 - __main__ - INFO -   Raw Losses: hero_loc: 2.287 | occupy: 1545.608 | bag: 417.745 | stats: 71.794 | msg: 31.003 | ego_char: 28.339 | ego_color: 104.905 | ego_class: 30.571 | passability: 0.584 | reward: 16.274 | done: 0.018 | value_k: 2.254 | safety: 0.672 | goal: 0.092 | forward: 32.078 | inverse: 3.106
2025-09-09 17:24:36,501 - __main__ - INFO - Variance of model output (mu): 0.1100, 0.1875, 0.1022, 0.1704, 0.1281, 0.1051, 0.1270, 0.1148, 0.2046, 0.2002, 0.1380, 0.1322, 0.1534, 0.1172, 0.1208, 0.0843, 0.0801, 0.0898, 0.0868, 0.0715, 0.0786, 0.0952, 0.0792, 0.0780, 0.0925, 0.0633, 0.0936, 0.0853, 0.0873, 0.0761, 0.0703, 0.0964, 0.0893, 0.0855, 0.0881, 0.0960, 0.0890, 0.0826, 0.0810, 0.0634, 0.0828, 0.0824, 0.0992, 0.0628, 0.0801, 0.0682, 0.0804, 0.0803, 0.1021, 0.0776, 0.0981, 0.0914, 0.0921, 0.0928, 0.0738, 0.0905, 0.0593, 0.0953, 0.0951, 0.0813, 0.0828, 0.0703, 0.0758, 0.0933, 0.0970, 0.0588, 0.0735, 0.0730, 0.0993, 0.0851, 0.0845, 0.0945, 0.1012, 0.0864, 0.0795, 0.0873, 0.0944, 0.0790, 0.0809, 0.0795, 0.0820, 0.0756, 0.0887, 0.0724, 0.0924, 0.0903, 0.0895, 0.1013, 0.0898, 0.0810, 0.0854, 0.0815, 0.0903, 0.0808, 0.0699, 0.0644
2025-09-09 17:24:36,502 - __main__ - INFO - Per-dim KL: 0.6110, 4.6488, 1.0720, 11.0295, 0.5556, 1.5332, 0.8915, 2.4806, 1.2788, 2.6348, 3.6318, 6.9476, 13.5056, 0.4388, 3.6794, 0.8341, 0.3980, 0.3355, 0.3103, 0.2432, 0.5884, 0.2743, 0.4937, 0.5919, 0.5641, 0.5692, 0.5006, 0.4983, 0.4362, 0.4303, 0.5232, 0.4308, 0.2889, 0.5412, 0.4515, 0.5283, 0.3373, 0.5561, 0.5062, 0.4510, 0.4901, 0.5974, 0.4344, 0.5820, 0.4838, 0.4345, 0.1462, 0.3650, 0.3315, 0.5112, 0.5133, 0.5364, 0.4056, 0.3949, 0.3597, 0.5645, 0.6701, 0.3141, 0.4683, 0.3154, 0.7302, 0.6103, 0.6528, 0.3025, 0.3568, 0.4385, 0.5655, 0.2532, 0.2145, 0.6133, 0.3456, 0.4948, 0.3894, 0.4509, 0.6225, 0.3733, 0.4044, 0.4118, 0.4244, 0.6265, 0.2963, 0.6474, 0.4989, 0.3755, 0.3974, 0.4742, 0.4452, 0.4379, 0.4780, 0.4784, 0.6030, 0.3538, 0.5020, 0.5030, 0.3962, 0.6747
2025-09-09 17:24:36,502 - __main__ - INFO - Eigenvalues of latent space: 0.9206, 0.5643, 0.5202, 0.4738, 0.4610, 0.4492, 0.4028, 0.3959, 0.3828, 0.3673, 0.3586, 0.3455, 0.3400, 0.3327, 0.3242, 0.3132, 0.3086, 0.3008, 0.2903, 0.2836, 0.2744, 0.2716, 0.2689, 0.2621, 0.2572, 0.2542, 0.2417, 0.2391, 0.2377, 0.2345, 0.2269, 0.2205, 0.2188, 0.2160, 0.2105, 0.2057, 0.2036, 0.2003, 0.1976, 0.1910, 0.1899, 0.1847, 0.1813, 0.1811, 0.1752, 0.1726, 0.1708, 0.1691, 0.1646, 0.1615, 0.1607, 0.1573, 0.1557, 0.1516, 0.1506, 0.1484, 0.1436, 0.1408, 0.1393, 0.1365, 0.1349, 0.1331, 0.1318, 0.1303, 0.1283, 0.1242, 0.1211, 0.1188, 0.1172, 0.1160, 0.1128, 0.1116, 0.1092, 0.1089, 0.1055, 0.1037, 0.1035, 0.1018, 0.0982, 0.0971, 0.0958, 0.0934, 0.0921, 0.0891, 0.0868, 0.0842, 0.0840, 0.0801, 0.0788, 0.0757, 0.0742, 0.0732, 0.0711, 0.0695, 0.0675, 0.0616
2025-09-09 17:24:36,502 - __main__ - INFO - KL Eigenvalues: 0.0017, 0.0682, 0.0869, 0.1104, 0.1177, 0.1247, 0.1560, 0.1612, 0.1716, 0.1844, 0.1921, 0.2041, 0.2094, 0.2166, 0.2253, 0.2371, 0.2422, 0.2510, 0.2635, 0.2719, 0.2837, 0.2875, 0.2912, 0.3005, 0.3076, 0.3119, 0.3309, 0.3350, 0.3372, 0.3424, 0.3550, 0.3662, 0.3693, 0.3743, 0.3844, 0.3934, 0.3976, 0.4042, 0.4095, 0.4233, 0.4255, 0.4369, 0.4444, 0.4450, 0.4585, 0.4647, 0.4689, 0.4731, 0.4843, 0.4925, 0.4945, 0.5035, 0.5077, 0.5191, 0.5219, 0.5282, 0.5423, 0.5506, 0.5551, 0.5640, 0.5692, 0.5748, 0.5790, 0.5842, 0.5908, 0.6050, 0.6160, 0.6244, 0.6306, 0.6352, 0.6473, 0.6522, 0.6619, 0.6631, 0.6775, 0.6849, 0.6859, 0.6931, 0.7096, 0.7145, 0.7207, 0.7323, 0.7385, 0.7535, 0.7653, 0.7795, 0.7802, 0.8020, 0.8099, 0.8285, 0.8377, 0.8441, 0.8572, 0.8682, 0.8818, 0.9247
2025-09-09 17:24:36,502 - __main__ - INFO - Variance explained by eigenvalues: 0.0470, 0.0758, 0.1024, 0.1265, 0.1501, 0.1730, 0.1936, 0.2138, 0.2333, 0.2521, 0.2704, 0.2880, 0.3054, 0.3224, 0.3389, 0.3549, 0.3707, 0.3860, 0.4008, 0.4153, 0.4293, 0.4432, 0.4569, 0.4703, 0.4834, 0.4964, 0.5088, 0.5210, 0.5331, 0.5451, 0.5567, 0.5679, 0.5791, 0.5901, 0.6008, 0.6114, 0.6217, 0.6320, 0.6421, 0.6518, 0.6615, 0.6709, 0.6802, 0.6894, 0.6984, 0.7072, 0.7159, 0.7245, 0.7330, 0.7412, 0.7494, 0.7574, 0.7654, 0.7731, 0.7808, 0.7884, 0.7957, 0.8029, 0.8100, 0.8170, 0.8239, 0.8307, 0.8374, 0.8440, 0.8506, 0.8569, 0.8631, 0.8692, 0.8752, 0.8811, 0.8868, 0.8925, 0.8981, 0.9037, 0.9091, 0.9144, 0.9196, 0.9248, 0.9299, 0.9348, 0.9397, 0.9445, 0.9492, 0.9537, 0.9581, 0.9624, 0.9667, 0.9708, 0.9748, 0.9787, 0.9825, 0.9862, 0.9899, 0.9934, 0.9969, 1.0000
2025-09-09 17:24:36,502 - __main__ - INFO - ==================================================
2025-09-09 17:24:36,502 - __main__ - INFO - 
✅ MultiModalVAE training completed!
2025-09-09 17:24:36,503 - __main__ - INFO -   - Completed all 1 epochs
2025-09-09 17:24:36,503 - __main__ - INFO -   - Final train loss: 3898.3505
2025-09-09 17:24:36,503 - __main__ - INFO -   - Final test loss: 2764.5282
2025-09-09 17:24:36,529 - __main__ - INFO - 💾 Model saved locally: checkpoints_hmm/vae_hmm_round2_temp.pth
2025-09-09 17:24:37,712 - __main__ - DEBUG - 🗑️  Removed temporary file: checkpoints_hmm/vae_hmm_round2_temp.pth
2025-09-09 17:24:37,712 - __main__ - INFO - ✅ M-step completed: final_train_loss=3898.3505, final_test_loss=2764.5282
2025-09-09 17:24:37,745 - __main__ - INFO - 💾 Saved VAE+HMM → checkpoints_hmm/vae_with_hmm_round2.pt
2025-09-09 17:24:37,745 - __main__ - INFO - 🤗 Uploading VAE+HMM round 2 to HuggingFace: CatkinChen/nethack-vae-hmm
2025-09-09 17:24:49,709 - huggingface_hub.hf_api - WARNING - No files have been modified since last commit. Skipping to prevent empty commit.
2025-09-09 17:24:55,327 - __main__ - INFO - ✅ VAE+HMM uploaded to: https://huggingface.co/CatkinChen/nethack-vae-hmm
2025-09-09 17:24:59,650 - __main__ - INFO - ========== EM Round 3/4: E-step ==========
2025-09-09 17:24:59,650 - __main__ - INFO -    - Resetting HMM to prior
2025-09-09 17:26:12,069 - __main__ - DEBUG - Initial ELBO: -12195248.0192
2025-09-09 17:26:12,069 - __main__ - DEBUG - Relative tol: 0.0100
2025-09-09 17:26:12,070 - __main__ - DEBUG - Relative elbo_drop_tol: 0.0100
2025-09-09 17:26:12,070 - __main__ - DEBUG - - Init -118.0441
2025-09-09 17:26:12,070 - __main__ - DEBUG - - Trans -191816.3774
2025-09-09 17:26:12,070 - __main__ - DEBUG - - Emit -11997346.4062
2025-09-09 17:26:12,070 - __main__ - DEBUG - - Entropy 2027.6759
2025-09-09 17:26:12,070 - __main__ - DEBUG - - Dir 0.0000
2025-09-09 17:26:12,070 - __main__ - DEBUG - - NIW -7980.1118
2025-09-09 17:26:12,070 - __main__ - DEBUG - - Beta prior -14.7555
2025-09-09 17:26:57,980 - __main__ - DEBUG - Iter 0: ELBO after FB: -12195248.0192 (LL -12187253.1519, Δ=0.0000)
2025-09-09 17:26:58,019 - __main__ - DEBUG - Iter 0: ELBO after NIW update: -2651570.6574 (Emit LL -1984992.0938, NIW term -476657.0625, Δ=9543677.3618)
2025-09-09 17:26:58,057 - __main__ - DEBUG - Iter 0: ELBO after Dirichlet update: -2476371.0902 (Trans LL -14782.3513, Dir term -1834.4590, Δ=175199.5672)
2025-09-09 17:27:43,742 - __main__ - DEBUG - Iter 1: ELBO after FB: -2458841.4381 (LL -1980335.1611, Δ=17529.6521)
2025-09-09 17:27:43,780 - __main__ - DEBUG - Iter 1: ELBO after NIW update: -2407515.2545 (Emit LL -1974909.2539, NIW term -414314.1250, Δ=51326.1836)
2025-09-09 17:27:43,818 - __main__ - DEBUG - Iter 1: ELBO after Dirichlet update: -2406298.6426 (Trans LL -17437.4044, Dir term -1736.7949, Δ=1216.6119)
2025-09-09 17:28:29,498 - __main__ - DEBUG - Iter 2: ELBO after FB: -2374121.5498 (LL -1958055.8744, Δ=32177.0928)
2025-09-09 17:28:29,537 - __main__ - DEBUG - Iter 2: ELBO after NIW update: -2285304.0967 (Emit LL -1953352.1680, NIW term -314348.5000, Δ=88817.4531)
2025-09-09 17:28:29,575 - __main__ - DEBUG - Iter 2: ELBO after Dirichlet update: -2284480.5943 (Trans LL -17224.4776, Dir term -1632.1719, Δ=823.5024)
2025-09-09 17:29:15,374 - __main__ - DEBUG - Iter 3: ELBO after FB: -2259349.7605 (LL -1943354.3331, Δ=25130.8339)
2025-09-09 17:29:15,412 - __main__ - DEBUG - Iter 3: ELBO after NIW update: -2187316.4792 (Emit LL -1933352.2227, NIW term -237397.3750, Δ=72033.2812)
2025-09-09 17:29:15,450 - __main__ - DEBUG - Iter 3: ELBO after Dirichlet update: -2186813.9951 (Trans LL -16628.4992, Dir term -1543.8613, Δ=502.4841)
2025-09-09 17:30:01,124 - __main__ - DEBUG - Iter 4: ELBO after FB: -2174433.1844 (LL -1935477.1926, Δ=12380.8107)
2025-09-09 17:30:01,182 - __main__ - DEBUG - Iter 4: ELBO after NIW update: -2134080.0594 (Emit LL -1922960.5938, NIW term -195201.8281, Δ=40353.1250)
2025-09-09 17:30:01,238 - __main__ - DEBUG - Iter 4: ELBO after Dirichlet update: -2133856.9762 (Trans LL -16280.9815, Dir term -1502.9824, Δ=223.0833)
2025-09-09 17:30:46,815 - __main__ - DEBUG - Iter 5: ELBO after FB: -2128917.4462 (LL -1932197.8801, Δ=4939.5300)
2025-09-09 17:30:46,854 - __main__ - DEBUG - Iter 5: ELBO after NIW update: -2122191.9032 (Emit LL -1918301.3906, NIW term -188234.8594, Δ=6725.5430)
2025-09-09 17:30:46,892 - __main__ - DEBUG - Iter 5: ELBO after Dirichlet update: -2122115.9948 (Trans LL -16138.2713, Dir term -1492.7324, Δ=75.9085)
2025-09-09 17:30:46,893 - __main__ - DEBUG - Early stopping: ELBO improvement 11740.9814 < tolerance
2025-09-09 17:31:41,777 - __main__ - INFO - [E-step] Multi-batch 1/1 (x100 batches) - HMM Diagnostics:
2025-09-09 17:31:41,778 - __main__ - INFO -   - Avg log-likelihood per step: -20.8585
2025-09-09 17:31:41,778 - __main__ - INFO -   - Inner ELBO (final): -2122115.9948
2025-09-09 17:31:41,778 - __main__ - INFO -   - ELBO progression (6 iters): [-2476371.00, ..., -2122116.00] (Δ=354255.0000)
2025-09-09 17:31:41,778 - __main__ - INFO -   - Effective number of skills: 10.22
2025-09-09 17:31:41,778 - __main__ - INFO -   - State entropy: 0.079
2025-09-09 17:31:41,778 - __main__ - INFO -   - Transition stickiness: 0.946
2025-09-09 17:31:41,778 - __main__ - INFO -   - Top 5 skills: [22, 20, 13, 16, 36] (probs: ['0.170', '0.133', '0.120', '0.114', '0.111'])
2025-09-09 17:31:41,778 - __main__ - INFO -   - Combined time length: 3200 (original T=32, multiples=100)
2025-09-09 17:31:41,781 - __main__ - INFO - 🔍 Computing HMM diagnostics...
2025-09-09 17:32:47,863 - __main__ - INFO - 📊 HMM Diagnostics for Round 3:
2025-09-09 17:32:47,863 - __main__ - INFO -   - Avg log-likelihood per step: -20.9645
2025-09-09 17:32:47,863 - __main__ - INFO -   - State entropy: 0.0978
2025-09-09 17:32:47,863 - __main__ - INFO -   - Effective number of skills: 10.27
2025-09-09 17:32:47,863 - __main__ - INFO -   - Transition stickiness (diag): 0.9464
2025-09-09 17:32:47,863 - __main__ - INFO -   - Top 5 skill occupancies: [0.16869476437568665, 0.13252967596054077, 0.11986514180898666, 0.11348070204257965, 0.1108919233083725]
2025-09-09 17:32:47,864 - __main__ - INFO -   - Top 5 skill indices: [22, 20, 13, 16, 36]
2025-09-09 17:32:47,864 - __main__ - INFO -     - Skill 36: emp= 20.43  E[1/(1-p)]: 46.26  p_stay=0.978
2025-09-09 17:32:47,864 - __main__ - INFO -     - Skill 30: emp=  0.00  E[1/(1-p)]: 44.82  p_stay=0.978
2025-09-09 17:32:47,864 - __main__ - INFO -     - Skill 29: emp= 22.63  E[1/(1-p)]: 43.12  p_stay=0.977
2025-09-09 17:32:47,864 - __main__ - INFO -     - Skill 25: emp=  0.00  E[1/(1-p)]: 42.79  p_stay=0.977
2025-09-09 17:32:47,864 - __main__ - INFO -     - Skill 16: emp= 19.83  E[1/(1-p)]: 40.16  p_stay=0.975
2025-09-09 17:32:47,864 - __main__ - INFO - 🖼️  Rendering HMM visualizations for round 3
2025-09-09 17:34:01,356 - __main__ - INFO - 💾 Saved HMM posterior → checkpoints_hmm/hmm_round3.pt
2025-09-09 17:34:01,357 - __main__ - INFO - 🤗 Uploading HMM round 3 to HuggingFace: CatkinChen/nethack-hmm
2025-09-09 17:34:06,475 - __main__ - INFO - ✅ HMM uploaded to: https://huggingface.co/CatkinChen/nethack-hmm
2025-09-09 17:34:06,475 - __main__ - INFO - ========== EM Round 3/4: M-step ==========
2025-09-09 17:34:06,475 - __main__ - INFO - 🔧 Fine-tuning VAE with HMM prior for 1 epochs...
2025-09-09 17:34:06,475 - __main__ - INFO - 📊 M-step 3 parameter schedule:
2025-09-09 17:34:06,475 - __main__ - INFO -   - prior_blend_alpha: 0.600 → 1.000 (cosine)
2025-09-09 17:34:06,475 - __main__ - INFO -   - mi_beta: 0.467 → 0.600 (linear)
2025-09-09 17:34:06,475 - __main__ - INFO -   - tc_beta: 0.133 → 0.200 (linear)
2025-09-09 17:34:06,475 - __main__ - INFO -   - dw_beta: 0.833 → 1.000 (linear)
2025-09-09 17:34:07,226 - __main__ - INFO - Weights & Biases initialized
2025-09-09 17:34:07,227 - __main__ - INFO - 🔥Training MultiModalHackVAE with 100 train batches, 20 test batches
2025-09-09 17:34:07,227 - __main__ - INFO -    Epochs: 1
2025-09-09 17:34:07,227 - __main__ - INFO -    Batch size: 32
2025-09-09 17:34:07,227 - __main__ - INFO -    Sequence size: 32
2025-09-09 17:34:07,227 - __main__ - INFO -    Device: cuda
2025-09-09 17:34:07,227 - __main__ - INFO -    Mixed Precision: BF16 = False
2025-09-09 17:34:07,227 - __main__ - INFO -    LR Scheduler: constant
2025-09-09 17:34:07,227 - __main__ - INFO -    Shuffle batches: True
2025-09-09 17:34:07,227 - __main__ - INFO -    Shuffle within batch: False
2025-09-09 17:34:07,228 - __main__ - INFO -    VAE Configuration:
2025-09-09 17:34:07,228 - __main__ - INFO -      - Latent dimension: 96
2025-09-09 17:34:07,228 - __main__ - INFO -      - Encoder dropout: 0.1
2025-09-09 17:34:07,228 - __main__ - INFO -      - Decoder dropout: 0.1
2025-09-09 17:34:07,228 - __main__ - INFO -    Adaptive Loss Weighting:
2025-09-09 17:34:07,228 - __main__ - INFO -      - MI beta: 0.467 → 0.600
2025-09-09 17:34:07,228 - __main__ - INFO -      - TC beta: 0.133 → 0.200
2025-09-09 17:34:07,228 - __main__ - INFO -      - DW beta: 0.833 → 1.000
2025-09-09 17:34:07,228 - __main__ - INFO -      - Blend alpha: 0.600 → 1.000
2025-09-09 17:34:07,228 - __main__ - INFO -      - Warmup epochs: 0 out of 1 total epochs
2025-09-09 17:34:07,229 - __main__ - INFO -    Free bits: 0.75
2025-09-09 17:34:07,229 - __main__ - INFO -    Focal loss: alpha=0.5, gamma=2.0
2025-09-09 17:34:07,229 - __main__ - INFO -    Early Stopping:
2025-09-09 17:34:07,229 - __main__ - INFO -      - Enabled: False
2025-09-09 17:34:07,229 - __main__ - INFO -    HMM Prior: Enabled
2025-09-09 17:34:07,258 - __main__ - INFO - 🔧 Using FP32 precision training
2025-09-09 17:34:07,259 - __main__ - INFO - Model has latent dimension: 96
2025-09-09 17:34:07,259 - __main__ - INFO - 🎯 Starting training for 1 epochs (starting from epoch 0)...
2025-09-09 17:34:07,259 - __main__ - INFO -    Total training steps: 100
2025-09-09 17:34:07,259 - __main__ - INFO -    Warmup steps: 20
2025-09-09 17:34:07,259 - __main__ - INFO - 🎯 Epoch 1/1 - Starting epoch...
2025-09-09 17:34:07,260 - __main__ - DEBUG - Shuffled 100 training batches for epoch 1
2025-09-09 17:34:07,260 - __main__ - DEBUG - Shuffled 20 testing batches for epoch 1
2025-09-09 17:34:07,849 - __main__ - DEBUG - Step 0/100 - Adaptive weights: mi_beta=0.467, tc_beta=0.133, dw_beta=0.833, blend_alpha=0.600
2025-09-09 17:37:20,167 - __main__ - DEBUG - Step 100/100 - Adaptive weights: mi_beta=0.600, tc_beta=0.200, dw_beta=1.000, blend_alpha=1.000
2025-09-09 17:37:21,690 - __main__ - DEBUG - Step 100/100 - Adaptive weights: mi_beta=0.600, tc_beta=0.200, dw_beta=1.000, blend_alpha=1.000
2025-09-09 17:37:23,219 - __main__ - DEBUG - Step 100/100 - Adaptive weights: mi_beta=0.600, tc_beta=0.200, dw_beta=1.000, blend_alpha=1.000
2025-09-09 17:37:24,728 - __main__ - DEBUG - Step 100/100 - Adaptive weights: mi_beta=0.600, tc_beta=0.200, dw_beta=1.000, blend_alpha=1.000
2025-09-09 17:37:26,210 - __main__ - DEBUG - Step 100/100 - Adaptive weights: mi_beta=0.600, tc_beta=0.200, dw_beta=1.000, blend_alpha=1.000
2025-09-09 17:37:27,794 - __main__ - DEBUG - Step 100/100 - Adaptive weights: mi_beta=0.600, tc_beta=0.200, dw_beta=1.000, blend_alpha=1.000
2025-09-09 17:37:29,301 - __main__ - DEBUG - Step 100/100 - Adaptive weights: mi_beta=0.600, tc_beta=0.200, dw_beta=1.000, blend_alpha=1.000
2025-09-09 17:37:30,839 - __main__ - DEBUG - Step 100/100 - Adaptive weights: mi_beta=0.600, tc_beta=0.200, dw_beta=1.000, blend_alpha=1.000
2025-09-09 17:37:32,342 - __main__ - DEBUG - Step 100/100 - Adaptive weights: mi_beta=0.600, tc_beta=0.200, dw_beta=1.000, blend_alpha=1.000
2025-09-09 17:37:33,820 - __main__ - DEBUG - Step 100/100 - Adaptive weights: mi_beta=0.600, tc_beta=0.200, dw_beta=1.000, blend_alpha=1.000
2025-09-09 17:37:35,109 - __main__ - DEBUG - Step 100/100 - Adaptive weights: mi_beta=0.600, tc_beta=0.200, dw_beta=1.000, blend_alpha=1.000
2025-09-09 17:37:36,718 - __main__ - DEBUG - Step 100/100 - Adaptive weights: mi_beta=0.600, tc_beta=0.200, dw_beta=1.000, blend_alpha=1.000
2025-09-09 17:37:38,239 - __main__ - DEBUG - Step 100/100 - Adaptive weights: mi_beta=0.600, tc_beta=0.200, dw_beta=1.000, blend_alpha=1.000
2025-09-09 17:37:39,794 - __main__ - DEBUG - Step 100/100 - Adaptive weights: mi_beta=0.600, tc_beta=0.200, dw_beta=1.000, blend_alpha=1.000
2025-09-09 17:37:41,375 - __main__ - DEBUG - Step 100/100 - Adaptive weights: mi_beta=0.600, tc_beta=0.200, dw_beta=1.000, blend_alpha=1.000
2025-09-09 17:37:42,974 - __main__ - DEBUG - Step 100/100 - Adaptive weights: mi_beta=0.600, tc_beta=0.200, dw_beta=1.000, blend_alpha=1.000
2025-09-09 17:37:44,436 - __main__ - DEBUG - Step 100/100 - Adaptive weights: mi_beta=0.600, tc_beta=0.200, dw_beta=1.000, blend_alpha=1.000
2025-09-09 17:37:45,918 - __main__ - DEBUG - Step 100/100 - Adaptive weights: mi_beta=0.600, tc_beta=0.200, dw_beta=1.000, blend_alpha=1.000
2025-09-09 17:37:47,403 - __main__ - DEBUG - Step 100/100 - Adaptive weights: mi_beta=0.600, tc_beta=0.200, dw_beta=1.000, blend_alpha=1.000
2025-09-09 17:37:48,860 - __main__ - DEBUG - Step 100/100 - Adaptive weights: mi_beta=0.600, tc_beta=0.200, dw_beta=1.000, blend_alpha=1.000
2025-09-09 17:37:49,723 - __main__ - DEBUG - Step 100/100 - Adaptive weights: mi_beta=0.600, tc_beta=0.200, dw_beta=1.000, blend_alpha=1.000
2025-09-09 17:37:49,724 - __main__ - INFO - 
=== Epoch 1/1 Summary ===
2025-09-09 17:37:49,724 - __main__ - INFO - Average Train Loss: 3879.480 | Average Test Loss: 2774.178
2025-09-09 17:37:49,724 - __main__ - INFO - Current KL Betas: mi=0.600, tc=0.200, dw=1.000, blend_alpha=1.000
2025-09-09 17:37:49,724 - __main__ - INFO - Global Step: 100/100 (100.0%)
2025-09-09 17:37:49,724 - __main__ - INFO - Final Training Batch Details:
2025-09-09 17:37:49,724 - __main__ - INFO -   Raw Losses: hero_loc: 2.885 | occupy: 1642.370 | bag: 445.911 | stats: 72.422 | msg: 25.042 | ego_char: 29.371 | ego_color: 123.790 | ego_class: 29.890 | passability: 0.598 | reward: 32.483 | done: 0.008 | value_k: 5.363 | safety: 0.667 | goal: 0.322 | forward: 46.350 | inverse: 2.927
2025-09-09 17:37:49,724 - __main__ - INFO - Final Testing Batch Details:
2025-09-09 17:37:49,725 - __main__ - INFO -   Raw Losses: hero_loc: 2.215 | occupy: 1520.361 | bag: 419.190 | stats: 73.902 | msg: 31.427 | ego_char: 29.216 | ego_color: 109.132 | ego_class: 30.627 | passability: 0.587 | reward: 16.404 | done: 0.007 | value_k: 2.258 | safety: 0.663 | goal: 0.140 | forward: 30.897 | inverse: 3.123
2025-09-09 17:37:49,725 - __main__ - INFO - Variance of model output (mu): 0.1064, 0.0722, 0.1165, 0.1401, 0.0916, 0.1013, 0.1123, 0.1082, 0.1363, 0.0906, 0.1267, 0.0886, 0.1144, 0.0766, 0.1065, 0.0856, 0.0826, 0.0823, 0.0640, 0.0768, 0.0761, 0.0761, 0.0745, 0.0732, 0.0656, 0.0836, 0.0695, 0.0723, 0.0750, 0.0743, 0.0687, 0.0731, 0.0827, 0.0817, 0.0818, 0.0841, 0.0726, 0.0593, 0.0572, 0.0760, 0.0625, 0.0796, 0.0917, 0.0607, 0.0781, 0.0720, 0.0775, 0.0811, 0.0776, 0.0754, 0.0797, 0.0709, 0.0845, 0.0785, 0.0787, 0.0591, 0.0764, 0.0728, 0.0819, 0.0815, 0.0732, 0.0811, 0.0572, 0.0699, 0.0801, 0.0672, 0.0737, 0.0694, 0.0780, 0.0777, 0.0628, 0.0774, 0.0715, 0.0738, 0.0696, 0.0745, 0.0852, 0.0759, 0.0718, 0.0760, 0.0734, 0.0655, 0.0847, 0.0648, 0.0791, 0.0864, 0.0652, 0.0685, 0.0709, 0.0791, 0.0945, 0.0771, 0.0795, 0.0692, 0.0690, 0.0784
2025-09-09 17:37:49,725 - __main__ - INFO - Per-dim KL: 2.7204, 0.5522, 2.7446, 2.2855, 2.1247, 0.5630, 3.5700, 0.6755, 7.4544, 2.1891, 4.6675, 1.1638, 7.2506, 0.5069, 0.7223, 0.8135, 0.6070, 0.6774, 0.6419, 0.5819, 0.6430, 0.7180, 0.2680, 0.5288, 0.7293, 0.4977, 0.6908, 0.5031, 0.4570, 0.3972, 0.5970, 0.5911, 0.6372, 0.4710, 0.5930, 0.6005, 0.5697, 0.7248, 0.7360, 0.6215, 0.7134, 0.6244, 0.5067, 0.4567, 0.6386, 0.6155, 0.5478, 0.4896, 0.6643, 0.5721, 0.5946, 0.6630, 0.6569, 0.4982, 0.4016, 0.5758, 0.5607, 0.3938, 0.5336, 0.5039, 0.5326, 0.5742, 0.7773, 0.6551, 0.4467, 0.5537, 0.4778, 0.4080, 0.3726, 0.6335, 0.5260, 0.5489, 0.5491, 0.6030, 0.4499, 0.2893, 0.6411, 0.4130, 0.6436, 0.5546, 0.5803, 0.5345, 0.6667, 0.5975, 0.4272, 0.4084, 0.7026, 0.6776, 0.4943, 0.4332, 0.6228, 0.5152, 0.5022, 0.6128, 0.4804, 0.5278
2025-09-09 17:37:49,725 - __main__ - INFO - Eigenvalues of latent space: 0.5232, 0.4434, 0.4026, 0.3650, 0.3532, 0.3458, 0.3379, 0.3229, 0.3072, 0.2998, 0.2879, 0.2862, 0.2711, 0.2639, 0.2520, 0.2483, 0.2411, 0.2338, 0.2306, 0.2245, 0.2200, 0.2148, 0.2107, 0.2042, 0.2000, 0.1978, 0.1953, 0.1880, 0.1850, 0.1821, 0.1790, 0.1759, 0.1732, 0.1672, 0.1641, 0.1602, 0.1588, 0.1560, 0.1544, 0.1520, 0.1503, 0.1485, 0.1422, 0.1411, 0.1398, 0.1358, 0.1323, 0.1318, 0.1279, 0.1260, 0.1247, 0.1212, 0.1190, 0.1186, 0.1162, 0.1151, 0.1133, 0.1122, 0.1099, 0.1069, 0.1066, 0.1050, 0.1040, 0.1027, 0.1004, 0.0971, 0.0968, 0.0953, 0.0935, 0.0925, 0.0900, 0.0892, 0.0879, 0.0868, 0.0847, 0.0840, 0.0819, 0.0816, 0.0783, 0.0774, 0.0771, 0.0764, 0.0760, 0.0738, 0.0721, 0.0693, 0.0688, 0.0680, 0.0667, 0.0638, 0.0638, 0.0610, 0.0598, 0.0588, 0.0561, 0.0543
2025-09-09 17:37:49,726 - __main__ - INFO - KL Eigenvalues: 0.0855, 0.1284, 0.1562, 0.1865, 0.1970, 0.2038, 0.2115, 0.2266, 0.2438, 0.2522, 0.2665, 0.2686, 0.2882, 0.2980, 0.3152, 0.3207, 0.3318, 0.3436, 0.3489, 0.3592, 0.3670, 0.3764, 0.3840, 0.3965, 0.4048, 0.4091, 0.4144, 0.4296, 0.4362, 0.4426, 0.4496, 0.4568, 0.4633, 0.4779, 0.4858, 0.4957, 0.4995, 0.5069, 0.5112, 0.5180, 0.5228, 0.5280, 0.5464, 0.5496, 0.5536, 0.5661, 0.5775, 0.5792, 0.5923, 0.5987, 0.6034, 0.6157, 0.6240, 0.6251, 0.6343, 0.6386, 0.6454, 0.6498, 0.6588, 0.6714, 0.6727, 0.6792, 0.6835, 0.6895, 0.6993, 0.7144, 0.7158, 0.7228, 0.7315, 0.7365, 0.7488, 0.7531, 0.7596, 0.7656, 0.7769, 0.7807, 0.7919, 0.7939, 0.8125, 0.8181, 0.8199, 0.8239, 0.8264, 0.8400, 0.8507, 0.8690, 0.8724, 0.8780, 0.8869, 0.9076, 0.9079, 0.9287, 0.9386, 0.9463, 0.9686, 0.9834
2025-09-09 17:37:49,726 - __main__ - INFO - Variance explained by eigenvalues: 0.0342, 0.0631, 0.0894, 0.1132, 0.1363, 0.1589, 0.1809, 0.2020, 0.2221, 0.2417, 0.2605, 0.2792, 0.2969, 0.3141, 0.3306, 0.3468, 0.3625, 0.3778, 0.3928, 0.4075, 0.4219, 0.4359, 0.4497, 0.4630, 0.4760, 0.4890, 0.5017, 0.5140, 0.5261, 0.5380, 0.5497, 0.5611, 0.5725, 0.5834, 0.5941, 0.6045, 0.6149, 0.6251, 0.6352, 0.6451, 0.6549, 0.6646, 0.6739, 0.6831, 0.6922, 0.7011, 0.7098, 0.7184, 0.7267, 0.7349, 0.7431, 0.7510, 0.7588, 0.7665, 0.7741, 0.7816, 0.7890, 0.7963, 0.8035, 0.8105, 0.8175, 0.8243, 0.8311, 0.8378, 0.8444, 0.8507, 0.8570, 0.8633, 0.8694, 0.8754, 0.8813, 0.8871, 0.8929, 0.8985, 0.9041, 0.9095, 0.9149, 0.9202, 0.9253, 0.9304, 0.9354, 0.9404, 0.9454, 0.9502, 0.9549, 0.9594, 0.9639, 0.9684, 0.9727, 0.9769, 0.9811, 0.9850, 0.9890, 0.9928, 0.9965, 1.0000
2025-09-09 17:37:49,726 - __main__ - INFO - ==================================================
2025-09-09 17:37:49,726 - __main__ - INFO - 
✅ MultiModalVAE training completed!
2025-09-09 17:37:49,726 - __main__ - INFO -   - Completed all 1 epochs
2025-09-09 17:37:49,726 - __main__ - INFO -   - Final train loss: 3879.4805
2025-09-09 17:37:49,726 - __main__ - INFO -   - Final test loss: 2774.1784
2025-09-09 17:37:49,750 - __main__ - INFO - 💾 Model saved locally: checkpoints_hmm/vae_hmm_round3_temp.pth
2025-09-09 17:37:50,717 - __main__ - DEBUG - 🗑️  Removed temporary file: checkpoints_hmm/vae_hmm_round3_temp.pth
2025-09-09 17:37:50,717 - __main__ - INFO - ✅ M-step completed: final_train_loss=3879.4805, final_test_loss=2774.1784
2025-09-09 17:37:50,745 - __main__ - INFO - 💾 Saved VAE+HMM → checkpoints_hmm/vae_with_hmm_round3.pt
2025-09-09 17:37:50,745 - __main__ - INFO - 🤗 Uploading VAE+HMM round 3 to HuggingFace: CatkinChen/nethack-vae-hmm
2025-09-09 17:37:58,739 - huggingface_hub.hf_api - WARNING - No files have been modified since last commit. Skipping to prevent empty commit.
2025-09-09 17:38:04,396 - __main__ - INFO - ✅ VAE+HMM uploaded to: https://huggingface.co/CatkinChen/nethack-vae-hmm
2025-09-09 17:38:08,157 - __main__ - INFO - ========== EM Round 4/4: E-step ==========
2025-09-09 17:38:08,157 - __main__ - INFO -    - Resetting HMM to prior
2025-09-09 17:39:20,866 - __main__ - DEBUG - Initial ELBO: -11743670.6118
2025-09-09 17:39:20,866 - __main__ - DEBUG - Relative tol: 0.0100
2025-09-09 17:39:20,866 - __main__ - DEBUG - Relative elbo_drop_tol: 0.0100
2025-09-09 17:39:20,867 - __main__ - DEBUG - - Init -118.0441
2025-09-09 17:39:20,867 - __main__ - DEBUG - - Trans -186007.8110
2025-09-09 17:39:20,867 - __main__ - DEBUG - - Emit -11553241.8438
2025-09-09 17:39:20,867 - __main__ - DEBUG - - Entropy 1104.3104
2025-09-09 17:39:20,867 - __main__ - DEBUG - - Dir 0.0000
2025-09-09 17:39:20,867 - __main__ - DEBUG - - NIW -5392.4678
2025-09-09 17:39:20,867 - __main__ - DEBUG - - Beta prior -14.7555
2025-09-09 17:40:06,489 - __main__ - DEBUG - Iter 0: ELBO after FB: -11743670.6118 (LL -11738263.3885, Δ=0.0000)
2025-09-09 17:40:06,528 - __main__ - DEBUG - Iter 0: ELBO after NIW update: -1415445.0903 (Emit LL -662160.7275, NIW term -568248.0625, Δ=10328225.5215)
2025-09-09 17:40:06,566 - __main__ - DEBUG - Iter 0: ELBO after Dirichlet update: -1239448.8004 (Trans LL -8379.5016, Dir term -1632.0195, Δ=175996.2899)
2025-09-09 17:40:53,693 - __main__ - DEBUG - Iter 1: ELBO after FB: -1215863.9367 (LL -645969.0992, Δ=23584.8637)
2025-09-09 17:40:53,732 - __main__ - DEBUG - Iter 1: ELBO after NIW update: -1149435.1398 (Emit LL -652235.7607, NIW term -485574.2812, Δ=66428.7969)
2025-09-09 17:40:53,772 - __main__ - DEBUG - Iter 1: ELBO after Dirichlet update: -1148724.4855 (Trans LL -10423.9789, Dir term -1579.3477, Δ=710.6543)
2025-09-09 17:41:42,716 - __main__ - DEBUG - Iter 2: ELBO after FB: -1108862.6475 (LL -621694.2631, Δ=39861.8380)
2025-09-09 17:41:42,755 - __main__ - DEBUG - Iter 2: ELBO after NIW update: -983699.7403 (Emit LL -615346.7803, NIW term -357279.3125, Δ=125162.9072)
2025-09-09 17:41:42,793 - __main__ - DEBUG - Iter 2: ELBO after Dirichlet update: -983169.5006 (Trans LL -10204.0284, Dir term -1493.7383, Δ=530.2397)
2025-09-09 17:42:31,670 - __main__ - DEBUG - Iter 3: ELBO after FB: -966710.2167 (LL -607922.4104, Δ=16459.2840)
2025-09-09 17:42:31,708 - __main__ - DEBUG - Iter 3: ELBO after NIW update: -911069.1796 (Emit LL -607167.8867, NIW term -293518.6562, Δ=55641.0371)
2025-09-09 17:42:31,746 - __main__ - DEBUG - Iter 3: ELBO after Dirichlet update: -910874.5082 (Trans LL -9860.8726, Dir term -1450.5059, Δ=194.6713)
2025-09-09 17:43:20,104 - __main__ - DEBUG - Iter 4: ELBO after FB: -897305.6528 (LL -602321.7351, Δ=13568.8555)
2025-09-09 17:43:20,142 - __main__ - DEBUG - Iter 4: ELBO after NIW update: -874410.5326 (Emit LL -595248.2402, NIW term -269076.1250, Δ=22895.1201)
2025-09-09 17:43:20,180 - __main__ - DEBUG - Iter 4: ELBO after Dirichlet update: -874332.5867 (Trans LL -9664.9557, Dir term -1422.8398, Δ=77.9459)
2025-09-09 17:44:07,325 - __main__ - DEBUG - Iter 5: ELBO after FB: -871142.7886 (LL -600629.0683, Δ=3189.7981)
2025-09-09 17:44:07,364 - __main__ - DEBUG - Iter 5: ELBO after NIW update: -856268.9312 (Emit LL -595366.1318, NIW term -251105.0312, Δ=14873.8574)
2025-09-09 17:44:07,402 - __main__ - DEBUG - Iter 5: ELBO after Dirichlet update: -856237.9693 (Trans LL -9460.0468, Dir term -1410.6074, Δ=30.9619)
2025-09-09 17:44:54,973 - __main__ - DEBUG - Iter 6: ELBO after FB: -852162.5716 (LL -599632.1774, Δ=4075.3977)
2025-09-09 17:44:55,012 - __main__ - DEBUG - Iter 6: ELBO after NIW update: -844216.3138 (Emit LL -592314.7109, NIW term -242106.3594, Δ=7946.2578)
2025-09-09 17:44:55,050 - __main__ - DEBUG - Iter 6: ELBO after Dirichlet update: -844199.3851 (Trans LL -9472.5802, Dir term -1405.3398, Δ=16.9287)
2025-09-09 17:45:42,326 - __main__ - DEBUG - Iter 7: ELBO after FB: -842470.8641 (LL -598944.4093, Δ=1728.5210)
2025-09-09 17:45:42,365 - __main__ - DEBUG - Iter 7: ELBO after NIW update: -835537.6336 (Emit LL -592606.1699, NIW term -233212.6562, Δ=6933.2305)
2025-09-09 17:45:42,403 - __main__ - DEBUG - Iter 7: ELBO after Dirichlet update: -835516.0041 (Trans LL -9393.2792, Dir term -1401.1475, Δ=21.6295)
2025-09-09 17:46:29,469 - __main__ - DEBUG - Iter 8: ELBO after FB: -832236.1783 (LL -597607.6191, Δ=3279.8258)
2025-09-09 17:46:29,507 - __main__ - DEBUG - Iter 8: ELBO after NIW update: -830028.3345 (Emit LL -589243.8154, NIW term -231065.8594, Δ=2207.8438)
2025-09-09 17:46:29,545 - __main__ - DEBUG - Iter 8: ELBO after Dirichlet update: -830011.9345 (Trans LL -9392.2310, Dir term -1398.2393, Δ=16.4000)
2025-09-09 17:46:29,546 - __main__ - DEBUG - Early stopping: ELBO improvement 5504.0696 < tolerance
2025-09-09 17:47:25,723 - __main__ - INFO - [E-step] Multi-batch 1/1 (x100 batches) - HMM Diagnostics:
2025-09-09 17:47:25,723 - __main__ - INFO -   - Avg log-likelihood per step: -6.4523
2025-09-09 17:47:25,723 - __main__ - INFO -   - Inner ELBO (final): -830011.9345
2025-09-09 17:47:25,723 - __main__ - INFO -   - ELBO progression (9 iters): [-1239448.75, ..., -830011.94] (Δ=409436.8125)
2025-09-09 17:47:25,723 - __main__ - INFO -   - Effective number of skills: 10.64
2025-09-09 17:47:25,723 - __main__ - INFO -   - State entropy: 0.050
2025-09-09 17:47:25,723 - __main__ - INFO -   - Transition stickiness: 0.954
2025-09-09 17:47:25,723 - __main__ - INFO -   - Top 5 skills: [13, 33, 37, 7, 6] (probs: ['0.142', '0.136', '0.115', '0.113', '0.110'])
2025-09-09 17:47:25,723 - __main__ - INFO -   - Combined time length: 3200 (original T=32, multiples=100)
2025-09-09 17:47:25,726 - __main__ - INFO - 🔍 Computing HMM diagnostics...
2025-09-09 17:48:33,388 - __main__ - INFO - 📊 HMM Diagnostics for Round 4:
2025-09-09 17:48:33,388 - __main__ - INFO -   - Avg log-likelihood per step: -6.5648
2025-09-09 17:48:33,388 - __main__ - INFO -   - State entropy: 0.0638
2025-09-09 17:48:33,388 - __main__ - INFO -   - Effective number of skills: 10.65
2025-09-09 17:48:33,388 - __main__ - INFO -   - Transition stickiness (diag): 0.9542
2025-09-09 17:48:33,388 - __main__ - INFO -   - Top 5 skill occupancies: [0.1427278071641922, 0.1357094794511795, 0.11346346139907837, 0.1132245659828186, 0.1090807169675827]
2025-09-09 17:48:33,388 - __main__ - INFO -   - Top 5 skill indices: [13, 33, 37, 7, 6]
2025-09-09 17:48:33,388 - __main__ - INFO -     - Skill 6: emp= 24.33  E[1/(1-p)]: 80.06  p_stay=0.988
2025-09-09 17:48:33,388 - __main__ - INFO -     - Skill 21: emp= 23.38  E[1/(1-p)]: 79.84  p_stay=0.987
2025-09-09 17:48:33,389 - __main__ - INFO -     - Skill 32: emp= 26.61  E[1/(1-p)]: 64.67  p_stay=0.985
2025-09-09 17:48:33,389 - __main__ - INFO -     - Skill 4: emp= 26.21  E[1/(1-p)]: 55.84  p_stay=0.982
2025-09-09 17:48:33,389 - __main__ - INFO -     - Skill 20: emp= 23.02  E[1/(1-p)]: 52.20  p_stay=0.981
2025-09-09 17:48:33,389 - __main__ - INFO - 🖼️  Rendering HMM visualizations for round 4
2025-09-09 17:49:48,068 - __main__ - INFO - 💾 Saved HMM posterior → checkpoints_hmm/hmm_round4.pt
2025-09-09 17:49:48,068 - __main__ - INFO - 🤗 Uploading HMM round 4 to HuggingFace: CatkinChen/nethack-hmm
2025-09-09 17:49:53,528 - __main__ - INFO - ✅ HMM uploaded to: https://huggingface.co/CatkinChen/nethack-hmm
2025-09-09 17:49:53,528 - __main__ - INFO - ========== EM Round 4/4: M-step ==========
2025-09-09 17:49:53,528 - __main__ - INFO - 🔧 Fine-tuning VAE with HMM prior for 1 epochs...
2025-09-09 17:49:53,528 - __main__ - INFO - 📊 M-step 4 parameter schedule:
2025-09-09 17:49:53,528 - __main__ - INFO -   - prior_blend_alpha: 1.000 → 1.000 (constant)
2025-09-09 17:49:53,528 - __main__ - INFO -   - mi_beta: 0.600 → 0.600 (linear)
2025-09-09 17:49:53,528 - __main__ - INFO -   - tc_beta: 0.200 → 0.200 (linear)
2025-09-09 17:49:53,528 - __main__ - INFO -   - dw_beta: 1.000 → 1.000 (linear)
2025-09-09 17:49:54,213 - __main__ - INFO - Weights & Biases initialized
2025-09-09 17:49:54,214 - __main__ - INFO - 🔥Training MultiModalHackVAE with 100 train batches, 20 test batches
2025-09-09 17:49:54,214 - __main__ - INFO -    Epochs: 1
2025-09-09 17:49:54,214 - __main__ - INFO -    Batch size: 32
2025-09-09 17:49:54,214 - __main__ - INFO -    Sequence size: 32
2025-09-09 17:49:54,214 - __main__ - INFO -    Device: cuda
2025-09-09 17:49:54,214 - __main__ - INFO -    Mixed Precision: BF16 = False
2025-09-09 17:49:54,214 - __main__ - INFO -    LR Scheduler: constant
2025-09-09 17:49:54,214 - __main__ - INFO -    Shuffle batches: True
2025-09-09 17:49:54,215 - __main__ - INFO -    Shuffle within batch: False
2025-09-09 17:49:54,215 - __main__ - INFO -    VAE Configuration:
2025-09-09 17:49:54,215 - __main__ - INFO -      - Latent dimension: 96
2025-09-09 17:49:54,215 - __main__ - INFO -      - Encoder dropout: 0.1
2025-09-09 17:49:54,215 - __main__ - INFO -      - Decoder dropout: 0.1
2025-09-09 17:49:54,215 - __main__ - INFO -    Adaptive Loss Weighting:
2025-09-09 17:49:54,215 - __main__ - INFO -      - MI beta: 0.600 → 0.600
2025-09-09 17:49:54,215 - __main__ - INFO -      - TC beta: 0.200 → 0.200
2025-09-09 17:49:54,215 - __main__ - INFO -      - DW beta: 1.000 → 1.000
2025-09-09 17:49:54,215 - __main__ - INFO -      - Blend alpha: 1.000 → 1.000
2025-09-09 17:49:54,215 - __main__ - INFO -      - Warmup epochs: 0 out of 1 total epochs
2025-09-09 17:49:54,216 - __main__ - INFO -    Free bits: 0.75
2025-09-09 17:49:54,216 - __main__ - INFO -    Focal loss: alpha=0.5, gamma=2.0
2025-09-09 17:49:54,216 - __main__ - INFO -    Early Stopping:
2025-09-09 17:49:54,216 - __main__ - INFO -      - Enabled: False
2025-09-09 17:49:54,216 - __main__ - INFO -    HMM Prior: Enabled
2025-09-09 17:49:54,256 - __main__ - INFO - 🔧 Using FP32 precision training
2025-09-09 17:49:54,257 - __main__ - INFO - Model has latent dimension: 96
2025-09-09 17:49:54,257 - __main__ - INFO - 🎯 Starting training for 1 epochs (starting from epoch 0)...
2025-09-09 17:49:54,257 - __main__ - INFO -    Total training steps: 100
2025-09-09 17:49:54,257 - __main__ - INFO -    Warmup steps: 20
2025-09-09 17:49:54,257 - __main__ - INFO - 🎯 Epoch 1/1 - Starting epoch...
2025-09-09 17:49:54,258 - __main__ - DEBUG - Shuffled 100 training batches for epoch 1
2025-09-09 17:49:54,258 - __main__ - DEBUG - Shuffled 20 testing batches for epoch 1
2025-09-09 17:49:54,886 - __main__ - DEBUG - Step 0/100 - Adaptive weights: mi_beta=0.600, tc_beta=0.200, dw_beta=1.000, blend_alpha=1.000
2025-09-09 17:53:08,290 - __main__ - DEBUG - Step 100/100 - Adaptive weights: mi_beta=0.600, tc_beta=0.200, dw_beta=1.000, blend_alpha=1.000
2025-09-09 17:53:09,808 - __main__ - DEBUG - Step 100/100 - Adaptive weights: mi_beta=0.600, tc_beta=0.200, dw_beta=1.000, blend_alpha=1.000
2025-09-09 17:53:11,333 - __main__ - DEBUG - Step 100/100 - Adaptive weights: mi_beta=0.600, tc_beta=0.200, dw_beta=1.000, blend_alpha=1.000
2025-09-09 17:53:12,848 - __main__ - DEBUG - Step 100/100 - Adaptive weights: mi_beta=0.600, tc_beta=0.200, dw_beta=1.000, blend_alpha=1.000
2025-09-09 17:53:14,334 - __main__ - DEBUG - Step 100/100 - Adaptive weights: mi_beta=0.600, tc_beta=0.200, dw_beta=1.000, blend_alpha=1.000
2025-09-09 17:53:15,925 - __main__ - DEBUG - Step 100/100 - Adaptive weights: mi_beta=0.600, tc_beta=0.200, dw_beta=1.000, blend_alpha=1.000
2025-09-09 17:53:17,436 - __main__ - DEBUG - Step 100/100 - Adaptive weights: mi_beta=0.600, tc_beta=0.200, dw_beta=1.000, blend_alpha=1.000
2025-09-09 17:53:18,971 - __main__ - DEBUG - Step 100/100 - Adaptive weights: mi_beta=0.600, tc_beta=0.200, dw_beta=1.000, blend_alpha=1.000
2025-09-09 17:53:20,475 - __main__ - DEBUG - Step 100/100 - Adaptive weights: mi_beta=0.600, tc_beta=0.200, dw_beta=1.000, blend_alpha=1.000
2025-09-09 17:53:21,960 - __main__ - DEBUG - Step 100/100 - Adaptive weights: mi_beta=0.600, tc_beta=0.200, dw_beta=1.000, blend_alpha=1.000
2025-09-09 17:53:23,257 - __main__ - DEBUG - Step 100/100 - Adaptive weights: mi_beta=0.600, tc_beta=0.200, dw_beta=1.000, blend_alpha=1.000
2025-09-09 17:53:24,869 - __main__ - DEBUG - Step 100/100 - Adaptive weights: mi_beta=0.600, tc_beta=0.200, dw_beta=1.000, blend_alpha=1.000
2025-09-09 17:53:26,388 - __main__ - DEBUG - Step 100/100 - Adaptive weights: mi_beta=0.600, tc_beta=0.200, dw_beta=1.000, blend_alpha=1.000
2025-09-09 17:53:27,930 - __main__ - DEBUG - Step 100/100 - Adaptive weights: mi_beta=0.600, tc_beta=0.200, dw_beta=1.000, blend_alpha=1.000
2025-09-09 17:53:29,516 - __main__ - DEBUG - Step 100/100 - Adaptive weights: mi_beta=0.600, tc_beta=0.200, dw_beta=1.000, blend_alpha=1.000
2025-09-09 17:53:31,109 - __main__ - DEBUG - Step 100/100 - Adaptive weights: mi_beta=0.600, tc_beta=0.200, dw_beta=1.000, blend_alpha=1.000
2025-09-09 17:53:32,561 - __main__ - DEBUG - Step 100/100 - Adaptive weights: mi_beta=0.600, tc_beta=0.200, dw_beta=1.000, blend_alpha=1.000
2025-09-09 17:53:34,032 - __main__ - DEBUG - Step 100/100 - Adaptive weights: mi_beta=0.600, tc_beta=0.200, dw_beta=1.000, blend_alpha=1.000
2025-09-09 17:53:35,505 - __main__ - DEBUG - Step 100/100 - Adaptive weights: mi_beta=0.600, tc_beta=0.200, dw_beta=1.000, blend_alpha=1.000
2025-09-09 17:53:36,959 - __main__ - DEBUG - Step 100/100 - Adaptive weights: mi_beta=0.600, tc_beta=0.200, dw_beta=1.000, blend_alpha=1.000
2025-09-09 17:53:37,817 - __main__ - DEBUG - Step 100/100 - Adaptive weights: mi_beta=0.600, tc_beta=0.200, dw_beta=1.000, blend_alpha=1.000
2025-09-09 17:53:37,818 - __main__ - INFO - 
=== Epoch 1/1 Summary ===
2025-09-09 17:53:37,818 - __main__ - INFO - Average Train Loss: 3836.085 | Average Test Loss: 2705.558
2025-09-09 17:53:37,818 - __main__ - INFO - Current KL Betas: mi=0.600, tc=0.200, dw=1.000, blend_alpha=1.000
2025-09-09 17:53:37,818 - __main__ - INFO - Global Step: 100/100 (100.0%)
2025-09-09 17:53:37,818 - __main__ - INFO - Final Training Batch Details:
2025-09-09 17:53:37,818 - __main__ - INFO -   Raw Losses: hero_loc: 3.831 | occupy: 1644.171 | bag: 412.487 | stats: 73.451 | msg: 24.984 | ego_char: 29.204 | ego_color: 111.297 | ego_class: 31.150 | passability: 0.594 | reward: 32.717 | done: 0.012 | value_k: 5.375 | safety: 0.668 | goal: 0.312 | forward: 51.556 | inverse: 2.930
2025-09-09 17:53:37,818 - __main__ - INFO - Final Testing Batch Details:
2025-09-09 17:53:37,819 - __main__ - INFO -   Raw Losses: hero_loc: 3.187 | occupy: 1583.578 | bag: 384.913 | stats: 76.325 | msg: 31.337 | ego_char: 28.461 | ego_color: 93.183 | ego_class: 32.006 | passability: 0.584 | reward: 16.243 | done: 0.010 | value_k: 2.253 | safety: 0.668 | goal: 0.099 | forward: 34.460 | inverse: 3.121
2025-09-09 17:53:37,819 - __main__ - INFO - Variance of model output (mu): 0.0940, 0.1187, 0.0720, 0.1043, 0.1166, 0.1009, 0.1046, 0.1078, 0.1569, 0.1462, 0.0920, 0.1543, 0.0918, 0.0814, 0.0936, 0.0797, 0.0827, 0.0691, 0.0698, 0.0637, 0.0858, 0.0831, 0.0803, 0.0908, 0.0709, 0.0634, 0.0720, 0.0656, 0.0688, 0.0576, 0.0890, 0.0843, 0.0746, 0.0786, 0.0606, 0.0675, 0.0828, 0.0947, 0.0967, 0.0650, 0.0947, 0.0808, 0.0711, 0.0732, 0.0720, 0.0713, 0.0692, 0.0691, 0.0725, 0.0763, 0.0638, 0.0762, 0.0835, 0.0801, 0.0818, 0.0832, 0.0581, 0.0649, 0.0573, 0.0814, 0.0684, 0.0766, 0.0721, 0.0646, 0.0831, 0.0633, 0.0851, 0.0738, 0.1114, 0.0732, 0.0729, 0.0846, 0.0623, 0.0700, 0.0841, 0.0729, 0.0675, 0.1050, 0.0613, 0.0567, 0.0823, 0.0617, 0.0705, 0.0616, 0.0744, 0.0781, 0.0770, 0.0725, 0.0740, 0.0792, 0.0664, 0.0734, 0.0731, 0.0756, 0.0741, 0.0896
2025-09-09 17:53:37,819 - __main__ - INFO - Per-dim KL: 0.7806, 4.1734, 0.6430, 0.5778, 2.7838, 1.0767, 1.2810, 0.7333, 7.3436, 1.7752, 2.0182, 9.8351, 2.4519, 0.5019, 1.0212, 2.8362, 0.6056, 0.6337, 0.5957, 0.6870, 0.4087, 0.4698, 0.5930, 0.5742, 0.7494, 0.4672, 0.6932, 0.6204, 0.7162, 0.6406, 0.5095, 0.6111, 0.6416, 0.5741, 0.7235, 0.5239, 0.6669, 0.5735, 0.5891, 0.5766, 0.3428, 0.5029, 0.6077, 0.4596, 0.5921, 0.4692, 0.5900, 0.6157, 0.5372, 0.6390, 0.6708, 0.6127, 0.4260, 0.6115, 0.6009, 0.5377, 0.5489, 0.6482, 0.4637, 0.5420, 0.5191, 0.4697, 0.5356, 0.5883, 0.5613, 0.6817, 0.4194, 0.6178, 0.5182, 0.5706, 0.4956, 0.4299, 0.6464, 0.7429, 0.4306, 0.6080, 0.6060, 0.4684, 0.6186, 0.7193, 0.6375, 0.5670, 0.6689, 0.6763, 0.6126, 0.6014, 0.6212, 0.5213, 0.6915, 0.5400, 0.7004, 0.5284, 0.5539, 0.5060, 0.5884, 0.5756
2025-09-09 17:53:37,819 - __main__ - INFO - Eigenvalues of latent space: 0.4381, 0.4042, 0.3569, 0.3389, 0.3229, 0.3149, 0.2993, 0.2929, 0.2835, 0.2608, 0.2568, 0.2480, 0.2439, 0.2393, 0.2305, 0.2269, 0.2239, 0.2154, 0.2128, 0.2065, 0.1994, 0.1956, 0.1924, 0.1831, 0.1816, 0.1775, 0.1719, 0.1661, 0.1654, 0.1631, 0.1609, 0.1575, 0.1528, 0.1508, 0.1460, 0.1437, 0.1416, 0.1403, 0.1367, 0.1333, 0.1314, 0.1312, 0.1269, 0.1258, 0.1237, 0.1218, 0.1204, 0.1164, 0.1154, 0.1140, 0.1119, 0.1108, 0.1070, 0.1064, 0.1049, 0.1030, 0.1017, 0.1001, 0.0989, 0.0969, 0.0944, 0.0926, 0.0915, 0.0909, 0.0896, 0.0888, 0.0869, 0.0857, 0.0842, 0.0823, 0.0810, 0.0800, 0.0795, 0.0779, 0.0773, 0.0756, 0.0747, 0.0726, 0.0711, 0.0704, 0.0700, 0.0687, 0.0679, 0.0666, 0.0657, 0.0640, 0.0629, 0.0611, 0.0601, 0.0594, 0.0591, 0.0563, 0.0561, 0.0542, 0.0515, 0.0504
2025-09-09 17:53:37,820 - __main__ - INFO - KL Eigenvalues: 0.1317, 0.1550, 0.1936, 0.2105, 0.2266, 0.2352, 0.2528, 0.2604, 0.2720, 0.3025, 0.3081, 0.3212, 0.3275, 0.3346, 0.3490, 0.3551, 0.3603, 0.3753, 0.3800, 0.3920, 0.4059, 0.4136, 0.4202, 0.4404, 0.4438, 0.4532, 0.4663, 0.4807, 0.4824, 0.4883, 0.4940, 0.5029, 0.5156, 0.5212, 0.5349, 0.5419, 0.5481, 0.5522, 0.5632, 0.5742, 0.5806, 0.5810, 0.5955, 0.5995, 0.6069, 0.6135, 0.6185, 0.6337, 0.6374, 0.6429, 0.6510, 0.6553, 0.6709, 0.6734, 0.6800, 0.6879, 0.6937, 0.7010, 0.7063, 0.7154, 0.7275, 0.7359, 0.7415, 0.7446, 0.7509, 0.7552, 0.7650, 0.7713, 0.7796, 0.7900, 0.7972, 0.8028, 0.8057, 0.8153, 0.8189, 0.8292, 0.8345, 0.8476, 0.8576, 0.8620, 0.8645, 0.8734, 0.8790, 0.8881, 0.8942, 0.9067, 0.9142, 0.9279, 0.9362, 0.9416, 0.9441, 0.9667, 0.9680, 0.9849, 1.0090, 1.0186
2025-09-09 17:53:37,820 - __main__ - INFO - Variance explained by eigenvalues: 0.0318, 0.0612, 0.0871, 0.1117, 0.1352, 0.1581, 0.1798, 0.2011, 0.2217, 0.2406, 0.2593, 0.2773, 0.2950, 0.3124, 0.3291, 0.3456, 0.3619, 0.3775, 0.3930, 0.4080, 0.4225, 0.4367, 0.4507, 0.4640, 0.4772, 0.4901, 0.5026, 0.5146, 0.5266, 0.5385, 0.5502, 0.5616, 0.5727, 0.5837, 0.5943, 0.6047, 0.6150, 0.6252, 0.6351, 0.6448, 0.6544, 0.6639, 0.6731, 0.6822, 0.6912, 0.7001, 0.7088, 0.7173, 0.7257, 0.7339, 0.7421, 0.7501, 0.7579, 0.7656, 0.7733, 0.7807, 0.7881, 0.7954, 0.8026, 0.8096, 0.8165, 0.8232, 0.8298, 0.8364, 0.8430, 0.8494, 0.8557, 0.8619, 0.8681, 0.8740, 0.8799, 0.8857, 0.8915, 0.8972, 0.9028, 0.9083, 0.9137, 0.9190, 0.9241, 0.9292, 0.9343, 0.9393, 0.9443, 0.9491, 0.9539, 0.9585, 0.9631, 0.9675, 0.9719, 0.9762, 0.9805, 0.9846, 0.9887, 0.9926, 0.9963, 1.0000
2025-09-09 17:53:37,820 - __main__ - INFO - ==================================================
2025-09-09 17:53:37,820 - __main__ - INFO - 
✅ MultiModalVAE training completed!
2025-09-09 17:53:37,820 - __main__ - INFO -   - Completed all 1 epochs
2025-09-09 17:53:37,820 - __main__ - INFO -   - Final train loss: 3836.0849
2025-09-09 17:53:37,820 - __main__ - INFO -   - Final test loss: 2705.5585
2025-09-09 17:53:37,845 - __main__ - INFO - 💾 Model saved locally: checkpoints_hmm/vae_hmm_round4_temp.pth
2025-09-09 17:53:39,224 - __main__ - DEBUG - 🗑️  Removed temporary file: checkpoints_hmm/vae_hmm_round4_temp.pth
2025-09-09 17:53:39,225 - __main__ - INFO - ✅ M-step completed: final_train_loss=3836.0849, final_test_loss=2705.5585
2025-09-09 17:53:39,256 - __main__ - INFO - 💾 Saved VAE+HMM → checkpoints_hmm/vae_with_hmm_round4.pt
2025-09-09 17:53:39,256 - __main__ - INFO - 🤗 Uploading VAE+HMM round 4 to HuggingFace: CatkinChen/nethack-vae-hmm
2025-09-09 17:54:07,573 - huggingface_hub.hf_api - WARNING - No files have been modified since last commit. Skipping to prevent empty commit.
2025-09-09 17:54:12,321 - __main__ - INFO - ✅ VAE+HMM uploaded to: https://huggingface.co/CatkinChen/nethack-vae-hmm
2025-09-09 17:54:16,170 - __main__ - INFO - 
🎉 EM training completed! Summary:
2025-09-09 17:54:16,170 - __main__ - INFO -   - EM rounds: 4
2025-09-09 17:54:16,170 - __main__ - INFO -   - M-step epochs per round: 1
2025-09-09 17:54:16,170 - __main__ - INFO -   - HMM checkpoints: 4
2025-09-09 17:54:16,170 - __main__ - INFO -   - VAE+HMM checkpoints: 4
2025-09-09 17:54:16,170 - __main__ - INFO -   - HuggingFace repos:
2025-09-09 17:54:16,170 - __main__ - INFO -     * HMM: https://huggingface.co/CatkinChen/nethack-hmm
2025-09-09 17:54:16,170 - __main__ - INFO -     * VAE+HMM: https://huggingface.co/CatkinChen/nethack-vae-hmm
2025-09-09 17:54:16,170 - __main__ - INFO - 📊 Training Configuration:
2025-09-09 17:54:16,170 - __main__ - INFO -   - Mode: EM
2025-09-09 17:54:16,170 - __main__ - INFO -   - HMM params: α=5.0, κ=1.0, γ=5.0, K=40, D=96
2025-09-09 17:54:16,170 - __main__ - INFO -   - NIW params: μ₀=0.0, κ₀=1.0, Ψ₀=30.0, ν₀=106
2025-09-09 17:54:16,170 - __main__ - INFO -   - Checkpoints: HMM=4, VAE+HMM=4
2025-09-09 17:54:16,170 - __main__ - INFO -   - HF repos: HMM=CatkinChen/nethack-hmm, VAE+HMM=CatkinChen/nethack-vae-hmm
