2025-09-14 00:27:50,037 - __main__ - INFO - 🤗 Loading pretrained VAE from HuggingFace: CatkinChen/nethack-vae
2025-09-14 00:27:50,623 - __main__ - INFO - ✅ Loaded pretrained VAE checkpoint (plain prior).
2025-09-14 00:27:50,624 - __main__ - INFO - 🧠 Initializing new Sticky-HDP-HMM: latent_dim=96, skills=40
2025-09-14 00:27:50,669 - __main__ - INFO - Sticky-HDP-HMM initialized with NIW streaming rho: 1.0, transition rho: 1.0
2025-09-14 00:27:50,669 - __main__ - INFO - 🔍 Initializing NIW mean with k-means on VAE latents...
2025-09-14 00:28:07,435 - __main__ - INFO - ========== EM Round 1/4: E-step ==========
2025-09-14 00:28:59,848 - __main__ - DEBUG - Initial ELBO: -12871853.8410
2025-09-14 00:28:59,849 - __main__ - DEBUG - Relative tol: 0.0100
2025-09-14 00:28:59,849 - __main__ - DEBUG - Relative elbo_drop_tol: 0.0100
2025-09-14 00:28:59,849 - __main__ - DEBUG - - Init -118.8343
2025-09-14 00:28:59,849 - __main__ - DEBUG - - Trans -222671.7075
2025-09-14 00:28:59,849 - __main__ - DEBUG - - Emit -12648801.8125
2025-09-14 00:28:59,849 - __main__ - DEBUG - - Entropy 1495.4781
2025-09-14 00:28:59,849 - __main__ - DEBUG - - Dir 0.0000
2025-09-14 00:28:59,849 - __main__ - DEBUG - - NIW -1742.1105
2025-09-14 00:28:59,849 - __main__ - DEBUG - - Beta prior -14.8543
2025-09-14 00:29:42,522 - __main__ - DEBUG - Iter 0: ELBO after FB: -12871853.8410 (LL -12870096.8762, Δ=0.0000)
2025-09-14 00:29:42,522 - __main__ - DEBUG - First pass after reset, using full stats.
2025-09-14 00:29:42,559 - __main__ - DEBUG - Iter 0: ELBO after NIW update: -4121197.8555 (Emit LL -3545841.2500, NIW term -354046.6875, Δ=8750655.9855)
2025-09-14 00:29:42,597 - __main__ - DEBUG - Iter 0: ELBO after Dirichlet update: -3926693.8066 (Trans LL -26483.1488, Dir term -1684.5098, Δ=194504.0489)
2025-09-14 00:30:33,841 - __main__ - INFO - [E-step] Multi-batch 1/1 (x100 batches) - HMM Diagnostics:
2025-09-14 00:30:33,842 - __main__ - INFO -   - Avg log-likelihood per step: -38.5945
2025-09-14 00:30:33,842 - __main__ - INFO -   - Inner ELBO (final): -3926693.8066
2025-09-14 00:30:33,842 - __main__ - INFO -   - Effective number of skills: 38.06
2025-09-14 00:30:33,842 - __main__ - INFO -   - State entropy: 0.069
2025-09-14 00:30:33,842 - __main__ - INFO -   - Transition stickiness: 0.907
2025-09-14 00:30:33,842 - __main__ - INFO -   - Top 5 skills: [13, 3, 6, 34, 22] (probs: ['0.046', '0.045', '0.040', '0.036', '0.036'])
2025-09-14 00:30:33,842 - __main__ - INFO -   - Combined time length: 3200 (original T=32, multiples=100)
2025-09-14 00:30:33,844 - __main__ - INFO - 🔍 Computing HMM diagnostics...
2025-09-14 00:31:37,067 - __main__ - INFO - 📊 HMM Diagnostics for Round 1:
2025-09-14 00:31:37,068 - __main__ - INFO -   - Avg log-likelihood per step: -38.6940
2025-09-14 00:31:37,068 - __main__ - INFO -   - State entropy: 0.0737
2025-09-14 00:31:37,068 - __main__ - INFO -   - Effective number of skills: 38.06
2025-09-14 00:31:37,068 - __main__ - INFO -   - Transition stickiness (diag): 0.9065
2025-09-14 00:31:37,068 - __main__ - INFO -   - Top 5 skill occupancies: [0.046104755252599716, 0.045229893177747726, 0.0401839055120945, 0.03620929643511772, 0.03598005697131157]
2025-09-14 00:31:37,068 - __main__ - INFO -   - Top 5 skill indices: [13, 3, 6, 34, 22]
2025-09-14 00:31:37,069 - __main__ - INFO -     - Skill 28: emp= 21.12  E[1/(1-p)]: 46.09  p_stay=0.978
2025-09-14 00:31:37,069 - __main__ - INFO -     - Skill 15: emp= 17.08  E[1/(1-p)]: 39.92  p_stay=0.975
2025-09-14 00:31:37,069 - __main__ - INFO -     - Skill 30: emp= 21.48  E[1/(1-p)]: 38.65  p_stay=0.974
2025-09-14 00:31:37,069 - __main__ - INFO -     - Skill 2: emp= 21.04  E[1/(1-p)]: 37.76  p_stay=0.974
2025-09-14 00:31:37,069 - __main__ - INFO -     - Skill 34: emp= 16.47  E[1/(1-p)]: 34.95  p_stay=0.971
2025-09-14 00:31:37,069 - __main__ - INFO - 🖼️  Rendering HMM visualizations for round 1
2025-09-14 00:32:47,608 - __main__ - INFO - 💾 Saved HMM posterior → checkpoints_hmm/hmm_round1.pt
2025-09-14 00:32:47,608 - __main__ - INFO - 🤗 Uploading HMM round 1 to HuggingFace: CatkinChen/nethack-hmm
2025-09-14 00:32:53,374 - __main__ - INFO - ✅ HMM uploaded to: https://huggingface.co/CatkinChen/nethack-hmm
2025-09-14 00:32:53,374 - __main__ - INFO - ========== EM Round 1/4: M-step ==========
2025-09-14 00:32:53,374 - __main__ - INFO - 🔧 Fine-tuning VAE with HMM prior for 1 epochs...
2025-09-14 00:32:53,374 - __main__ - INFO - 📊 M-step 1 parameter schedule:
2025-09-14 00:32:53,374 - __main__ - INFO -   - prior_blend_alpha: 0.300 → 0.400 (cosine)
2025-09-14 00:32:53,374 - __main__ - INFO -   - mi_beta: 0.200 → 0.333 (linear)
2025-09-14 00:32:53,374 - __main__ - INFO -   - tc_beta: 0.000 → 0.067 (linear)
2025-09-14 00:32:53,374 - __main__ - INFO -   - dw_beta: 0.500 → 0.667 (linear)
2025-09-14 00:32:54,637 - __main__ - INFO - Weights & Biases initialized
2025-09-14 00:32:54,638 - __main__ - INFO - 🔥Training MultiModalHackVAE with 100 train batches, 20 test batches
2025-09-14 00:32:54,638 - __main__ - INFO -    Epochs: 1
2025-09-14 00:32:54,638 - __main__ - INFO -    Batch size: 32
2025-09-14 00:32:54,638 - __main__ - INFO -    Sequence size: 32
2025-09-14 00:32:54,638 - __main__ - INFO -    Device: cuda
2025-09-14 00:32:54,638 - __main__ - INFO -    Mixed Precision: BF16 = False
2025-09-14 00:32:54,638 - __main__ - INFO -    LR Scheduler: constant
2025-09-14 00:32:54,638 - __main__ - INFO -    Shuffle batches: True
2025-09-14 00:32:54,638 - __main__ - INFO -    Shuffle within batch: False
2025-09-14 00:32:54,639 - __main__ - INFO -    VAE Configuration:
2025-09-14 00:32:54,639 - __main__ - INFO -      - Latent dimension: 96
2025-09-14 00:32:54,639 - __main__ - INFO -      - Encoder dropout: 0.1
2025-09-14 00:32:54,639 - __main__ - INFO -      - Decoder dropout: 0.1
2025-09-14 00:32:54,639 - __main__ - INFO -    Adaptive Loss Weighting:
2025-09-14 00:32:54,639 - __main__ - INFO -      - MI beta: 0.200 → 0.333
2025-09-14 00:32:54,639 - __main__ - INFO -      - TC beta: 0.000 → 0.067
2025-09-14 00:32:54,639 - __main__ - INFO -      - DW beta: 0.500 → 0.667
2025-09-14 00:32:54,639 - __main__ - INFO -      - Blend alpha: 0.300 → 0.400
2025-09-14 00:32:54,640 - __main__ - INFO -      - Warmup epochs: 0 out of 1 total epochs
2025-09-14 00:32:54,640 - __main__ - INFO -    Free bits: 0.75
2025-09-14 00:32:54,640 - __main__ - INFO -    Focal loss: alpha=0.5, gamma=2.0
2025-09-14 00:32:54,640 - __main__ - INFO -    Early Stopping:
2025-09-14 00:32:54,640 - __main__ - INFO -      - Enabled: False
2025-09-14 00:32:54,640 - __main__ - INFO -    HMM Prior: Enabled
2025-09-14 00:32:55,650 - __main__ - INFO - 🔧 Using FP32 precision training
2025-09-14 00:32:55,651 - __main__ - INFO - Model has latent dimension: 96
2025-09-14 00:32:55,651 - __main__ - INFO - 🎯 Starting training for 1 epochs (starting from epoch 0)...
2025-09-14 00:32:55,651 - __main__ - INFO -    Total training steps: 100
2025-09-14 00:32:55,651 - __main__ - INFO -    Warmup steps: 20
2025-09-14 00:32:55,651 - __main__ - INFO - 🎯 Epoch 1/1 - Starting epoch...
2025-09-14 00:32:55,652 - __main__ - DEBUG - Shuffled 100 training batches for epoch 1
2025-09-14 00:32:55,652 - __main__ - DEBUG - Shuffled 20 testing batches for epoch 1
2025-09-14 00:32:56,213 - __main__ - DEBUG - Step 0/100 - Adaptive weights: mi_beta=0.200, tc_beta=0.000, dw_beta=0.500, blend_alpha=0.300
2025-09-14 00:36:01,953 - __main__ - DEBUG - Step 100/100 - Adaptive weights: mi_beta=0.333, tc_beta=0.067, dw_beta=0.667, blend_alpha=0.400
2025-09-14 00:36:03,411 - __main__ - DEBUG - Step 100/100 - Adaptive weights: mi_beta=0.333, tc_beta=0.067, dw_beta=0.667, blend_alpha=0.400
2025-09-14 00:36:04,873 - __main__ - DEBUG - Step 100/100 - Adaptive weights: mi_beta=0.333, tc_beta=0.067, dw_beta=0.667, blend_alpha=0.400
2025-09-14 00:36:06,323 - __main__ - DEBUG - Step 100/100 - Adaptive weights: mi_beta=0.333, tc_beta=0.067, dw_beta=0.667, blend_alpha=0.400
2025-09-14 00:36:07,743 - __main__ - DEBUG - Step 100/100 - Adaptive weights: mi_beta=0.333, tc_beta=0.067, dw_beta=0.667, blend_alpha=0.400
2025-09-14 00:36:09,252 - __main__ - DEBUG - Step 100/100 - Adaptive weights: mi_beta=0.333, tc_beta=0.067, dw_beta=0.667, blend_alpha=0.400
2025-09-14 00:36:10,700 - __main__ - DEBUG - Step 100/100 - Adaptive weights: mi_beta=0.333, tc_beta=0.067, dw_beta=0.667, blend_alpha=0.400
2025-09-14 00:36:12,170 - __main__ - DEBUG - Step 100/100 - Adaptive weights: mi_beta=0.333, tc_beta=0.067, dw_beta=0.667, blend_alpha=0.400
2025-09-14 00:36:13,608 - __main__ - DEBUG - Step 100/100 - Adaptive weights: mi_beta=0.333, tc_beta=0.067, dw_beta=0.667, blend_alpha=0.400
2025-09-14 00:36:15,034 - __main__ - DEBUG - Step 100/100 - Adaptive weights: mi_beta=0.333, tc_beta=0.067, dw_beta=0.667, blend_alpha=0.400
2025-09-14 00:36:16,267 - __main__ - DEBUG - Step 100/100 - Adaptive weights: mi_beta=0.333, tc_beta=0.067, dw_beta=0.667, blend_alpha=0.400
2025-09-14 00:36:17,800 - __main__ - DEBUG - Step 100/100 - Adaptive weights: mi_beta=0.333, tc_beta=0.067, dw_beta=0.667, blend_alpha=0.400
2025-09-14 00:36:19,250 - __main__ - DEBUG - Step 100/100 - Adaptive weights: mi_beta=0.333, tc_beta=0.067, dw_beta=0.667, blend_alpha=0.400
2025-09-14 00:36:20,745 - __main__ - DEBUG - Step 100/100 - Adaptive weights: mi_beta=0.333, tc_beta=0.067, dw_beta=0.667, blend_alpha=0.400
2025-09-14 00:36:22,263 - __main__ - DEBUG - Step 100/100 - Adaptive weights: mi_beta=0.333, tc_beta=0.067, dw_beta=0.667, blend_alpha=0.400
2025-09-14 00:36:23,792 - __main__ - DEBUG - Step 100/100 - Adaptive weights: mi_beta=0.333, tc_beta=0.067, dw_beta=0.667, blend_alpha=0.400
2025-09-14 00:36:25,195 - __main__ - DEBUG - Step 100/100 - Adaptive weights: mi_beta=0.333, tc_beta=0.067, dw_beta=0.667, blend_alpha=0.400
2025-09-14 00:36:26,626 - __main__ - DEBUG - Step 100/100 - Adaptive weights: mi_beta=0.333, tc_beta=0.067, dw_beta=0.667, blend_alpha=0.400
2025-09-14 00:36:28,049 - __main__ - DEBUG - Step 100/100 - Adaptive weights: mi_beta=0.333, tc_beta=0.067, dw_beta=0.667, blend_alpha=0.400
2025-09-14 00:36:29,449 - __main__ - DEBUG - Step 100/100 - Adaptive weights: mi_beta=0.333, tc_beta=0.067, dw_beta=0.667, blend_alpha=0.400
2025-09-14 00:36:30,281 - __main__ - DEBUG - Step 100/100 - Adaptive weights: mi_beta=0.333, tc_beta=0.067, dw_beta=0.667, blend_alpha=0.400
2025-09-14 00:36:30,281 - __main__ - INFO - 
=== Epoch 1/1 Summary ===
2025-09-14 00:36:30,281 - __main__ - INFO - Average Train Loss: 3787.825 | Average Test Loss: 2588.128
2025-09-14 00:36:30,282 - __main__ - INFO - Current KL Betas: mi=0.333, tc=0.067, dw=0.667, blend_alpha=0.400
2025-09-14 00:36:30,282 - __main__ - INFO - Global Step: 100/100 (100.0%)
2025-09-14 00:36:30,282 - __main__ - INFO - Final Training Batch Details:
2025-09-14 00:36:30,282 - __main__ - INFO -   Raw Losses: hero_loc: 2.793 | occupy: 1644.325 | bag: 376.694 | stats: 71.254 | msg: 24.627 | ego_char: 25.965 | ego_color: 130.437 | ego_class: 29.763 | passability: 0.594 | reward: 32.560 | done: 0.012 | value_k: 5.376 | safety: 0.663 | goal: 0.309 | forward: 49.912 | inverse: 2.929
2025-09-14 00:36:30,282 - __main__ - INFO - Final Testing Batch Details:
2025-09-14 00:36:30,282 - __main__ - INFO -   Raw Losses: hero_loc: 2.429 | occupy: 1576.937 | bag: 352.645 | stats: 72.585 | msg: 30.885 | ego_char: 24.433 | ego_color: 112.494 | ego_class: 30.402 | passability: 0.586 | reward: 16.278 | done: 0.010 | value_k: 2.254 | safety: 0.665 | goal: 0.087 | forward: 32.819 | inverse: 3.125
2025-09-14 00:36:30,283 - __main__ - INFO - Variance of model output (mu): 0.1859, 0.1064, 0.1223, 0.1127, 0.1005, 0.1047, 0.1106, 0.0876, 0.1316, 0.1019, 0.1776, 0.0806, 0.1121, 0.1487, 0.1223, 0.1045, 0.1060, 0.0826, 0.0896, 0.0840, 0.0926, 0.0901, 0.0794, 0.0938, 0.0814, 0.0978, 0.0742, 0.1023, 0.0784, 0.0825, 0.0812, 0.0809, 0.0834, 0.0720, 0.0971, 0.0941, 0.0926, 0.0932, 0.0758, 0.1044, 0.0770, 0.1039, 0.0906, 0.0743, 0.0924, 0.0913, 0.0945, 0.1070, 0.0832, 0.0860, 0.0880, 0.0784, 0.0854, 0.0932, 0.0891, 0.0859, 0.0901, 0.0975, 0.0833, 0.0819, 0.0815, 0.0863, 0.0717, 0.0831, 0.0682, 0.0664, 0.0821, 0.0914, 0.0794, 0.0717, 0.0997, 0.0844, 0.0910, 0.0855, 0.0625, 0.0639, 0.0902, 0.0920, 0.1038, 0.0799, 0.0842, 0.0861, 0.1064, 0.0774, 0.0937, 0.1013, 0.0960, 0.0869, 0.0825, 0.0987, 0.0933, 0.1005, 0.0832, 0.0896, 0.0881, 0.0707
2025-09-14 00:36:30,283 - __main__ - INFO - Per-dim KL: 10.4215, 1.9963, 1.0331, 3.3747, 2.1518, 1.4305, 3.3641, 1.4453, 5.0090, 6.0553, 9.2949, 2.9867, 4.9431, 7.8374, 8.2727, 1.0621, 0.1829, 0.3462, 0.4390, 0.4927, 0.4115, 0.5327, 0.5287, 0.4193, 0.5375, 0.5279, 0.5377, 0.2779, 0.4847, 0.5144, 0.5838, 0.5280, 0.4590, 0.6459, 0.4801, 0.3388, 0.4405, 0.6617, 0.6665, 0.5305, 0.5268, 1.1145, 0.3553, 0.5621, 0.5942, 0.3961, 0.5789, 0.3746, 0.4830, 0.4309, 0.5527, 0.6477, 0.5021, 0.3302, 0.5688, 0.5103, 0.5402, 0.4734, 0.4701, 0.4005, 0.5977, 0.4167, 0.4656, 0.5527, 0.5011, 0.5326, 0.6077, 0.2789, 0.5780, 0.5629, 0.3618, 0.5345, 0.5371, 0.4961, 0.4803, 0.6294, 0.3798, 0.3983, 0.4782, 0.4809, 0.5230, 0.5103, 0.3218, 0.4245, 0.4464, 0.4309, 0.4394, 0.5310, 0.5643, 0.5121, 0.3137, 0.4530, 0.4810, 0.5607, 0.3739, 0.6508
2025-09-14 00:36:30,283 - __main__ - INFO - Eigenvalues of latent space: 0.5468, 0.5375, 0.4917, 0.4460, 0.4208, 0.4024, 0.3939, 0.3811, 0.3731, 0.3645, 0.3480, 0.3414, 0.3285, 0.3146, 0.3101, 0.3012, 0.2880, 0.2860, 0.2822, 0.2641, 0.2550, 0.2526, 0.2439, 0.2397, 0.2366, 0.2313, 0.2194, 0.2163, 0.2130, 0.2116, 0.2065, 0.2035, 0.2021, 0.1936, 0.1917, 0.1895, 0.1858, 0.1824, 0.1791, 0.1749, 0.1724, 0.1670, 0.1640, 0.1613, 0.1582, 0.1553, 0.1521, 0.1496, 0.1477, 0.1457, 0.1409, 0.1385, 0.1365, 0.1345, 0.1318, 0.1309, 0.1280, 0.1273, 0.1246, 0.1228, 0.1213, 0.1202, 0.1182, 0.1165, 0.1155, 0.1109, 0.1093, 0.1071, 0.1051, 0.1024, 0.1012, 0.0997, 0.0978, 0.0975, 0.0950, 0.0925, 0.0921, 0.0912, 0.0895, 0.0882, 0.0865, 0.0856, 0.0836, 0.0828, 0.0809, 0.0803, 0.0794, 0.0768, 0.0745, 0.0724, 0.0713, 0.0702, 0.0685, 0.0675, 0.0632, 0.0601
2025-09-14 00:36:30,283 - __main__ - INFO - KL Eigenvalues: 0.0753, 0.0791, 0.1008, 0.1267, 0.1432, 0.1564, 0.1628, 0.1729, 0.1795, 0.1868, 0.2018, 0.2081, 0.2208, 0.2355, 0.2405, 0.2505, 0.2664, 0.2689, 0.2737, 0.2977, 0.3107, 0.3143, 0.3274, 0.3341, 0.3390, 0.3477, 0.3682, 0.3737, 0.3797, 0.3822, 0.3921, 0.3977, 0.4005, 0.4177, 0.4217, 0.4265, 0.4345, 0.4420, 0.4495, 0.4592, 0.4652, 0.4783, 0.4859, 0.4929, 0.5012, 0.5087, 0.5178, 0.5247, 0.5302, 0.5359, 0.5502, 0.5577, 0.5640, 0.5702, 0.5791, 0.5820, 0.5919, 0.5944, 0.6036, 0.6101, 0.6156, 0.6192, 0.6269, 0.6333, 0.6371, 0.6548, 0.6616, 0.6707, 0.6789, 0.6907, 0.6961, 0.7028, 0.7114, 0.7129, 0.7246, 0.7367, 0.7386, 0.7427, 0.7515, 0.7583, 0.7669, 0.7721, 0.7825, 0.7873, 0.7977, 0.8011, 0.8061, 0.8216, 0.8355, 0.8487, 0.8562, 0.8635, 0.8745, 0.8815, 0.9125, 0.9360
2025-09-14 00:36:30,283 - __main__ - INFO - Variance explained by eigenvalues: 0.0307, 0.0609, 0.0885, 0.1135, 0.1371, 0.1597, 0.1818, 0.2032, 0.2242, 0.2446, 0.2642, 0.2833, 0.3018, 0.3194, 0.3368, 0.3537, 0.3699, 0.3860, 0.4018, 0.4166, 0.4309, 0.4451, 0.4588, 0.4723, 0.4856, 0.4985, 0.5109, 0.5230, 0.5350, 0.5468, 0.5584, 0.5698, 0.5812, 0.5921, 0.6028, 0.6135, 0.6239, 0.6341, 0.6442, 0.6540, 0.6637, 0.6731, 0.6823, 0.6913, 0.7002, 0.7089, 0.7174, 0.7258, 0.7341, 0.7423, 0.7502, 0.7580, 0.7657, 0.7732, 0.7806, 0.7880, 0.7951, 0.8023, 0.8093, 0.8162, 0.8230, 0.8297, 0.8364, 0.8429, 0.8494, 0.8556, 0.8618, 0.8678, 0.8737, 0.8794, 0.8851, 0.8907, 0.8962, 0.9016, 0.9070, 0.9122, 0.9173, 0.9225, 0.9275, 0.9324, 0.9373, 0.9421, 0.9468, 0.9514, 0.9560, 0.9605, 0.9649, 0.9693, 0.9734, 0.9775, 0.9815, 0.9854, 0.9893, 0.9931, 0.9966, 1.0000
2025-09-14 00:36:30,283 - __main__ - INFO - ==================================================
2025-09-14 00:36:30,284 - __main__ - INFO - 
✅ MultiModalVAE training completed!
2025-09-14 00:36:30,284 - __main__ - INFO -   - Completed all 1 epochs
2025-09-14 00:36:30,284 - __main__ - INFO -   - Final train loss: 3787.8254
2025-09-14 00:36:30,284 - __main__ - INFO -   - Final test loss: 2588.1280
2025-09-14 00:36:30,306 - __main__ - INFO - 💾 Model saved locally: checkpoints_hmm/vae_hmm_round1_temp.pth
2025-09-14 00:36:31,669 - __main__ - DEBUG - 🗑️  Removed temporary file: checkpoints_hmm/vae_hmm_round1_temp.pth
2025-09-14 00:36:31,669 - __main__ - INFO - ✅ M-step completed: final_train_loss=3787.8254, final_test_loss=2588.1280
2025-09-14 00:36:31,699 - __main__ - INFO - 💾 Saved VAE+HMM → checkpoints_hmm/vae_with_hmm_round1.pt
2025-09-14 00:36:31,699 - __main__ - INFO - 🤗 Uploading VAE+HMM round 1 to HuggingFace: CatkinChen/nethack-vae-hmm
2025-09-14 00:36:36,642 - huggingface_hub.hf_api - WARNING - No files have been modified since last commit. Skipping to prevent empty commit.
2025-09-14 00:36:41,822 - __main__ - INFO - ✅ VAE+HMM uploaded to: https://huggingface.co/CatkinChen/nethack-vae-hmm
2025-09-14 00:36:46,004 - __main__ - INFO - ========== EM Round 2/4: E-step ==========
2025-09-14 00:36:46,005 - __main__ - INFO -    - Resetting HMM to prior
2025-09-14 00:36:46,006 - __main__ - INFO -    - Resetting HMM streaming statistics
2025-09-14 00:37:03,950 - __main__ - INFO -    - Re-initialized NIW mean with k-means on VAE latents
2025-09-14 00:38:02,850 - __main__ - DEBUG - Initial ELBO: -11916929.1025
2025-09-14 00:38:02,851 - __main__ - DEBUG - Relative tol: 0.0100
2025-09-14 00:38:02,851 - __main__ - DEBUG - Relative elbo_drop_tol: 0.0100
2025-09-14 00:38:02,851 - __main__ - DEBUG - - Init -118.8343
2025-09-14 00:38:02,851 - __main__ - DEBUG - - Trans -184456.8926
2025-09-14 00:38:02,851 - __main__ - DEBUG - - Emit -11723636.4688
2025-09-14 00:38:02,851 - __main__ - DEBUG - - Entropy 915.2326
2025-09-14 00:38:02,851 - __main__ - DEBUG - - Dir 0.0000
2025-09-14 00:38:02,851 - __main__ - DEBUG - - NIW -9617.2852
2025-09-14 00:38:02,851 - __main__ - DEBUG - - Beta prior -14.8543
2025-09-14 00:38:46,747 - __main__ - DEBUG - Iter 0: ELBO after FB: -11916929.1025 (LL -11907296.9631, Δ=0.0000)
2025-09-14 00:38:46,748 - __main__ - DEBUG - First pass after reset, using full stats.
2025-09-14 00:38:46,785 - __main__ - DEBUG - Iter 0: ELBO after NIW update: -1967481.7490 (Emit LL -1256033.4004, NIW term -527773.0000, Δ=9949447.3535)
2025-09-14 00:38:46,823 - __main__ - DEBUG - Iter 0: ELBO after Dirichlet update: -1789082.5772 (Trans LL -4728.4151, Dir term -1329.3057, Δ=178399.1718)
2025-09-14 00:39:38,325 - __main__ - INFO - [E-step] Multi-batch 1/1 (x100 batches) - HMM Diagnostics:
2025-09-14 00:39:38,326 - __main__ - INFO -   - Avg log-likelihood per step: -13.4194
2025-09-14 00:39:38,326 - __main__ - INFO -   - Inner ELBO (final): -1789082.5772
2025-09-14 00:39:38,326 - __main__ - INFO -   - Effective number of skills: 28.36
2025-09-14 00:39:38,326 - __main__ - INFO -   - State entropy: 0.058
2025-09-14 00:39:38,326 - __main__ - INFO -   - Transition stickiness: 0.972
2025-09-14 00:39:38,326 - __main__ - INFO -   - Top 5 skills: [7, 24, 11, 38, 28] (probs: ['0.064', '0.061', '0.060', '0.057', '0.050'])
2025-09-14 00:39:38,326 - __main__ - INFO -   - Combined time length: 3200 (original T=32, multiples=100)
2025-09-14 00:39:38,328 - __main__ - INFO - 🔍 Computing HMM diagnostics...
2025-09-14 00:40:41,566 - __main__ - INFO - 📊 HMM Diagnostics for Round 2:
2025-09-14 00:40:41,567 - __main__ - INFO -   - Avg log-likelihood per step: -13.5244
2025-09-14 00:40:41,567 - __main__ - INFO -   - State entropy: 0.0781
2025-09-14 00:40:41,567 - __main__ - INFO -   - Effective number of skills: 28.10
2025-09-14 00:40:41,567 - __main__ - INFO -   - Transition stickiness (diag): 0.9720
2025-09-14 00:40:41,567 - __main__ - INFO -   - Top 5 skill occupancies: [0.06430992484092712, 0.06145269423723221, 0.06125911325216293, 0.05749482661485672, 0.05040013790130615]
2025-09-14 00:40:41,567 - __main__ - INFO -   - Top 5 skill indices: [7, 24, 11, 38, 5]
2025-09-14 00:40:41,568 - __main__ - INFO -     - Skill 21: emp= 28.38  E[1/(1-p)]:340.72  p_stay=0.997
2025-09-14 00:40:41,568 - __main__ - INFO -     - Skill 24: emp= 26.92  E[1/(1-p)]:312.84  p_stay=0.997
2025-09-14 00:40:41,568 - __main__ - INFO -     - Skill 35: emp= 29.50  E[1/(1-p)]:285.05  p_stay=0.996
2025-09-14 00:40:41,568 - __main__ - INFO -     - Skill 5: emp= 27.89  E[1/(1-p)]:237.00  p_stay=0.996
2025-09-14 00:40:41,568 - __main__ - INFO -     - Skill 39: emp= 27.20  E[1/(1-p)]:205.37  p_stay=0.995
2025-09-14 00:40:41,568 - __main__ - INFO - 🖼️  Rendering HMM visualizations for round 2
2025-09-14 00:41:52,108 - __main__ - INFO - 💾 Saved HMM posterior → checkpoints_hmm/hmm_round2.pt
2025-09-14 00:41:52,109 - __main__ - INFO - 🤗 Uploading HMM round 2 to HuggingFace: CatkinChen/nethack-hmm
2025-09-14 00:41:57,976 - __main__ - INFO - ✅ HMM uploaded to: https://huggingface.co/CatkinChen/nethack-hmm
2025-09-14 00:41:57,976 - __main__ - INFO - ========== EM Round 2/4: M-step ==========
2025-09-14 00:41:57,976 - __main__ - INFO - 🔧 Fine-tuning VAE with HMM prior for 1 epochs...
2025-09-14 00:41:57,976 - __main__ - INFO - 📊 M-step 2 parameter schedule:
2025-09-14 00:41:57,976 - __main__ - INFO -   - prior_blend_alpha: 0.400 → 0.600 (cosine)
2025-09-14 00:41:57,976 - __main__ - INFO -   - mi_beta: 0.333 → 0.467 (linear)
2025-09-14 00:41:57,976 - __main__ - INFO -   - tc_beta: 0.067 → 0.133 (linear)
2025-09-14 00:41:57,976 - __main__ - INFO -   - dw_beta: 0.667 → 0.833 (linear)
2025-09-14 00:41:58,588 - __main__ - INFO - Weights & Biases initialized
2025-09-14 00:41:58,589 - __main__ - INFO - 🔥Training MultiModalHackVAE with 100 train batches, 20 test batches
2025-09-14 00:41:58,589 - __main__ - INFO -    Epochs: 1
2025-09-14 00:41:58,589 - __main__ - INFO -    Batch size: 32
2025-09-14 00:41:58,590 - __main__ - INFO -    Sequence size: 32
2025-09-14 00:41:58,590 - __main__ - INFO -    Device: cuda
2025-09-14 00:41:58,590 - __main__ - INFO -    Mixed Precision: BF16 = False
2025-09-14 00:41:58,590 - __main__ - INFO -    LR Scheduler: constant
2025-09-14 00:41:58,590 - __main__ - INFO -    Shuffle batches: True
2025-09-14 00:41:58,590 - __main__ - INFO -    Shuffle within batch: False
2025-09-14 00:41:58,590 - __main__ - INFO -    VAE Configuration:
2025-09-14 00:41:58,590 - __main__ - INFO -      - Latent dimension: 96
2025-09-14 00:41:58,590 - __main__ - INFO -      - Encoder dropout: 0.1
2025-09-14 00:41:58,591 - __main__ - INFO -      - Decoder dropout: 0.1
2025-09-14 00:41:58,591 - __main__ - INFO -    Adaptive Loss Weighting:
2025-09-14 00:41:58,591 - __main__ - INFO -      - MI beta: 0.333 → 0.467
2025-09-14 00:41:58,591 - __main__ - INFO -      - TC beta: 0.067 → 0.133
2025-09-14 00:41:58,591 - __main__ - INFO -      - DW beta: 0.667 → 0.833
2025-09-14 00:41:58,591 - __main__ - INFO -      - Blend alpha: 0.400 → 0.600
2025-09-14 00:41:58,591 - __main__ - INFO -      - Warmup epochs: 0 out of 1 total epochs
2025-09-14 00:41:58,591 - __main__ - INFO -    Free bits: 0.75
2025-09-14 00:41:58,591 - __main__ - INFO -    Focal loss: alpha=0.5, gamma=2.0
2025-09-14 00:41:58,591 - __main__ - INFO -    Early Stopping:
2025-09-14 00:41:58,592 - __main__ - INFO -      - Enabled: False
2025-09-14 00:41:58,592 - __main__ - INFO -    HMM Prior: Enabled
2025-09-14 00:41:58,618 - __main__ - INFO - 🔧 Using FP32 precision training
2025-09-14 00:41:58,618 - __main__ - INFO - Model has latent dimension: 96
2025-09-14 00:41:58,618 - __main__ - INFO - 🎯 Starting training for 1 epochs (starting from epoch 0)...
2025-09-14 00:41:58,619 - __main__ - INFO -    Total training steps: 100
2025-09-14 00:41:58,619 - __main__ - INFO -    Warmup steps: 20
2025-09-14 00:41:58,619 - __main__ - INFO - 🎯 Epoch 1/1 - Starting epoch...
2025-09-14 00:41:58,620 - __main__ - DEBUG - Shuffled 100 training batches for epoch 1
2025-09-14 00:41:58,620 - __main__ - DEBUG - Shuffled 20 testing batches for epoch 1
2025-09-14 00:41:59,199 - __main__ - DEBUG - Step 0/100 - Adaptive weights: mi_beta=0.333, tc_beta=0.067, dw_beta=0.667, blend_alpha=0.400
2025-09-14 00:45:04,013 - __main__ - DEBUG - Step 100/100 - Adaptive weights: mi_beta=0.467, tc_beta=0.133, dw_beta=0.833, blend_alpha=0.600
2025-09-14 00:45:05,468 - __main__ - DEBUG - Step 100/100 - Adaptive weights: mi_beta=0.467, tc_beta=0.133, dw_beta=0.833, blend_alpha=0.600
2025-09-14 00:45:06,923 - __main__ - DEBUG - Step 100/100 - Adaptive weights: mi_beta=0.467, tc_beta=0.133, dw_beta=0.833, blend_alpha=0.600
2025-09-14 00:45:08,373 - __main__ - DEBUG - Step 100/100 - Adaptive weights: mi_beta=0.467, tc_beta=0.133, dw_beta=0.833, blend_alpha=0.600
2025-09-14 00:45:09,792 - __main__ - DEBUG - Step 100/100 - Adaptive weights: mi_beta=0.467, tc_beta=0.133, dw_beta=0.833, blend_alpha=0.600
2025-09-14 00:45:11,301 - __main__ - DEBUG - Step 100/100 - Adaptive weights: mi_beta=0.467, tc_beta=0.133, dw_beta=0.833, blend_alpha=0.600
2025-09-14 00:45:12,745 - __main__ - DEBUG - Step 100/100 - Adaptive weights: mi_beta=0.467, tc_beta=0.133, dw_beta=0.833, blend_alpha=0.600
2025-09-14 00:45:14,213 - __main__ - DEBUG - Step 100/100 - Adaptive weights: mi_beta=0.467, tc_beta=0.133, dw_beta=0.833, blend_alpha=0.600
2025-09-14 00:45:15,650 - __main__ - DEBUG - Step 100/100 - Adaptive weights: mi_beta=0.467, tc_beta=0.133, dw_beta=0.833, blend_alpha=0.600
2025-09-14 00:45:17,060 - __main__ - DEBUG - Step 100/100 - Adaptive weights: mi_beta=0.467, tc_beta=0.133, dw_beta=0.833, blend_alpha=0.600
2025-09-14 00:45:18,289 - __main__ - DEBUG - Step 100/100 - Adaptive weights: mi_beta=0.467, tc_beta=0.133, dw_beta=0.833, blend_alpha=0.600
2025-09-14 00:45:19,825 - __main__ - DEBUG - Step 100/100 - Adaptive weights: mi_beta=0.467, tc_beta=0.133, dw_beta=0.833, blend_alpha=0.600
2025-09-14 00:45:21,283 - __main__ - DEBUG - Step 100/100 - Adaptive weights: mi_beta=0.467, tc_beta=0.133, dw_beta=0.833, blend_alpha=0.600
2025-09-14 00:45:22,771 - __main__ - DEBUG - Step 100/100 - Adaptive weights: mi_beta=0.467, tc_beta=0.133, dw_beta=0.833, blend_alpha=0.600
2025-09-14 00:45:24,286 - __main__ - DEBUG - Step 100/100 - Adaptive weights: mi_beta=0.467, tc_beta=0.133, dw_beta=0.833, blend_alpha=0.600
2025-09-14 00:45:25,803 - __main__ - DEBUG - Step 100/100 - Adaptive weights: mi_beta=0.467, tc_beta=0.133, dw_beta=0.833, blend_alpha=0.600
2025-09-14 00:45:27,190 - __main__ - DEBUG - Step 100/100 - Adaptive weights: mi_beta=0.467, tc_beta=0.133, dw_beta=0.833, blend_alpha=0.600
2025-09-14 00:45:28,599 - __main__ - DEBUG - Step 100/100 - Adaptive weights: mi_beta=0.467, tc_beta=0.133, dw_beta=0.833, blend_alpha=0.600
2025-09-14 00:45:30,012 - __main__ - DEBUG - Step 100/100 - Adaptive weights: mi_beta=0.467, tc_beta=0.133, dw_beta=0.833, blend_alpha=0.600
2025-09-14 00:45:31,399 - __main__ - DEBUG - Step 100/100 - Adaptive weights: mi_beta=0.467, tc_beta=0.133, dw_beta=0.833, blend_alpha=0.600
2025-09-14 00:45:32,232 - __main__ - DEBUG - Step 100/100 - Adaptive weights: mi_beta=0.467, tc_beta=0.133, dw_beta=0.833, blend_alpha=0.600
2025-09-14 00:45:32,232 - __main__ - INFO - 
=== Epoch 1/1 Summary ===
2025-09-14 00:45:32,232 - __main__ - INFO - Average Train Loss: 3866.238 | Average Test Loss: 2745.136
2025-09-14 00:45:32,232 - __main__ - INFO - Current KL Betas: mi=0.467, tc=0.133, dw=0.833, blend_alpha=0.600
2025-09-14 00:45:32,233 - __main__ - INFO - Global Step: 100/100 (100.0%)
2025-09-14 00:45:32,233 - __main__ - INFO - Final Training Batch Details:
2025-09-14 00:45:32,233 - __main__ - INFO -   Raw Losses: hero_loc: 2.997 | occupy: 1641.671 | bag: 424.979 | stats: 66.424 | msg: 24.786 | ego_char: 28.947 | ego_color: 186.980 | ego_class: 29.141 | passability: 0.603 | reward: 32.596 | done: 0.013 | value_k: 5.368 | safety: 0.671 | goal: 0.311 | forward: 43.350 | inverse: 2.929
2025-09-14 00:45:32,233 - __main__ - INFO - Final Testing Batch Details:
2025-09-14 00:45:32,233 - __main__ - INFO -   Raw Losses: hero_loc: 2.863 | occupy: 1557.011 | bag: 401.231 | stats: 67.507 | msg: 31.138 | ego_char: 28.798 | ego_color: 171.673 | ego_class: 29.866 | passability: 0.587 | reward: 16.356 | done: 0.012 | value_k: 2.260 | safety: 0.668 | goal: 0.109 | forward: 28.497 | inverse: 3.147
2025-09-14 00:45:32,234 - __main__ - INFO - Variance of model output (mu): 0.0733, 0.1044, 0.0979, 0.0861, 0.1136, 0.1615, 0.0845, 0.1099, 0.0895, 0.0907, 0.1047, 0.0763, 0.0851, 0.0976, 0.1236, 0.0897, 0.0735, 0.0625, 0.0729, 0.0808, 0.0946, 0.0778, 0.0814, 0.0620, 0.0709, 0.0862, 0.0873, 0.0820, 0.0703, 0.0812, 0.0826, 0.0794, 0.0799, 0.0695, 0.0816, 0.0942, 0.0885, 0.0663, 0.0725, 0.0776, 0.0591, 0.0827, 0.0788, 0.0832, 0.0677, 0.0718, 0.0936, 0.0653, 0.0730, 0.0901, 0.0939, 0.0771, 0.0913, 0.0821, 0.0713, 0.0754, 0.0639, 0.0867, 0.0840, 0.0832, 0.0767, 0.0574, 0.0906, 0.0704, 0.0825, 0.0637, 0.0819, 0.0731, 0.0674, 0.0857, 0.0791, 0.0697, 0.0661, 0.0694, 0.0656, 0.0802, 0.0733, 0.0890, 0.0842, 0.0864, 0.0764, 0.0836, 0.0803, 0.0940, 0.0917, 0.0762, 0.0831, 0.0638, 0.0634, 0.0862, 0.0803, 0.0801, 0.0793, 0.0790, 0.0969, 0.0811
2025-09-14 00:45:32,234 - __main__ - INFO - Per-dim KL: 3.8969, 1.0925, 3.8240, 0.6193, 4.7835, 15.8089, 1.4977, 3.5484, 0.8082, 0.8553, 3.8987, 0.9974, 6.5016, 2.3268, 10.4438, 0.8356, 0.6656, 0.6146, 0.6117, 0.6155, 0.4274, 0.5057, 0.3029, 0.6627, 0.6271, 0.5921, 0.6419, 0.7540, 0.5298, 0.4228, 0.5144, 0.4587, 0.7294, 0.7478, 0.5616, 0.5364, 0.5398, 0.5798, 0.4029, 0.4432, 0.7050, 0.4495, 0.5014, 0.5070, 0.5532, 0.3014, 0.4719, 0.4545, 0.3990, 0.5419, 0.6975, 0.2449, 0.6415, 0.5760, 0.5545, 0.3721, 0.5275, 0.6289, 0.5402, 0.6319, 0.7415, 0.5853, 0.4949, 0.5625, 0.3456, 0.7405, 0.6237, 0.7541, 0.6352, 0.4696, 0.4725, 0.7566, 0.6664, 0.5901, 0.6120, 0.5788, 0.6725, 0.5443, 0.4945, 0.5742, 0.5467, 0.7007, 0.7393, 0.5896, 0.6027, 0.6553, 0.4411, 0.7005, 0.7271, 0.4378, 0.5226, 0.5690, 0.6566, 0.6873, 0.5170, 0.5914
2025-09-14 00:45:32,234 - __main__ - INFO - Eigenvalues of latent space: 0.5374, 0.4962, 0.4660, 0.4330, 0.4063, 0.3847, 0.3674, 0.3581, 0.3522, 0.3302, 0.3230, 0.3202, 0.3011, 0.2968, 0.2921, 0.2785, 0.2774, 0.2763, 0.2634, 0.2564, 0.2545, 0.2455, 0.2416, 0.2360, 0.2294, 0.2259, 0.2199, 0.2166, 0.2101, 0.2075, 0.2033, 0.1997, 0.1968, 0.1921, 0.1898, 0.1879, 0.1838, 0.1790, 0.1752, 0.1722, 0.1704, 0.1669, 0.1623, 0.1615, 0.1590, 0.1556, 0.1535, 0.1489, 0.1475, 0.1455, 0.1436, 0.1404, 0.1383, 0.1363, 0.1331, 0.1321, 0.1295, 0.1269, 0.1264, 0.1242, 0.1233, 0.1215, 0.1197, 0.1192, 0.1179, 0.1141, 0.1117, 0.1101, 0.1081, 0.1076, 0.1041, 0.1032, 0.1011, 0.1006, 0.0996, 0.0975, 0.0958, 0.0949, 0.0926, 0.0911, 0.0909, 0.0888, 0.0875, 0.0865, 0.0854, 0.0841, 0.0823, 0.0792, 0.0786, 0.0762, 0.0738, 0.0727, 0.0721, 0.0705, 0.0665, 0.0613
2025-09-14 00:45:32,234 - __main__ - INFO - KL Eigenvalues: 0.0792, 0.0985, 0.1148, 0.1350, 0.1535, 0.1700, 0.1844, 0.1926, 0.1979, 0.2191, 0.2266, 0.2295, 0.2506, 0.2557, 0.2614, 0.2785, 0.2798, 0.2813, 0.2988, 0.3087, 0.3115, 0.3250, 0.3311, 0.3399, 0.3509, 0.3568, 0.3672, 0.3731, 0.3852, 0.3900, 0.3983, 0.4054, 0.4113, 0.4209, 0.4258, 0.4299, 0.4389, 0.4496, 0.4584, 0.4658, 0.4700, 0.4786, 0.4903, 0.4924, 0.4990, 0.5080, 0.5138, 0.5266, 0.5309, 0.5367, 0.5422, 0.5517, 0.5583, 0.5647, 0.5748, 0.5782, 0.5869, 0.5956, 0.5974, 0.6049, 0.6083, 0.6148, 0.6213, 0.6232, 0.6278, 0.6423, 0.6518, 0.6582, 0.6663, 0.6683, 0.6831, 0.6873, 0.6962, 0.6985, 0.7029, 0.7125, 0.7207, 0.7250, 0.7363, 0.7436, 0.7445, 0.7552, 0.7617, 0.7673, 0.7727, 0.7801, 0.7899, 0.8076, 0.8112, 0.8251, 0.8403, 0.8472, 0.8510, 0.8616, 0.8884, 0.9264
2025-09-14 00:45:32,234 - __main__ - INFO - Variance explained by eigenvalues: 0.0308, 0.0591, 0.0858, 0.1106, 0.1338, 0.1559, 0.1769, 0.1974, 0.2175, 0.2364, 0.2549, 0.2732, 0.2905, 0.3074, 0.3242, 0.3401, 0.3560, 0.3718, 0.3868, 0.4015, 0.4161, 0.4301, 0.4440, 0.4575, 0.4706, 0.4835, 0.4961, 0.5085, 0.5205, 0.5324, 0.5440, 0.5554, 0.5667, 0.5777, 0.5886, 0.5993, 0.6098, 0.6201, 0.6301, 0.6400, 0.6497, 0.6593, 0.6685, 0.6778, 0.6869, 0.6958, 0.7046, 0.7131, 0.7215, 0.7299, 0.7381, 0.7461, 0.7540, 0.7618, 0.7694, 0.7770, 0.7844, 0.7917, 0.7989, 0.8060, 0.8131, 0.8200, 0.8269, 0.8337, 0.8404, 0.8470, 0.8534, 0.8597, 0.8658, 0.8720, 0.8780, 0.8839, 0.8897, 0.8954, 0.9011, 0.9067, 0.9122, 0.9176, 0.9229, 0.9281, 0.9333, 0.9384, 0.9434, 0.9484, 0.9532, 0.9580, 0.9628, 0.9673, 0.9718, 0.9761, 0.9804, 0.9845, 0.9887, 0.9927, 0.9965, 1.0000
2025-09-14 00:45:32,234 - __main__ - INFO - ==================================================
2025-09-14 00:45:32,235 - __main__ - INFO - 
✅ MultiModalVAE training completed!
2025-09-14 00:45:32,235 - __main__ - INFO -   - Completed all 1 epochs
2025-09-14 00:45:32,235 - __main__ - INFO -   - Final train loss: 3866.2375
2025-09-14 00:45:32,235 - __main__ - INFO -   - Final test loss: 2745.1363
2025-09-14 00:45:32,257 - __main__ - INFO - 💾 Model saved locally: checkpoints_hmm/vae_hmm_round2_temp.pth
2025-09-14 00:45:33,529 - __main__ - DEBUG - 🗑️  Removed temporary file: checkpoints_hmm/vae_hmm_round2_temp.pth
2025-09-14 00:45:33,530 - __main__ - INFO - ✅ M-step completed: final_train_loss=3866.2375, final_test_loss=2745.1363
2025-09-14 00:45:33,561 - __main__ - INFO - 💾 Saved VAE+HMM → checkpoints_hmm/vae_with_hmm_round2.pt
2025-09-14 00:45:33,561 - __main__ - INFO - 🤗 Uploading VAE+HMM round 2 to HuggingFace: CatkinChen/nethack-vae-hmm
2025-09-14 00:45:38,376 - huggingface_hub.hf_api - WARNING - No files have been modified since last commit. Skipping to prevent empty commit.
2025-09-14 00:45:43,019 - __main__ - INFO - ✅ VAE+HMM uploaded to: https://huggingface.co/CatkinChen/nethack-vae-hmm
2025-09-14 00:45:46,947 - __main__ - INFO - ========== EM Round 3/4: E-step ==========
2025-09-14 00:45:46,947 - __main__ - INFO -    - Resetting HMM to prior
2025-09-14 00:45:46,949 - __main__ - INFO -    - Resetting HMM streaming statistics
2025-09-14 00:46:02,677 - __main__ - INFO -    - Re-initialized NIW mean with k-means on VAE latents
2025-09-14 00:46:54,765 - __main__ - DEBUG - Initial ELBO: -12025671.4774
2025-09-14 00:46:54,766 - __main__ - DEBUG - Relative tol: 0.0100
2025-09-14 00:46:54,766 - __main__ - DEBUG - Relative elbo_drop_tol: 0.0100
2025-09-14 00:46:54,766 - __main__ - DEBUG - - Init -118.8343
2025-09-14 00:46:54,766 - __main__ - DEBUG - - Trans -182017.8145
2025-09-14 00:46:54,766 - __main__ - DEBUG - - Emit -11835560.0938
2025-09-14 00:46:54,766 - __main__ - DEBUG - - Entropy 331.7835
2025-09-14 00:46:54,766 - __main__ - DEBUG - - Dir 0.0000
2025-09-14 00:46:54,766 - __main__ - DEBUG - - NIW -8291.6641
2025-09-14 00:46:54,766 - __main__ - DEBUG - - Beta prior -14.8543
2025-09-14 00:47:38,121 - __main__ - DEBUG - Iter 0: ELBO after FB: -12025671.4774 (LL -12017364.9590, Δ=0.0000)
2025-09-14 00:47:38,122 - __main__ - DEBUG - First pass after reset, using full stats.
2025-09-14 00:47:38,159 - __main__ - DEBUG - Iter 0: ELBO after NIW update: -2293653.4696 (Emit LL -1622917.5938, NIW term -488916.1562, Δ=9732018.0078)
2025-09-14 00:47:38,197 - __main__ - DEBUG - Iter 0: ELBO after Dirichlet update: -2115184.5010 (Trans LL -2341.0143, Dir term -1207.8315, Δ=178468.9686)
2025-09-14 00:48:29,927 - __main__ - INFO - [E-step] Multi-batch 1/1 (x100 batches) - HMM Diagnostics:
2025-09-14 00:48:29,928 - __main__ - INFO -   - Avg log-likelihood per step: -17.4344
2025-09-14 00:48:29,928 - __main__ - INFO -   - Inner ELBO (final): -2115184.5010
2025-09-14 00:48:29,928 - __main__ - INFO -   - Effective number of skills: 29.91
2025-09-14 00:48:29,928 - __main__ - INFO -   - State entropy: 0.044
2025-09-14 00:48:29,928 - __main__ - INFO -   - Transition stickiness: 0.984
2025-09-14 00:48:29,928 - __main__ - INFO -   - Top 5 skills: [13, 5, 1, 4, 8] (probs: ['0.100', '0.064', '0.060', '0.056', '0.049'])
2025-09-14 00:48:29,928 - __main__ - INFO -   - Combined time length: 3200 (original T=32, multiples=100)
2025-09-14 00:48:29,933 - __main__ - INFO - 🔍 Computing HMM diagnostics...
2025-09-14 00:49:34,115 - __main__ - INFO - 📊 HMM Diagnostics for Round 3:
2025-09-14 00:49:34,115 - __main__ - INFO -   - Avg log-likelihood per step: -17.5425
2025-09-14 00:49:34,115 - __main__ - INFO -   - State entropy: 0.0771
2025-09-14 00:49:34,115 - __main__ - INFO -   - Effective number of skills: 29.14
2025-09-14 00:49:34,116 - __main__ - INFO -   - Transition stickiness (diag): 0.9836
2025-09-14 00:49:34,116 - __main__ - INFO -   - Top 5 skill occupancies: [0.10600143671035767, 0.06475606560707092, 0.06455963850021362, 0.05858875438570976, 0.05276257544755936]
2025-09-14 00:49:34,116 - __main__ - INFO -   - Top 5 skill indices: [13, 1, 5, 4, 8]
2025-09-14 00:49:34,116 - __main__ - INFO -     - Skill 5: emp= 28.85  E[1/(1-p)]:531.55  p_stay=0.998
2025-09-14 00:49:34,116 - __main__ - INFO -     - Skill 9: emp= 29.04  E[1/(1-p)]:493.78  p_stay=0.998
2025-09-14 00:49:34,116 - __main__ - INFO -     - Skill 8: emp= 29.07  E[1/(1-p)]:401.97  p_stay=0.998
2025-09-14 00:49:34,116 - __main__ - INFO -     - Skill 16: emp= 29.46  E[1/(1-p)]:352.04  p_stay=0.997
2025-09-14 00:49:34,116 - __main__ - INFO -     - Skill 3: emp= 28.57  E[1/(1-p)]:343.68  p_stay=0.997
2025-09-14 00:49:34,116 - __main__ - INFO - 🖼️  Rendering HMM visualizations for round 3
2025-09-14 00:50:42,712 - __main__ - INFO - 💾 Saved HMM posterior → checkpoints_hmm/hmm_round3.pt
2025-09-14 00:50:42,713 - __main__ - INFO - 🤗 Uploading HMM round 3 to HuggingFace: CatkinChen/nethack-hmm
2025-09-14 00:50:48,935 - __main__ - INFO - ✅ HMM uploaded to: https://huggingface.co/CatkinChen/nethack-hmm
2025-09-14 00:50:48,935 - __main__ - INFO - ========== EM Round 3/4: M-step ==========
2025-09-14 00:50:48,935 - __main__ - INFO - 🔧 Fine-tuning VAE with HMM prior for 1 epochs...
2025-09-14 00:50:48,935 - __main__ - INFO - 📊 M-step 3 parameter schedule:
2025-09-14 00:50:48,935 - __main__ - INFO -   - prior_blend_alpha: 0.600 → 1.000 (cosine)
2025-09-14 00:50:48,935 - __main__ - INFO -   - mi_beta: 0.467 → 0.600 (linear)
2025-09-14 00:50:48,936 - __main__ - INFO -   - tc_beta: 0.133 → 0.200 (linear)
2025-09-14 00:50:48,936 - __main__ - INFO -   - dw_beta: 0.833 → 1.000 (linear)
2025-09-14 00:50:49,552 - __main__ - INFO - Weights & Biases initialized
2025-09-14 00:50:49,552 - __main__ - INFO - 🔥Training MultiModalHackVAE with 100 train batches, 20 test batches
2025-09-14 00:50:49,553 - __main__ - INFO -    Epochs: 1
2025-09-14 00:50:49,553 - __main__ - INFO -    Batch size: 32
2025-09-14 00:50:49,553 - __main__ - INFO -    Sequence size: 32
2025-09-14 00:50:49,553 - __main__ - INFO -    Device: cuda
2025-09-14 00:50:49,553 - __main__ - INFO -    Mixed Precision: BF16 = False
2025-09-14 00:50:49,553 - __main__ - INFO -    LR Scheduler: constant
2025-09-14 00:50:49,553 - __main__ - INFO -    Shuffle batches: True
2025-09-14 00:50:49,553 - __main__ - INFO -    Shuffle within batch: False
2025-09-14 00:50:49,553 - __main__ - INFO -    VAE Configuration:
2025-09-14 00:50:49,553 - __main__ - INFO -      - Latent dimension: 96
2025-09-14 00:50:49,553 - __main__ - INFO -      - Encoder dropout: 0.1
2025-09-14 00:50:49,554 - __main__ - INFO -      - Decoder dropout: 0.1
2025-09-14 00:50:49,554 - __main__ - INFO -    Adaptive Loss Weighting:
2025-09-14 00:50:49,554 - __main__ - INFO -      - MI beta: 0.467 → 0.600
2025-09-14 00:50:49,554 - __main__ - INFO -      - TC beta: 0.133 → 0.200
2025-09-14 00:50:49,554 - __main__ - INFO -      - DW beta: 0.833 → 1.000
2025-09-14 00:50:49,554 - __main__ - INFO -      - Blend alpha: 0.600 → 1.000
2025-09-14 00:50:49,554 - __main__ - INFO -      - Warmup epochs: 0 out of 1 total epochs
2025-09-14 00:50:49,554 - __main__ - INFO -    Free bits: 0.75
2025-09-14 00:50:49,554 - __main__ - INFO -    Focal loss: alpha=0.5, gamma=2.0
2025-09-14 00:50:49,554 - __main__ - INFO -    Early Stopping:
2025-09-14 00:50:49,554 - __main__ - INFO -      - Enabled: False
2025-09-14 00:50:49,554 - __main__ - INFO -    HMM Prior: Enabled
2025-09-14 00:50:49,582 - __main__ - INFO - 🔧 Using FP32 precision training
2025-09-14 00:50:49,583 - __main__ - INFO - Model has latent dimension: 96
2025-09-14 00:50:49,583 - __main__ - INFO - 🎯 Starting training for 1 epochs (starting from epoch 0)...
2025-09-14 00:50:49,583 - __main__ - INFO -    Total training steps: 100
2025-09-14 00:50:49,583 - __main__ - INFO -    Warmup steps: 20
2025-09-14 00:50:49,584 - __main__ - INFO - 🎯 Epoch 1/1 - Starting epoch...
2025-09-14 00:50:49,584 - __main__ - DEBUG - Shuffled 100 training batches for epoch 1
2025-09-14 00:50:49,585 - __main__ - DEBUG - Shuffled 20 testing batches for epoch 1
2025-09-14 00:50:50,133 - __main__ - DEBUG - Step 0/100 - Adaptive weights: mi_beta=0.467, tc_beta=0.133, dw_beta=0.833, blend_alpha=0.600
2025-09-14 00:53:56,278 - __main__ - DEBUG - Step 100/100 - Adaptive weights: mi_beta=0.600, tc_beta=0.200, dw_beta=1.000, blend_alpha=1.000
2025-09-14 00:53:57,734 - __main__ - DEBUG - Step 100/100 - Adaptive weights: mi_beta=0.600, tc_beta=0.200, dw_beta=1.000, blend_alpha=1.000
2025-09-14 00:53:59,201 - __main__ - DEBUG - Step 100/100 - Adaptive weights: mi_beta=0.600, tc_beta=0.200, dw_beta=1.000, blend_alpha=1.000
2025-09-14 00:54:00,658 - __main__ - DEBUG - Step 100/100 - Adaptive weights: mi_beta=0.600, tc_beta=0.200, dw_beta=1.000, blend_alpha=1.000
2025-09-14 00:54:02,081 - __main__ - DEBUG - Step 100/100 - Adaptive weights: mi_beta=0.600, tc_beta=0.200, dw_beta=1.000, blend_alpha=1.000
2025-09-14 00:54:03,606 - __main__ - DEBUG - Step 100/100 - Adaptive weights: mi_beta=0.600, tc_beta=0.200, dw_beta=1.000, blend_alpha=1.000
2025-09-14 00:54:05,060 - __main__ - DEBUG - Step 100/100 - Adaptive weights: mi_beta=0.600, tc_beta=0.200, dw_beta=1.000, blend_alpha=1.000
2025-09-14 00:54:06,554 - __main__ - DEBUG - Step 100/100 - Adaptive weights: mi_beta=0.600, tc_beta=0.200, dw_beta=1.000, blend_alpha=1.000
2025-09-14 00:54:08,002 - __main__ - DEBUG - Step 100/100 - Adaptive weights: mi_beta=0.600, tc_beta=0.200, dw_beta=1.000, blend_alpha=1.000
2025-09-14 00:54:09,425 - __main__ - DEBUG - Step 100/100 - Adaptive weights: mi_beta=0.600, tc_beta=0.200, dw_beta=1.000, blend_alpha=1.000
2025-09-14 00:54:10,668 - __main__ - DEBUG - Step 100/100 - Adaptive weights: mi_beta=0.600, tc_beta=0.200, dw_beta=1.000, blend_alpha=1.000
2025-09-14 00:54:12,245 - __main__ - DEBUG - Step 100/100 - Adaptive weights: mi_beta=0.600, tc_beta=0.200, dw_beta=1.000, blend_alpha=1.000
2025-09-14 00:54:13,714 - __main__ - DEBUG - Step 100/100 - Adaptive weights: mi_beta=0.600, tc_beta=0.200, dw_beta=1.000, blend_alpha=1.000
2025-09-14 00:54:15,222 - __main__ - DEBUG - Step 100/100 - Adaptive weights: mi_beta=0.600, tc_beta=0.200, dw_beta=1.000, blend_alpha=1.000
2025-09-14 00:54:16,757 - __main__ - DEBUG - Step 100/100 - Adaptive weights: mi_beta=0.600, tc_beta=0.200, dw_beta=1.000, blend_alpha=1.000
2025-09-14 00:54:18,302 - __main__ - DEBUG - Step 100/100 - Adaptive weights: mi_beta=0.600, tc_beta=0.200, dw_beta=1.000, blend_alpha=1.000
2025-09-14 00:54:19,715 - __main__ - DEBUG - Step 100/100 - Adaptive weights: mi_beta=0.600, tc_beta=0.200, dw_beta=1.000, blend_alpha=1.000
2025-09-14 00:54:21,153 - __main__ - DEBUG - Step 100/100 - Adaptive weights: mi_beta=0.600, tc_beta=0.200, dw_beta=1.000, blend_alpha=1.000
2025-09-14 00:54:22,584 - __main__ - DEBUG - Step 100/100 - Adaptive weights: mi_beta=0.600, tc_beta=0.200, dw_beta=1.000, blend_alpha=1.000
2025-09-14 00:54:23,992 - __main__ - DEBUG - Step 100/100 - Adaptive weights: mi_beta=0.600, tc_beta=0.200, dw_beta=1.000, blend_alpha=1.000
2025-09-14 00:54:24,836 - __main__ - DEBUG - Step 100/100 - Adaptive weights: mi_beta=0.600, tc_beta=0.200, dw_beta=1.000, blend_alpha=1.000
2025-09-14 00:54:24,837 - __main__ - INFO - 
=== Epoch 1/1 Summary ===
2025-09-14 00:54:24,837 - __main__ - INFO - Average Train Loss: 3894.585 | Average Test Loss: 2780.779
2025-09-14 00:54:24,837 - __main__ - INFO - Current KL Betas: mi=0.600, tc=0.200, dw=1.000, blend_alpha=1.000
2025-09-14 00:54:24,837 - __main__ - INFO - Global Step: 100/100 (100.0%)
2025-09-14 00:54:24,837 - __main__ - INFO - Final Training Batch Details:
2025-09-14 00:54:24,838 - __main__ - INFO -   Raw Losses: hero_loc: 2.599 | occupy: 1640.623 | bag: 454.689 | stats: 74.947 | msg: 24.991 | ego_char: 28.443 | ego_color: 109.571 | ego_class: 29.638 | passability: 0.598 | reward: 32.277 | done: 0.009 | value_k: 5.388 | safety: 0.663 | goal: 0.310 | forward: 45.563 | inverse: 2.900
2025-09-14 00:54:24,838 - __main__ - INFO - Final Testing Batch Details:
2025-09-14 00:54:24,838 - __main__ - INFO -   Raw Losses: hero_loc: 1.749 | occupy: 1533.109 | bag: 430.748 | stats: 78.777 | msg: 31.407 | ego_char: 28.548 | ego_color: 89.307 | ego_class: 30.371 | passability: 0.586 | reward: 16.341 | done: 0.009 | value_k: 2.251 | safety: 0.665 | goal: 0.079 | forward: 31.354 | inverse: 3.087
2025-09-14 00:54:24,838 - __main__ - INFO - Variance of model output (mu): 0.0863, 0.1837, 0.1556, 0.1025, 0.1288, 0.1093, 0.1235, 0.1546, 0.1602, 0.1066, 0.1730, 0.1712, 0.1431, 0.0936, 0.1110, 0.1060, 0.0947, 0.0872, 0.0765, 0.0776, 0.0716, 0.0835, 0.0866, 0.0862, 0.0711, 0.0710, 0.0738, 0.0653, 0.0885, 0.0656, 0.0747, 0.0638, 0.0881, 0.0805, 0.0677, 0.0735, 0.0842, 0.0844, 0.0800, 0.0803, 0.0852, 0.0690, 0.0781, 0.0736, 0.0738, 0.0798, 0.0729, 0.0784, 0.0825, 0.0687, 0.0835, 0.0731, 0.0693, 0.0760, 0.0599, 0.1051, 0.0955, 0.0936, 0.0776, 0.0890, 0.0757, 0.0782, 0.0827, 0.0715, 0.0904, 0.0622, 0.0756, 0.0785, 0.0694, 0.0740, 0.0759, 0.0800, 0.0846, 0.0861, 0.0704, 0.0773, 0.0685, 0.0743, 0.0819, 0.0623, 0.1022, 0.0849, 0.0818, 0.0781, 0.0764, 0.0863, 0.0781, 0.0787, 0.0795, 0.0661, 0.0752, 0.0788, 0.0830, 0.0818, 0.0833, 0.0774
2025-09-14 00:54:24,838 - __main__ - INFO - Per-dim KL: 0.7214, 3.0428, 0.4859, 0.5977, 0.5931, 3.8115, 1.2605, 5.9795, 8.7627, 0.5889, 0.8092, 2.5648, 1.6366, 0.9872, 0.5609, 3.0099, 0.6578, 0.6408, 0.6711, 0.4503, 0.5867, 0.5069, 0.4597, 0.5359, 0.5468, 0.8030, 0.6003, 0.7555, 0.6900, 0.6393, 0.6704, 0.6804, 0.6296, 0.6434, 0.5698, 0.5007, 0.6071, 0.5500, 0.6534, 0.4584, 0.5268, 0.5163, 0.5810, 0.6579, 0.4194, 0.4903, 0.5423, 0.6657, 0.5578, 0.6281, 0.4915, 0.4714, 0.6745, 0.5208, 0.6595, 0.4540, 0.5513, 0.7130, 0.5930, 0.5584, 0.7314, 0.7904, 0.6620, 0.5976, 0.7540, 0.6540, 0.6526, 0.6032, 0.7013, 0.3440, 0.4811, 0.4930, 0.5304, 0.7133, 0.5082, 0.5795, 0.4401, 0.6512, 0.6867, 0.5067, 0.5869, 0.4440, 0.6408, 0.6297, 0.4873, 0.5903, 0.3974, 0.4753, 0.7675, 0.5696, 0.5310, 0.4817, 0.5146, 0.5264, 0.5496, 0.5283
2025-09-14 00:54:24,839 - __main__ - INFO - Eigenvalues of latent space: 0.6504, 0.5751, 0.4811, 0.4153, 0.4100, 0.3637, 0.3445, 0.3285, 0.3145, 0.3092, 0.2969, 0.2859, 0.2725, 0.2709, 0.2652, 0.2644, 0.2553, 0.2452, 0.2423, 0.2345, 0.2329, 0.2251, 0.2237, 0.2190, 0.2123, 0.2082, 0.2005, 0.1996, 0.1928, 0.1896, 0.1877, 0.1850, 0.1806, 0.1763, 0.1736, 0.1693, 0.1685, 0.1651, 0.1623, 0.1573, 0.1562, 0.1549, 0.1536, 0.1499, 0.1476, 0.1461, 0.1453, 0.1430, 0.1419, 0.1391, 0.1345, 0.1335, 0.1310, 0.1297, 0.1277, 0.1268, 0.1242, 0.1232, 0.1201, 0.1190, 0.1183, 0.1171, 0.1148, 0.1140, 0.1120, 0.1106, 0.1087, 0.1054, 0.1045, 0.1040, 0.1027, 0.1015, 0.1007, 0.0991, 0.0972, 0.0959, 0.0951, 0.0943, 0.0934, 0.0924, 0.0909, 0.0897, 0.0876, 0.0863, 0.0848, 0.0844, 0.0822, 0.0805, 0.0793, 0.0769, 0.0751, 0.0744, 0.0708, 0.0699, 0.0664, 0.0637
2025-09-14 00:54:24,839 - __main__ - INFO - KL Eigenvalues: 0.0403, 0.0641, 0.1064, 0.1470, 0.1508, 0.1876, 0.2051, 0.2209, 0.2356, 0.2414, 0.2556, 0.2690, 0.2863, 0.2885, 0.2962, 0.2974, 0.3104, 0.3255, 0.3299, 0.3424, 0.3451, 0.3582, 0.3606, 0.3689, 0.3809, 0.3887, 0.4037, 0.4055, 0.4194, 0.4262, 0.4303, 0.4363, 0.4460, 0.4560, 0.4622, 0.4727, 0.4747, 0.4831, 0.4902, 0.5034, 0.5065, 0.5100, 0.5135, 0.5238, 0.5304, 0.5349, 0.5370, 0.5440, 0.5473, 0.5559, 0.5702, 0.5735, 0.5816, 0.5860, 0.5929, 0.5959, 0.6050, 0.6085, 0.6199, 0.6240, 0.6266, 0.6311, 0.6397, 0.6427, 0.6505, 0.6564, 0.6640, 0.6775, 0.6815, 0.6837, 0.6892, 0.6947, 0.6980, 0.7055, 0.7143, 0.7203, 0.7239, 0.7276, 0.7324, 0.7371, 0.7443, 0.7503, 0.7612, 0.7683, 0.7763, 0.7783, 0.7906, 0.7998, 0.8070, 0.8209, 0.8318, 0.8364, 0.8594, 0.8656, 0.8893, 0.9089
2025-09-14 00:54:24,839 - __main__ - INFO - Variance explained by eigenvalues: 0.0388, 0.0732, 0.1019, 0.1267, 0.1512, 0.1729, 0.1935, 0.2131, 0.2319, 0.2503, 0.2681, 0.2851, 0.3014, 0.3176, 0.3334, 0.3492, 0.3645, 0.3791, 0.3936, 0.4076, 0.4215, 0.4349, 0.4483, 0.4613, 0.4740, 0.4865, 0.4984, 0.5104, 0.5219, 0.5332, 0.5444, 0.5554, 0.5662, 0.5768, 0.5871, 0.5972, 0.6073, 0.6172, 0.6268, 0.6362, 0.6456, 0.6548, 0.6640, 0.6729, 0.6817, 0.6905, 0.6992, 0.7077, 0.7162, 0.7245, 0.7325, 0.7405, 0.7483, 0.7560, 0.7637, 0.7712, 0.7787, 0.7860, 0.7932, 0.8003, 0.8074, 0.8143, 0.8212, 0.8280, 0.8347, 0.8413, 0.8478, 0.8541, 0.8603, 0.8665, 0.8727, 0.8787, 0.8847, 0.8907, 0.8965, 0.9022, 0.9079, 0.9135, 0.9191, 0.9246, 0.9300, 0.9354, 0.9406, 0.9458, 0.9508, 0.9559, 0.9608, 0.9656, 0.9703, 0.9749, 0.9794, 0.9838, 0.9881, 0.9922, 0.9962, 1.0000
2025-09-14 00:54:24,839 - __main__ - INFO - ==================================================
2025-09-14 00:54:24,839 - __main__ - INFO - 
✅ MultiModalVAE training completed!
2025-09-14 00:54:24,839 - __main__ - INFO -   - Completed all 1 epochs
2025-09-14 00:54:24,840 - __main__ - INFO -   - Final train loss: 3894.5849
2025-09-14 00:54:24,840 - __main__ - INFO -   - Final test loss: 2780.7795
2025-09-14 00:54:24,862 - __main__ - INFO - 💾 Model saved locally: checkpoints_hmm/vae_hmm_round3_temp.pth
2025-09-14 00:54:26,079 - __main__ - DEBUG - 🗑️  Removed temporary file: checkpoints_hmm/vae_hmm_round3_temp.pth
2025-09-14 00:54:26,079 - __main__ - INFO - ✅ M-step completed: final_train_loss=3894.5849, final_test_loss=2780.7795
2025-09-14 00:54:26,109 - __main__ - INFO - 💾 Saved VAE+HMM → checkpoints_hmm/vae_with_hmm_round3.pt
2025-09-14 00:54:26,109 - __main__ - INFO - 🤗 Uploading VAE+HMM round 3 to HuggingFace: CatkinChen/nethack-vae-hmm
2025-09-14 00:54:30,743 - huggingface_hub.hf_api - WARNING - No files have been modified since last commit. Skipping to prevent empty commit.
2025-09-14 00:54:35,528 - __main__ - INFO - ✅ VAE+HMM uploaded to: https://huggingface.co/CatkinChen/nethack-vae-hmm
2025-09-14 00:54:39,370 - __main__ - INFO - ========== EM Round 4/4: E-step ==========
2025-09-14 00:54:39,370 - __main__ - INFO -    - Resetting HMM to prior
2025-09-14 00:54:39,372 - __main__ - INFO -    - Resetting HMM streaming statistics
2025-09-14 00:54:55,287 - __main__ - INFO -    - Re-initialized NIW mean with k-means on VAE latents
2025-09-14 00:55:47,459 - __main__ - DEBUG - Initial ELBO: -11885776.0001
2025-09-14 00:55:47,460 - __main__ - DEBUG - Relative tol: 0.0100
2025-09-14 00:55:47,460 - __main__ - DEBUG - Relative elbo_drop_tol: 0.0100
2025-09-14 00:55:47,460 - __main__ - DEBUG - - Init -118.8343
2025-09-14 00:55:47,460 - __main__ - DEBUG - - Trans -194213.4956
2025-09-14 00:55:47,460 - __main__ - DEBUG - - Emit -11685875.4688
2025-09-14 00:55:47,460 - __main__ - DEBUG - - Entropy 2046.8154
2025-09-14 00:55:47,460 - __main__ - DEBUG - - Dir 0.0000
2025-09-14 00:55:47,460 - __main__ - DEBUG - - NIW -7600.1626
2025-09-14 00:55:47,460 - __main__ - DEBUG - - Beta prior -14.8543
2025-09-14 00:56:30,360 - __main__ - DEBUG - Iter 0: ELBO after FB: -11885776.0001 (LL -11878160.9832, Δ=0.0000)
2025-09-14 00:56:30,361 - __main__ - DEBUG - First pass after reset, using full stats.
2025-09-14 00:56:30,398 - __main__ - DEBUG - Iter 0: ELBO after NIW update: -1964946.0113 (Emit LL -1266885.6426, NIW term -505760.0000, Δ=9920829.9888)
2025-09-14 00:56:30,436 - __main__ - DEBUG - Iter 0: ELBO after Dirichlet update: -1786246.1743 (Trans LL -13769.5062, Dir term -1744.1523, Δ=178699.8371)
2025-09-14 00:57:13,421 - __main__ - DEBUG - Iter 1: ELBO after FB: -1771636.0828 (LL -1264117.0761, Δ=14610.0915)
2025-09-14 00:57:13,421 - __main__ - DEBUG - First pass after reset, using full stats.
2025-09-14 00:57:13,459 - __main__ - DEBUG - Iter 1: ELBO after NIW update: -1745533.2488 (Emit LL -1256100.7324, NIW term -470109.4062, Δ=26102.8340)
2025-09-14 00:57:13,497 - __main__ - DEBUG - Iter 1: ELBO after Dirichlet update: -1744184.4311 (Trans LL -18456.5187, Dir term -1567.7656, Δ=1348.8176)
2025-09-14 00:57:56,383 - __main__ - DEBUG - Iter 2: ELBO after FB: -1724209.0946 (LL -1252517.0684, Δ=19975.3366)
2025-09-14 00:57:56,384 - __main__ - DEBUG - First pass after reset, using full stats.
2025-09-14 00:57:56,421 - __main__ - DEBUG - Iter 2: ELBO after NIW update: -1655984.9071 (Emit LL -1242448.0215, NIW term -394021.5312, Δ=68224.1875)
2025-09-14 00:57:56,459 - __main__ - DEBUG - Iter 2: ELBO after Dirichlet update: -1655120.9305 (Trans LL -19454.8436, Dir term -1260.0020, Δ=863.9765)
2025-09-14 00:58:39,438 - __main__ - DEBUG - Iter 3: ELBO after FB: -1636490.7078 (LL -1241194.3203, Δ=18630.2228)
2025-09-14 00:58:39,438 - __main__ - DEBUG - First pass after reset, using full stats.
2025-09-14 00:58:39,476 - __main__ - DEBUG - Iter 3: ELBO after NIW update: -1586520.1375 (Emit LL -1232070.7871, NIW term -335818.2812, Δ=49970.5703)
2025-09-14 00:58:39,515 - __main__ - DEBUG - Iter 3: ELBO after Dirichlet update: -1585865.6080 (Trans LL -18893.9777, Dir term -1024.0547, Δ=654.5295)
2025-09-14 00:59:22,470 - __main__ - DEBUG - Iter 4: ELBO after FB: -1572221.6423 (LL -1235364.4521, Δ=13643.9656)
2025-09-14 00:59:22,470 - __main__ - DEBUG - First pass after reset, using full stats.
2025-09-14 00:59:22,508 - __main__ - DEBUG - Iter 4: ELBO after NIW update: -1540683.1443 (Emit LL -1224384.1016, NIW term -298255.6250, Δ=31538.4980)
2025-09-14 00:59:22,545 - __main__ - DEBUG - Iter 4: ELBO after Dirichlet update: -1540275.6552 (Trans LL -18642.1566, Dir term -873.4395, Δ=407.4891)
2025-09-14 01:00:05,348 - __main__ - DEBUG - Iter 5: ELBO after FB: -1529877.2248 (LL -1230733.3061, Δ=10398.4304)
2025-09-14 01:00:05,348 - __main__ - DEBUG - First pass after reset, using full stats.
2025-09-14 01:00:05,386 - __main__ - DEBUG - Iter 5: ELBO after NIW update: -1508205.8576 (Emit LL -1213655.9473, NIW term -277007.9062, Δ=21671.3672)
2025-09-14 01:00:05,424 - __main__ - DEBUG - Iter 5: ELBO after Dirichlet update: -1507985.8764 (Trans LL -18369.3909, Dir term -758.7676, Δ=219.9813)
2025-09-14 01:00:48,172 - __main__ - DEBUG - Iter 6: ELBO after FB: -1506641.9629 (LL -1228860.4348, Δ=1343.9134)
2025-09-14 01:00:48,172 - __main__ - DEBUG - First pass after reset, using full stats.
2025-09-14 01:00:48,209 - __main__ - DEBUG - Iter 6: ELBO after NIW update: -1505164.4571 (Emit LL -1213259.1895, NIW term -274649.0000, Δ=1477.5059)
2025-09-14 01:00:48,247 - __main__ - DEBUG - Iter 6: ELBO after Dirichlet update: -1505116.4803 (Trans LL -18241.2054, Dir term -745.2656, Δ=47.9767)
2025-09-14 01:00:48,248 - __main__ - DEBUG - Early stopping: ELBO improvement 2869.3960 < tolerance
2025-09-14 01:01:39,517 - __main__ - INFO - [E-step] Multi-batch 1/1 (x100 batches) - HMM Diagnostics:
2025-09-14 01:01:39,518 - __main__ - INFO -   - Avg log-likelihood per step: -13.2703
2025-09-14 01:01:39,518 - __main__ - INFO -   - Inner ELBO (final): -1505116.4803
2025-09-14 01:01:39,518 - __main__ - INFO -   - ELBO progression (7 iters): [-1786246.12, ..., -1505116.50] (Δ=281129.6250)
2025-09-14 01:01:39,518 - __main__ - INFO -   - Effective number of skills: 14.46
2025-09-14 01:01:39,518 - __main__ - INFO -   - State entropy: 0.057
2025-09-14 01:01:39,518 - __main__ - INFO -   - Transition stickiness: 0.528
2025-09-14 01:01:39,518 - __main__ - INFO -   - Top 5 skills: [8, 16, 3, 24, 28] (probs: ['0.190', '0.093', '0.093', '0.068', '0.063'])
2025-09-14 01:01:39,518 - __main__ - INFO -   - Combined time length: 3200 (original T=32, multiples=100)
2025-09-14 01:01:39,519 - __main__ - INFO - 🔍 Computing HMM diagnostics...
2025-09-14 01:02:42,961 - __main__ - INFO - 📊 HMM Diagnostics for Round 4:
2025-09-14 01:02:42,961 - __main__ - INFO -   - Avg log-likelihood per step: -13.3811
2025-09-14 01:02:42,961 - __main__ - INFO -   - State entropy: 0.0702
2025-09-14 01:02:42,961 - __main__ - INFO -   - Effective number of skills: 14.49
2025-09-14 01:02:42,961 - __main__ - INFO -   - Transition stickiness (diag): 0.5280
2025-09-14 01:02:42,961 - __main__ - INFO -   - Top 5 skill occupancies: [0.18940208852291107, 0.09367441385984421, 0.09342347830533981, 0.06725654751062393, 0.06290944665670395]
2025-09-14 01:02:42,961 - __main__ - INFO -   - Top 5 skill indices: [8, 3, 16, 24, 28]
2025-09-14 01:02:42,962 - __main__ - INFO -     - Skill 29: emp= 25.82  E[1/(1-p)]:172.47  p_stay=0.994
2025-09-14 01:02:42,962 - __main__ - INFO -     - Skill 14: emp= 24.29  E[1/(1-p)]:138.38  p_stay=0.993
2025-09-14 01:02:42,962 - __main__ - INFO -     - Skill 39: emp= 24.45  E[1/(1-p)]:102.49  p_stay=0.990
2025-09-14 01:02:42,962 - __main__ - INFO -     - Skill 22: emp= 18.40  E[1/(1-p)]: 45.43  p_stay=0.978
2025-09-14 01:02:42,962 - __main__ - INFO -     - Skill 1: emp= 20.72  E[1/(1-p)]: 38.42  p_stay=0.974
2025-09-14 01:02:42,962 - __main__ - INFO - 🖼️  Rendering HMM visualizations for round 4
2025-09-14 01:03:52,107 - __main__ - INFO - 💾 Saved HMM posterior → checkpoints_hmm/hmm_round4.pt
2025-09-14 01:03:52,107 - __main__ - INFO - 🤗 Uploading HMM round 4 to HuggingFace: CatkinChen/nethack-hmm
2025-09-14 01:03:57,503 - __main__ - INFO - ✅ HMM uploaded to: https://huggingface.co/CatkinChen/nethack-hmm
2025-09-14 01:03:57,504 - __main__ - INFO - ========== EM Round 4/4: M-step ==========
2025-09-14 01:03:57,504 - __main__ - INFO - 🔧 Fine-tuning VAE with HMM prior for 1 epochs...
2025-09-14 01:03:57,504 - __main__ - INFO - 📊 M-step 4 parameter schedule:
2025-09-14 01:03:57,504 - __main__ - INFO -   - prior_blend_alpha: 1.000 → 1.000 (constant)
2025-09-14 01:03:57,504 - __main__ - INFO -   - mi_beta: 0.600 → 0.600 (linear)
2025-09-14 01:03:57,504 - __main__ - INFO -   - tc_beta: 0.200 → 0.200 (linear)
2025-09-14 01:03:57,504 - __main__ - INFO -   - dw_beta: 1.000 → 1.000 (linear)
2025-09-14 01:03:58,158 - __main__ - INFO - Weights & Biases initialized
2025-09-14 01:03:58,158 - __main__ - INFO - 🔥Training MultiModalHackVAE with 100 train batches, 20 test batches
2025-09-14 01:03:58,158 - __main__ - INFO -    Epochs: 1
2025-09-14 01:03:58,158 - __main__ - INFO -    Batch size: 32
2025-09-14 01:03:58,158 - __main__ - INFO -    Sequence size: 32
2025-09-14 01:03:58,159 - __main__ - INFO -    Device: cuda
2025-09-14 01:03:58,159 - __main__ - INFO -    Mixed Precision: BF16 = False
2025-09-14 01:03:58,159 - __main__ - INFO -    LR Scheduler: constant
2025-09-14 01:03:58,159 - __main__ - INFO -    Shuffle batches: True
2025-09-14 01:03:58,159 - __main__ - INFO -    Shuffle within batch: False
2025-09-14 01:03:58,159 - __main__ - INFO -    VAE Configuration:
2025-09-14 01:03:58,159 - __main__ - INFO -      - Latent dimension: 96
2025-09-14 01:03:58,159 - __main__ - INFO -      - Encoder dropout: 0.1
2025-09-14 01:03:58,159 - __main__ - INFO -      - Decoder dropout: 0.1
2025-09-14 01:03:58,159 - __main__ - INFO -    Adaptive Loss Weighting:
2025-09-14 01:03:58,160 - __main__ - INFO -      - MI beta: 0.600 → 0.600
2025-09-14 01:03:58,160 - __main__ - INFO -      - TC beta: 0.200 → 0.200
2025-09-14 01:03:58,160 - __main__ - INFO -      - DW beta: 1.000 → 1.000
2025-09-14 01:03:58,160 - __main__ - INFO -      - Blend alpha: 1.000 → 1.000
2025-09-14 01:03:58,160 - __main__ - INFO -      - Warmup epochs: 0 out of 1 total epochs
2025-09-14 01:03:58,160 - __main__ - INFO -    Free bits: 0.75
2025-09-14 01:03:58,160 - __main__ - INFO -    Focal loss: alpha=0.5, gamma=2.0
2025-09-14 01:03:58,160 - __main__ - INFO -    Early Stopping:
2025-09-14 01:03:58,160 - __main__ - INFO -      - Enabled: False
2025-09-14 01:03:58,161 - __main__ - INFO -    HMM Prior: Enabled
2025-09-14 01:03:58,184 - __main__ - INFO - 🔧 Using FP32 precision training
2025-09-14 01:03:58,185 - __main__ - INFO - Model has latent dimension: 96
2025-09-14 01:03:58,185 - __main__ - INFO - 🎯 Starting training for 1 epochs (starting from epoch 0)...
2025-09-14 01:03:58,185 - __main__ - INFO -    Total training steps: 100
2025-09-14 01:03:58,185 - __main__ - INFO -    Warmup steps: 20
2025-09-14 01:03:58,185 - __main__ - INFO - 🎯 Epoch 1/1 - Starting epoch...
2025-09-14 01:03:58,186 - __main__ - DEBUG - Shuffled 100 training batches for epoch 1
2025-09-14 01:03:58,186 - __main__ - DEBUG - Shuffled 20 testing batches for epoch 1
2025-09-14 01:03:58,739 - __main__ - DEBUG - Step 0/100 - Adaptive weights: mi_beta=0.600, tc_beta=0.200, dw_beta=1.000, blend_alpha=1.000
2025-09-14 01:07:05,201 - __main__ - DEBUG - Step 100/100 - Adaptive weights: mi_beta=0.600, tc_beta=0.200, dw_beta=1.000, blend_alpha=1.000
2025-09-14 01:07:06,666 - __main__ - DEBUG - Step 100/100 - Adaptive weights: mi_beta=0.600, tc_beta=0.200, dw_beta=1.000, blend_alpha=1.000
2025-09-14 01:07:08,146 - __main__ - DEBUG - Step 100/100 - Adaptive weights: mi_beta=0.600, tc_beta=0.200, dw_beta=1.000, blend_alpha=1.000
2025-09-14 01:07:09,604 - __main__ - DEBUG - Step 100/100 - Adaptive weights: mi_beta=0.600, tc_beta=0.200, dw_beta=1.000, blend_alpha=1.000
2025-09-14 01:07:11,028 - __main__ - DEBUG - Step 100/100 - Adaptive weights: mi_beta=0.600, tc_beta=0.200, dw_beta=1.000, blend_alpha=1.000
2025-09-14 01:07:12,546 - __main__ - DEBUG - Step 100/100 - Adaptive weights: mi_beta=0.600, tc_beta=0.200, dw_beta=1.000, blend_alpha=1.000
2025-09-14 01:07:14,006 - __main__ - DEBUG - Step 100/100 - Adaptive weights: mi_beta=0.600, tc_beta=0.200, dw_beta=1.000, blend_alpha=1.000
2025-09-14 01:07:15,554 - __main__ - DEBUG - Step 100/100 - Adaptive weights: mi_beta=0.600, tc_beta=0.200, dw_beta=1.000, blend_alpha=1.000
2025-09-14 01:07:17,002 - __main__ - DEBUG - Step 100/100 - Adaptive weights: mi_beta=0.600, tc_beta=0.200, dw_beta=1.000, blend_alpha=1.000
2025-09-14 01:07:18,422 - __main__ - DEBUG - Step 100/100 - Adaptive weights: mi_beta=0.600, tc_beta=0.200, dw_beta=1.000, blend_alpha=1.000
2025-09-14 01:07:19,667 - __main__ - DEBUG - Step 100/100 - Adaptive weights: mi_beta=0.600, tc_beta=0.200, dw_beta=1.000, blend_alpha=1.000
2025-09-14 01:07:21,210 - __main__ - DEBUG - Step 100/100 - Adaptive weights: mi_beta=0.600, tc_beta=0.200, dw_beta=1.000, blend_alpha=1.000
2025-09-14 01:07:22,668 - __main__ - DEBUG - Step 100/100 - Adaptive weights: mi_beta=0.600, tc_beta=0.200, dw_beta=1.000, blend_alpha=1.000
2025-09-14 01:07:24,161 - __main__ - DEBUG - Step 100/100 - Adaptive weights: mi_beta=0.600, tc_beta=0.200, dw_beta=1.000, blend_alpha=1.000
2025-09-14 01:07:25,679 - __main__ - DEBUG - Step 100/100 - Adaptive weights: mi_beta=0.600, tc_beta=0.200, dw_beta=1.000, blend_alpha=1.000
2025-09-14 01:07:27,214 - __main__ - DEBUG - Step 100/100 - Adaptive weights: mi_beta=0.600, tc_beta=0.200, dw_beta=1.000, blend_alpha=1.000
2025-09-14 01:07:28,619 - __main__ - DEBUG - Step 100/100 - Adaptive weights: mi_beta=0.600, tc_beta=0.200, dw_beta=1.000, blend_alpha=1.000
2025-09-14 01:07:30,044 - __main__ - DEBUG - Step 100/100 - Adaptive weights: mi_beta=0.600, tc_beta=0.200, dw_beta=1.000, blend_alpha=1.000
2025-09-14 01:07:31,469 - __main__ - DEBUG - Step 100/100 - Adaptive weights: mi_beta=0.600, tc_beta=0.200, dw_beta=1.000, blend_alpha=1.000
2025-09-14 01:07:32,865 - __main__ - DEBUG - Step 100/100 - Adaptive weights: mi_beta=0.600, tc_beta=0.200, dw_beta=1.000, blend_alpha=1.000
2025-09-14 01:07:33,701 - __main__ - DEBUG - Step 100/100 - Adaptive weights: mi_beta=0.600, tc_beta=0.200, dw_beta=1.000, blend_alpha=1.000
2025-09-14 01:07:33,701 - __main__ - INFO - 
=== Epoch 1/1 Summary ===
2025-09-14 01:07:33,701 - __main__ - INFO - Average Train Loss: 3859.391 | Average Test Loss: 2667.474
2025-09-14 01:07:33,702 - __main__ - INFO - Current KL Betas: mi=0.600, tc=0.200, dw=1.000, blend_alpha=1.000
2025-09-14 01:07:33,702 - __main__ - INFO - Global Step: 100/100 (100.0%)
2025-09-14 01:07:33,702 - __main__ - INFO - Final Training Batch Details:
2025-09-14 01:07:33,702 - __main__ - INFO -   Raw Losses: hero_loc: 2.585 | occupy: 1643.291 | bag: 408.702 | stats: 72.910 | msg: 24.572 | ego_char: 27.863 | ego_color: 155.197 | ego_class: 29.381 | passability: 0.595 | reward: 32.153 | done: 0.011 | value_k: 5.390 | safety: 0.667 | goal: 0.312 | forward: 50.183 | inverse: 2.913
2025-09-14 01:07:33,702 - __main__ - INFO - Final Testing Batch Details:
2025-09-14 01:07:33,702 - __main__ - INFO -   Raw Losses: hero_loc: 2.108 | occupy: 1510.890 | bag: 379.834 | stats: 74.391 | msg: 30.979 | ego_char: 28.510 | ego_color: 142.803 | ego_class: 30.159 | passability: 0.588 | reward: 16.310 | done: 0.010 | value_k: 2.258 | safety: 0.669 | goal: 0.122 | forward: 32.525 | inverse: 3.109
2025-09-14 01:07:33,703 - __main__ - INFO - Variance of model output (mu): 0.1078, 0.1322, 0.0767, 0.0940, 0.1054, 0.1211, 0.0912, 0.1646, 0.1127, 0.0827, 0.1042, 0.1129, 0.1050, 0.1005, 0.1102, 0.0967, 0.0818, 0.0649, 0.0768, 0.0839, 0.0739, 0.0775, 0.0656, 0.0680, 0.0601, 0.0568, 0.0873, 0.0677, 0.0732, 0.0685, 0.0688, 0.0680, 0.0768, 0.0725, 0.0693, 0.0780, 0.0683, 0.0670, 0.0696, 0.0802, 0.0714, 0.0791, 0.0785, 0.0728, 0.1028, 0.0745, 0.0606, 0.0753, 0.0724, 0.0751, 0.0807, 0.0697, 0.0753, 0.0765, 0.0782, 0.0629, 0.0725, 0.0756, 0.0938, 0.0735, 0.0886, 0.0721, 0.0739, 0.0792, 0.0670, 0.0752, 0.0783, 0.0775, 0.0674, 0.0783, 0.0840, 0.0645, 0.0714, 0.0825, 0.0805, 0.0583, 0.0806, 0.0769, 0.0725, 0.0759, 0.0673, 0.0674, 0.0786, 0.0686, 0.0862, 0.0754, 0.0685, 0.0777, 0.0832, 0.0733, 0.0738, 0.0729, 0.0732, 0.0835, 0.0620, 0.0718
2025-09-14 01:07:33,703 - __main__ - INFO - Per-dim KL: 0.9498, 0.4536, 0.6446, 0.8967, 1.4073, 3.4533, 4.9272, 10.7159, 0.6349, 0.6518, 1.9894, 4.1164, 1.6551, 4.6289, 1.4958, 1.4802, 0.5307, 0.6540, 0.5751, 0.5829, 0.6246, 0.4959, 0.7563, 0.4880, 0.5804, 0.7514, 0.6644, 0.6497, 0.5161, 0.5954, 0.6578, 0.6216, 0.4950, 0.5164, 0.6457, 0.4053, 0.6173, 0.6246, 0.6591, 0.4331, 0.6425, 0.5808, 0.5577, 0.5988, 0.4428, 0.5673, 0.6686, 0.5219, 0.6476, 0.4922, 0.4526, 0.5861, 0.6578, 0.5913, 0.3988, 0.5447, 0.5201, 0.5919, 0.4251, 0.6959, 0.4569, 0.6402, 0.4233, 0.4643, 0.5510, 0.6085, 0.4684, 0.5145, 0.4854, 0.3454, 0.5315, 0.5283, 0.5628, 0.6264, 0.5505, 0.7161, 0.5047, 0.6306, 0.6863, 0.4062, 0.5095, 0.5894, 0.5496, 0.6637, 0.5226, 0.4872, 0.7221, 0.6380, 0.5691, 0.7009, 0.5876, 0.3487, 0.4035, 0.5489, 0.6254, 0.5989
2025-09-14 01:07:33,703 - __main__ - INFO - Eigenvalues of latent space: 0.4914, 0.4120, 0.3954, 0.3752, 0.3476, 0.3258, 0.3098, 0.3049, 0.2905, 0.2892, 0.2712, 0.2688, 0.2594, 0.2466, 0.2397, 0.2377, 0.2295, 0.2239, 0.2196, 0.2126, 0.2081, 0.2057, 0.2029, 0.2000, 0.1926, 0.1892, 0.1832, 0.1805, 0.1737, 0.1703, 0.1667, 0.1649, 0.1627, 0.1581, 0.1564, 0.1548, 0.1501, 0.1478, 0.1444, 0.1400, 0.1393, 0.1381, 0.1346, 0.1303, 0.1294, 0.1278, 0.1256, 0.1244, 0.1212, 0.1196, 0.1173, 0.1142, 0.1133, 0.1108, 0.1096, 0.1066, 0.1065, 0.1054, 0.1029, 0.1006, 0.0989, 0.0973, 0.0954, 0.0944, 0.0926, 0.0924, 0.0914, 0.0894, 0.0886, 0.0878, 0.0869, 0.0848, 0.0847, 0.0825, 0.0806, 0.0790, 0.0772, 0.0757, 0.0747, 0.0743, 0.0726, 0.0706, 0.0701, 0.0687, 0.0676, 0.0666, 0.0654, 0.0643, 0.0630, 0.0617, 0.0602, 0.0583, 0.0572, 0.0553, 0.0539, 0.0520
2025-09-14 01:07:33,703 - __main__ - INFO - KL Eigenvalues: 0.1010, 0.1493, 0.1616, 0.1778, 0.2021, 0.2237, 0.2408, 0.2463, 0.2634, 0.2649, 0.2880, 0.2913, 0.3043, 0.3233, 0.3340, 0.3373, 0.3507, 0.3602, 0.3678, 0.3804, 0.3889, 0.3935, 0.3989, 0.4047, 0.4199, 0.4272, 0.4403, 0.4462, 0.4621, 0.4703, 0.4791, 0.4836, 0.4892, 0.5014, 0.5060, 0.5102, 0.5233, 0.5299, 0.5397, 0.5529, 0.5552, 0.5589, 0.5701, 0.5842, 0.5870, 0.5927, 0.6000, 0.6043, 0.6157, 0.6217, 0.6301, 0.6421, 0.6454, 0.6553, 0.6601, 0.6724, 0.6730, 0.6779, 0.6883, 0.6985, 0.7062, 0.7137, 0.7224, 0.7273, 0.7360, 0.7371, 0.7420, 0.7521, 0.7560, 0.7605, 0.7651, 0.7762, 0.7765, 0.7890, 0.7994, 0.8088, 0.8192, 0.8281, 0.8345, 0.8367, 0.8476, 0.8606, 0.8640, 0.8737, 0.8806, 0.8876, 0.8963, 0.9039, 0.9141, 0.9232, 0.9351, 0.9504, 0.9591, 0.9751, 0.9872, 1.0041
2025-09-14 01:07:33,704 - __main__ - INFO - Variance explained by eigenvalues: 0.0338, 0.0622, 0.0895, 0.1153, 0.1393, 0.1617, 0.1830, 0.2040, 0.2241, 0.2440, 0.2627, 0.2812, 0.2991, 0.3160, 0.3325, 0.3489, 0.3647, 0.3802, 0.3953, 0.4099, 0.4243, 0.4384, 0.4524, 0.4662, 0.4795, 0.4925, 0.5051, 0.5175, 0.5295, 0.5412, 0.5527, 0.5641, 0.5753, 0.5862, 0.5969, 0.6076, 0.6179, 0.6281, 0.6381, 0.6477, 0.6573, 0.6668, 0.6761, 0.6851, 0.6940, 0.7028, 0.7115, 0.7200, 0.7284, 0.7366, 0.7447, 0.7526, 0.7604, 0.7680, 0.7755, 0.7829, 0.7902, 0.7975, 0.8046, 0.8115, 0.8183, 0.8250, 0.8316, 0.8381, 0.8445, 0.8508, 0.8571, 0.8633, 0.8694, 0.8755, 0.8814, 0.8873, 0.8931, 0.8988, 0.9043, 0.9098, 0.9151, 0.9203, 0.9255, 0.9306, 0.9356, 0.9405, 0.9453, 0.9500, 0.9547, 0.9593, 0.9638, 0.9682, 0.9725, 0.9768, 0.9809, 0.9850, 0.9889, 0.9927, 0.9964, 1.0000
2025-09-14 01:07:33,704 - __main__ - INFO - ==================================================
2025-09-14 01:07:33,704 - __main__ - INFO - 
✅ MultiModalVAE training completed!
2025-09-14 01:07:33,704 - __main__ - INFO -   - Completed all 1 epochs
2025-09-14 01:07:33,704 - __main__ - INFO -   - Final train loss: 3859.3912
2025-09-14 01:07:33,704 - __main__ - INFO -   - Final test loss: 2667.4736
2025-09-14 01:07:33,728 - __main__ - INFO - 💾 Model saved locally: checkpoints_hmm/vae_hmm_round4_temp.pth
2025-09-14 01:07:34,961 - __main__ - DEBUG - 🗑️  Removed temporary file: checkpoints_hmm/vae_hmm_round4_temp.pth
2025-09-14 01:07:34,961 - __main__ - INFO - ✅ M-step completed: final_train_loss=3859.3912, final_test_loss=2667.4736
2025-09-14 01:07:34,991 - __main__ - INFO - 💾 Saved VAE+HMM → checkpoints_hmm/vae_with_hmm_round4.pt
2025-09-14 01:07:34,991 - __main__ - INFO - 🤗 Uploading VAE+HMM round 4 to HuggingFace: CatkinChen/nethack-vae-hmm
2025-09-14 01:07:39,770 - huggingface_hub.hf_api - WARNING - No files have been modified since last commit. Skipping to prevent empty commit.
2025-09-14 01:07:44,438 - __main__ - INFO - ✅ VAE+HMM uploaded to: https://huggingface.co/CatkinChen/nethack-vae-hmm
2025-09-14 01:07:48,583 - __main__ - INFO - 
🎉 EM training completed! Summary:
2025-09-14 01:07:48,583 - __main__ - INFO -   - EM rounds: 4
2025-09-14 01:07:48,583 - __main__ - INFO -   - M-step epochs per round: 1
2025-09-14 01:07:48,583 - __main__ - INFO -   - HMM checkpoints: 4
2025-09-14 01:07:48,583 - __main__ - INFO -   - VAE+HMM checkpoints: 4
2025-09-14 01:07:48,583 - __main__ - INFO -   - HuggingFace repos:
2025-09-14 01:07:48,583 - __main__ - INFO -     * HMM: https://huggingface.co/CatkinChen/nethack-hmm
2025-09-14 01:07:48,583 - __main__ - INFO -     * VAE+HMM: https://huggingface.co/CatkinChen/nethack-vae-hmm
2025-09-14 01:07:48,583 - __main__ - INFO - 📊 Training Configuration:
2025-09-14 01:07:48,584 - __main__ - INFO -   - Mode: EM
2025-09-14 01:07:48,584 - __main__ - INFO -   - HMM params: α=5.0, κ=1.0, γ=5.0, K=40, D=96
2025-09-14 01:07:48,584 - __main__ - INFO -   - NIW params: μ₀=0.0, κ₀=1.0, Ψ₀=30.0, ν₀=106
2025-09-14 01:07:48,584 - __main__ - INFO -   - Checkpoints: HMM=4, VAE+HMM=4
2025-09-14 01:07:48,584 - __main__ - INFO -   - HF repos: HMM=CatkinChen/nethack-hmm, VAE+HMM=CatkinChen/nethack-vae-hmm
