2025-09-13 09:42:11,877 - __main__ - INFO - 🤗 Loading pretrained VAE from HuggingFace: CatkinChen/nethack-vae
2025-09-13 09:42:12,693 - __main__ - INFO - ✅ Loaded pretrained VAE checkpoint (plain prior).
2025-09-13 09:42:12,694 - __main__ - INFO - 🧠 Initializing new Sticky-HDP-HMM: latent_dim=96, skills=40
2025-09-13 09:42:12,752 - __main__ - INFO - Sticky-HDP-HMM initialized with NIW streaming rho: 1.0, transition rho: 1.0
2025-09-13 09:42:12,752 - __main__ - INFO - 🔍 Initializing NIW mean with k-means on VAE latents...
2025-09-13 09:42:28,891 - __main__ - INFO - ========== EM Round 1/4: E-step ==========
2025-09-13 09:43:22,392 - __main__ - DEBUG - Initial ELBO: -12871853.8088
2025-09-13 09:43:22,393 - __main__ - DEBUG - Relative tol: 0.0100
2025-09-13 09:43:22,393 - __main__ - DEBUG - Relative elbo_drop_tol: 0.0100
2025-09-13 09:43:22,393 - __main__ - DEBUG - - Init -118.8343
2025-09-13 09:43:22,393 - __main__ - DEBUG - - Trans -222671.7065
2025-09-13 09:43:22,393 - __main__ - DEBUG - - Emit -12648801.7812
2025-09-13 09:43:22,393 - __main__ - DEBUG - - Entropy 1495.4780
2025-09-13 09:43:22,393 - __main__ - DEBUG - - Dir 0.0000
2025-09-13 09:43:22,393 - __main__ - DEBUG - - NIW -1742.1105
2025-09-13 09:43:22,393 - __main__ - DEBUG - - Beta prior -14.8543
2025-09-13 09:44:05,991 - __main__ - DEBUG - Iter 0: ELBO after FB: -12871853.8088 (LL -12870096.8441, Δ=0.0000)
2025-09-13 09:44:05,992 - __main__ - DEBUG - First pass after reset, using full stats.
2025-09-13 09:44:06,029 - __main__ - DEBUG - Iter 0: ELBO after NIW update: -4121198.2609 (Emit LL -3545841.4062, NIW term -354046.9375, Δ=8750655.5480)
2025-09-13 09:44:06,066 - __main__ - DEBUG - Iter 0: ELBO after Dirichlet update: -3926694.1492 (Trans LL -26483.1476, Dir term -1684.4473, Δ=194504.1117)
2025-09-13 09:44:49,383 - __main__ - DEBUG - Iter 1: ELBO after FB: -3917094.0545 (LL -3561347.8154, Δ=9600.0947)
2025-09-13 09:44:49,383 - __main__ - DEBUG - First pass after reset, using full stats.
2025-09-13 09:44:49,421 - __main__ - DEBUG - Iter 1: ELBO after NIW update: -3909993.4139 (Emit LL -3527948.2188, NIW term -355387.3750, Δ=7100.6406)
2025-09-13 09:44:49,458 - __main__ - DEBUG - Iter 1: ELBO after Dirichlet update: -3909313.5390 (Trans LL -25670.4544, Dir term -1582.2051, Δ=679.8748)
2025-09-13 09:44:49,459 - __main__ - DEBUG - Early stopping: ELBO improvement 17380.6102 < tolerance
2025-09-13 09:45:40,932 - __main__ - INFO - [E-step] Multi-batch 1/1 (x100 batches) - HMM Diagnostics:
2025-09-13 09:45:40,932 - __main__ - INFO -   - Avg log-likelihood per step: -38.4955
2025-09-13 09:45:40,932 - __main__ - INFO -   - Inner ELBO (final): -3909313.5390
2025-09-13 09:45:40,932 - __main__ - INFO -   - ELBO progression (2 iters): [-3926694.25, -3909313.50] (Δ=17380.7500)
2025-09-13 09:45:40,933 - __main__ - INFO -   - Effective number of skills: 37.82
2025-09-13 09:45:40,933 - __main__ - INFO -   - State entropy: 0.061
2025-09-13 09:45:40,933 - __main__ - INFO -   - Transition stickiness: 0.896
2025-09-13 09:45:40,933 - __main__ - INFO -   - Top 5 skills: [13, 3, 6, 22, 15] (probs: ['0.047', '0.044', '0.041', '0.038', '0.037'])
2025-09-13 09:45:40,933 - __main__ - INFO -   - Combined time length: 3200 (original T=32, multiples=100)
2025-09-13 09:45:40,934 - __main__ - INFO - 🔍 Computing HMM diagnostics...
2025-09-13 09:46:44,149 - __main__ - INFO - 📊 HMM Diagnostics for Round 1:
2025-09-13 09:46:44,151 - __main__ - INFO -   - Avg log-likelihood per step: -38.5945
2025-09-13 09:46:44,151 - __main__ - INFO -   - State entropy: 0.0640
2025-09-13 09:46:44,151 - __main__ - INFO -   - Effective number of skills: 37.83
2025-09-13 09:46:44,151 - __main__ - INFO -   - Transition stickiness (diag): 0.8955
2025-09-13 09:46:44,151 - __main__ - INFO -   - Top 5 skill occupancies: [0.047343283891677856, 0.0436907522380352, 0.04075570032000542, 0.03832314908504486, 0.03649422526359558]
2025-09-13 09:46:44,151 - __main__ - INFO -   - Top 5 skill indices: [13, 3, 6, 22, 15]
2025-09-13 09:46:44,151 - __main__ - INFO -     - Skill 30: emp= 22.52  E[1/(1-p)]: 56.96  p_stay=0.982
2025-09-13 09:46:44,151 - __main__ - INFO -     - Skill 2: emp= 22.55  E[1/(1-p)]: 55.04  p_stay=0.982
2025-09-13 09:46:44,151 - __main__ - INFO -     - Skill 28: emp= 20.83  E[1/(1-p)]: 39.50  p_stay=0.975
2025-09-13 09:46:44,152 - __main__ - INFO -     - Skill 3: emp= 19.58  E[1/(1-p)]: 37.54  p_stay=0.973
2025-09-13 09:46:44,152 - __main__ - INFO -     - Skill 15: emp= 16.93  E[1/(1-p)]: 35.50  p_stay=0.972
2025-09-13 09:46:44,152 - __main__ - INFO - 🖼️  Rendering HMM visualizations for round 1
2025-09-13 09:47:56,141 - __main__ - INFO - 💾 Saved HMM posterior → checkpoints_hmm/hmm_round1.pt
2025-09-13 09:47:56,142 - __main__ - INFO - 🤗 Uploading HMM round 1 to HuggingFace: CatkinChen/nethack-hmm
2025-09-13 09:48:01,705 - __main__ - INFO - ✅ HMM uploaded to: https://huggingface.co/CatkinChen/nethack-hmm
2025-09-13 09:48:01,705 - __main__ - INFO - ========== EM Round 1/4: M-step ==========
2025-09-13 09:48:01,705 - __main__ - INFO - 🔧 Fine-tuning VAE with HMM prior for 1 epochs...
2025-09-13 09:48:01,705 - __main__ - INFO - 📊 M-step 1 parameter schedule:
2025-09-13 09:48:01,705 - __main__ - INFO -   - prior_blend_alpha: 0.300 → 0.400 (cosine)
2025-09-13 09:48:01,706 - __main__ - INFO -   - mi_beta: 0.200 → 0.333 (linear)
2025-09-13 09:48:01,706 - __main__ - INFO -   - tc_beta: 0.000 → 0.067 (linear)
2025-09-13 09:48:01,706 - __main__ - INFO -   - dw_beta: 0.500 → 0.667 (linear)
2025-09-13 09:49:11,767 - __main__ - INFO - Weights & Biases initialized
2025-09-13 09:49:11,767 - __main__ - INFO - 🔥Training MultiModalHackVAE with 100 train batches, 20 test batches
2025-09-13 09:49:11,767 - __main__ - INFO -    Epochs: 1
2025-09-13 09:49:11,767 - __main__ - INFO -    Batch size: 32
2025-09-13 09:49:11,767 - __main__ - INFO -    Sequence size: 32
2025-09-13 09:49:11,767 - __main__ - INFO -    Device: cuda
2025-09-13 09:49:11,767 - __main__ - INFO -    Mixed Precision: BF16 = False
2025-09-13 09:49:11,767 - __main__ - INFO -    LR Scheduler: constant
2025-09-13 09:49:11,767 - __main__ - INFO -    Shuffle batches: True
2025-09-13 09:49:11,768 - __main__ - INFO -    Shuffle within batch: False
2025-09-13 09:49:11,768 - __main__ - INFO -    VAE Configuration:
2025-09-13 09:49:11,768 - __main__ - INFO -      - Latent dimension: 96
2025-09-13 09:49:11,768 - __main__ - INFO -      - Encoder dropout: 0.1
2025-09-13 09:49:11,768 - __main__ - INFO -      - Decoder dropout: 0.1
2025-09-13 09:49:11,768 - __main__ - INFO -    Adaptive Loss Weighting:
2025-09-13 09:49:11,768 - __main__ - INFO -      - MI beta: 0.200 → 0.333
2025-09-13 09:49:11,768 - __main__ - INFO -      - TC beta: 0.000 → 0.067
2025-09-13 09:49:11,768 - __main__ - INFO -      - DW beta: 0.500 → 0.667
2025-09-13 09:49:11,768 - __main__ - INFO -      - Blend alpha: 0.300 → 0.400
2025-09-13 09:49:11,768 - __main__ - INFO -      - Warmup epochs: 0 out of 1 total epochs
2025-09-13 09:49:11,769 - __main__ - INFO -    Free bits: 0.75
2025-09-13 09:49:11,769 - __main__ - INFO -    Focal loss: alpha=0.5, gamma=2.0
2025-09-13 09:49:11,769 - __main__ - INFO -    Early Stopping:
2025-09-13 09:49:11,769 - __main__ - INFO -      - Enabled: False
2025-09-13 09:49:11,769 - __main__ - INFO -    HMM Prior: Enabled
2025-09-13 09:49:12,738 - __main__ - INFO - 🔧 Using FP32 precision training
2025-09-13 09:49:12,739 - __main__ - INFO - Model has latent dimension: 96
2025-09-13 09:49:12,739 - __main__ - INFO - 🎯 Starting training for 1 epochs (starting from epoch 0)...
2025-09-13 09:49:12,739 - __main__ - INFO -    Total training steps: 100
2025-09-13 09:49:12,739 - __main__ - INFO -    Warmup steps: 20
2025-09-13 09:49:12,740 - __main__ - INFO - 🎯 Epoch 1/1 - Starting epoch...
2025-09-13 09:49:12,740 - __main__ - DEBUG - Shuffled 100 training batches for epoch 1
2025-09-13 09:49:12,741 - __main__ - DEBUG - Shuffled 20 testing batches for epoch 1
2025-09-13 09:49:13,336 - __main__ - DEBUG - Step 0/100 - Adaptive weights: mi_beta=0.200, tc_beta=0.000, dw_beta=0.500, blend_alpha=0.300
2025-09-13 09:52:20,847 - __main__ - DEBUG - Step 100/100 - Adaptive weights: mi_beta=0.333, tc_beta=0.067, dw_beta=0.667, blend_alpha=0.400
2025-09-13 09:52:22,340 - __main__ - DEBUG - Step 100/100 - Adaptive weights: mi_beta=0.333, tc_beta=0.067, dw_beta=0.667, blend_alpha=0.400
2025-09-13 09:52:23,831 - __main__ - DEBUG - Step 100/100 - Adaptive weights: mi_beta=0.333, tc_beta=0.067, dw_beta=0.667, blend_alpha=0.400
2025-09-13 09:52:25,313 - __main__ - DEBUG - Step 100/100 - Adaptive weights: mi_beta=0.333, tc_beta=0.067, dw_beta=0.667, blend_alpha=0.400
2025-09-13 09:52:26,759 - __main__ - DEBUG - Step 100/100 - Adaptive weights: mi_beta=0.333, tc_beta=0.067, dw_beta=0.667, blend_alpha=0.400
2025-09-13 09:52:28,302 - __main__ - DEBUG - Step 100/100 - Adaptive weights: mi_beta=0.333, tc_beta=0.067, dw_beta=0.667, blend_alpha=0.400
2025-09-13 09:52:29,780 - __main__ - DEBUG - Step 100/100 - Adaptive weights: mi_beta=0.333, tc_beta=0.067, dw_beta=0.667, blend_alpha=0.400
2025-09-13 09:52:31,278 - __main__ - DEBUG - Step 100/100 - Adaptive weights: mi_beta=0.333, tc_beta=0.067, dw_beta=0.667, blend_alpha=0.400
2025-09-13 09:52:32,749 - __main__ - DEBUG - Step 100/100 - Adaptive weights: mi_beta=0.333, tc_beta=0.067, dw_beta=0.667, blend_alpha=0.400
2025-09-13 09:52:34,192 - __main__ - DEBUG - Step 100/100 - Adaptive weights: mi_beta=0.333, tc_beta=0.067, dw_beta=0.667, blend_alpha=0.400
2025-09-13 09:52:35,458 - __main__ - DEBUG - Step 100/100 - Adaptive weights: mi_beta=0.333, tc_beta=0.067, dw_beta=0.667, blend_alpha=0.400
2025-09-13 09:52:37,024 - __main__ - DEBUG - Step 100/100 - Adaptive weights: mi_beta=0.333, tc_beta=0.067, dw_beta=0.667, blend_alpha=0.400
2025-09-13 09:52:38,509 - __main__ - DEBUG - Step 100/100 - Adaptive weights: mi_beta=0.333, tc_beta=0.067, dw_beta=0.667, blend_alpha=0.400
2025-09-13 09:52:40,031 - __main__ - DEBUG - Step 100/100 - Adaptive weights: mi_beta=0.333, tc_beta=0.067, dw_beta=0.667, blend_alpha=0.400
2025-09-13 09:52:41,579 - __main__ - DEBUG - Step 100/100 - Adaptive weights: mi_beta=0.333, tc_beta=0.067, dw_beta=0.667, blend_alpha=0.400
2025-09-13 09:52:43,141 - __main__ - DEBUG - Step 100/100 - Adaptive weights: mi_beta=0.333, tc_beta=0.067, dw_beta=0.667, blend_alpha=0.400
2025-09-13 09:52:44,567 - __main__ - DEBUG - Step 100/100 - Adaptive weights: mi_beta=0.333, tc_beta=0.067, dw_beta=0.667, blend_alpha=0.400
2025-09-13 09:52:46,015 - __main__ - DEBUG - Step 100/100 - Adaptive weights: mi_beta=0.333, tc_beta=0.067, dw_beta=0.667, blend_alpha=0.400
2025-09-13 09:52:47,459 - __main__ - DEBUG - Step 100/100 - Adaptive weights: mi_beta=0.333, tc_beta=0.067, dw_beta=0.667, blend_alpha=0.400
2025-09-13 09:52:48,882 - __main__ - DEBUG - Step 100/100 - Adaptive weights: mi_beta=0.333, tc_beta=0.067, dw_beta=0.667, blend_alpha=0.400
2025-09-13 09:52:49,734 - __main__ - DEBUG - Step 100/100 - Adaptive weights: mi_beta=0.333, tc_beta=0.067, dw_beta=0.667, blend_alpha=0.400
2025-09-13 09:52:49,734 - __main__ - INFO - 
=== Epoch 1/1 Summary ===
2025-09-13 09:52:49,734 - __main__ - INFO - Average Train Loss: 3800.758 | Average Test Loss: 2635.267
2025-09-13 09:52:49,735 - __main__ - INFO - Current KL Betas: mi=0.333, tc=0.067, dw=0.667, blend_alpha=0.400
2025-09-13 09:52:49,735 - __main__ - INFO - Global Step: 100/100 (100.0%)
2025-09-13 09:52:49,735 - __main__ - INFO - Final Training Batch Details:
2025-09-13 09:52:49,735 - __main__ - INFO -   Raw Losses: hero_loc: 3.005 | occupy: 1639.338 | bag: 401.557 | stats: 75.281 | msg: 24.681 | ego_char: 28.038 | ego_color: 124.585 | ego_class: 29.590 | passability: 0.595 | reward: 32.750 | done: 0.012 | value_k: 5.374 | safety: 0.673 | goal: 0.312 | forward: 47.383 | inverse: 2.899
2025-09-13 09:52:49,735 - __main__ - INFO - Final Testing Batch Details:
2025-09-13 09:52:49,736 - __main__ - INFO -   Raw Losses: hero_loc: 3.047 | occupy: 1530.490 | bag: 377.548 | stats: 77.357 | msg: 31.034 | ego_char: 27.952 | ego_color: 103.289 | ego_class: 30.500 | passability: 0.586 | reward: 16.448 | done: 0.011 | value_k: 2.257 | safety: 0.671 | goal: 0.086 | forward: 31.468 | inverse: 3.092
2025-09-13 09:52:49,736 - __main__ - INFO - Variance of model output (mu): 0.1309, 0.1104, 0.1307, 0.1078, 0.0683, 0.0903, 0.0812, 0.1024, 0.0929, 0.1057, 0.0933, 0.1619, 0.1134, 0.0928, 0.1040, 0.1138, 0.0879, 0.0679, 0.0955, 0.0890, 0.0889, 0.0854, 0.0914, 0.0789, 0.0680, 0.0682, 0.0793, 0.0859, 0.0711, 0.0727, 0.0717, 0.0837, 0.0766, 0.0642, 0.0852, 0.0745, 0.0767, 0.0715, 0.0709, 0.0923, 0.0883, 0.0910, 0.0790, 0.0806, 0.0900, 0.0828, 0.0816, 0.0688, 0.0899, 0.0990, 0.0761, 0.0720, 0.0733, 0.0835, 0.0750, 0.0846, 0.0966, 0.0713, 0.0828, 0.0761, 0.0976, 0.0950, 0.0829, 0.0875, 0.0881, 0.0758, 0.0706, 0.0837, 0.0884, 0.0691, 0.0822, 0.0859, 0.0853, 0.0861, 0.0735, 0.0853, 0.0788, 0.0865, 0.0693, 0.0862, 0.0733, 0.0777, 0.0777, 0.0891, 0.0720, 0.0778, 0.0768, 0.0851, 0.0750, 0.0667, 0.0864, 0.0810, 0.0699, 0.0742, 0.0946, 0.1058
2025-09-13 09:52:49,736 - __main__ - INFO - Per-dim KL: 5.4182, 1.0673, 5.3712, 8.2582, 2.3468, 2.7180, 0.9678, 1.4907, 0.4254, 1.9370, 0.7016, 12.1180, 6.2920, 4.2611, 5.2400, 5.3494, 0.5339, 0.3787, 0.3125, 0.3918, 0.5445, 0.5288, 0.5003, 0.4495, 0.5496, 0.6445, 0.3040, 0.4734, 0.4282, 0.6944, 0.5750, 0.4045, 0.5477, 0.4315, 0.5959, 0.5074, 0.5440, 0.3734, 0.4746, 0.4874, 0.6283, 0.8793, 0.4532, 0.3588, 0.6199, 0.5784, 0.6067, 0.5436, 0.3518, 0.4780, 0.5115, 0.5367, 0.4989, 0.5098, 0.4244, 0.6336, 0.5659, 0.6247, 0.4697, 0.5318, 0.5793, 0.4779, 0.4424, 0.5018, 0.4251, 0.3103, 0.4241, 0.2575, 0.4667, 0.5178, 0.3641, 0.5834, 0.5425, 0.5903, 0.6159, 0.4165, 0.5582, 0.6403, 0.5815, 0.2244, 0.6052, 0.2603, 0.3854, 0.7112, 0.4788, 0.5697, 0.6202, 0.6386, 0.5087, 0.4885, 0.5732, 0.5474, 0.4454, 0.5701, 0.5277, 0.4527
2025-09-13 09:52:49,736 - __main__ - INFO - Eigenvalues of latent space: 0.4973, 0.4624, 0.4317, 0.4243, 0.4042, 0.3918, 0.3800, 0.3581, 0.3478, 0.3410, 0.3242, 0.3092, 0.3007, 0.3002, 0.2941, 0.2885, 0.2684, 0.2650, 0.2643, 0.2563, 0.2548, 0.2509, 0.2436, 0.2359, 0.2296, 0.2256, 0.2218, 0.2158, 0.2113, 0.2083, 0.2046, 0.2015, 0.1995, 0.1948, 0.1940, 0.1882, 0.1838, 0.1790, 0.1779, 0.1737, 0.1714, 0.1684, 0.1658, 0.1631, 0.1593, 0.1575, 0.1563, 0.1519, 0.1507, 0.1481, 0.1471, 0.1425, 0.1406, 0.1384, 0.1363, 0.1346, 0.1320, 0.1306, 0.1261, 0.1228, 0.1218, 0.1212, 0.1190, 0.1158, 0.1149, 0.1134, 0.1099, 0.1086, 0.1080, 0.1061, 0.1037, 0.1005, 0.0994, 0.0978, 0.0971, 0.0958, 0.0943, 0.0919, 0.0912, 0.0878, 0.0875, 0.0838, 0.0832, 0.0822, 0.0811, 0.0800, 0.0781, 0.0760, 0.0740, 0.0732, 0.0726, 0.0716, 0.0696, 0.0682, 0.0628, 0.0619
2025-09-13 09:52:49,736 - __main__ - INFO - KL Eigenvalues: 0.0979, 0.1169, 0.1359, 0.1408, 0.1550, 0.1644, 0.1738, 0.1925, 0.2019, 0.2084, 0.2253, 0.2414, 0.2512, 0.2517, 0.2590, 0.2658, 0.2918, 0.2965, 0.2975, 0.3088, 0.3110, 0.3168, 0.3280, 0.3401, 0.3506, 0.3572, 0.3639, 0.3746, 0.3829, 0.3885, 0.3956, 0.4017, 0.4057, 0.4152, 0.4171, 0.4292, 0.4389, 0.4498, 0.4523, 0.4620, 0.4677, 0.4749, 0.4815, 0.4882, 0.4980, 0.5028, 0.5061, 0.5183, 0.5215, 0.5290, 0.5318, 0.5455, 0.5511, 0.5580, 0.5646, 0.5701, 0.5785, 0.5831, 0.5984, 0.6100, 0.6135, 0.6158, 0.6240, 0.6358, 0.6394, 0.6452, 0.6591, 0.6644, 0.6667, 0.6746, 0.6849, 0.6989, 0.7040, 0.7115, 0.7144, 0.7205, 0.7276, 0.7397, 0.7432, 0.7601, 0.7619, 0.7815, 0.7847, 0.7904, 0.7968, 0.8028, 0.8141, 0.8265, 0.8387, 0.8442, 0.8479, 0.8539, 0.8676, 0.8768, 0.9152, 0.9218
2025-09-13 09:52:49,737 - __main__ - INFO - Variance explained by eigenvalues: 0.0287, 0.0553, 0.0802, 0.1046, 0.1279, 0.1505, 0.1724, 0.1931, 0.2131, 0.2328, 0.2514, 0.2693, 0.2866, 0.3039, 0.3208, 0.3375, 0.3529, 0.3682, 0.3834, 0.3982, 0.4129, 0.4274, 0.4414, 0.4550, 0.4682, 0.4812, 0.4940, 0.5064, 0.5186, 0.5306, 0.5424, 0.5540, 0.5655, 0.5768, 0.5879, 0.5988, 0.6094, 0.6197, 0.6299, 0.6399, 0.6498, 0.6595, 0.6691, 0.6785, 0.6877, 0.6967, 0.7058, 0.7145, 0.7232, 0.7317, 0.7402, 0.7484, 0.7565, 0.7645, 0.7724, 0.7801, 0.7877, 0.7952, 0.8025, 0.8096, 0.8166, 0.8236, 0.8304, 0.8371, 0.8437, 0.8503, 0.8566, 0.8629, 0.8691, 0.8752, 0.8812, 0.8870, 0.8927, 0.8983, 0.9039, 0.9095, 0.9149, 0.9202, 0.9254, 0.9305, 0.9356, 0.9404, 0.9452, 0.9499, 0.9546, 0.9592, 0.9637, 0.9681, 0.9723, 0.9766, 0.9807, 0.9849, 0.9889, 0.9928, 0.9964, 1.0000
2025-09-13 09:52:49,737 - __main__ - INFO - ==================================================
2025-09-13 09:52:49,737 - __main__ - INFO - 
✅ MultiModalVAE training completed!
2025-09-13 09:52:49,737 - __main__ - INFO -   - Completed all 1 epochs
2025-09-13 09:52:49,737 - __main__ - INFO -   - Final train loss: 3800.7581
2025-09-13 09:52:49,737 - __main__ - INFO -   - Final test loss: 2635.2672
2025-09-13 09:52:49,760 - __main__ - INFO - 💾 Model saved locally: checkpoints_hmm/vae_hmm_round1_temp.pth
2025-09-13 09:53:43,264 - __main__ - DEBUG - 🗑️  Removed temporary file: checkpoints_hmm/vae_hmm_round1_temp.pth
2025-09-13 09:53:43,265 - __main__ - INFO - ✅ M-step completed: final_train_loss=3800.7581, final_test_loss=2635.2672
2025-09-13 09:53:43,297 - __main__ - INFO - 💾 Saved VAE+HMM → checkpoints_hmm/vae_with_hmm_round1.pt
2025-09-13 09:53:43,297 - __main__ - INFO - 🤗 Uploading VAE+HMM round 1 to HuggingFace: CatkinChen/nethack-vae-hmm
2025-09-13 09:53:48,379 - huggingface_hub.hf_api - WARNING - No files have been modified since last commit. Skipping to prevent empty commit.
2025-09-13 09:53:52,812 - __main__ - INFO - ✅ VAE+HMM uploaded to: https://huggingface.co/CatkinChen/nethack-vae-hmm
2025-09-13 09:53:57,133 - __main__ - INFO - ========== EM Round 2/4: E-step ==========
2025-09-13 09:53:57,133 - __main__ - INFO -    - Resetting HMM to prior
2025-09-13 09:53:57,135 - __main__ - INFO -    - Resetting HMM streaming statistics
2025-09-13 09:54:15,069 - __main__ - INFO -    - Re-initialized NIW mean with k-means on VAE latents
2025-09-13 09:55:06,836 - __main__ - DEBUG - Initial ELBO: -11967595.9743
2025-09-13 09:55:06,836 - __main__ - DEBUG - Relative tol: 0.0100
2025-09-13 09:55:06,837 - __main__ - DEBUG - Relative elbo_drop_tol: 0.0100
2025-09-13 09:55:06,837 - __main__ - DEBUG - - Init -118.8343
2025-09-13 09:55:06,837 - __main__ - DEBUG - - Trans -182219.1445
2025-09-13 09:55:06,837 - __main__ - DEBUG - - Emit -11776290.5000
2025-09-13 09:55:06,837 - __main__ - DEBUG - - Entropy 425.9663
2025-09-13 09:55:06,837 - __main__ - DEBUG - - Dir 0.0000
2025-09-13 09:55:06,837 - __main__ - DEBUG - - NIW -9378.6074
2025-09-13 09:55:06,837 - __main__ - DEBUG - - Beta prior -14.8543
2025-09-13 09:55:50,083 - __main__ - DEBUG - Iter 0: ELBO after FB: -11967595.9743 (LL -11958202.5126, Δ=0.0000)
2025-09-13 09:55:50,083 - __main__ - DEBUG - First pass after reset, using full stats.
2025-09-13 09:55:50,122 - __main__ - DEBUG - Iter 0: ELBO after NIW update: -2078997.8590 (Emit LL -1376359.8047, NIW term -520711.1875, Δ=9888598.1152)
2025-09-13 09:55:50,159 - __main__ - DEBUG - Iter 0: ELBO after Dirichlet update: -1900401.9352 (Trans LL -2411.9739, Dir term -1211.2468, Δ=178595.9238)
2025-09-13 09:56:33,786 - __main__ - DEBUG - Iter 1: ELBO after FB: -1882960.1843 (LL -1361022.8957, Δ=17441.7509)
2025-09-13 09:56:33,786 - __main__ - DEBUG - First pass after reset, using full stats.
2025-09-13 09:56:33,824 - __main__ - DEBUG - Iter 1: ELBO after NIW update: -1814566.8054 (Emit LL -1362671.4023, NIW term -447882.4375, Δ=68393.3789)
2025-09-13 09:56:33,863 - __main__ - DEBUG - Iter 1: ELBO after Dirichlet update: -1814094.5851 (Trans LL -2850.4994, Dir term -1074.4087, Δ=472.2203)
2025-09-13 09:57:17,507 - __main__ - DEBUG - Iter 2: ELBO after FB: -1791660.3496 (LL -1342688.6492, Δ=22434.2354)
2025-09-13 09:57:17,508 - __main__ - DEBUG - First pass after reset, using full stats.
2025-09-13 09:57:17,545 - __main__ - DEBUG - Iter 2: ELBO after NIW update: -1746442.8496 (Emit LL -1350490.4219, NIW term -392248.5000, Δ=45217.5000)
2025-09-13 09:57:17,583 - __main__ - DEBUG - Iter 2: ELBO after Dirichlet update: -1746009.6565 (Trans LL -2636.2507, Dir term -903.9700, Δ=433.1932)
2025-09-13 09:58:00,825 - __main__ - DEBUG - Iter 3: ELBO after FB: -1726001.5276 (LL -1332834.2033, Δ=20008.1289)
2025-09-13 09:58:00,825 - __main__ - DEBUG - First pass after reset, using full stats.
2025-09-13 09:58:00,863 - __main__ - DEBUG - Iter 3: ELBO after NIW update: -1639207.6760 (Emit LL -1342287.3750, NIW term -293836.8750, Δ=86793.8516)
2025-09-13 09:58:00,901 - __main__ - DEBUG - Iter 3: ELBO after Dirichlet update: -1638726.5783 (Trans LL -2071.8494, Dir term -705.4961, Δ=481.0978)
2025-09-13 09:58:43,039 - __main__ - DEBUG - Iter 4: ELBO after FB: -1620457.6991 (LL -1325900.4737, Δ=18268.8792)
2025-09-13 09:58:43,039 - __main__ - DEBUG - First pass after reset, using full stats.
2025-09-13 09:58:43,076 - __main__ - DEBUG - Iter 4: ELBO after NIW update: -1591876.1209 (Emit LL -1327001.8516, NIW term -262109.8125, Δ=28581.5781)
2025-09-13 09:58:43,114 - __main__ - DEBUG - Iter 4: ELBO after Dirichlet update: -1591610.9072 (Trans LL -2109.3078, Dir term -590.5381, Δ=265.2138)
2025-09-13 09:59:25,751 - __main__ - DEBUG - Iter 5: ELBO after FB: -1586482.8321 (LL -1323767.6272, Δ=5128.0751)
2025-09-13 09:59:25,751 - __main__ - DEBUG - First pass after reset, using full stats.
2025-09-13 09:59:25,789 - __main__ - DEBUG - Iter 5: ELBO after NIW update: -1578500.0196 (Emit LL -1324556.5352, NIW term -251389.4062, Δ=7982.8125)
2025-09-13 09:59:25,826 - __main__ - DEBUG - Iter 5: ELBO after Dirichlet update: -1578439.4508 (Trans LL -2129.1468, Dir term -554.5740, Δ=60.5687)
2025-09-13 09:59:25,827 - __main__ - DEBUG - Early stopping: ELBO improvement 13171.4563 < tolerance
2025-09-13 10:00:16,234 - __main__ - INFO - [E-step] Multi-batch 1/1 (x100 batches) - HMM Diagnostics:
2025-09-13 10:00:16,235 - __main__ - INFO -   - Avg log-likelihood per step: -14.2888
2025-09-13 10:00:16,235 - __main__ - INFO -   - Inner ELBO (final): -1578439.4508
2025-09-13 10:00:16,235 - __main__ - INFO -   - ELBO progression (6 iters): [-1900401.88, ..., -1578439.50] (Δ=321962.3750)
2025-09-13 10:00:16,235 - __main__ - INFO -   - Effective number of skills: 10.92
2025-09-13 10:00:16,235 - __main__ - INFO -   - State entropy: 0.023
2025-09-13 10:00:16,235 - __main__ - INFO -   - Transition stickiness: 0.522
2025-09-13 10:00:16,235 - __main__ - INFO -   - Top 5 skills: [9, 10, 8, 7, 33] (probs: ['0.261', '0.151', '0.138', '0.064', '0.062'])
2025-09-13 10:00:16,236 - __main__ - INFO -   - Combined time length: 3200 (original T=32, multiples=100)
2025-09-13 10:00:16,238 - __main__ - INFO - 🔍 Computing HMM diagnostics...
2025-09-13 10:01:17,427 - __main__ - INFO - 📊 HMM Diagnostics for Round 2:
2025-09-13 10:01:17,427 - __main__ - INFO -   - Avg log-likelihood per step: -14.4075
2025-09-13 10:01:17,428 - __main__ - INFO -   - State entropy: 0.0384
2025-09-13 10:01:17,428 - __main__ - INFO -   - Effective number of skills: 10.81
2025-09-13 10:01:17,428 - __main__ - INFO -   - Transition stickiness (diag): 0.5215
2025-09-13 10:01:17,428 - __main__ - INFO -   - Top 5 skill occupancies: [0.2605185806751251, 0.15526947379112244, 0.1385526806116104, 0.06516127288341522, 0.06290198117494583]
2025-09-13 10:01:17,428 - __main__ - INFO -   - Top 5 skill indices: [9, 10, 8, 7, 33]
2025-09-13 10:01:17,428 - __main__ - INFO -     - Skill 18: emp= 29.88  E[1/(1-p)]:432.28  p_stay=0.998
2025-09-13 10:01:17,428 - __main__ - INFO -     - Skill 7: emp= 28.69  E[1/(1-p)]:400.54  p_stay=0.998
2025-09-13 10:01:17,428 - __main__ - INFO -     - Skill 10: emp= 28.11  E[1/(1-p)]:383.32  p_stay=0.997
2025-09-13 10:01:17,428 - __main__ - INFO -     - Skill 6: emp= 26.17  E[1/(1-p)]:312.79  p_stay=0.997
2025-09-13 10:01:17,428 - __main__ - INFO -     - Skill 36: emp= 28.86  E[1/(1-p)]:305.90  p_stay=0.997
2025-09-13 10:01:17,428 - __main__ - INFO - 🖼️  Rendering HMM visualizations for round 2
2025-09-13 10:02:25,514 - __main__ - INFO - 💾 Saved HMM posterior → checkpoints_hmm/hmm_round2.pt
2025-09-13 10:02:25,514 - __main__ - INFO - 🤗 Uploading HMM round 2 to HuggingFace: CatkinChen/nethack-hmm
2025-09-13 10:02:30,740 - __main__ - INFO - ✅ HMM uploaded to: https://huggingface.co/CatkinChen/nethack-hmm
2025-09-13 10:02:30,740 - __main__ - INFO - ========== EM Round 2/4: M-step ==========
2025-09-13 10:02:30,740 - __main__ - INFO - 🔧 Fine-tuning VAE with HMM prior for 1 epochs...
2025-09-13 10:02:30,740 - __main__ - INFO - 📊 M-step 2 parameter schedule:
2025-09-13 10:02:30,740 - __main__ - INFO -   - prior_blend_alpha: 0.400 → 0.600 (cosine)
2025-09-13 10:02:30,740 - __main__ - INFO -   - mi_beta: 0.333 → 0.467 (linear)
2025-09-13 10:02:30,740 - __main__ - INFO -   - tc_beta: 0.067 → 0.133 (linear)
2025-09-13 10:02:30,741 - __main__ - INFO -   - dw_beta: 0.667 → 0.833 (linear)
2025-09-13 10:02:31,588 - __main__ - INFO - Weights & Biases initialized
2025-09-13 10:02:31,589 - __main__ - INFO - 🔥Training MultiModalHackVAE with 100 train batches, 20 test batches
2025-09-13 10:02:31,589 - __main__ - INFO -    Epochs: 1
2025-09-13 10:02:31,589 - __main__ - INFO -    Batch size: 32
2025-09-13 10:02:31,589 - __main__ - INFO -    Sequence size: 32
2025-09-13 10:02:31,589 - __main__ - INFO -    Device: cuda
2025-09-13 10:02:31,590 - __main__ - INFO -    Mixed Precision: BF16 = False
2025-09-13 10:02:31,590 - __main__ - INFO -    LR Scheduler: constant
2025-09-13 10:02:31,590 - __main__ - INFO -    Shuffle batches: True
2025-09-13 10:02:31,590 - __main__ - INFO -    Shuffle within batch: False
2025-09-13 10:02:31,590 - __main__ - INFO -    VAE Configuration:
2025-09-13 10:02:31,590 - __main__ - INFO -      - Latent dimension: 96
2025-09-13 10:02:31,590 - __main__ - INFO -      - Encoder dropout: 0.1
2025-09-13 10:02:31,590 - __main__ - INFO -      - Decoder dropout: 0.1
2025-09-13 10:02:31,590 - __main__ - INFO -    Adaptive Loss Weighting:
2025-09-13 10:02:31,590 - __main__ - INFO -      - MI beta: 0.333 → 0.467
2025-09-13 10:02:31,590 - __main__ - INFO -      - TC beta: 0.067 → 0.133
2025-09-13 10:02:31,591 - __main__ - INFO -      - DW beta: 0.667 → 0.833
2025-09-13 10:02:31,591 - __main__ - INFO -      - Blend alpha: 0.400 → 0.600
2025-09-13 10:02:31,591 - __main__ - INFO -      - Warmup epochs: 0 out of 1 total epochs
2025-09-13 10:02:31,591 - __main__ - INFO -    Free bits: 0.75
2025-09-13 10:02:31,591 - __main__ - INFO -    Focal loss: alpha=0.5, gamma=2.0
2025-09-13 10:02:31,591 - __main__ - INFO -    Early Stopping:
2025-09-13 10:02:31,591 - __main__ - INFO -      - Enabled: False
2025-09-13 10:02:31,591 - __main__ - INFO -    HMM Prior: Enabled
2025-09-13 10:02:31,827 - __main__ - INFO - 🔧 Using FP32 precision training
2025-09-13 10:02:31,827 - __main__ - INFO - Model has latent dimension: 96
2025-09-13 10:02:31,827 - __main__ - INFO - 🎯 Starting training for 1 epochs (starting from epoch 0)...
2025-09-13 10:02:31,828 - __main__ - INFO -    Total training steps: 100
2025-09-13 10:02:31,828 - __main__ - INFO -    Warmup steps: 20
2025-09-13 10:02:31,828 - __main__ - INFO - 🎯 Epoch 1/1 - Starting epoch...
2025-09-13 10:02:31,829 - __main__ - DEBUG - Shuffled 100 training batches for epoch 1
2025-09-13 10:02:31,829 - __main__ - DEBUG - Shuffled 20 testing batches for epoch 1
2025-09-13 10:02:32,383 - __main__ - DEBUG - Step 0/100 - Adaptive weights: mi_beta=0.333, tc_beta=0.067, dw_beta=0.667, blend_alpha=0.400
2025-09-13 10:05:38,423 - __main__ - DEBUG - Step 100/100 - Adaptive weights: mi_beta=0.467, tc_beta=0.133, dw_beta=0.833, blend_alpha=0.600
2025-09-13 10:05:39,897 - __main__ - DEBUG - Step 100/100 - Adaptive weights: mi_beta=0.467, tc_beta=0.133, dw_beta=0.833, blend_alpha=0.600
2025-09-13 10:05:41,374 - __main__ - DEBUG - Step 100/100 - Adaptive weights: mi_beta=0.467, tc_beta=0.133, dw_beta=0.833, blend_alpha=0.600
2025-09-13 10:05:42,843 - __main__ - DEBUG - Step 100/100 - Adaptive weights: mi_beta=0.467, tc_beta=0.133, dw_beta=0.833, blend_alpha=0.600
2025-09-13 10:05:44,276 - __main__ - DEBUG - Step 100/100 - Adaptive weights: mi_beta=0.467, tc_beta=0.133, dw_beta=0.833, blend_alpha=0.600
2025-09-13 10:05:45,805 - __main__ - DEBUG - Step 100/100 - Adaptive weights: mi_beta=0.467, tc_beta=0.133, dw_beta=0.833, blend_alpha=0.600
2025-09-13 10:05:47,268 - __main__ - DEBUG - Step 100/100 - Adaptive weights: mi_beta=0.467, tc_beta=0.133, dw_beta=0.833, blend_alpha=0.600
2025-09-13 10:05:48,759 - __main__ - DEBUG - Step 100/100 - Adaptive weights: mi_beta=0.467, tc_beta=0.133, dw_beta=0.833, blend_alpha=0.600
2025-09-13 10:05:50,219 - __main__ - DEBUG - Step 100/100 - Adaptive weights: mi_beta=0.467, tc_beta=0.133, dw_beta=0.833, blend_alpha=0.600
2025-09-13 10:05:51,650 - __main__ - DEBUG - Step 100/100 - Adaptive weights: mi_beta=0.467, tc_beta=0.133, dw_beta=0.833, blend_alpha=0.600
2025-09-13 10:05:52,899 - __main__ - DEBUG - Step 100/100 - Adaptive weights: mi_beta=0.467, tc_beta=0.133, dw_beta=0.833, blend_alpha=0.600
2025-09-13 10:05:54,452 - __main__ - DEBUG - Step 100/100 - Adaptive weights: mi_beta=0.467, tc_beta=0.133, dw_beta=0.833, blend_alpha=0.600
2025-09-13 10:05:55,925 - __main__ - DEBUG - Step 100/100 - Adaptive weights: mi_beta=0.467, tc_beta=0.133, dw_beta=0.833, blend_alpha=0.600
2025-09-13 10:05:57,434 - __main__ - DEBUG - Step 100/100 - Adaptive weights: mi_beta=0.467, tc_beta=0.133, dw_beta=0.833, blend_alpha=0.600
2025-09-13 10:05:59,003 - __main__ - DEBUG - Step 100/100 - Adaptive weights: mi_beta=0.467, tc_beta=0.133, dw_beta=0.833, blend_alpha=0.600
2025-09-13 10:06:00,545 - __main__ - DEBUG - Step 100/100 - Adaptive weights: mi_beta=0.467, tc_beta=0.133, dw_beta=0.833, blend_alpha=0.600
2025-09-13 10:06:01,964 - __main__ - DEBUG - Step 100/100 - Adaptive weights: mi_beta=0.467, tc_beta=0.133, dw_beta=0.833, blend_alpha=0.600
2025-09-13 10:06:03,402 - __main__ - DEBUG - Step 100/100 - Adaptive weights: mi_beta=0.467, tc_beta=0.133, dw_beta=0.833, blend_alpha=0.600
2025-09-13 10:06:04,837 - __main__ - DEBUG - Step 100/100 - Adaptive weights: mi_beta=0.467, tc_beta=0.133, dw_beta=0.833, blend_alpha=0.600
2025-09-13 10:06:06,246 - __main__ - DEBUG - Step 100/100 - Adaptive weights: mi_beta=0.467, tc_beta=0.133, dw_beta=0.833, blend_alpha=0.600
2025-09-13 10:06:07,087 - __main__ - DEBUG - Step 100/100 - Adaptive weights: mi_beta=0.467, tc_beta=0.133, dw_beta=0.833, blend_alpha=0.600
2025-09-13 10:06:07,087 - __main__ - INFO - 
=== Epoch 1/1 Summary ===
2025-09-13 10:06:07,087 - __main__ - INFO - Average Train Loss: 3814.739 | Average Test Loss: 2668.703
2025-09-13 10:06:07,087 - __main__ - INFO - Current KL Betas: mi=0.467, tc=0.133, dw=0.833, blend_alpha=0.600
2025-09-13 10:06:07,087 - __main__ - INFO - Global Step: 100/100 (100.0%)
2025-09-13 10:06:07,088 - __main__ - INFO - Final Training Batch Details:
2025-09-13 10:06:07,088 - __main__ - INFO -   Raw Losses: hero_loc: 2.741 | occupy: 1642.876 | bag: 421.156 | stats: 76.875 | msg: 24.613 | ego_char: 27.025 | ego_color: 115.837 | ego_class: 27.934 | passability: 0.598 | reward: 32.560 | done: 0.014 | value_k: 5.379 | safety: 0.664 | goal: 0.309 | forward: 42.279 | inverse: 2.906
2025-09-13 10:06:07,088 - __main__ - INFO - Final Testing Batch Details:
2025-09-13 10:06:07,088 - __main__ - INFO -   Raw Losses: hero_loc: 2.039 | occupy: 1552.297 | bag: 399.193 | stats: 79.087 | msg: 30.969 | ego_char: 27.301 | ego_color: 98.327 | ego_class: 28.845 | passability: 0.587 | reward: 16.309 | done: 0.013 | value_k: 2.255 | safety: 0.664 | goal: 0.098 | forward: 27.087 | inverse: 3.115
2025-09-13 10:06:07,088 - __main__ - INFO - Variance of model output (mu): 0.1166, 0.1047, 0.0866, 0.1274, 0.1512, 0.0925, 0.1294, 0.0903, 0.0988, 0.1240, 0.1098, 0.1153, 0.1633, 0.1724, 0.0745, 0.0932, 0.0725, 0.0643, 0.0716, 0.0886, 0.0765, 0.0770, 0.0736, 0.0763, 0.0843, 0.0780, 0.0744, 0.0687, 0.0727, 0.0888, 0.0825, 0.0773, 0.0781, 0.0678, 0.0884, 0.0872, 0.0752, 0.0685, 0.0823, 0.0708, 0.0702, 0.0636, 0.0894, 0.0690, 0.0829, 0.0905, 0.0631, 0.0758, 0.0905, 0.0791, 0.0636, 0.0769, 0.0768, 0.0832, 0.0695, 0.0755, 0.0888, 0.0666, 0.0757, 0.0662, 0.0624, 0.0783, 0.0723, 0.0640, 0.0788, 0.0861, 0.0785, 0.0639, 0.0715, 0.0738, 0.0740, 0.0763, 0.0765, 0.0787, 0.0756, 0.0776, 0.0705, 0.0654, 0.0825, 0.0705, 0.0712, 0.0712, 0.0606, 0.0545, 0.0781, 0.0601, 0.0823, 0.0741, 0.0753, 0.0678, 0.0652, 0.0714, 0.0840, 0.0746, 0.0657, 0.0711
2025-09-13 10:06:07,089 - __main__ - INFO - Per-dim KL: 2.0308, 0.4200, 1.5000, 3.1504, 0.9446, 0.5991, 0.8888, 2.0242, 2.5910, 2.1008, 1.0652, 2.6373, 7.2281, 19.0747, 3.4294, 4.2152, 0.3467, 0.5789, 0.4737, 0.3723, 0.6551, 0.5465, 0.6520, 0.3917, 0.4403, 0.6063, 0.7128, 0.3804, 0.3726, 0.4347, 0.4362, 0.5060, 0.5659, 0.4591, 0.5049, 0.5507, 0.5679, 0.5074, 0.5366, 0.5860, 0.5625, 0.4253, 0.1225, 0.6862, 0.5750, 0.5004, 0.5659, 0.3931, 0.3446, 0.4163, 0.7501, 0.7345, 0.4487, 0.3920, 0.7316, 0.4599, 0.3156, 0.5306, 0.4193, 0.4454, 0.5409, 0.4205, 0.4219, 0.4403, 0.3904, 0.4834, 0.3612, 0.5324, 0.5019, 0.4746, 0.4350, 0.4399, 0.5425, 0.6182, 0.4451, 0.6314, 0.5521, 0.3788, 0.6426, 0.3673, 0.2819, 0.5791, 0.5951, 0.5923, 0.5640, 0.5866, 0.5760, 0.5422, 0.7186, 0.6716, 0.7431, 0.5396, 0.6056, 0.4786, 0.3730, 0.6076
2025-09-13 10:06:07,089 - __main__ - INFO - Eigenvalues of latent space: 0.5996, 0.5209, 0.4551, 0.4224, 0.3756, 0.3683, 0.3593, 0.3443, 0.3339, 0.3260, 0.3211, 0.3123, 0.2998, 0.2968, 0.2889, 0.2771, 0.2716, 0.2671, 0.2554, 0.2522, 0.2472, 0.2442, 0.2412, 0.2370, 0.2351, 0.2211, 0.2133, 0.2079, 0.2055, 0.2043, 0.2017, 0.1980, 0.1940, 0.1910, 0.1846, 0.1819, 0.1792, 0.1765, 0.1755, 0.1743, 0.1690, 0.1659, 0.1628, 0.1594, 0.1575, 0.1544, 0.1509, 0.1499, 0.1484, 0.1466, 0.1439, 0.1418, 0.1386, 0.1351, 0.1332, 0.1310, 0.1299, 0.1286, 0.1265, 0.1252, 0.1241, 0.1213, 0.1176, 0.1166, 0.1143, 0.1130, 0.1116, 0.1104, 0.1083, 0.1080, 0.1066, 0.1038, 0.1017, 0.1000, 0.0992, 0.0971, 0.0953, 0.0918, 0.0912, 0.0908, 0.0881, 0.0863, 0.0847, 0.0842, 0.0821, 0.0789, 0.0776, 0.0752, 0.0744, 0.0729, 0.0712, 0.0709, 0.0659, 0.0630, 0.0608, 0.0589
2025-09-13 10:06:07,089 - __main__ - INFO - KL Eigenvalues: 0.0555, 0.0866, 0.1212, 0.1421, 0.1774, 0.1835, 0.1915, 0.2053, 0.2154, 0.2235, 0.2286, 0.2380, 0.2522, 0.2557, 0.2653, 0.2802, 0.2875, 0.2937, 0.3102, 0.3148, 0.3224, 0.3270, 0.3317, 0.3384, 0.3414, 0.3652, 0.3792, 0.3892, 0.3939, 0.3962, 0.4014, 0.4087, 0.4170, 0.4232, 0.4371, 0.4430, 0.4492, 0.4554, 0.4579, 0.4606, 0.4734, 0.4811, 0.4891, 0.4979, 0.5029, 0.5112, 0.5210, 0.5238, 0.5282, 0.5333, 0.5413, 0.5474, 0.5573, 0.5683, 0.5745, 0.5817, 0.5855, 0.5897, 0.5971, 0.6017, 0.6053, 0.6153, 0.6290, 0.6328, 0.6415, 0.6468, 0.6521, 0.6569, 0.6656, 0.6670, 0.6725, 0.6846, 0.6938, 0.7011, 0.7050, 0.7146, 0.7232, 0.7401, 0.7432, 0.7449, 0.7587, 0.7683, 0.7768, 0.7793, 0.7907, 0.8091, 0.8169, 0.8316, 0.8363, 0.8456, 0.8570, 0.8584, 0.8925, 0.9141, 0.9306, 0.9455
2025-09-13 10:06:07,089 - __main__ - INFO - Variance explained by eigenvalues: 0.0347, 0.0649, 0.0912, 0.1156, 0.1374, 0.1587, 0.1795, 0.1994, 0.2187, 0.2376, 0.2562, 0.2743, 0.2916, 0.3088, 0.3255, 0.3416, 0.3573, 0.3727, 0.3875, 0.4021, 0.4164, 0.4306, 0.4445, 0.4582, 0.4718, 0.4846, 0.4970, 0.5090, 0.5209, 0.5327, 0.5444, 0.5559, 0.5671, 0.5781, 0.5888, 0.5994, 0.6097, 0.6200, 0.6301, 0.6402, 0.6500, 0.6596, 0.6690, 0.6782, 0.6873, 0.6963, 0.7050, 0.7137, 0.7223, 0.7308, 0.7391, 0.7473, 0.7553, 0.7632, 0.7709, 0.7784, 0.7860, 0.7934, 0.8007, 0.8080, 0.8152, 0.8222, 0.8290, 0.8357, 0.8423, 0.8489, 0.8553, 0.8617, 0.8680, 0.8743, 0.8804, 0.8864, 0.8923, 0.8981, 0.9039, 0.9095, 0.9150, 0.9203, 0.9256, 0.9308, 0.9359, 0.9409, 0.9458, 0.9507, 0.9555, 0.9600, 0.9645, 0.9689, 0.9732, 0.9774, 0.9815, 0.9856, 0.9894, 0.9931, 0.9966, 1.0000
2025-09-13 10:06:07,089 - __main__ - INFO - ==================================================
2025-09-13 10:06:07,090 - __main__ - INFO - 
✅ MultiModalVAE training completed!
2025-09-13 10:06:07,090 - __main__ - INFO -   - Completed all 1 epochs
2025-09-13 10:06:07,090 - __main__ - INFO -   - Final train loss: 3814.7391
2025-09-13 10:06:07,090 - __main__ - INFO -   - Final test loss: 2668.7030
2025-09-13 10:06:07,115 - __main__ - INFO - 💾 Model saved locally: checkpoints_hmm/vae_hmm_round2_temp.pth
2025-09-13 10:06:08,031 - __main__ - DEBUG - 🗑️  Removed temporary file: checkpoints_hmm/vae_hmm_round2_temp.pth
2025-09-13 10:06:08,032 - __main__ - INFO - ✅ M-step completed: final_train_loss=3814.7391, final_test_loss=2668.7030
2025-09-13 10:06:08,060 - __main__ - INFO - 💾 Saved VAE+HMM → checkpoints_hmm/vae_with_hmm_round2.pt
2025-09-13 10:06:08,060 - __main__ - INFO - 🤗 Uploading VAE+HMM round 2 to HuggingFace: CatkinChen/nethack-vae-hmm
2025-09-13 10:06:12,787 - huggingface_hub.hf_api - WARNING - No files have been modified since last commit. Skipping to prevent empty commit.
2025-09-13 10:06:17,610 - __main__ - INFO - ✅ VAE+HMM uploaded to: https://huggingface.co/CatkinChen/nethack-vae-hmm
2025-09-13 10:06:21,680 - __main__ - INFO - ========== EM Round 3/4: E-step ==========
2025-09-13 10:06:21,680 - __main__ - INFO -    - Resetting HMM to prior
2025-09-13 10:06:21,682 - __main__ - INFO -    - Resetting HMM streaming statistics
2025-09-13 10:06:37,187 - __main__ - INFO -    - Re-initialized NIW mean with k-means on VAE latents
2025-09-13 10:07:30,063 - __main__ - DEBUG - Initial ELBO: -12005389.7459
2025-09-13 10:07:30,063 - __main__ - DEBUG - Relative tol: 0.0100
2025-09-13 10:07:30,063 - __main__ - DEBUG - Relative elbo_drop_tol: 0.0100
2025-09-13 10:07:30,063 - __main__ - DEBUG - - Init -118.8343
2025-09-13 10:07:30,063 - __main__ - DEBUG - - Trans -187960.7866
2025-09-13 10:07:30,063 - __main__ - DEBUG - - Emit -11810889.9375
2025-09-13 10:07:30,063 - __main__ - DEBUG - - Entropy 1366.8631
2025-09-13 10:07:30,063 - __main__ - DEBUG - - Dir 0.0000
2025-09-13 10:07:30,064 - __main__ - DEBUG - - NIW -7772.1963
2025-09-13 10:07:30,064 - __main__ - DEBUG - - Beta prior -14.8543
2025-09-13 10:08:13,631 - __main__ - DEBUG - Iter 0: ELBO after FB: -12005389.7459 (LL -11997602.6953, Δ=0.0000)
2025-09-13 10:08:13,632 - __main__ - DEBUG - First pass after reset, using full stats.
2025-09-13 10:08:13,688 - __main__ - DEBUG - Iter 0: ELBO after NIW update: -2182604.5418 (Emit LL -1472896.1172, NIW term -522980.8125, Δ=9822785.2041)
2025-09-13 10:08:13,726 - __main__ - DEBUG - Iter 0: ELBO after Dirichlet update: -2004265.2887 (Trans LL -8095.2903, Dir term -1526.2432, Δ=178339.2531)
2025-09-13 10:08:57,110 - __main__ - DEBUG - Iter 1: ELBO after FB: -1992511.2956 (LL -1467989.3856, Δ=11753.9931)
2025-09-13 10:08:57,110 - __main__ - DEBUG - First pass after reset, using full stats.
2025-09-13 10:08:57,147 - __main__ - DEBUG - Iter 1: ELBO after NIW update: -1962546.9264 (Emit LL -1464478.0469, NIW term -486765.0625, Δ=29964.3691)
2025-09-13 10:08:57,185 - __main__ - DEBUG - Iter 1: ELBO after Dirichlet update: -1961715.6116 (Trans LL -10404.0172, Dir term -1395.4541, Δ=831.3149)
2025-09-13 10:09:40,826 - __main__ - DEBUG - Iter 2: ELBO after FB: -1944789.0249 (LL -1456613.6541, Δ=16926.5866)
2025-09-13 10:09:40,827 - __main__ - DEBUG - First pass after reset, using full stats.
2025-09-13 10:09:40,864 - __main__ - DEBUG - Iter 2: ELBO after NIW update: -1893884.2300 (Emit LL -1456612.4805, NIW term -425791.3125, Δ=50904.7949)
2025-09-13 10:09:40,902 - __main__ - DEBUG - Iter 2: ELBO after Dirichlet update: -1893273.8655 (Trans LL -11084.3954, Dir term -1195.3887, Δ=610.3645)
2025-09-13 10:10:24,191 - __main__ - DEBUG - Iter 3: ELBO after FB: -1872906.3600 (LL -1445904.8046, Δ=20367.5055)
2025-09-13 10:10:24,191 - __main__ - DEBUG - First pass after reset, using full stats.
2025-09-13 10:10:24,229 - __main__ - DEBUG - Iter 3: ELBO after NIW update: -1815128.2077 (Emit LL -1447898.7773, NIW term -355950.8125, Δ=57778.1523)
2025-09-13 10:10:24,266 - __main__ - DEBUG - Iter 3: ELBO after Dirichlet update: -1814623.5009 (Trans LL -11100.5218, Dir term -978.9492, Δ=504.7068)
2025-09-13 10:11:07,382 - __main__ - DEBUG - Iter 4: ELBO after FB: -1794254.7791 (LL -1437310.1631, Δ=20368.7218)
2025-09-13 10:11:07,383 - __main__ - DEBUG - First pass after reset, using full stats.
2025-09-13 10:11:07,421 - __main__ - DEBUG - Iter 4: ELBO after NIW update: -1738393.9861 (Emit LL -1432652.0977, NIW term -294967.5625, Δ=55860.7930)
2025-09-13 10:11:07,458 - __main__ - DEBUG - Iter 4: ELBO after Dirichlet update: -1737935.0258 (Trans LL -10763.8039, Dir term -775.7920, Δ=458.9604)
2025-09-13 10:11:49,832 - __main__ - DEBUG - Iter 5: ELBO after FB: -1727852.1795 (LL -1432093.9707, Δ=10082.8463)
2025-09-13 10:11:49,833 - __main__ - DEBUG - First pass after reset, using full stats.
2025-09-13 10:11:49,870 - __main__ - DEBUG - Iter 5: ELBO after NIW update: -1706621.0467 (Emit LL -1427678.6406, NIW term -268511.2500, Δ=21231.1328)
2025-09-13 10:11:49,908 - __main__ - DEBUG - Iter 5: ELBO after Dirichlet update: -1706344.6747 (Trans LL -10685.7979, Dir term -692.8604, Δ=276.3720)
2025-09-13 10:12:32,209 - __main__ - DEBUG - Iter 6: ELBO after FB: -1699056.6412 (LL -1429837.6765, Δ=7288.0335)
2025-09-13 10:12:32,209 - __main__ - DEBUG - First pass after reset, using full stats.
2025-09-13 10:12:32,247 - __main__ - DEBUG - Iter 6: ELBO after NIW update: -1679458.0318 (Emit LL -1422803.7578, NIW term -246283.8438, Δ=19598.6094)
2025-09-13 10:12:32,284 - __main__ - DEBUG - Iter 6: ELBO after Dirichlet update: -1679192.2611 (Trans LL -10754.5329, Dir term -622.0625, Δ=265.7707)
2025-09-13 10:13:14,442 - __main__ - DEBUG - Iter 7: ELBO after FB: -1674725.7380 (LL -1427804.9774, Δ=4466.5232)
2025-09-13 10:13:14,443 - __main__ - DEBUG - First pass after reset, using full stats.
2025-09-13 10:13:14,480 - __main__ - DEBUG - Iter 7: ELBO after NIW update: -1664656.8474 (Emit LL -1420444.2461, NIW term -234087.9062, Δ=10068.8906)
2025-09-13 10:13:14,518 - __main__ - DEBUG - Iter 7: ELBO after Dirichlet update: -1664502.4577 (Trans LL -10625.4306, Dir term -580.4785, Δ=154.3897)
2025-09-13 10:13:14,519 - __main__ - DEBUG - Early stopping: ELBO improvement 14689.8034 < tolerance
2025-09-13 10:14:04,875 - __main__ - INFO - [E-step] Multi-batch 1/1 (x100 batches) - HMM Diagnostics:
2025-09-13 10:14:04,875 - __main__ - INFO -   - Avg log-likelihood per step: -15.3976
2025-09-13 10:14:04,875 - __main__ - INFO -   - Inner ELBO (final): -1664502.4577
2025-09-13 10:14:04,876 - __main__ - INFO -   - ELBO progression (8 iters): [-2004265.25, ..., -1664502.50] (Δ=339762.7500)
2025-09-13 10:14:04,876 - __main__ - INFO -   - Effective number of skills: 11.68
2025-09-13 10:14:04,876 - __main__ - INFO -   - State entropy: 0.052
2025-09-13 10:14:04,876 - __main__ - INFO -   - Transition stickiness: 0.478
2025-09-13 10:14:04,876 - __main__ - INFO -   - Top 5 skills: [15, 21, 31, 9, 39] (probs: ['0.146', '0.145', '0.137', '0.105', '0.083'])
2025-09-13 10:14:04,876 - __main__ - INFO -   - Combined time length: 3200 (original T=32, multiples=100)
2025-09-13 10:14:04,880 - __main__ - INFO - 🔍 Computing HMM diagnostics...
2025-09-13 10:15:05,866 - __main__ - INFO - 📊 HMM Diagnostics for Round 3:
2025-09-13 10:15:05,867 - __main__ - INFO -   - Avg log-likelihood per step: -15.5097
2025-09-13 10:15:05,867 - __main__ - INFO -   - State entropy: 0.0657
2025-09-13 10:15:05,867 - __main__ - INFO -   - Effective number of skills: 11.62
2025-09-13 10:15:05,867 - __main__ - INFO -   - Transition stickiness (diag): 0.4783
2025-09-13 10:15:05,867 - __main__ - INFO -   - Top 5 skill occupancies: [0.14541515707969666, 0.1440943330526352, 0.13893261551856995, 0.10634054243564606, 0.08297185599803925]
2025-09-13 10:15:05,867 - __main__ - INFO -   - Top 5 skill indices: [15, 21, 31, 9, 39]
2025-09-13 10:15:05,867 - __main__ - INFO -     - Skill 22: emp= 29.55  E[1/(1-p)]:362.83  p_stay=0.997
2025-09-13 10:15:05,868 - __main__ - INFO -     - Skill 5: emp= 25.17  E[1/(1-p)]:218.02  p_stay=0.995
2025-09-13 10:15:05,868 - __main__ - INFO -     - Skill 16: emp= 28.35  E[1/(1-p)]:159.47  p_stay=0.994
2025-09-13 10:15:05,868 - __main__ - INFO -     - Skill 23: emp= 25.88  E[1/(1-p)]:151.39  p_stay=0.993
2025-09-13 10:15:05,868 - __main__ - INFO -     - Skill 24: emp= 27.75  E[1/(1-p)]:132.13  p_stay=0.992
2025-09-13 10:15:05,868 - __main__ - INFO - 🖼️  Rendering HMM visualizations for round 3
2025-09-13 10:16:13,603 - __main__ - INFO - 💾 Saved HMM posterior → checkpoints_hmm/hmm_round3.pt
2025-09-13 10:16:13,603 - __main__ - INFO - 🤗 Uploading HMM round 3 to HuggingFace: CatkinChen/nethack-hmm
2025-09-13 10:16:18,703 - __main__ - INFO - ✅ HMM uploaded to: https://huggingface.co/CatkinChen/nethack-hmm
2025-09-13 10:16:18,704 - __main__ - INFO - ========== EM Round 3/4: M-step ==========
2025-09-13 10:16:18,704 - __main__ - INFO - 🔧 Fine-tuning VAE with HMM prior for 1 epochs...
2025-09-13 10:16:18,704 - __main__ - INFO - 📊 M-step 3 parameter schedule:
2025-09-13 10:16:18,704 - __main__ - INFO -   - prior_blend_alpha: 0.600 → 1.000 (cosine)
2025-09-13 10:16:18,704 - __main__ - INFO -   - mi_beta: 0.467 → 0.600 (linear)
2025-09-13 10:16:18,704 - __main__ - INFO -   - tc_beta: 0.133 → 0.200 (linear)
2025-09-13 10:16:18,704 - __main__ - INFO -   - dw_beta: 0.833 → 1.000 (linear)
2025-09-13 10:16:19,418 - __main__ - INFO - Weights & Biases initialized
2025-09-13 10:16:19,418 - __main__ - INFO - 🔥Training MultiModalHackVAE with 100 train batches, 20 test batches
2025-09-13 10:16:19,418 - __main__ - INFO -    Epochs: 1
2025-09-13 10:16:19,419 - __main__ - INFO -    Batch size: 32
2025-09-13 10:16:19,419 - __main__ - INFO -    Sequence size: 32
2025-09-13 10:16:19,419 - __main__ - INFO -    Device: cuda
2025-09-13 10:16:19,419 - __main__ - INFO -    Mixed Precision: BF16 = False
2025-09-13 10:16:19,419 - __main__ - INFO -    LR Scheduler: constant
2025-09-13 10:16:19,419 - __main__ - INFO -    Shuffle batches: True
2025-09-13 10:16:19,419 - __main__ - INFO -    Shuffle within batch: False
2025-09-13 10:16:19,419 - __main__ - INFO -    VAE Configuration:
2025-09-13 10:16:19,419 - __main__ - INFO -      - Latent dimension: 96
2025-09-13 10:16:19,419 - __main__ - INFO -      - Encoder dropout: 0.1
2025-09-13 10:16:19,420 - __main__ - INFO -      - Decoder dropout: 0.1
2025-09-13 10:16:19,420 - __main__ - INFO -    Adaptive Loss Weighting:
2025-09-13 10:16:19,420 - __main__ - INFO -      - MI beta: 0.467 → 0.600
2025-09-13 10:16:19,420 - __main__ - INFO -      - TC beta: 0.133 → 0.200
2025-09-13 10:16:19,420 - __main__ - INFO -      - DW beta: 0.833 → 1.000
2025-09-13 10:16:19,420 - __main__ - INFO -      - Blend alpha: 0.600 → 1.000
2025-09-13 10:16:19,420 - __main__ - INFO -      - Warmup epochs: 0 out of 1 total epochs
2025-09-13 10:16:19,420 - __main__ - INFO -    Free bits: 0.75
2025-09-13 10:16:19,420 - __main__ - INFO -    Focal loss: alpha=0.5, gamma=2.0
2025-09-13 10:16:19,420 - __main__ - INFO -    Early Stopping:
2025-09-13 10:16:19,420 - __main__ - INFO -      - Enabled: False
2025-09-13 10:16:19,421 - __main__ - INFO -    HMM Prior: Enabled
2025-09-13 10:16:19,445 - __main__ - INFO - 🔧 Using FP32 precision training
2025-09-13 10:16:19,445 - __main__ - INFO - Model has latent dimension: 96
2025-09-13 10:16:19,446 - __main__ - INFO - 🎯 Starting training for 1 epochs (starting from epoch 0)...
2025-09-13 10:16:19,446 - __main__ - INFO -    Total training steps: 100
2025-09-13 10:16:19,446 - __main__ - INFO -    Warmup steps: 20
2025-09-13 10:16:19,446 - __main__ - INFO - 🎯 Epoch 1/1 - Starting epoch...
2025-09-13 10:16:19,447 - __main__ - DEBUG - Shuffled 100 training batches for epoch 1
2025-09-13 10:16:19,447 - __main__ - DEBUG - Shuffled 20 testing batches for epoch 1
2025-09-13 10:16:19,994 - __main__ - DEBUG - Step 0/100 - Adaptive weights: mi_beta=0.467, tc_beta=0.133, dw_beta=0.833, blend_alpha=0.600
2025-09-13 10:19:24,850 - __main__ - DEBUG - Step 100/100 - Adaptive weights: mi_beta=0.600, tc_beta=0.200, dw_beta=1.000, blend_alpha=1.000
2025-09-13 10:19:26,312 - __main__ - DEBUG - Step 100/100 - Adaptive weights: mi_beta=0.600, tc_beta=0.200, dw_beta=1.000, blend_alpha=1.000
2025-09-13 10:19:27,781 - __main__ - DEBUG - Step 100/100 - Adaptive weights: mi_beta=0.600, tc_beta=0.200, dw_beta=1.000, blend_alpha=1.000
2025-09-13 10:19:29,241 - __main__ - DEBUG - Step 100/100 - Adaptive weights: mi_beta=0.600, tc_beta=0.200, dw_beta=1.000, blend_alpha=1.000
2025-09-13 10:19:30,668 - __main__ - DEBUG - Step 100/100 - Adaptive weights: mi_beta=0.600, tc_beta=0.200, dw_beta=1.000, blend_alpha=1.000
2025-09-13 10:19:32,192 - __main__ - DEBUG - Step 100/100 - Adaptive weights: mi_beta=0.600, tc_beta=0.200, dw_beta=1.000, blend_alpha=1.000
2025-09-13 10:19:33,655 - __main__ - DEBUG - Step 100/100 - Adaptive weights: mi_beta=0.600, tc_beta=0.200, dw_beta=1.000, blend_alpha=1.000
2025-09-13 10:19:35,162 - __main__ - DEBUG - Step 100/100 - Adaptive weights: mi_beta=0.600, tc_beta=0.200, dw_beta=1.000, blend_alpha=1.000
2025-09-13 10:19:36,624 - __main__ - DEBUG - Step 100/100 - Adaptive weights: mi_beta=0.600, tc_beta=0.200, dw_beta=1.000, blend_alpha=1.000
2025-09-13 10:19:38,049 - __main__ - DEBUG - Step 100/100 - Adaptive weights: mi_beta=0.600, tc_beta=0.200, dw_beta=1.000, blend_alpha=1.000
2025-09-13 10:19:39,290 - __main__ - DEBUG - Step 100/100 - Adaptive weights: mi_beta=0.600, tc_beta=0.200, dw_beta=1.000, blend_alpha=1.000
2025-09-13 10:19:40,837 - __main__ - DEBUG - Step 100/100 - Adaptive weights: mi_beta=0.600, tc_beta=0.200, dw_beta=1.000, blend_alpha=1.000
2025-09-13 10:19:42,301 - __main__ - DEBUG - Step 100/100 - Adaptive weights: mi_beta=0.600, tc_beta=0.200, dw_beta=1.000, blend_alpha=1.000
2025-09-13 10:19:43,800 - __main__ - DEBUG - Step 100/100 - Adaptive weights: mi_beta=0.600, tc_beta=0.200, dw_beta=1.000, blend_alpha=1.000
2025-09-13 10:19:45,325 - __main__ - DEBUG - Step 100/100 - Adaptive weights: mi_beta=0.600, tc_beta=0.200, dw_beta=1.000, blend_alpha=1.000
2025-09-13 10:19:46,861 - __main__ - DEBUG - Step 100/100 - Adaptive weights: mi_beta=0.600, tc_beta=0.200, dw_beta=1.000, blend_alpha=1.000
2025-09-13 10:19:48,267 - __main__ - DEBUG - Step 100/100 - Adaptive weights: mi_beta=0.600, tc_beta=0.200, dw_beta=1.000, blend_alpha=1.000
2025-09-13 10:19:49,696 - __main__ - DEBUG - Step 100/100 - Adaptive weights: mi_beta=0.600, tc_beta=0.200, dw_beta=1.000, blend_alpha=1.000
2025-09-13 10:19:51,121 - __main__ - DEBUG - Step 100/100 - Adaptive weights: mi_beta=0.600, tc_beta=0.200, dw_beta=1.000, blend_alpha=1.000
2025-09-13 10:19:52,523 - __main__ - DEBUG - Step 100/100 - Adaptive weights: mi_beta=0.600, tc_beta=0.200, dw_beta=1.000, blend_alpha=1.000
2025-09-13 10:19:53,367 - __main__ - DEBUG - Step 100/100 - Adaptive weights: mi_beta=0.600, tc_beta=0.200, dw_beta=1.000, blend_alpha=1.000
2025-09-13 10:19:53,367 - __main__ - INFO - 
=== Epoch 1/1 Summary ===
2025-09-13 10:19:53,367 - __main__ - INFO - Average Train Loss: 3710.708 | Average Test Loss: 2515.446
2025-09-13 10:19:53,367 - __main__ - INFO - Current KL Betas: mi=0.600, tc=0.200, dw=1.000, blend_alpha=1.000
2025-09-13 10:19:53,368 - __main__ - INFO - Global Step: 100/100 (100.0%)
2025-09-13 10:19:53,368 - __main__ - INFO - Final Training Batch Details:
2025-09-13 10:19:53,368 - __main__ - INFO -   Raw Losses: hero_loc: 2.728 | occupy: 1642.158 | bag: 363.249 | stats: 70.758 | msg: 24.823 | ego_char: 29.399 | ego_color: 116.951 | ego_class: 30.382 | passability: 0.596 | reward: 32.761 | done: 0.011 | value_k: 5.369 | safety: 0.666 | goal: 0.323 | forward: 46.335 | inverse: 2.907
2025-09-13 10:19:53,368 - __main__ - INFO - Final Testing Batch Details:
2025-09-13 10:19:53,368 - __main__ - INFO -   Raw Losses: hero_loc: 1.861 | occupy: 1561.895 | bag: 335.756 | stats: 72.704 | msg: 31.196 | ego_char: 30.204 | ego_color: 99.806 | ego_class: 31.047 | passability: 0.586 | reward: 16.310 | done: 0.010 | value_k: 2.255 | safety: 0.663 | goal: 0.095 | forward: 31.937 | inverse: 3.113
2025-09-13 10:19:53,369 - __main__ - INFO - Variance of model output (mu): 0.1012, 0.1156, 0.1190, 0.0778, 0.1100, 0.0895, 0.0950, 0.0907, 0.0933, 0.1365, 0.1035, 0.0733, 0.1131, 0.0856, 0.0874, 0.1642, 0.0548, 0.0701, 0.0655, 0.0783, 0.0706, 0.0679, 0.0605, 0.0684, 0.0658, 0.0798, 0.0669, 0.0926, 0.0633, 0.0785, 0.0722, 0.0739, 0.0721, 0.0883, 0.0746, 0.0606, 0.0682, 0.0773, 0.0659, 0.0611, 0.0662, 0.0692, 0.0647, 0.0598, 0.0653, 0.0948, 0.0600, 0.0722, 0.0821, 0.0661, 0.0608, 0.0675, 0.0630, 0.0727, 0.0866, 0.0714, 0.0657, 0.0868, 0.0746, 0.0667, 0.0718, 0.0599, 0.0715, 0.0712, 0.0556, 0.0679, 0.0538, 0.0708, 0.0764, 0.0659, 0.0710, 0.0722, 0.0758, 0.0787, 0.0660, 0.0633, 0.0733, 0.0672, 0.0747, 0.0691, 0.0730, 0.0707, 0.0755, 0.0718, 0.0696, 0.0651, 0.0802, 0.0668, 0.0825, 0.0662, 0.0751, 0.0668, 0.0930, 0.0858, 0.0604, 0.0699
2025-09-13 10:19:53,369 - __main__ - INFO - Per-dim KL: 1.0987, 0.6532, 6.3702, 0.5076, 3.2881, 1.9955, 5.7381, 1.4728, 0.5705, 6.6152, 0.9880, 3.0013, 1.4694, 0.7417, 2.2115, 4.1048, 0.5996, 0.5751, 0.4050, 0.5725, 0.5887, 0.4345, 0.7261, 0.4780, 0.7043, 0.5782, 0.5913, 0.5407, 0.5610, 0.5255, 0.5970, 0.5325, 0.6181, 0.5088, 0.5778, 0.6766, 0.5124, 0.6136, 0.6028, 0.6106, 0.6562, 0.6721, 0.6290, 0.5769, 0.5938, 0.5398, 0.4507, 0.5807, 0.5892, 0.4851, 0.7688, 0.6423, 0.4967, 0.5774, 0.6024, 0.3332, 0.3533, 0.5687, 0.4927, 0.5727, 0.5486, 0.3926, 0.6619, 0.5163, 0.6484, 0.4575, 0.5456, 0.3916, 0.5347, 0.6701, 0.5811, 0.5821, 0.6419, 0.5281, 0.5659, 0.5973, 0.3440, 0.5424, 0.5211, 0.6377, 0.5644, 0.5872, 0.6678, 0.6529, 0.5782, 0.7287, 0.5274, 0.6576, 0.5513, 0.4049, 0.7305, 0.4394, 0.6375, 0.6260, 0.6287, 0.6634
2025-09-13 10:19:53,369 - __main__ - INFO - Eigenvalues of latent space: 0.5465, 0.3704, 0.3575, 0.3447, 0.3221, 0.3140, 0.3055, 0.2967, 0.2892, 0.2838, 0.2779, 0.2660, 0.2502, 0.2462, 0.2400, 0.2397, 0.2328, 0.2286, 0.2237, 0.2184, 0.2091, 0.2072, 0.2044, 0.1979, 0.1943, 0.1908, 0.1849, 0.1842, 0.1781, 0.1732, 0.1700, 0.1685, 0.1653, 0.1595, 0.1570, 0.1563, 0.1561, 0.1497, 0.1484, 0.1479, 0.1466, 0.1430, 0.1389, 0.1359, 0.1350, 0.1331, 0.1294, 0.1281, 0.1263, 0.1247, 0.1235, 0.1225, 0.1200, 0.1193, 0.1175, 0.1159, 0.1136, 0.1117, 0.1109, 0.1081, 0.1065, 0.1056, 0.1046, 0.1012, 0.1011, 0.0992, 0.0983, 0.0963, 0.0953, 0.0924, 0.0921, 0.0903, 0.0888, 0.0878, 0.0854, 0.0834, 0.0820, 0.0812, 0.0809, 0.0790, 0.0781, 0.0776, 0.0764, 0.0744, 0.0737, 0.0709, 0.0700, 0.0695, 0.0663, 0.0651, 0.0632, 0.0626, 0.0607, 0.0578, 0.0556, 0.0545
2025-09-13 10:19:53,369 - __main__ - INFO - KL Eigenvalues: 0.0753, 0.1818, 0.1931, 0.2049, 0.2275, 0.2362, 0.2456, 0.2559, 0.2649, 0.2717, 0.2792, 0.2952, 0.3178, 0.3239, 0.3336, 0.3340, 0.3452, 0.3521, 0.3605, 0.3700, 0.3870, 0.3906, 0.3960, 0.4089, 0.4162, 0.4237, 0.4365, 0.4379, 0.4516, 0.4633, 0.4709, 0.4747, 0.4827, 0.4975, 0.5042, 0.5060, 0.5067, 0.5244, 0.5281, 0.5295, 0.5333, 0.5441, 0.5565, 0.5660, 0.5689, 0.5747, 0.5870, 0.5917, 0.5979, 0.6033, 0.6075, 0.6112, 0.6202, 0.6227, 0.6295, 0.6356, 0.6444, 0.6517, 0.6549, 0.6662, 0.6730, 0.6769, 0.6810, 0.6959, 0.6966, 0.7047, 0.7092, 0.7182, 0.7232, 0.7368, 0.7384, 0.7475, 0.7551, 0.7600, 0.7727, 0.7836, 0.7913, 0.7958, 0.7977, 0.8084, 0.8139, 0.8170, 0.8240, 0.8364, 0.8409, 0.8584, 0.8643, 0.8680, 0.8902, 0.8988, 0.9122, 0.9168, 0.9313, 0.9541, 0.9722, 0.9820
2025-09-13 10:19:53,369 - __main__ - INFO - Variance explained by eigenvalues: 0.0370, 0.0620, 0.0862, 0.1095, 0.1313, 0.1525, 0.1732, 0.1932, 0.2128, 0.2320, 0.2507, 0.2687, 0.2857, 0.3023, 0.3185, 0.3347, 0.3505, 0.3659, 0.3811, 0.3958, 0.4100, 0.4240, 0.4378, 0.4512, 0.4643, 0.4772, 0.4897, 0.5022, 0.5142, 0.5259, 0.5374, 0.5488, 0.5600, 0.5708, 0.5814, 0.5920, 0.6025, 0.6127, 0.6227, 0.6327, 0.6426, 0.6523, 0.6617, 0.6709, 0.6800, 0.6890, 0.6977, 0.7064, 0.7149, 0.7234, 0.7317, 0.7400, 0.7481, 0.7562, 0.7641, 0.7720, 0.7796, 0.7872, 0.7947, 0.8020, 0.8092, 0.8163, 0.8234, 0.8303, 0.8371, 0.8438, 0.8505, 0.8570, 0.8634, 0.8697, 0.8759, 0.8820, 0.8880, 0.8939, 0.8997, 0.9054, 0.9109, 0.9164, 0.9219, 0.9272, 0.9325, 0.9377, 0.9429, 0.9479, 0.9529, 0.9577, 0.9625, 0.9672, 0.9716, 0.9760, 0.9803, 0.9845, 0.9886, 0.9926, 0.9963, 1.0000
2025-09-13 10:19:53,369 - __main__ - INFO - ==================================================
2025-09-13 10:19:53,370 - __main__ - INFO - 
✅ MultiModalVAE training completed!
2025-09-13 10:19:53,370 - __main__ - INFO -   - Completed all 1 epochs
2025-09-13 10:19:53,370 - __main__ - INFO -   - Final train loss: 3710.7082
2025-09-13 10:19:53,370 - __main__ - INFO -   - Final test loss: 2515.4459
2025-09-13 10:19:53,390 - __main__ - INFO - 💾 Model saved locally: checkpoints_hmm/vae_hmm_round3_temp.pth
2025-09-13 10:19:54,876 - __main__ - DEBUG - 🗑️  Removed temporary file: checkpoints_hmm/vae_hmm_round3_temp.pth
2025-09-13 10:19:54,876 - __main__ - INFO - ✅ M-step completed: final_train_loss=3710.7082, final_test_loss=2515.4459
2025-09-13 10:19:54,899 - __main__ - INFO - 💾 Saved VAE+HMM → checkpoints_hmm/vae_with_hmm_round3.pt
2025-09-13 10:19:54,899 - __main__ - INFO - 🤗 Uploading VAE+HMM round 3 to HuggingFace: CatkinChen/nethack-vae-hmm
2025-09-13 10:19:59,496 - huggingface_hub.hf_api - WARNING - No files have been modified since last commit. Skipping to prevent empty commit.
2025-09-13 10:20:04,249 - __main__ - INFO - ✅ VAE+HMM uploaded to: https://huggingface.co/CatkinChen/nethack-vae-hmm
2025-09-13 10:20:08,736 - __main__ - INFO - ========== EM Round 4/4: E-step ==========
2025-09-13 10:20:08,737 - __main__ - INFO -    - Resetting HMM to prior
2025-09-13 10:20:08,738 - __main__ - INFO -    - Resetting HMM streaming statistics
2025-09-13 10:20:24,500 - __main__ - INFO -    - Re-initialized NIW mean with k-means on VAE latents
2025-09-13 10:21:15,463 - __main__ - DEBUG - Initial ELBO: -11752076.9194
2025-09-13 10:21:15,463 - __main__ - DEBUG - Relative tol: 0.0100
2025-09-13 10:21:15,463 - __main__ - DEBUG - Relative elbo_drop_tol: 0.0100
2025-09-13 10:21:15,463 - __main__ - DEBUG - - Init -118.8343
2025-09-13 10:21:15,464 - __main__ - DEBUG - - Trans -188107.3716
2025-09-13 10:21:15,464 - __main__ - DEBUG - - Emit -11559746.4375
2025-09-13 10:21:15,464 - __main__ - DEBUG - - Entropy 1404.0333
2025-09-13 10:21:15,464 - __main__ - DEBUG - - Dir 0.0000
2025-09-13 10:21:15,464 - __main__ - DEBUG - - NIW -5493.4551
2025-09-13 10:21:15,464 - __main__ - DEBUG - - Beta prior -14.8543
2025-09-13 10:21:57,420 - __main__ - DEBUG - Iter 0: ELBO after FB: -11752076.9194 (LL -11746568.6101, Δ=0.0000)
2025-09-13 10:21:57,421 - __main__ - DEBUG - First pass after reset, using full stats.
2025-09-13 10:21:57,458 - __main__ - DEBUG - Iter 0: ELBO after NIW update: -1470871.7388 (Emit LL -725505.2744, NIW term -558529.4375, Δ=10281205.1807)
2025-09-13 10:21:57,496 - __main__ - DEBUG - Iter 0: ELBO after Dirichlet update: -1292834.4634 (Trans LL -8532.5484, Dir term -1537.5479, Δ=178037.2754)
2025-09-13 10:22:39,472 - __main__ - DEBUG - Iter 1: ELBO after FB: -1272242.8113 (LL -712160.9716, Δ=20591.6521)
2025-09-13 10:22:39,473 - __main__ - DEBUG - First pass after reset, using full stats.
2025-09-13 10:22:39,510 - __main__ - DEBUG - Iter 1: ELBO after NIW update: -1197001.9900 (Emit LL -708566.4619, NIW term -475927.3438, Δ=75240.8213)
2025-09-13 10:22:39,547 - __main__ - DEBUG - Iter 1: ELBO after Dirichlet update: -1195881.1899 (Trans LL -11599.4990, Dir term -1346.9727, Δ=1120.8001)
2025-09-13 10:23:21,701 - __main__ - DEBUG - Iter 2: ELBO after FB: -1166626.1200 (LL -689336.9493, Δ=29255.0700)
2025-09-13 10:23:21,702 - __main__ - DEBUG - First pass after reset, using full stats.
2025-09-13 10:23:21,739 - __main__ - DEBUG - Iter 2: ELBO after NIW update: -1088127.2850 (Emit LL -688574.4609, NIW term -387044.2500, Δ=78498.8350)
2025-09-13 10:23:21,776 - __main__ - DEBUG - Iter 2: ELBO after Dirichlet update: -1087342.0173 (Trans LL -12348.9844, Dir term -1050.8613, Δ=785.2677)
2025-09-13 10:24:03,828 - __main__ - DEBUG - Iter 3: ELBO after FB: -1064299.4127 (LL -676189.4471, Δ=23042.6046)
2025-09-13 10:24:03,829 - __main__ - DEBUG - First pass after reset, using full stats.
2025-09-13 10:24:03,866 - __main__ - DEBUG - Iter 3: ELBO after NIW update: -977046.4010 (Emit LL -667817.9111, NIW term -297240.4688, Δ=87253.0117)
2025-09-13 10:24:03,903 - __main__ - DEBUG - Iter 3: ELBO after Dirichlet update: -976446.5363 (Trans LL -12318.7959, Dir term -763.1758, Δ=599.8646)
2025-09-13 10:24:46,122 - __main__ - DEBUG - Iter 4: ELBO after FB: -964500.6584 (LL -666482.1595, Δ=11945.8780)
2025-09-13 10:24:46,122 - __main__ - DEBUG - First pass after reset, using full stats.
2025-09-13 10:24:46,160 - __main__ - DEBUG - Iter 4: ELBO after NIW update: -931894.0255 (Emit LL -660261.4170, NIW term -260180.0625, Δ=32606.6328)
2025-09-13 10:24:46,197 - __main__ - DEBUG - Iter 4: ELBO after Dirichlet update: -931603.9371 (Trans LL -12136.4874, Dir term -645.6709, Δ=290.0884)
2025-09-13 10:25:28,179 - __main__ - DEBUG - Iter 5: ELBO after FB: -925003.8149 (LL -664163.2272, Δ=6600.1222)
2025-09-13 10:25:28,180 - __main__ - DEBUG - First pass after reset, using full stats.
2025-09-13 10:25:28,217 - __main__ - DEBUG - Iter 5: ELBO after NIW update: -907206.6157 (Emit LL -658931.9336, NIW term -236933.6875, Δ=17797.1992)
2025-09-13 10:25:28,255 - __main__ - DEBUG - Iter 5: ELBO after Dirichlet update: -907068.4458 (Trans LL -12284.0809, Dir term -576.0146, Δ=138.1698)
2025-09-13 10:26:10,250 - __main__ - DEBUG - Iter 6: ELBO after FB: -899619.0271 (LL -662094.4706, Δ=7449.4188)
2025-09-13 10:26:10,251 - __main__ - DEBUG - First pass after reset, using full stats.
2025-09-13 10:26:10,288 - __main__ - DEBUG - Iter 6: ELBO after NIW update: -884986.4011 (Emit LL -651516.4844, NIW term -222211.2812, Δ=14632.6260)
2025-09-13 10:26:10,326 - __main__ - DEBUG - Iter 6: ELBO after Dirichlet update: -884877.9630 (Trans LL -12255.1095, Dir term -526.9863, Δ=108.4381)
2025-09-13 10:26:52,189 - __main__ - DEBUG - Iter 7: ELBO after FB: -884209.9590 (LL -661456.8371, Δ=668.0040)
2025-09-13 10:26:52,190 - __main__ - DEBUG - First pass after reset, using full stats.
2025-09-13 10:26:52,227 - __main__ - DEBUG - Iter 7: ELBO after NIW update: -871445.8252 (Emit LL -650917.4219, NIW term -209285.5625, Δ=12764.1338)
2025-09-13 10:26:52,264 - __main__ - DEBUG - Iter 7: ELBO after Dirichlet update: -871343.2689 (Trans LL -12272.2342, Dir term -500.4863, Δ=102.5562)
2025-09-13 10:27:34,243 - __main__ - DEBUG - Iter 8: ELBO after FB: -870294.9203 (LL -660494.0172, Δ=1048.3486)
2025-09-13 10:27:34,243 - __main__ - DEBUG - First pass after reset, using full stats.
2025-09-13 10:27:34,281 - __main__ - DEBUG - Iter 8: ELBO after NIW update: -869996.2806 (Emit LL -649836.3086, NIW term -208822.0625, Δ=298.6396)
2025-09-13 10:27:34,336 - __main__ - DEBUG - Iter 8: ELBO after Dirichlet update: -869967.3452 (Trans LL -12442.8641, Dir term -492.1689, Δ=28.9355)
2025-09-13 10:27:34,336 - __main__ - DEBUG - Early stopping: ELBO improvement 1375.9238 < tolerance
2025-09-13 10:28:24,327 - __main__ - INFO - [E-step] Multi-batch 1/1 (x100 batches) - HMM Diagnostics:
2025-09-13 10:28:24,327 - __main__ - INFO -   - Avg log-likelihood per step: -7.1329
2025-09-13 10:28:24,327 - __main__ - INFO -   - Inner ELBO (final): -869967.3452
2025-09-13 10:28:24,328 - __main__ - INFO -   - ELBO progression (9 iters): [-1292834.50, ..., -869967.38] (Δ=422867.1250)
2025-09-13 10:28:24,328 - __main__ - INFO -   - Effective number of skills: 9.62
2025-09-13 10:28:24,328 - __main__ - INFO -   - State entropy: 0.064
2025-09-13 10:28:24,328 - __main__ - INFO -   - Transition stickiness: 0.399
2025-09-13 10:28:24,328 - __main__ - INFO -   - Top 5 skills: [1, 33, 2, 4, 19] (probs: ['0.204', '0.153', '0.112', '0.102', '0.094'])
2025-09-13 10:28:24,328 - __main__ - INFO -   - Combined time length: 3200 (original T=32, multiples=100)
2025-09-13 10:28:24,330 - __main__ - INFO - 🔍 Computing HMM diagnostics...
2025-09-13 10:29:25,616 - __main__ - INFO - 📊 HMM Diagnostics for Round 4:
2025-09-13 10:29:25,616 - __main__ - INFO -   - Avg log-likelihood per step: -7.2441
2025-09-13 10:29:25,616 - __main__ - INFO -   - State entropy: 0.0783
2025-09-13 10:29:25,616 - __main__ - INFO -   - Effective number of skills: 9.62
2025-09-13 10:29:25,616 - __main__ - INFO -   - Transition stickiness (diag): 0.3985
2025-09-13 10:29:25,616 - __main__ - INFO -   - Top 5 skill occupancies: [0.2038189023733139, 0.15278668701648712, 0.11273179203271866, 0.10184838622808456, 0.09497853368520737]
2025-09-13 10:29:25,617 - __main__ - INFO -   - Top 5 skill indices: [1, 33, 2, 4, 19]
2025-09-13 10:29:25,617 - __main__ - INFO -     - Skill 19: emp= 23.81  E[1/(1-p)]: 99.58  p_stay=0.990
2025-09-13 10:29:25,617 - __main__ - INFO -     - Skill 37: emp= 21.68  E[1/(1-p)]: 63.10  p_stay=0.984
2025-09-13 10:29:25,617 - __main__ - INFO -     - Skill 4: emp= 21.33  E[1/(1-p)]: 57.88  p_stay=0.983
2025-09-13 10:29:25,617 - __main__ - INFO -     - Skill 25: emp= 20.75  E[1/(1-p)]: 51.94  p_stay=0.981
2025-09-13 10:29:25,617 - __main__ - INFO -     - Skill 2: emp= 19.61  E[1/(1-p)]: 39.75  p_stay=0.975
2025-09-13 10:29:25,617 - __main__ - INFO - 🖼️  Rendering HMM visualizations for round 4
2025-09-13 10:30:33,568 - __main__ - INFO - 💾 Saved HMM posterior → checkpoints_hmm/hmm_round4.pt
2025-09-13 10:30:33,568 - __main__ - INFO - 🤗 Uploading HMM round 4 to HuggingFace: CatkinChen/nethack-hmm
2025-09-13 10:30:38,796 - __main__ - INFO - ✅ HMM uploaded to: https://huggingface.co/CatkinChen/nethack-hmm
2025-09-13 10:30:38,796 - __main__ - INFO - ========== EM Round 4/4: M-step ==========
2025-09-13 10:30:38,797 - __main__ - INFO - 🔧 Fine-tuning VAE with HMM prior for 1 epochs...
2025-09-13 10:30:38,797 - __main__ - INFO - 📊 M-step 4 parameter schedule:
2025-09-13 10:30:38,797 - __main__ - INFO -   - prior_blend_alpha: 1.000 → 1.000 (constant)
2025-09-13 10:30:38,797 - __main__ - INFO -   - mi_beta: 0.600 → 0.600 (linear)
2025-09-13 10:30:38,797 - __main__ - INFO -   - tc_beta: 0.200 → 0.200 (linear)
2025-09-13 10:30:38,797 - __main__ - INFO -   - dw_beta: 1.000 → 1.000 (linear)
2025-09-13 10:30:39,516 - __main__ - INFO - Weights & Biases initialized
2025-09-13 10:30:39,516 - __main__ - INFO - 🔥Training MultiModalHackVAE with 100 train batches, 20 test batches
2025-09-13 10:30:39,516 - __main__ - INFO -    Epochs: 1
2025-09-13 10:30:39,516 - __main__ - INFO -    Batch size: 32
2025-09-13 10:30:39,517 - __main__ - INFO -    Sequence size: 32
2025-09-13 10:30:39,517 - __main__ - INFO -    Device: cuda
2025-09-13 10:30:39,517 - __main__ - INFO -    Mixed Precision: BF16 = False
2025-09-13 10:30:39,517 - __main__ - INFO -    LR Scheduler: constant
2025-09-13 10:30:39,517 - __main__ - INFO -    Shuffle batches: True
2025-09-13 10:30:39,517 - __main__ - INFO -    Shuffle within batch: False
2025-09-13 10:30:39,517 - __main__ - INFO -    VAE Configuration:
2025-09-13 10:30:39,517 - __main__ - INFO -      - Latent dimension: 96
2025-09-13 10:30:39,517 - __main__ - INFO -      - Encoder dropout: 0.1
2025-09-13 10:30:39,517 - __main__ - INFO -      - Decoder dropout: 0.1
2025-09-13 10:30:39,518 - __main__ - INFO -    Adaptive Loss Weighting:
2025-09-13 10:30:39,518 - __main__ - INFO -      - MI beta: 0.600 → 0.600
2025-09-13 10:30:39,518 - __main__ - INFO -      - TC beta: 0.200 → 0.200
2025-09-13 10:30:39,518 - __main__ - INFO -      - DW beta: 1.000 → 1.000
2025-09-13 10:30:39,518 - __main__ - INFO -      - Blend alpha: 1.000 → 1.000
2025-09-13 10:30:39,518 - __main__ - INFO -      - Warmup epochs: 0 out of 1 total epochs
2025-09-13 10:30:39,518 - __main__ - INFO -    Free bits: 0.75
2025-09-13 10:30:39,518 - __main__ - INFO -    Focal loss: alpha=0.5, gamma=2.0
2025-09-13 10:30:39,518 - __main__ - INFO -    Early Stopping:
2025-09-13 10:30:39,518 - __main__ - INFO -      - Enabled: False
2025-09-13 10:30:39,518 - __main__ - INFO -    HMM Prior: Enabled
2025-09-13 10:30:39,542 - __main__ - INFO - 🔧 Using FP32 precision training
2025-09-13 10:30:39,543 - __main__ - INFO - Model has latent dimension: 96
2025-09-13 10:30:39,543 - __main__ - INFO - 🎯 Starting training for 1 epochs (starting from epoch 0)...
2025-09-13 10:30:39,543 - __main__ - INFO -    Total training steps: 100
2025-09-13 10:30:39,543 - __main__ - INFO -    Warmup steps: 20
2025-09-13 10:30:39,543 - __main__ - INFO - 🎯 Epoch 1/1 - Starting epoch...
2025-09-13 10:30:39,544 - __main__ - DEBUG - Shuffled 100 training batches for epoch 1
2025-09-13 10:30:39,544 - __main__ - DEBUG - Shuffled 20 testing batches for epoch 1
2025-09-13 10:30:40,105 - __main__ - DEBUG - Step 0/100 - Adaptive weights: mi_beta=0.600, tc_beta=0.200, dw_beta=1.000, blend_alpha=1.000
2025-09-13 10:33:46,842 - __main__ - DEBUG - Step 100/100 - Adaptive weights: mi_beta=0.600, tc_beta=0.200, dw_beta=1.000, blend_alpha=1.000
2025-09-13 10:33:48,304 - __main__ - DEBUG - Step 100/100 - Adaptive weights: mi_beta=0.600, tc_beta=0.200, dw_beta=1.000, blend_alpha=1.000
2025-09-13 10:33:49,781 - __main__ - DEBUG - Step 100/100 - Adaptive weights: mi_beta=0.600, tc_beta=0.200, dw_beta=1.000, blend_alpha=1.000
2025-09-13 10:33:51,259 - __main__ - DEBUG - Step 100/100 - Adaptive weights: mi_beta=0.600, tc_beta=0.200, dw_beta=1.000, blend_alpha=1.000
2025-09-13 10:33:52,686 - __main__ - DEBUG - Step 100/100 - Adaptive weights: mi_beta=0.600, tc_beta=0.200, dw_beta=1.000, blend_alpha=1.000
2025-09-13 10:33:54,209 - __main__ - DEBUG - Step 100/100 - Adaptive weights: mi_beta=0.600, tc_beta=0.200, dw_beta=1.000, blend_alpha=1.000
2025-09-13 10:33:55,670 - __main__ - DEBUG - Step 100/100 - Adaptive weights: mi_beta=0.600, tc_beta=0.200, dw_beta=1.000, blend_alpha=1.000
2025-09-13 10:33:57,155 - __main__ - DEBUG - Step 100/100 - Adaptive weights: mi_beta=0.600, tc_beta=0.200, dw_beta=1.000, blend_alpha=1.000
2025-09-13 10:33:58,607 - __main__ - DEBUG - Step 100/100 - Adaptive weights: mi_beta=0.600, tc_beta=0.200, dw_beta=1.000, blend_alpha=1.000
2025-09-13 10:34:00,031 - __main__ - DEBUG - Step 100/100 - Adaptive weights: mi_beta=0.600, tc_beta=0.200, dw_beta=1.000, blend_alpha=1.000
2025-09-13 10:34:01,278 - __main__ - DEBUG - Step 100/100 - Adaptive weights: mi_beta=0.600, tc_beta=0.200, dw_beta=1.000, blend_alpha=1.000
2025-09-13 10:34:02,823 - __main__ - DEBUG - Step 100/100 - Adaptive weights: mi_beta=0.600, tc_beta=0.200, dw_beta=1.000, blend_alpha=1.000
2025-09-13 10:34:04,290 - __main__ - DEBUG - Step 100/100 - Adaptive weights: mi_beta=0.600, tc_beta=0.200, dw_beta=1.000, blend_alpha=1.000
2025-09-13 10:34:05,794 - __main__ - DEBUG - Step 100/100 - Adaptive weights: mi_beta=0.600, tc_beta=0.200, dw_beta=1.000, blend_alpha=1.000
2025-09-13 10:34:07,325 - __main__ - DEBUG - Step 100/100 - Adaptive weights: mi_beta=0.600, tc_beta=0.200, dw_beta=1.000, blend_alpha=1.000
2025-09-13 10:34:08,863 - __main__ - DEBUG - Step 100/100 - Adaptive weights: mi_beta=0.600, tc_beta=0.200, dw_beta=1.000, blend_alpha=1.000
2025-09-13 10:34:10,273 - __main__ - DEBUG - Step 100/100 - Adaptive weights: mi_beta=0.600, tc_beta=0.200, dw_beta=1.000, blend_alpha=1.000
2025-09-13 10:34:11,705 - __main__ - DEBUG - Step 100/100 - Adaptive weights: mi_beta=0.600, tc_beta=0.200, dw_beta=1.000, blend_alpha=1.000
2025-09-13 10:34:13,135 - __main__ - DEBUG - Step 100/100 - Adaptive weights: mi_beta=0.600, tc_beta=0.200, dw_beta=1.000, blend_alpha=1.000
2025-09-13 10:34:14,547 - __main__ - DEBUG - Step 100/100 - Adaptive weights: mi_beta=0.600, tc_beta=0.200, dw_beta=1.000, blend_alpha=1.000
2025-09-13 10:34:15,397 - __main__ - DEBUG - Step 100/100 - Adaptive weights: mi_beta=0.600, tc_beta=0.200, dw_beta=1.000, blend_alpha=1.000
2025-09-13 10:34:15,397 - __main__ - INFO - 
=== Epoch 1/1 Summary ===
2025-09-13 10:34:15,397 - __main__ - INFO - Average Train Loss: 3829.208 | Average Test Loss: 2631.229
2025-09-13 10:34:15,398 - __main__ - INFO - Current KL Betas: mi=0.600, tc=0.200, dw=1.000, blend_alpha=1.000
2025-09-13 10:34:15,398 - __main__ - INFO - Global Step: 100/100 (100.0%)
2025-09-13 10:34:15,398 - __main__ - INFO - Final Training Batch Details:
2025-09-13 10:34:15,398 - __main__ - INFO -   Raw Losses: hero_loc: 3.465 | occupy: 1640.510 | bag: 401.625 | stats: 77.539 | msg: 24.854 | ego_char: 27.851 | ego_color: 110.367 | ego_class: 30.610 | passability: 0.593 | reward: 32.375 | done: 0.011 | value_k: 5.389 | safety: 0.673 | goal: 0.305 | forward: 45.732 | inverse: 2.923
2025-09-13 10:34:15,398 - __main__ - INFO - Final Testing Batch Details:
2025-09-13 10:34:15,398 - __main__ - INFO -   Raw Losses: hero_loc: 2.910 | occupy: 1555.578 | bag: 371.120 | stats: 80.429 | msg: 31.083 | ego_char: 28.209 | ego_color: 96.031 | ego_class: 31.305 | passability: 0.583 | reward: 16.358 | done: 0.010 | value_k: 2.255 | safety: 0.668 | goal: 0.102 | forward: 29.019 | inverse: 3.112
2025-09-13 10:34:15,399 - __main__ - INFO - Variance of model output (mu): 0.1151, 0.0875, 0.0845, 0.1097, 0.0873, 0.1011, 0.0872, 0.0991, 0.1147, 0.0848, 0.1544, 0.0724, 0.1372, 0.0994, 0.0648, 0.0964, 0.0792, 0.0820, 0.0616, 0.0719, 0.0573, 0.0748, 0.0833, 0.0909, 0.0742, 0.0853, 0.0658, 0.0712, 0.0725, 0.0673, 0.0672, 0.0671, 0.0606, 0.0594, 0.0797, 0.0627, 0.0861, 0.0649, 0.0688, 0.0620, 0.0661, 0.0647, 0.0701, 0.0790, 0.0739, 0.0726, 0.0653, 0.0861, 0.0726, 0.0754, 0.0875, 0.0734, 0.0702, 0.0798, 0.0752, 0.0795, 0.0725, 0.0746, 0.0577, 0.0834, 0.0691, 0.0792, 0.0672, 0.0936, 0.0958, 0.0764, 0.0699, 0.0616, 0.0768, 0.0782, 0.0670, 0.0859, 0.0704, 0.0583, 0.0747, 0.0851, 0.0534, 0.0666, 0.0839, 0.0639, 0.0709, 0.0801, 0.0750, 0.0750, 0.0691, 0.0742, 0.0822, 0.0647, 0.0723, 0.0559, 0.0592, 0.0604, 0.0856, 0.0711, 0.0697, 0.0668
2025-09-13 10:34:15,399 - __main__ - INFO - Per-dim KL: 0.9373, 0.7187, 1.9074, 4.4796, 4.4509, 1.7054, 0.8093, 1.4687, 3.8676, 0.7463, 5.5307, 0.7014, 8.9594, 3.1325, 0.8896, 0.7568, 0.6556, 0.5015, 0.5331, 0.6407, 0.6817, 0.3358, 0.5840, 0.4661, 0.5725, 0.5617, 0.6561, 0.4835, 0.5725, 0.5807, 0.5164, 0.4812, 0.5008, 0.6919, 0.5135, 0.6598, 0.6134, 0.6737, 0.5022, 0.5012, 0.6063, 0.6595, 0.6180, 0.5582, 0.5357, 0.5468, 0.4229, 0.3898, 0.5969, 0.5753, 0.5705, 0.5860, 0.3987, 0.5701, 0.4832, 0.5307, 0.6623, 0.4243, 0.7478, 0.5678, 0.3760, 0.4104, 0.5213, 0.3712, 0.4372, 0.3411, 0.5527, 0.7228, 0.6509, 0.5122, 0.5380, 0.6093, 0.4326, 0.4278, 0.4596, 0.4458, 0.7444, 0.3738, 0.4029, 0.4728, 0.5424, 0.5426, 0.5518, 0.6035, 0.5605, 0.6664, 0.5558, 0.5986, 0.4696, 0.6408, 0.6043, 0.5338, 0.5424, 0.5333, 0.7000, 0.5163
2025-09-13 10:34:15,399 - __main__ - INFO - Eigenvalues of latent space: 0.4520, 0.3874, 0.3830, 0.3486, 0.3369, 0.3284, 0.3144, 0.3080, 0.2949, 0.2899, 0.2833, 0.2688, 0.2644, 0.2557, 0.2496, 0.2436, 0.2418, 0.2285, 0.2259, 0.2195, 0.2144, 0.2107, 0.2079, 0.2064, 0.2001, 0.1942, 0.1895, 0.1883, 0.1826, 0.1806, 0.1767, 0.1729, 0.1692, 0.1638, 0.1617, 0.1584, 0.1558, 0.1517, 0.1493, 0.1477, 0.1461, 0.1400, 0.1384, 0.1346, 0.1324, 0.1319, 0.1287, 0.1280, 0.1266, 0.1241, 0.1211, 0.1202, 0.1167, 0.1146, 0.1136, 0.1127, 0.1106, 0.1092, 0.1078, 0.1062, 0.1045, 0.1029, 0.1023, 0.1000, 0.0995, 0.0965, 0.0957, 0.0949, 0.0928, 0.0908, 0.0885, 0.0884, 0.0877, 0.0851, 0.0841, 0.0818, 0.0803, 0.0798, 0.0772, 0.0765, 0.0751, 0.0739, 0.0733, 0.0708, 0.0707, 0.0692, 0.0675, 0.0669, 0.0660, 0.0635, 0.0623, 0.0609, 0.0588, 0.0581, 0.0555, 0.0509
2025-09-13 10:34:15,399 - __main__ - INFO - KL Eigenvalues: 0.1231, 0.1678, 0.1714, 0.2012, 0.2125, 0.2210, 0.2357, 0.2428, 0.2580, 0.2641, 0.2723, 0.2913, 0.2974, 0.3097, 0.3188, 0.3279, 0.3308, 0.3524, 0.3567, 0.3679, 0.3771, 0.3840, 0.3893, 0.3922, 0.4045, 0.4166, 0.4265, 0.4291, 0.4415, 0.4461, 0.4550, 0.4639, 0.4729, 0.4864, 0.4918, 0.5004, 0.5076, 0.5188, 0.5256, 0.5303, 0.5347, 0.5532, 0.5581, 0.5700, 0.5772, 0.5788, 0.5896, 0.5918, 0.5968, 0.6053, 0.6160, 0.6193, 0.6324, 0.6404, 0.6442, 0.6480, 0.6564, 0.6618, 0.6676, 0.6743, 0.6815, 0.6885, 0.6913, 0.7015, 0.7037, 0.7174, 0.7209, 0.7250, 0.7350, 0.7450, 0.7564, 0.7570, 0.7607, 0.7747, 0.7799, 0.7928, 0.8011, 0.8041, 0.8191, 0.8235, 0.8320, 0.8394, 0.8435, 0.8591, 0.8601, 0.8701, 0.8819, 0.8856, 0.8922, 0.9104, 0.9189, 0.9297, 0.9465, 0.9516, 0.9733, 1.0141
2025-09-13 10:34:15,399 - __main__ - INFO - Variance explained by eigenvalues: 0.0305, 0.0566, 0.0825, 0.1060, 0.1287, 0.1509, 0.1721, 0.1929, 0.2128, 0.2323, 0.2514, 0.2696, 0.2874, 0.3046, 0.3215, 0.3379, 0.3542, 0.3696, 0.3849, 0.3997, 0.4142, 0.4284, 0.4424, 0.4563, 0.4698, 0.4829, 0.4957, 0.5084, 0.5207, 0.5329, 0.5448, 0.5565, 0.5679, 0.5790, 0.5899, 0.6006, 0.6111, 0.6213, 0.6314, 0.6413, 0.6512, 0.6606, 0.6700, 0.6791, 0.6880, 0.6969, 0.7056, 0.7142, 0.7228, 0.7311, 0.7393, 0.7474, 0.7553, 0.7630, 0.7707, 0.7783, 0.7857, 0.7931, 0.8004, 0.8075, 0.8146, 0.8215, 0.8284, 0.8352, 0.8419, 0.8484, 0.8549, 0.8613, 0.8675, 0.8737, 0.8796, 0.8856, 0.8915, 0.8972, 0.9029, 0.9084, 0.9139, 0.9192, 0.9244, 0.9296, 0.9347, 0.9397, 0.9446, 0.9494, 0.9542, 0.9588, 0.9634, 0.9679, 0.9723, 0.9766, 0.9808, 0.9849, 0.9889, 0.9928, 0.9966, 1.0000
2025-09-13 10:34:15,399 - __main__ - INFO - ==================================================
2025-09-13 10:34:15,400 - __main__ - INFO - 
✅ MultiModalVAE training completed!
2025-09-13 10:34:15,400 - __main__ - INFO -   - Completed all 1 epochs
2025-09-13 10:34:15,400 - __main__ - INFO -   - Final train loss: 3829.2077
2025-09-13 10:34:15,400 - __main__ - INFO -   - Final test loss: 2631.2295
2025-09-13 10:34:15,423 - __main__ - INFO - 💾 Model saved locally: checkpoints_hmm/vae_hmm_round4_temp.pth
2025-09-13 10:34:16,301 - __main__ - DEBUG - 🗑️  Removed temporary file: checkpoints_hmm/vae_hmm_round4_temp.pth
2025-09-13 10:34:16,301 - __main__ - INFO - ✅ M-step completed: final_train_loss=3829.2077, final_test_loss=2631.2295
2025-09-13 10:34:16,330 - __main__ - INFO - 💾 Saved VAE+HMM → checkpoints_hmm/vae_with_hmm_round4.pt
2025-09-13 10:34:16,330 - __main__ - INFO - 🤗 Uploading VAE+HMM round 4 to HuggingFace: CatkinChen/nethack-vae-hmm
2025-09-13 10:34:21,067 - huggingface_hub.hf_api - WARNING - No files have been modified since last commit. Skipping to prevent empty commit.
2025-09-13 10:34:25,590 - __main__ - INFO - ✅ VAE+HMM uploaded to: https://huggingface.co/CatkinChen/nethack-vae-hmm
2025-09-13 10:34:29,532 - __main__ - INFO - 
🎉 EM training completed! Summary:
2025-09-13 10:34:29,532 - __main__ - INFO -   - EM rounds: 4
2025-09-13 10:34:29,532 - __main__ - INFO -   - M-step epochs per round: 1
2025-09-13 10:34:29,532 - __main__ - INFO -   - HMM checkpoints: 4
2025-09-13 10:34:29,532 - __main__ - INFO -   - VAE+HMM checkpoints: 4
2025-09-13 10:34:29,533 - __main__ - INFO -   - HuggingFace repos:
2025-09-13 10:34:29,533 - __main__ - INFO -     * HMM: https://huggingface.co/CatkinChen/nethack-hmm
2025-09-13 10:34:29,533 - __main__ - INFO -     * VAE+HMM: https://huggingface.co/CatkinChen/nethack-vae-hmm
2025-09-13 10:34:29,533 - __main__ - INFO - 📊 Training Configuration:
2025-09-13 10:34:29,533 - __main__ - INFO -   - Mode: EM
2025-09-13 10:34:29,533 - __main__ - INFO -   - HMM params: α=5.0, κ=1.0, γ=5.0, K=40, D=96
2025-09-13 10:34:29,533 - __main__ - INFO -   - NIW params: μ₀=0.0, κ₀=1.0, Ψ₀=30.0, ν₀=106
2025-09-13 10:34:29,533 - __main__ - INFO -   - Checkpoints: HMM=4, VAE+HMM=4
2025-09-13 10:34:29,533 - __main__ - INFO -   - HF repos: HMM=CatkinChen/nethack-hmm, VAE+HMM=CatkinChen/nethack-vae-hmm
