2025-09-09 12:34:31,937 - __main__ - INFO - 🤗 Loading pretrained VAE from HuggingFace: CatkinChen/nethack-vae
2025-09-09 12:34:32,571 - __main__ - INFO - ✅ Loaded pretrained VAE checkpoint (plain prior).
2025-09-09 12:34:32,571 - __main__ - INFO - 🧠 Initializing new Sticky-HDP-HMM: latent_dim=96, skills=40
2025-09-09 12:34:32,620 - __main__ - INFO - 🔍 Initializing NIW mean with k-means on VAE latents...
2025-09-09 12:34:48,718 - __main__ - INFO - ========== EM Round 1/4: E-step ==========
2025-09-09 12:35:41,407 - __main__ - DEBUG - Initial ELBO: -12873134.7801
2025-09-09 12:35:41,407 - __main__ - DEBUG - Relative tol: 0.0100
2025-09-09 12:35:41,407 - __main__ - DEBUG - Relative elbo_drop_tol: 0.0100
2025-09-09 12:35:41,407 - __main__ - DEBUG - - Init -118.0441
2025-09-09 12:35:41,407 - __main__ - DEBUG - - Trans -223858.9150
2025-09-09 12:35:41,408 - __main__ - DEBUG - - Emit -12648987.7188
2025-09-09 12:35:41,408 - __main__ - DEBUG - - Entropy 1555.4945
2025-09-09 12:35:41,408 - __main__ - DEBUG - - Dir 0.0000
2025-09-09 12:35:41,408 - __main__ - DEBUG - - NIW -1710.8412
2025-09-09 12:35:41,408 - __main__ - DEBUG - - Beta prior -14.7555
2025-09-09 12:36:24,751 - __main__ - DEBUG - Iter 0: ELBO after FB: -12873134.7801 (LL -12871409.1834, Δ=0.0000)
2025-09-09 12:36:24,789 - __main__ - DEBUG - Iter 0: ELBO after NIW update: -4118023.0874 (Emit LL -3587758.8672, NIW term -307828.0000, Δ=8755111.6927)
2025-09-09 12:36:24,826 - __main__ - DEBUG - Iter 0: ELBO after Dirichlet update: -3923863.3155 (Trans LL -28020.0944, Dir term -1679.0488, Δ=194159.7719)
2025-09-09 12:37:08,206 - __main__ - DEBUG - Iter 1: ELBO after FB: -3913118.3549 (LL -3603596.5505, Δ=10744.9607)
2025-09-09 12:37:08,244 - __main__ - DEBUG - Iter 1: ELBO after NIW update: -3905382.8471 (Emit LL -3569490.5625, NIW term -308113.3750, Δ=7735.5078)
2025-09-09 12:37:08,281 - __main__ - DEBUG - Iter 1: ELBO after Dirichlet update: -3904392.4347 (Trans LL -26576.7356, Dir term -1548.5332, Δ=990.4124)
2025-09-09 12:37:08,282 - __main__ - DEBUG - Early stopping: ELBO improvement 19470.8809 < tolerance
2025-09-09 12:38:00,170 - __main__ - INFO - [E-step] Multi-batch 1/1 (x100 batches) - HMM Diagnostics:
2025-09-09 12:38:00,171 - __main__ - INFO -   - Avg log-likelihood per step: -38.9126
2025-09-09 12:38:00,171 - __main__ - INFO -   - Inner ELBO (final): -3904392.4347
2025-09-09 12:38:00,171 - __main__ - INFO -   - ELBO progression (2 iters): [-3923863.25, -3904392.50] (Δ=19470.7500)
2025-09-09 12:38:00,171 - __main__ - INFO -   - Effective number of skills: 36.16
2025-09-09 12:38:00,171 - __main__ - INFO -   - State entropy: 0.057
2025-09-09 12:38:00,171 - __main__ - INFO -   - Transition stickiness: 0.867
2025-09-09 12:38:00,171 - __main__ - INFO -   - Top 5 skills: [32, 18, 20, 0, 21] (probs: ['0.045', '0.045', '0.043', '0.040', '0.039'])
2025-09-09 12:38:00,171 - __main__ - INFO -   - Combined time length: 3200 (original T=32, multiples=100)
2025-09-09 12:38:00,173 - __main__ - INFO - 🔍 Computing HMM diagnostics...
2025-09-09 12:39:03,691 - __main__ - INFO - 📊 HMM Diagnostics for Round 1:
2025-09-09 12:39:03,693 - __main__ - INFO -   - Avg log-likelihood per step: -39.0129
2025-09-09 12:39:03,693 - __main__ - INFO -   - State entropy: 0.0599
2025-09-09 12:39:03,693 - __main__ - INFO -   - Effective number of skills: 36.19
2025-09-09 12:39:03,693 - __main__ - INFO -   - Transition stickiness (diag): 0.8670
2025-09-09 12:39:03,693 - __main__ - INFO -   - Top 5 skill occupancies: [0.04444984346628189, 0.044429417699575424, 0.0430753268301487, 0.039359189569950104, 0.038365598767995834]
2025-09-09 12:39:03,693 - __main__ - INFO -   - Top 5 skill indices: [18, 32, 20, 0, 21]
2025-09-09 12:39:03,694 - __main__ - INFO -     - Skill 25: emp= 23.90  E[1/(1-p)]: 54.69  p_stay=0.982
2025-09-09 12:39:03,694 - __main__ - INFO -     - Skill 21: emp= 21.31  E[1/(1-p)]: 51.81  p_stay=0.981
2025-09-09 12:39:03,694 - __main__ - INFO -     - Skill 30: emp= 22.31  E[1/(1-p)]: 46.17  p_stay=0.978
2025-09-09 12:39:03,694 - __main__ - INFO -     - Skill 18: emp= 22.37  E[1/(1-p)]: 39.86  p_stay=0.975
2025-09-09 12:39:03,694 - __main__ - INFO -     - Skill 22: emp= 18.11  E[1/(1-p)]: 39.83  p_stay=0.975
2025-09-09 12:39:03,694 - __main__ - INFO - 🖼️  Rendering HMM visualizations for round 1
2025-09-09 12:40:15,881 - __main__ - INFO - 💾 Saved HMM posterior → checkpoints_hmm/hmm_round1.pt
2025-09-09 12:40:15,882 - __main__ - INFO - 🤗 Uploading HMM round 1 to HuggingFace: CatkinChen/nethack-hmm
2025-09-09 12:40:21,130 - __main__ - INFO - ✅ HMM uploaded to: https://huggingface.co/CatkinChen/nethack-hmm
2025-09-09 12:40:21,130 - __main__ - INFO - ========== EM Round 1/4: M-step ==========
2025-09-09 12:40:21,130 - __main__ - INFO - 🔧 Fine-tuning VAE with HMM prior for 1 epochs...
2025-09-09 12:40:21,130 - __main__ - INFO - 📊 M-step 1 parameter schedule:
2025-09-09 12:40:21,130 - __main__ - INFO -   - prior_blend_alpha: 0.300 → 0.400 (cosine)
2025-09-09 12:40:21,130 - __main__ - INFO -   - mi_beta: 0.200 → 0.333 (linear)
2025-09-09 12:40:21,130 - __main__ - INFO -   - tc_beta: 0.000 → 0.067 (linear)
2025-09-09 12:40:21,130 - __main__ - INFO -   - dw_beta: 0.500 → 0.667 (linear)
2025-09-09 12:40:22,429 - __main__ - INFO - Weights & Biases initialized
2025-09-09 12:40:22,429 - __main__ - INFO - 🔥Training MultiModalHackVAE with 100 train batches, 20 test batches
2025-09-09 12:40:22,429 - __main__ - INFO -    Epochs: 1
2025-09-09 12:40:22,429 - __main__ - INFO -    Batch size: 32
2025-09-09 12:40:22,429 - __main__ - INFO -    Sequence size: 32
2025-09-09 12:40:22,430 - __main__ - INFO -    Device: cuda
2025-09-09 12:40:22,430 - __main__ - INFO -    Mixed Precision: BF16 = False
2025-09-09 12:40:22,430 - __main__ - INFO -    LR Scheduler: constant
2025-09-09 12:40:22,430 - __main__ - INFO -    Shuffle batches: True
2025-09-09 12:40:22,430 - __main__ - INFO -    Shuffle within batch: False
2025-09-09 12:40:22,430 - __main__ - INFO -    VAE Configuration:
2025-09-09 12:40:22,430 - __main__ - INFO -      - Latent dimension: 96
2025-09-09 12:40:22,430 - __main__ - INFO -      - Encoder dropout: 0.1
2025-09-09 12:40:22,430 - __main__ - INFO -      - Decoder dropout: 0.1
2025-09-09 12:40:22,430 - __main__ - INFO -    Adaptive Loss Weighting:
2025-09-09 12:40:22,431 - __main__ - INFO -      - MI beta: 0.200 → 0.333
2025-09-09 12:40:22,431 - __main__ - INFO -      - TC beta: 0.000 → 0.067
2025-09-09 12:40:22,431 - __main__ - INFO -      - DW beta: 0.500 → 0.667
2025-09-09 12:40:22,431 - __main__ - INFO -      - Blend alpha: 0.300 → 0.400
2025-09-09 12:40:22,431 - __main__ - INFO -      - Warmup epochs: 0 out of 1 total epochs
2025-09-09 12:40:22,431 - __main__ - INFO -    Free bits: 0.75
2025-09-09 12:40:22,431 - __main__ - INFO -    Focal loss: alpha=0.5, gamma=2.0
2025-09-09 12:40:22,431 - __main__ - INFO -    Early Stopping:
2025-09-09 12:40:22,431 - __main__ - INFO -      - Enabled: False
2025-09-09 12:40:22,431 - __main__ - INFO -    HMM Prior: Enabled
2025-09-09 12:40:23,378 - __main__ - INFO - 🔧 Using FP32 precision training
2025-09-09 12:40:23,379 - __main__ - INFO - Model has latent dimension: 96
2025-09-09 12:40:23,379 - __main__ - INFO - 🎯 Starting training for 1 epochs (starting from epoch 0)...
2025-09-09 12:40:23,379 - __main__ - INFO -    Total training steps: 100
2025-09-09 12:40:23,380 - __main__ - INFO -    Warmup steps: 20
2025-09-09 12:40:23,380 - __main__ - INFO - 🎯 Epoch 1/1 - Starting epoch...
2025-09-09 12:40:23,381 - __main__ - DEBUG - Shuffled 100 training batches for epoch 1
2025-09-09 12:40:23,381 - __main__ - DEBUG - Shuffled 20 testing batches for epoch 1
2025-09-09 12:40:23,990 - __main__ - DEBUG - Step 0/100 - Adaptive weights: mi_beta=0.200, tc_beta=0.000, dw_beta=0.500, blend_alpha=0.300
2025-09-09 12:43:31,218 - __main__ - DEBUG - Step 100/100 - Adaptive weights: mi_beta=0.333, tc_beta=0.067, dw_beta=0.667, blend_alpha=0.400
2025-09-09 12:43:32,717 - __main__ - DEBUG - Step 100/100 - Adaptive weights: mi_beta=0.333, tc_beta=0.067, dw_beta=0.667, blend_alpha=0.400
2025-09-09 12:43:34,246 - __main__ - DEBUG - Step 100/100 - Adaptive weights: mi_beta=0.333, tc_beta=0.067, dw_beta=0.667, blend_alpha=0.400
2025-09-09 12:43:35,742 - __main__ - DEBUG - Step 100/100 - Adaptive weights: mi_beta=0.333, tc_beta=0.067, dw_beta=0.667, blend_alpha=0.400
2025-09-09 12:43:37,232 - __main__ - DEBUG - Step 100/100 - Adaptive weights: mi_beta=0.333, tc_beta=0.067, dw_beta=0.667, blend_alpha=0.400
2025-09-09 12:43:38,796 - __main__ - DEBUG - Step 100/100 - Adaptive weights: mi_beta=0.333, tc_beta=0.067, dw_beta=0.667, blend_alpha=0.400
2025-09-09 12:43:40,307 - __main__ - DEBUG - Step 100/100 - Adaptive weights: mi_beta=0.333, tc_beta=0.067, dw_beta=0.667, blend_alpha=0.400
2025-09-09 12:43:41,841 - __main__ - DEBUG - Step 100/100 - Adaptive weights: mi_beta=0.333, tc_beta=0.067, dw_beta=0.667, blend_alpha=0.400
2025-09-09 12:43:43,310 - __main__ - DEBUG - Step 100/100 - Adaptive weights: mi_beta=0.333, tc_beta=0.067, dw_beta=0.667, blend_alpha=0.400
2025-09-09 12:43:44,758 - __main__ - DEBUG - Step 100/100 - Adaptive weights: mi_beta=0.333, tc_beta=0.067, dw_beta=0.667, blend_alpha=0.400
2025-09-09 12:43:46,041 - __main__ - DEBUG - Step 100/100 - Adaptive weights: mi_beta=0.333, tc_beta=0.067, dw_beta=0.667, blend_alpha=0.400
2025-09-09 12:43:47,650 - __main__ - DEBUG - Step 100/100 - Adaptive weights: mi_beta=0.333, tc_beta=0.067, dw_beta=0.667, blend_alpha=0.400
2025-09-09 12:43:49,240 - __main__ - DEBUG - Step 100/100 - Adaptive weights: mi_beta=0.333, tc_beta=0.067, dw_beta=0.667, blend_alpha=0.400
2025-09-09 12:43:50,789 - __main__ - DEBUG - Step 100/100 - Adaptive weights: mi_beta=0.333, tc_beta=0.067, dw_beta=0.667, blend_alpha=0.400
2025-09-09 12:43:52,371 - __main__ - DEBUG - Step 100/100 - Adaptive weights: mi_beta=0.333, tc_beta=0.067, dw_beta=0.667, blend_alpha=0.400
2025-09-09 12:43:53,926 - __main__ - DEBUG - Step 100/100 - Adaptive weights: mi_beta=0.333, tc_beta=0.067, dw_beta=0.667, blend_alpha=0.400
2025-09-09 12:43:55,352 - __main__ - DEBUG - Step 100/100 - Adaptive weights: mi_beta=0.333, tc_beta=0.067, dw_beta=0.667, blend_alpha=0.400
2025-09-09 12:43:56,889 - __main__ - DEBUG - Step 100/100 - Adaptive weights: mi_beta=0.333, tc_beta=0.067, dw_beta=0.667, blend_alpha=0.400
2025-09-09 12:43:58,327 - __main__ - DEBUG - Step 100/100 - Adaptive weights: mi_beta=0.333, tc_beta=0.067, dw_beta=0.667, blend_alpha=0.400
2025-09-09 12:43:59,734 - __main__ - DEBUG - Step 100/100 - Adaptive weights: mi_beta=0.333, tc_beta=0.067, dw_beta=0.667, blend_alpha=0.400
2025-09-09 12:44:00,574 - __main__ - DEBUG - Step 100/100 - Adaptive weights: mi_beta=0.333, tc_beta=0.067, dw_beta=0.667, blend_alpha=0.400
2025-09-09 12:44:00,574 - __main__ - INFO - 
=== Epoch 1/1 Summary ===
2025-09-09 12:44:00,574 - __main__ - INFO - Average Train Loss: 3955.951 | Average Test Loss: 2884.534
2025-09-09 12:44:00,574 - __main__ - INFO - Current KL Betas: mi=0.333, tc=0.067, dw=0.667, blend_alpha=0.400
2025-09-09 12:44:00,574 - __main__ - INFO - Global Step: 100/100 (100.0%)
2025-09-09 12:44:00,575 - __main__ - INFO - Final Training Batch Details:
2025-09-09 12:44:00,575 - __main__ - INFO -   Raw Losses: hero_loc: 3.099 | occupy: 1640.879 | bag: 479.565 | stats: 79.456 | msg: 24.704 | ego_char: 29.289 | ego_color: 125.368 | ego_class: 30.069 | passability: 0.597 | reward: 32.536 | done: 0.016 | value_k: 5.372 | safety: 0.670 | goal: 0.305 | forward: 47.112 | inverse: 2.930
2025-09-09 12:44:00,575 - __main__ - INFO - Final Testing Batch Details:
2025-09-09 12:44:00,575 - __main__ - INFO -   Raw Losses: hero_loc: 3.198 | occupy: 1538.785 | bag: 455.098 | stats: 82.328 | msg: 30.926 | ego_char: 29.193 | ego_color: 108.828 | ego_class: 30.865 | passability: 0.587 | reward: 16.376 | done: 0.014 | value_k: 2.258 | safety: 0.669 | goal: 0.110 | forward: 30.823 | inverse: 3.127
2025-09-09 12:44:00,576 - __main__ - INFO - Variance of model output (mu): 0.1954, 0.0987, 0.0950, 0.0964, 0.1150, 0.1150, 0.0986, 0.1022, 0.1500, 0.1107, 0.0957, 0.1669, 0.0944, 0.1636, 0.1313, 0.1043, 0.0957, 0.0804, 0.0876, 0.1006, 0.0735, 0.0901, 0.0953, 0.0863, 0.0929, 0.0792, 0.0778, 0.0764, 0.0982, 0.1006, 0.0847, 0.0763, 0.0849, 0.0801, 0.0859, 0.0854, 0.1059, 0.0838, 0.0774, 0.0751, 0.0715, 0.0919, 0.0900, 0.0700, 0.0850, 0.0859, 0.0861, 0.0922, 0.0815, 0.0925, 0.0943, 0.0824, 0.0693, 0.0849, 0.0787, 0.0622, 0.0896, 0.0807, 0.0977, 0.0737, 0.0860, 0.0750, 0.0713, 0.0813, 0.0748, 0.0853, 0.0746, 0.0845, 0.0697, 0.0814, 0.0917, 0.0699, 0.0973, 0.0853, 0.0799, 0.1041, 0.0684, 0.0646, 0.0803, 0.0736, 0.0838, 0.0990, 0.0821, 0.0887, 0.0847, 0.0808, 0.0766, 0.0840, 0.0830, 0.0846, 0.0834, 0.0847, 0.0832, 0.0844, 0.0818, 0.0719
2025-09-09 12:44:00,576 - __main__ - INFO - Per-dim KL: 11.0591, 5.1287, 1.1851, 2.5621, 4.0453, 1.3942, 2.8945, 1.8822, 3.3536, 2.5300, 7.2676, 10.6053, 2.1822, 9.8960, 1.8569, 1.1740, 0.3815, 0.6036, 0.4782, 0.4633, 0.4836, 0.5129, 0.5732, 0.6085, 0.2847, 0.4490, 0.6270, 0.6060, 0.5626, 0.3057, 0.6231, 0.6126, 0.4563, 0.2212, 0.4351, 0.3776, 0.4172, 0.4776, 0.2968, 0.4914, 0.5849, 1.6803, 0.4079, 0.4242, 0.4312, 0.5694, 0.5477, 0.4801, 0.5319, 0.5971, 0.4738, 0.4292, 0.5370, 0.4642, 0.6376, 0.6966, 0.5372, 0.5438, 0.2085, 0.5542, 0.3783, 0.7006, 0.3444, 0.3668, 0.5706, 0.4775, 0.4753, 0.4751, 0.6176, 0.5193, 0.3398, 0.4840, 0.5092, 0.4667, 0.9682, 0.5156, 0.5630, 0.5323, 0.6560, 0.5555, 0.1835, 0.4948, 0.4192, 0.5675, 0.4660, 0.6528, 0.5831, 0.5117, 0.6029, 0.4590, 0.5578, 0.2313, 0.4624, 0.5605, 0.4034, 0.6495
2025-09-09 12:44:00,576 - __main__ - INFO - Eigenvalues of latent space: 0.5837, 0.5016, 0.4622, 0.4545, 0.4487, 0.4283, 0.4136, 0.3930, 0.3740, 0.3655, 0.3612, 0.3393, 0.3304, 0.3092, 0.3027, 0.2951, 0.2906, 0.2821, 0.2766, 0.2727, 0.2598, 0.2573, 0.2542, 0.2510, 0.2470, 0.2378, 0.2342, 0.2256, 0.2200, 0.2152, 0.2133, 0.2037, 0.2000, 0.1975, 0.1925, 0.1904, 0.1838, 0.1825, 0.1766, 0.1705, 0.1673, 0.1662, 0.1646, 0.1629, 0.1608, 0.1557, 0.1522, 0.1498, 0.1491, 0.1451, 0.1435, 0.1403, 0.1378, 0.1348, 0.1332, 0.1316, 0.1277, 0.1254, 0.1218, 0.1210, 0.1186, 0.1170, 0.1152, 0.1137, 0.1124, 0.1114, 0.1088, 0.1082, 0.1066, 0.1052, 0.1023, 0.0997, 0.0979, 0.0976, 0.0951, 0.0933, 0.0926, 0.0911, 0.0902, 0.0896, 0.0876, 0.0868, 0.0842, 0.0830, 0.0814, 0.0803, 0.0794, 0.0766, 0.0742, 0.0718, 0.0716, 0.0691, 0.0656, 0.0645, 0.0619, 0.0575
2025-09-09 12:44:00,576 - __main__ - INFO - KL Eigenvalues: 0.0610, 0.0958, 0.1170, 0.1215, 0.1251, 0.1381, 0.1482, 0.1634, 0.1787, 0.1860, 0.1898, 0.2101, 0.2189, 0.2414, 0.2488, 0.2577, 0.2632, 0.2738, 0.2808, 0.2860, 0.3038, 0.3075, 0.3119, 0.3166, 0.3227, 0.3370, 0.3429, 0.3573, 0.3670, 0.3757, 0.3793, 0.3975, 0.4047, 0.4099, 0.4201, 0.4246, 0.4390, 0.4418, 0.4552, 0.4697, 0.4776, 0.4804, 0.4844, 0.4888, 0.4943, 0.5079, 0.5173, 0.5240, 0.5261, 0.5378, 0.5425, 0.5521, 0.5600, 0.5695, 0.5744, 0.5799, 0.5929, 0.6010, 0.6134, 0.6163, 0.6254, 0.6314, 0.6383, 0.6438, 0.6489, 0.6530, 0.6636, 0.6659, 0.6728, 0.6788, 0.6912, 0.7025, 0.7109, 0.7121, 0.7241, 0.7328, 0.7361, 0.7437, 0.7479, 0.7508, 0.7615, 0.7657, 0.7794, 0.7860, 0.7948, 0.8010, 0.8064, 0.8226, 0.8373, 0.8525, 0.8540, 0.8709, 0.8945, 0.9029, 0.9221, 0.9570
2025-09-09 12:44:00,576 - __main__ - INFO - Variance explained by eigenvalues: 0.0325, 0.0605, 0.0862, 0.1115, 0.1365, 0.1604, 0.1834, 0.2053, 0.2262, 0.2465, 0.2666, 0.2855, 0.3039, 0.3212, 0.3380, 0.3545, 0.3707, 0.3864, 0.4018, 0.4170, 0.4315, 0.4458, 0.4600, 0.4739, 0.4877, 0.5010, 0.5140, 0.5266, 0.5388, 0.5508, 0.5627, 0.5740, 0.5852, 0.5962, 0.6069, 0.6175, 0.6277, 0.6379, 0.6477, 0.6572, 0.6666, 0.6758, 0.6850, 0.6941, 0.7030, 0.7117, 0.7202, 0.7285, 0.7368, 0.7449, 0.7529, 0.7607, 0.7684, 0.7759, 0.7833, 0.7907, 0.7978, 0.8048, 0.8115, 0.8183, 0.8249, 0.8314, 0.8378, 0.8442, 0.8504, 0.8566, 0.8627, 0.8687, 0.8747, 0.8805, 0.8862, 0.8918, 0.8972, 0.9027, 0.9080, 0.9131, 0.9183, 0.9234, 0.9284, 0.9334, 0.9383, 0.9431, 0.9478, 0.9524, 0.9570, 0.9614, 0.9659, 0.9701, 0.9743, 0.9783, 0.9823, 0.9861, 0.9898, 0.9934, 0.9968, 1.0000
2025-09-09 12:44:00,576 - __main__ - INFO - ==================================================
2025-09-09 12:44:00,577 - __main__ - INFO - 
✅ MultiModalVAE training completed!
2025-09-09 12:44:00,577 - __main__ - INFO -   - Completed all 1 epochs
2025-09-09 12:44:00,577 - __main__ - INFO -   - Final train loss: 3955.9510
2025-09-09 12:44:00,577 - __main__ - INFO -   - Final test loss: 2884.5340
2025-09-09 12:44:00,600 - __main__ - INFO - 💾 Model saved locally: checkpoints_hmm/vae_hmm_round1_temp.pth
2025-09-09 12:44:01,554 - __main__ - DEBUG - 🗑️  Removed temporary file: checkpoints_hmm/vae_hmm_round1_temp.pth
2025-09-09 12:44:01,555 - __main__ - INFO - ✅ M-step completed: final_train_loss=3955.9510, final_test_loss=2884.5340
2025-09-09 12:44:01,585 - __main__ - INFO - 💾 Saved VAE+HMM → checkpoints_hmm/vae_with_hmm_round1.pt
2025-09-09 12:44:01,585 - __main__ - INFO - 🤗 Uploading VAE+HMM round 1 to HuggingFace: CatkinChen/nethack-vae-hmm
2025-09-09 12:44:06,765 - huggingface_hub.hf_api - WARNING - No files have been modified since last commit. Skipping to prevent empty commit.
2025-09-09 12:44:12,050 - __main__ - INFO - ✅ VAE+HMM uploaded to: https://huggingface.co/CatkinChen/nethack-vae-hmm
2025-09-09 12:44:16,098 - __main__ - INFO - ========== EM Round 2/4: E-step ==========
2025-09-09 12:44:16,099 - __main__ - INFO -    - Resetting HMM to prior
2025-09-09 12:45:25,526 - __main__ - DEBUG - Initial ELBO: -11951477.3145
2025-09-09 12:45:25,527 - __main__ - DEBUG - Relative tol: 0.0100
2025-09-09 12:45:25,527 - __main__ - DEBUG - Relative elbo_drop_tol: 0.0100
2025-09-09 12:45:25,527 - __main__ - DEBUG - - Init -118.0441
2025-09-09 12:45:25,527 - __main__ - DEBUG - - Trans -181873.4502
2025-09-09 12:45:25,527 - __main__ - DEBUG - - Emit -11760177.5938
2025-09-09 12:45:25,527 - __main__ - DEBUG - - Entropy 447.6747
2025-09-09 12:45:25,527 - __main__ - DEBUG - - Dir 0.0000
2025-09-09 12:45:25,527 - __main__ - DEBUG - - NIW -9741.1455
2025-09-09 12:45:25,527 - __main__ - DEBUG - - Beta prior -14.7555
2025-09-09 12:46:09,334 - __main__ - DEBUG - Iter 0: ELBO after FB: -11951477.3145 (LL -11941721.4134, Δ=0.0000)
2025-09-09 12:46:09,373 - __main__ - DEBUG - Iter 0: ELBO after NIW update: -1986683.2861 (Emit LL -1347001.5234, NIW term -458123.1875, Δ=9964794.0283)
2025-09-09 12:46:09,410 - __main__ - DEBUG - Iter 0: ELBO after Dirichlet update: -1808506.7276 (Trans LL -2509.3246, Dir term -1187.5671, Δ=178176.5585)
2025-09-09 12:46:53,509 - __main__ - DEBUG - Iter 1: ELBO after FB: -1768953.7220 (LL -1309628.2119, Δ=39553.0056)
2025-09-09 12:46:53,547 - __main__ - DEBUG - Iter 1: ELBO after NIW update: -1644233.8685 (Emit LL -1311787.9883, NIW term -328685.2812, Δ=124719.8535)
2025-09-09 12:46:53,584 - __main__ - DEBUG - Iter 1: ELBO after Dirichlet update: -1643397.0119 (Trans LL -2334.8142, Dir term -891.5776, Δ=836.8566)
2025-09-09 12:47:37,509 - __main__ - DEBUG - Iter 2: ELBO after FB: -1590613.7526 (LL -1261022.1382, Δ=52783.2593)
2025-09-09 12:47:37,546 - __main__ - DEBUG - Iter 2: ELBO after NIW update: -1495596.2350 (Emit LL -1274685.5273, NIW term -218273.7656, Δ=95017.5176)
2025-09-09 12:47:37,584 - __main__ - DEBUG - Iter 2: ELBO after Dirichlet update: -1495024.9257 (Trans LL -1619.8617, Dir term -575.0303, Δ=571.3093)
2025-09-09 12:48:21,476 - __main__ - DEBUG - Iter 3: ELBO after FB: -1464304.9653 (LL -1245441.4139, Δ=30719.9604)
2025-09-09 12:48:21,514 - __main__ - DEBUG - Iter 3: ELBO after NIW update: -1424406.9575 (Emit LL -1249087.8945, NIW term -173294.5938, Δ=39898.0078)
2025-09-09 12:48:21,552 - __main__ - DEBUG - Iter 3: ELBO after Dirichlet update: -1424084.1882 (Trans LL -1372.1505, Dir term -404.4915, Δ=322.7693)
2025-09-09 12:49:05,510 - __main__ - DEBUG - Iter 4: ELBO after FB: -1415468.0464 (LL -1241754.2057, Δ=8616.1418)
2025-09-09 12:49:05,548 - __main__ - DEBUG - Iter 4: ELBO after NIW update: -1373919.4995 (Emit LL -1240869.1484, NIW term -131365.2812, Δ=41548.5469)
2025-09-09 12:49:05,585 - __main__ - DEBUG - Iter 4: ELBO after Dirichlet update: -1373780.4777 (Trans LL -1340.6834, Dir term -307.2085, Δ=139.0219)
2025-09-09 12:49:48,518 - __main__ - DEBUG - Iter 5: ELBO after FB: -1369715.1172 (LL -1238027.8719, Δ=4065.3605)
2025-09-09 12:49:48,556 - __main__ - DEBUG - Iter 5: ELBO after NIW update: -1368682.8125 (Emit LL -1238459.4609, NIW term -128572.6016, Δ=1032.3047)
2025-09-09 12:49:48,594 - __main__ - DEBUG - Iter 5: ELBO after Dirichlet update: -1368654.5755 (Trans LL -1437.1686, Dir term -291.4106, Δ=28.2371)
2025-09-09 12:49:48,595 - __main__ - DEBUG - Early stopping: ELBO improvement 5125.9022 < tolerance
2025-09-09 12:50:39,877 - __main__ - INFO - [E-step] Multi-batch 1/1 (x100 batches) - HMM Diagnostics:
2025-09-09 12:50:39,878 - __main__ - INFO -   - Avg log-likelihood per step: -13.3637
2025-09-09 12:50:39,878 - __main__ - INFO -   - Inner ELBO (final): -1368654.5755
2025-09-09 12:50:39,878 - __main__ - INFO -   - ELBO progression (6 iters): [-1808506.75, ..., -1368654.62] (Δ=439852.1250)
2025-09-09 12:50:39,878 - __main__ - INFO -   - Effective number of skills: 4.53
2025-09-09 12:50:39,878 - __main__ - INFO -   - State entropy: 0.018
2025-09-09 12:50:39,878 - __main__ - INFO -   - Transition stickiness: 0.349
2025-09-09 12:50:39,878 - __main__ - INFO -   - Top 5 skills: [3, 21, 17, 22, 8] (probs: ['0.367', '0.353', '0.097', '0.085', '0.041'])
2025-09-09 12:50:39,878 - __main__ - INFO -   - Combined time length: 3200 (original T=32, multiples=100)
2025-09-09 12:50:39,882 - __main__ - INFO - 🔍 Computing HMM diagnostics...
2025-09-09 12:51:42,989 - __main__ - INFO - 📊 HMM Diagnostics for Round 2:
2025-09-09 12:51:42,990 - __main__ - INFO -   - Avg log-likelihood per step: -13.4852
2025-09-09 12:51:42,990 - __main__ - INFO -   - State entropy: 0.0264
2025-09-09 12:51:42,990 - __main__ - INFO -   - Effective number of skills: 4.55
2025-09-09 12:51:42,990 - __main__ - INFO -   - Transition stickiness (diag): 0.3492
2025-09-09 12:51:42,990 - __main__ - INFO -   - Top 5 skill occupancies: [0.3653829097747803, 0.3522452116012573, 0.09717396646738052, 0.08645042777061462, 0.03953847661614418]
2025-09-09 12:51:42,990 - __main__ - INFO -   - Top 5 skill indices: [3, 21, 17, 22, 8]
2025-09-09 12:51:42,990 - __main__ - INFO -     - Skill 17: emp= 28.56  E[1/(1-p)]:1032.13  p_stay=0.999
2025-09-09 12:51:42,990 - __main__ - INFO -     - Skill 21: emp= 28.35  E[1/(1-p)]:938.69  p_stay=0.999
2025-09-09 12:51:42,990 - __main__ - INFO -     - Skill 3: emp= 28.67  E[1/(1-p)]:561.35  p_stay=0.998
2025-09-09 12:51:42,990 - __main__ - INFO -     - Skill 19: emp= 29.06  E[1/(1-p)]:552.83  p_stay=0.998
2025-09-09 12:51:42,990 - __main__ - INFO -     - Skill 8: emp= 29.28  E[1/(1-p)]:322.61  p_stay=0.997
2025-09-09 12:51:42,990 - __main__ - INFO - 🖼️  Rendering HMM visualizations for round 2
2025-09-09 12:52:55,348 - __main__ - INFO - 💾 Saved HMM posterior → checkpoints_hmm/hmm_round2.pt
2025-09-09 12:52:55,348 - __main__ - INFO - 🤗 Uploading HMM round 2 to HuggingFace: CatkinChen/nethack-hmm
2025-09-09 12:53:00,209 - __main__ - INFO - ✅ HMM uploaded to: https://huggingface.co/CatkinChen/nethack-hmm
2025-09-09 12:53:00,210 - __main__ - INFO - ========== EM Round 2/4: M-step ==========
2025-09-09 12:53:00,210 - __main__ - INFO - 🔧 Fine-tuning VAE with HMM prior for 1 epochs...
2025-09-09 12:53:00,210 - __main__ - INFO - 📊 M-step 2 parameter schedule:
2025-09-09 12:53:00,210 - __main__ - INFO -   - prior_blend_alpha: 0.400 → 0.600 (cosine)
2025-09-09 12:53:00,210 - __main__ - INFO -   - mi_beta: 0.333 → 0.467 (linear)
2025-09-09 12:53:00,210 - __main__ - INFO -   - tc_beta: 0.067 → 0.133 (linear)
2025-09-09 12:53:00,210 - __main__ - INFO -   - dw_beta: 0.667 → 0.833 (linear)
2025-09-09 12:53:00,898 - __main__ - INFO - Weights & Biases initialized
2025-09-09 12:53:00,899 - __main__ - INFO - 🔥Training MultiModalHackVAE with 100 train batches, 20 test batches
2025-09-09 12:53:00,899 - __main__ - INFO -    Epochs: 1
2025-09-09 12:53:00,899 - __main__ - INFO -    Batch size: 32
2025-09-09 12:53:00,899 - __main__ - INFO -    Sequence size: 32
2025-09-09 12:53:00,899 - __main__ - INFO -    Device: cuda
2025-09-09 12:53:00,899 - __main__ - INFO -    Mixed Precision: BF16 = False
2025-09-09 12:53:00,900 - __main__ - INFO -    LR Scheduler: constant
2025-09-09 12:53:00,900 - __main__ - INFO -    Shuffle batches: True
2025-09-09 12:53:00,900 - __main__ - INFO -    Shuffle within batch: False
2025-09-09 12:53:00,900 - __main__ - INFO -    VAE Configuration:
2025-09-09 12:53:00,900 - __main__ - INFO -      - Latent dimension: 96
2025-09-09 12:53:00,900 - __main__ - INFO -      - Encoder dropout: 0.1
2025-09-09 12:53:00,900 - __main__ - INFO -      - Decoder dropout: 0.1
2025-09-09 12:53:00,900 - __main__ - INFO -    Adaptive Loss Weighting:
2025-09-09 12:53:00,900 - __main__ - INFO -      - MI beta: 0.333 → 0.467
2025-09-09 12:53:00,900 - __main__ - INFO -      - TC beta: 0.067 → 0.133
2025-09-09 12:53:00,900 - __main__ - INFO -      - DW beta: 0.667 → 0.833
2025-09-09 12:53:00,901 - __main__ - INFO -      - Blend alpha: 0.400 → 0.600
2025-09-09 12:53:00,901 - __main__ - INFO -      - Warmup epochs: 0 out of 1 total epochs
2025-09-09 12:53:00,901 - __main__ - INFO -    Free bits: 0.75
2025-09-09 12:53:00,901 - __main__ - INFO -    Focal loss: alpha=0.5, gamma=2.0
2025-09-09 12:53:00,901 - __main__ - INFO -    Early Stopping:
2025-09-09 12:53:00,901 - __main__ - INFO -      - Enabled: False
2025-09-09 12:53:00,901 - __main__ - INFO -    HMM Prior: Enabled
2025-09-09 12:53:00,928 - __main__ - INFO - 🔧 Using FP32 precision training
2025-09-09 12:53:00,929 - __main__ - INFO - Model has latent dimension: 96
2025-09-09 12:53:00,929 - __main__ - INFO - 🎯 Starting training for 1 epochs (starting from epoch 0)...
2025-09-09 12:53:00,929 - __main__ - INFO -    Total training steps: 100
2025-09-09 12:53:00,929 - __main__ - INFO -    Warmup steps: 20
2025-09-09 12:53:00,929 - __main__ - INFO - 🎯 Epoch 1/1 - Starting epoch...
2025-09-09 12:53:00,930 - __main__ - DEBUG - Shuffled 100 training batches for epoch 1
2025-09-09 12:53:00,930 - __main__ - DEBUG - Shuffled 20 testing batches for epoch 1
2025-09-09 12:53:01,493 - __main__ - DEBUG - Step 0/100 - Adaptive weights: mi_beta=0.333, tc_beta=0.067, dw_beta=0.667, blend_alpha=0.400
2025-09-09 12:56:09,703 - __main__ - DEBUG - Step 100/100 - Adaptive weights: mi_beta=0.467, tc_beta=0.133, dw_beta=0.833, blend_alpha=0.600
2025-09-09 12:56:11,171 - __main__ - DEBUG - Step 100/100 - Adaptive weights: mi_beta=0.467, tc_beta=0.133, dw_beta=0.833, blend_alpha=0.600
2025-09-09 12:56:12,649 - __main__ - DEBUG - Step 100/100 - Adaptive weights: mi_beta=0.467, tc_beta=0.133, dw_beta=0.833, blend_alpha=0.600
2025-09-09 12:56:14,109 - __main__ - DEBUG - Step 100/100 - Adaptive weights: mi_beta=0.467, tc_beta=0.133, dw_beta=0.833, blend_alpha=0.600
2025-09-09 12:56:15,544 - __main__ - DEBUG - Step 100/100 - Adaptive weights: mi_beta=0.467, tc_beta=0.133, dw_beta=0.833, blend_alpha=0.600
2025-09-09 12:56:17,073 - __main__ - DEBUG - Step 100/100 - Adaptive weights: mi_beta=0.467, tc_beta=0.133, dw_beta=0.833, blend_alpha=0.600
2025-09-09 12:56:18,535 - __main__ - DEBUG - Step 100/100 - Adaptive weights: mi_beta=0.467, tc_beta=0.133, dw_beta=0.833, blend_alpha=0.600
2025-09-09 12:56:20,025 - __main__ - DEBUG - Step 100/100 - Adaptive weights: mi_beta=0.467, tc_beta=0.133, dw_beta=0.833, blend_alpha=0.600
2025-09-09 12:56:21,478 - __main__ - DEBUG - Step 100/100 - Adaptive weights: mi_beta=0.467, tc_beta=0.133, dw_beta=0.833, blend_alpha=0.600
2025-09-09 12:56:22,901 - __main__ - DEBUG - Step 100/100 - Adaptive weights: mi_beta=0.467, tc_beta=0.133, dw_beta=0.833, blend_alpha=0.600
2025-09-09 12:56:24,168 - __main__ - DEBUG - Step 100/100 - Adaptive weights: mi_beta=0.467, tc_beta=0.133, dw_beta=0.833, blend_alpha=0.600
2025-09-09 12:56:25,746 - __main__ - DEBUG - Step 100/100 - Adaptive weights: mi_beta=0.467, tc_beta=0.133, dw_beta=0.833, blend_alpha=0.600
2025-09-09 12:56:27,230 - __main__ - DEBUG - Step 100/100 - Adaptive weights: mi_beta=0.467, tc_beta=0.133, dw_beta=0.833, blend_alpha=0.600
2025-09-09 12:56:28,794 - __main__ - DEBUG - Step 100/100 - Adaptive weights: mi_beta=0.467, tc_beta=0.133, dw_beta=0.833, blend_alpha=0.600
2025-09-09 12:56:30,359 - __main__ - DEBUG - Step 100/100 - Adaptive weights: mi_beta=0.467, tc_beta=0.133, dw_beta=0.833, blend_alpha=0.600
2025-09-09 12:56:31,886 - __main__ - DEBUG - Step 100/100 - Adaptive weights: mi_beta=0.467, tc_beta=0.133, dw_beta=0.833, blend_alpha=0.600
2025-09-09 12:56:33,284 - __main__ - DEBUG - Step 100/100 - Adaptive weights: mi_beta=0.467, tc_beta=0.133, dw_beta=0.833, blend_alpha=0.600
2025-09-09 12:56:34,712 - __main__ - DEBUG - Step 100/100 - Adaptive weights: mi_beta=0.467, tc_beta=0.133, dw_beta=0.833, blend_alpha=0.600
2025-09-09 12:56:36,127 - __main__ - DEBUG - Step 100/100 - Adaptive weights: mi_beta=0.467, tc_beta=0.133, dw_beta=0.833, blend_alpha=0.600
2025-09-09 12:56:37,525 - __main__ - DEBUG - Step 100/100 - Adaptive weights: mi_beta=0.467, tc_beta=0.133, dw_beta=0.833, blend_alpha=0.600
2025-09-09 12:56:38,362 - __main__ - DEBUG - Step 100/100 - Adaptive weights: mi_beta=0.467, tc_beta=0.133, dw_beta=0.833, blend_alpha=0.600
2025-09-09 12:56:38,362 - __main__ - INFO - 
=== Epoch 1/1 Summary ===
2025-09-09 12:56:38,363 - __main__ - INFO - Average Train Loss: 3826.590 | Average Test Loss: 2641.648
2025-09-09 12:56:38,363 - __main__ - INFO - Current KL Betas: mi=0.467, tc=0.133, dw=0.833, blend_alpha=0.600
2025-09-09 12:56:38,363 - __main__ - INFO - Global Step: 100/100 (100.0%)
2025-09-09 12:56:38,363 - __main__ - INFO - Final Training Batch Details:
2025-09-09 12:56:38,363 - __main__ - INFO -   Raw Losses: hero_loc: 3.323 | occupy: 1642.047 | bag: 402.892 | stats: 72.706 | msg: 25.032 | ego_char: 28.572 | ego_color: 120.760 | ego_class: 29.838 | passability: 0.597 | reward: 33.034 | done: 0.013 | value_k: 5.382 | safety: 0.669 | goal: 0.313 | forward: 42.660 | inverse: 2.916
2025-09-09 12:56:38,363 - __main__ - INFO - Final Testing Batch Details:
2025-09-09 12:56:38,363 - __main__ - INFO -   Raw Losses: hero_loc: 3.097 | occupy: 1542.203 | bag: 377.089 | stats: 71.931 | msg: 31.363 | ego_char: 28.423 | ego_color: 107.126 | ego_class: 30.576 | passability: 0.586 | reward: 16.308 | done: 0.013 | value_k: 2.258 | safety: 0.669 | goal: 0.107 | forward: 29.558 | inverse: 3.119
2025-09-09 12:56:38,364 - __main__ - INFO - Variance of model output (mu): 0.0864, 0.0954, 0.1040, 0.1440, 0.1666, 0.1132, 0.1281, 0.2302, 0.0840, 0.0947, 0.0823, 0.0818, 0.1134, 0.0831, 0.1559, 0.1379, 0.0817, 0.0796, 0.0676, 0.0786, 0.0671, 0.0820, 0.0743, 0.0747, 0.0652, 0.0847, 0.0738, 0.0995, 0.0754, 0.0845, 0.0927, 0.0743, 0.0677, 0.0724, 0.0819, 0.0825, 0.0728, 0.0781, 0.0687, 0.0735, 0.0735, 0.0774, 0.0789, 0.0836, 0.0841, 0.0789, 0.0724, 0.0865, 0.0650, 0.0854, 0.0819, 0.0670, 0.0800, 0.0868, 0.0724, 0.0740, 0.0902, 0.0811, 0.0768, 0.0764, 0.0633, 0.0833, 0.0705, 0.0812, 0.0686, 0.0754, 0.0646, 0.0935, 0.0757, 0.0888, 0.0855, 0.0799, 0.0670, 0.0753, 0.0846, 0.0912, 0.0653, 0.0856, 0.0780, 0.0695, 0.0953, 0.0740, 0.0640, 0.0755, 0.0774, 0.0791, 0.0734, 0.0868, 0.0803, 0.0909, 0.0774, 0.0803, 0.0707, 0.0760, 0.0824, 0.0698
2025-09-09 12:56:38,364 - __main__ - INFO - Per-dim KL: 0.6495, 1.8170, 1.2096, 8.3432, 5.3005, 6.5664, 3.7463, 10.3247, 1.4977, 1.6846, 0.5162, 0.5540, 2.6561, 0.6704, 6.1269, 4.5179, 0.5948, 0.4459, 0.4721, 0.4595, 0.3844, 0.4182, 0.4634, 0.4755, 0.6309, 0.3703, 0.4807, 0.3020, 0.3836, 0.5343, 0.4141, 0.3355, 0.7103, 0.5701, 0.4224, 0.4565, 0.6627, 0.6456, 0.5808, 0.5181, 0.5672, 0.6141, 0.5400, 0.5910, 0.5890, 0.6147, 0.4346, 0.5334, 0.4909, 0.4584, 0.3675, 0.6313, 0.4223, 0.3707, 0.3786, 0.4330, 0.4705, 0.5819, 0.4401, 0.4724, 0.4014, 0.3695, 0.5826, 0.5661, 0.3937, 0.6308, 0.4672, 0.6375, 0.5228, 0.6953, 0.4889, 0.5321, 0.6094, 0.4902, 0.5282, 0.6494, 0.5189, 0.5468, 0.4888, 0.5808, 0.5765, 0.5899, 0.5861, 0.4540, 0.4527, 0.5156, 0.6017, 0.6244, 0.4320, 0.4778, 0.5140, 0.4641, 0.4188, 0.5876, 0.3905, 0.3636
2025-09-09 12:56:38,364 - __main__ - INFO - Eigenvalues of latent space: 0.5311, 0.4503, 0.4156, 0.3968, 0.3864, 0.3805, 0.3712, 0.3529, 0.3447, 0.3272, 0.3179, 0.3092, 0.3018, 0.2923, 0.2846, 0.2817, 0.2798, 0.2672, 0.2630, 0.2595, 0.2590, 0.2528, 0.2478, 0.2368, 0.2338, 0.2315, 0.2285, 0.2223, 0.2218, 0.2176, 0.2125, 0.2113, 0.2087, 0.2054, 0.2006, 0.1979, 0.1944, 0.1903, 0.1894, 0.1851, 0.1830, 0.1799, 0.1781, 0.1737, 0.1723, 0.1711, 0.1660, 0.1628, 0.1617, 0.1585, 0.1562, 0.1544, 0.1510, 0.1490, 0.1480, 0.1461, 0.1440, 0.1394, 0.1390, 0.1361, 0.1346, 0.1338, 0.1333, 0.1317, 0.1295, 0.1279, 0.1252, 0.1220, 0.1205, 0.1184, 0.1168, 0.1155, 0.1144, 0.1137, 0.1112, 0.1085, 0.1055, 0.1045, 0.1024, 0.1012, 0.0998, 0.0982, 0.0963, 0.0936, 0.0924, 0.0912, 0.0902, 0.0887, 0.0856, 0.0842, 0.0813, 0.0798, 0.0793, 0.0726, 0.0705, 0.0632
2025-09-09 12:56:38,364 - __main__ - INFO - KL Eigenvalues: 0.0820, 0.1241, 0.1468, 0.1606, 0.1686, 0.1734, 0.1811, 0.1972, 0.2049, 0.2222, 0.2320, 0.2415, 0.2499, 0.2612, 0.2707, 0.2743, 0.2767, 0.2935, 0.2992, 0.3043, 0.3050, 0.3140, 0.3215, 0.3386, 0.3435, 0.3474, 0.3523, 0.3630, 0.3640, 0.3713, 0.3807, 0.3829, 0.3878, 0.3942, 0.4035, 0.4089, 0.4161, 0.4247, 0.4267, 0.4359, 0.4406, 0.4477, 0.4519, 0.4621, 0.4653, 0.4683, 0.4809, 0.4891, 0.4918, 0.5003, 0.5065, 0.5114, 0.5207, 0.5265, 0.5294, 0.5348, 0.5409, 0.5549, 0.5562, 0.5651, 0.5699, 0.5726, 0.5741, 0.5796, 0.5868, 0.5921, 0.6014, 0.6127, 0.6181, 0.6259, 0.6321, 0.6370, 0.6411, 0.6438, 0.6539, 0.6648, 0.6771, 0.6817, 0.6906, 0.6957, 0.7024, 0.7093, 0.7184, 0.7310, 0.7368, 0.7429, 0.7481, 0.7557, 0.7721, 0.7796, 0.7952, 0.8043, 0.8071, 0.8480, 0.8614, 0.9121
2025-09-09 12:56:38,364 - __main__ - INFO - Variance explained by eigenvalues: 0.0294, 0.0543, 0.0773, 0.0993, 0.1207, 0.1417, 0.1623, 0.1818, 0.2009, 0.2190, 0.2366, 0.2537, 0.2704, 0.2866, 0.3023, 0.3179, 0.3334, 0.3482, 0.3627, 0.3771, 0.3914, 0.4054, 0.4191, 0.4322, 0.4452, 0.4580, 0.4706, 0.4829, 0.4952, 0.5072, 0.5190, 0.5307, 0.5423, 0.5536, 0.5647, 0.5757, 0.5864, 0.5970, 0.6074, 0.6177, 0.6278, 0.6378, 0.6476, 0.6572, 0.6668, 0.6762, 0.6854, 0.6944, 0.7034, 0.7122, 0.7208, 0.7294, 0.7377, 0.7460, 0.7541, 0.7622, 0.7702, 0.7779, 0.7856, 0.7931, 0.8006, 0.8080, 0.8154, 0.8227, 0.8298, 0.8369, 0.8438, 0.8506, 0.8573, 0.8638, 0.8703, 0.8767, 0.8830, 0.8893, 0.8955, 0.9015, 0.9073, 0.9131, 0.9188, 0.9244, 0.9299, 0.9353, 0.9406, 0.9458, 0.9509, 0.9560, 0.9610, 0.9659, 0.9706, 0.9753, 0.9798, 0.9842, 0.9886, 0.9926, 0.9965, 1.0000
2025-09-09 12:56:38,365 - __main__ - INFO - ==================================================
2025-09-09 12:56:38,365 - __main__ - INFO - 
✅ MultiModalVAE training completed!
2025-09-09 12:56:38,365 - __main__ - INFO -   - Completed all 1 epochs
2025-09-09 12:56:38,365 - __main__ - INFO -   - Final train loss: 3826.5903
2025-09-09 12:56:38,365 - __main__ - INFO -   - Final test loss: 2641.6478
2025-09-09 12:56:38,389 - __main__ - INFO - 💾 Model saved locally: checkpoints_hmm/vae_hmm_round2_temp.pth
2025-09-09 12:56:39,350 - __main__ - DEBUG - 🗑️  Removed temporary file: checkpoints_hmm/vae_hmm_round2_temp.pth
2025-09-09 12:56:39,350 - __main__ - INFO - ✅ M-step completed: final_train_loss=3826.5903, final_test_loss=2641.6478
2025-09-09 12:56:39,377 - __main__ - INFO - 💾 Saved VAE+HMM → checkpoints_hmm/vae_with_hmm_round2.pt
2025-09-09 12:56:39,377 - __main__ - INFO - 🤗 Uploading VAE+HMM round 2 to HuggingFace: CatkinChen/nethack-vae-hmm
2025-09-09 12:56:43,908 - huggingface_hub.hf_api - WARNING - No files have been modified since last commit. Skipping to prevent empty commit.
2025-09-09 12:56:48,533 - __main__ - INFO - ✅ VAE+HMM uploaded to: https://huggingface.co/CatkinChen/nethack-vae-hmm
2025-09-09 12:56:52,304 - __main__ - INFO - ========== EM Round 3/4: E-step ==========
2025-09-09 12:56:52,304 - __main__ - INFO -    - Resetting HMM to prior
2025-09-09 12:58:00,832 - __main__ - DEBUG - Initial ELBO: -12061055.6035
2025-09-09 12:58:00,832 - __main__ - DEBUG - Relative tol: 0.0100
2025-09-09 12:58:00,832 - __main__ - DEBUG - Relative elbo_drop_tol: 0.0100
2025-09-09 12:58:00,832 - __main__ - DEBUG - - Init -118.0441
2025-09-09 12:58:00,832 - __main__ - DEBUG - - Trans -181726.7183
2025-09-09 12:58:00,832 - __main__ - DEBUG - - Emit -11871352.1875
2025-09-09 12:58:00,832 - __main__ - DEBUG - - Entropy 435.2025
2025-09-09 12:58:00,832 - __main__ - DEBUG - - Dir 0.0000
2025-09-09 12:58:00,833 - __main__ - DEBUG - - NIW -8279.1006
2025-09-09 12:58:00,833 - __main__ - DEBUG - - Beta prior -14.7555
2025-09-09 12:58:44,632 - __main__ - DEBUG - Iter 0: ELBO after FB: -12061055.6035 (LL -12052761.7474, Δ=0.0000)
2025-09-09 12:58:44,670 - __main__ - DEBUG - Iter 0: ELBO after NIW update: -2429117.2763 (Emit LL -1844058.7734, NIW term -403634.1875, Δ=9631938.3271)
2025-09-09 12:58:44,728 - __main__ - DEBUG - Iter 0: ELBO after Dirichlet update: -2250894.9500 (Trans LL -2358.7178, Dir term -1145.6741, Δ=178222.3264)
2025-09-09 12:59:28,500 - __main__ - DEBUG - Iter 1: ELBO after FB: -2229238.9098 (LL -1824444.2927, Δ=21656.0402)
2025-09-09 12:59:28,539 - __main__ - DEBUG - Iter 1: ELBO after NIW update: -2159392.6949 (Emit LL -1829555.2578, NIW term -326092.2812, Δ=69846.2148)
2025-09-09 12:59:28,576 - __main__ - DEBUG - Iter 1: ELBO after Dirichlet update: -2158866.1336 (Trans LL -2623.6351, Dir term -980.2566, Δ=526.5613)
2025-09-09 13:00:11,731 - __main__ - DEBUG - Iter 2: ELBO after FB: -2112604.7886 (LL -1785517.4953, Δ=46261.3450)
2025-09-09 13:00:11,769 - __main__ - DEBUG - Iter 2: ELBO after NIW update: -2019713.1363 (Emit LL -1786649.8203, NIW term -229751.7812, Δ=92891.6523)
2025-09-09 13:00:11,807 - __main__ - DEBUG - Iter 2: ELBO after Dirichlet update: -2019065.2339 (Trans LL -2265.9389, Dir term -655.4529, Δ=647.9024)
2025-09-09 13:00:55,050 - __main__ - DEBUG - Iter 3: ELBO after FB: -1995813.9054 (LL -1765391.9157, Δ=23251.3285)
2025-09-09 13:00:55,088 - __main__ - DEBUG - Iter 3: ELBO after NIW update: -1938413.6671 (Emit LL -1770135.4180, NIW term -165802.2969, Δ=57400.2383)
2025-09-09 13:00:55,126 - __main__ - DEBUG - Iter 3: ELBO after Dirichlet update: -1938063.0318 (Trans LL -1823.6450, Dir term -462.0594, Δ=350.6352)
2025-09-09 13:01:38,673 - __main__ - DEBUG - Iter 4: ELBO after FB: -1925327.2238 (LL -1759048.1119, Δ=12735.8081)
2025-09-09 13:01:38,711 - __main__ - DEBUG - Iter 4: ELBO after NIW update: -1908691.7082 (Emit LL -1767390.2734, NIW term -139367.9219, Δ=16635.5156)
2025-09-09 13:01:38,748 - __main__ - DEBUG - Iter 4: ELBO after Dirichlet update: -1908577.7244 (Trans LL -1549.0330, Dir term -385.1089, Δ=113.9837)
2025-09-09 13:02:22,247 - __main__ - DEBUG - Iter 5: ELBO after FB: -1897363.9242 (LL -1757596.1379, Δ=11213.8003)
2025-09-09 13:02:22,287 - __main__ - DEBUG - Iter 5: ELBO after NIW update: -1884758.0570 (Emit LL -1757435.1172, NIW term -125517.1953, Δ=12605.8672)
2025-09-09 13:02:22,325 - __main__ - DEBUG - Iter 5: ELBO after Dirichlet update: -1884679.9079 (Trans LL -1518.2200, Dir term -322.2341, Δ=78.1491)
2025-09-09 13:03:06,386 - __main__ - DEBUG - Iter 6: ELBO after FB: -1882866.9275 (LL -1757012.7426, Δ=1812.9803)
2025-09-09 13:03:06,425 - __main__ - DEBUG - Iter 6: ELBO after NIW update: -1872930.4275 (Emit LL -1755761.0859, NIW term -115505.4844, Δ=9936.5000)
2025-09-09 13:03:06,463 - __main__ - DEBUG - Iter 6: ELBO after Dirichlet update: -1872874.5457 (Trans LL -1409.8367, Dir term -289.6802, Δ=55.8819)
2025-09-09 13:03:06,464 - __main__ - DEBUG - Early stopping: ELBO improvement 11805.3622 < tolerance
2025-09-09 13:03:59,495 - __main__ - INFO - [E-step] Multi-batch 1/1 (x100 batches) - HMM Diagnostics:
2025-09-09 13:03:59,495 - __main__ - INFO -   - Avg log-likelihood per step: -18.9574
2025-09-09 13:03:59,495 - __main__ - INFO -   - Inner ELBO (final): -1872874.5457
2025-09-09 13:03:59,496 - __main__ - INFO -   - ELBO progression (7 iters): [-2250895.00, ..., -1872874.50] (Δ=378020.5000)
2025-09-09 13:03:59,496 - __main__ - INFO -   - Effective number of skills: 5.54
2025-09-09 13:03:59,496 - __main__ - INFO -   - State entropy: 0.012
2025-09-09 13:03:59,496 - __main__ - INFO -   - Transition stickiness: 0.350
2025-09-09 13:03:59,496 - __main__ - INFO -   - Top 5 skills: [9, 23, 16, 11, 6] (probs: ['0.399', '0.157', '0.120', '0.115', '0.083'])
2025-09-09 13:03:59,496 - __main__ - INFO -   - Combined time length: 3200 (original T=32, multiples=100)
2025-09-09 13:03:59,499 - __main__ - INFO - 🔍 Computing HMM diagnostics...
2025-09-09 13:05:03,193 - __main__ - INFO - 📊 HMM Diagnostics for Round 3:
2025-09-09 13:05:03,193 - __main__ - INFO -   - Avg log-likelihood per step: -19.0789
2025-09-09 13:05:03,193 - __main__ - INFO -   - State entropy: 0.0193
2025-09-09 13:05:03,193 - __main__ - INFO -   - Effective number of skills: 5.54
2025-09-09 13:05:03,193 - __main__ - INFO -   - Transition stickiness (diag): 0.3498
2025-09-09 13:05:03,193 - __main__ - INFO -   - Top 5 skill occupancies: [0.3994593024253845, 0.156870037317276, 0.11972590535879135, 0.1147284284234047, 0.08360971510410309]
2025-09-09 13:05:03,194 - __main__ - INFO -   - Top 5 skill indices: [9, 23, 16, 11, 8]
2025-09-09 13:05:03,194 - __main__ - INFO -     - Skill 16: emp= 29.48  E[1/(1-p)]:2113.00  p_stay=1.000
2025-09-09 13:05:03,194 - __main__ - INFO -     - Skill 11: emp= 27.92  E[1/(1-p)]:850.47  p_stay=0.999
2025-09-09 13:05:03,194 - __main__ - INFO -     - Skill 8: emp= 28.99  E[1/(1-p)]:477.82  p_stay=0.998
2025-09-09 13:05:03,194 - __main__ - INFO -     - Skill 9: emp= 27.73  E[1/(1-p)]:461.10  p_stay=0.998
2025-09-09 13:05:03,194 - __main__ - INFO -     - Skill 6: emp= 28.20  E[1/(1-p)]:441.80  p_stay=0.998
2025-09-09 13:05:03,194 - __main__ - INFO - 🖼️  Rendering HMM visualizations for round 3
2025-09-09 13:06:14,753 - __main__ - INFO - 💾 Saved HMM posterior → checkpoints_hmm/hmm_round3.pt
2025-09-09 13:06:14,754 - __main__ - INFO - 🤗 Uploading HMM round 3 to HuggingFace: CatkinChen/nethack-hmm
2025-09-09 13:06:20,187 - __main__ - INFO - ✅ HMM uploaded to: https://huggingface.co/CatkinChen/nethack-hmm
2025-09-09 13:06:20,187 - __main__ - INFO - ========== EM Round 3/4: M-step ==========
2025-09-09 13:06:20,187 - __main__ - INFO - 🔧 Fine-tuning VAE with HMM prior for 1 epochs...
2025-09-09 13:06:20,187 - __main__ - INFO - 📊 M-step 3 parameter schedule:
2025-09-09 13:06:20,187 - __main__ - INFO -   - prior_blend_alpha: 0.600 → 0.800 (cosine)
2025-09-09 13:06:20,187 - __main__ - INFO -   - mi_beta: 0.467 → 0.600 (linear)
2025-09-09 13:06:20,187 - __main__ - INFO -   - tc_beta: 0.133 → 0.200 (linear)
2025-09-09 13:06:20,187 - __main__ - INFO -   - dw_beta: 0.833 → 1.000 (linear)
2025-09-09 13:06:20,973 - __main__ - INFO - Weights & Biases initialized
2025-09-09 13:06:20,973 - __main__ - INFO - 🔥Training MultiModalHackVAE with 100 train batches, 20 test batches
2025-09-09 13:06:20,973 - __main__ - INFO -    Epochs: 1
2025-09-09 13:06:20,973 - __main__ - INFO -    Batch size: 32
2025-09-09 13:06:20,973 - __main__ - INFO -    Sequence size: 32
2025-09-09 13:06:20,974 - __main__ - INFO -    Device: cuda
2025-09-09 13:06:20,974 - __main__ - INFO -    Mixed Precision: BF16 = False
2025-09-09 13:06:20,974 - __main__ - INFO -    LR Scheduler: constant
2025-09-09 13:06:20,974 - __main__ - INFO -    Shuffle batches: True
2025-09-09 13:06:20,974 - __main__ - INFO -    Shuffle within batch: False
2025-09-09 13:06:20,974 - __main__ - INFO -    VAE Configuration:
2025-09-09 13:06:20,974 - __main__ - INFO -      - Latent dimension: 96
2025-09-09 13:06:20,974 - __main__ - INFO -      - Encoder dropout: 0.1
2025-09-09 13:06:20,974 - __main__ - INFO -      - Decoder dropout: 0.1
2025-09-09 13:06:20,975 - __main__ - INFO -    Adaptive Loss Weighting:
2025-09-09 13:06:20,975 - __main__ - INFO -      - MI beta: 0.467 → 0.600
2025-09-09 13:06:20,975 - __main__ - INFO -      - TC beta: 0.133 → 0.200
2025-09-09 13:06:20,975 - __main__ - INFO -      - DW beta: 0.833 → 1.000
2025-09-09 13:06:20,975 - __main__ - INFO -      - Blend alpha: 0.600 → 0.800
2025-09-09 13:06:20,975 - __main__ - INFO -      - Warmup epochs: 0 out of 1 total epochs
2025-09-09 13:06:20,975 - __main__ - INFO -    Free bits: 0.75
2025-09-09 13:06:20,975 - __main__ - INFO -    Focal loss: alpha=0.5, gamma=2.0
2025-09-09 13:06:20,975 - __main__ - INFO -    Early Stopping:
2025-09-09 13:06:20,975 - __main__ - INFO -      - Enabled: False
2025-09-09 13:06:20,975 - __main__ - INFO -    HMM Prior: Enabled
2025-09-09 13:06:21,003 - __main__ - INFO - 🔧 Using FP32 precision training
2025-09-09 13:06:21,004 - __main__ - INFO - Model has latent dimension: 96
2025-09-09 13:06:21,004 - __main__ - INFO - 🎯 Starting training for 1 epochs (starting from epoch 0)...
2025-09-09 13:06:21,004 - __main__ - INFO -    Total training steps: 100
2025-09-09 13:06:21,004 - __main__ - INFO -    Warmup steps: 20
2025-09-09 13:06:21,004 - __main__ - INFO - 🎯 Epoch 1/1 - Starting epoch...
2025-09-09 13:06:21,005 - __main__ - DEBUG - Shuffled 100 training batches for epoch 1
2025-09-09 13:06:21,005 - __main__ - DEBUG - Shuffled 20 testing batches for epoch 1
2025-09-09 13:06:21,578 - __main__ - DEBUG - Step 0/100 - Adaptive weights: mi_beta=0.467, tc_beta=0.133, dw_beta=0.833, blend_alpha=0.600
2025-09-09 13:09:29,230 - __main__ - DEBUG - Step 100/100 - Adaptive weights: mi_beta=0.600, tc_beta=0.200, dw_beta=1.000, blend_alpha=0.800
2025-09-09 13:09:30,701 - __main__ - DEBUG - Step 100/100 - Adaptive weights: mi_beta=0.600, tc_beta=0.200, dw_beta=1.000, blend_alpha=0.800
2025-09-09 13:09:32,190 - __main__ - DEBUG - Step 100/100 - Adaptive weights: mi_beta=0.600, tc_beta=0.200, dw_beta=1.000, blend_alpha=0.800
2025-09-09 13:09:33,661 - __main__ - DEBUG - Step 100/100 - Adaptive weights: mi_beta=0.600, tc_beta=0.200, dw_beta=1.000, blend_alpha=0.800
2025-09-09 13:09:35,098 - __main__ - DEBUG - Step 100/100 - Adaptive weights: mi_beta=0.600, tc_beta=0.200, dw_beta=1.000, blend_alpha=0.800
2025-09-09 13:09:36,634 - __main__ - DEBUG - Step 100/100 - Adaptive weights: mi_beta=0.600, tc_beta=0.200, dw_beta=1.000, blend_alpha=0.800
2025-09-09 13:09:38,105 - __main__ - DEBUG - Step 100/100 - Adaptive weights: mi_beta=0.600, tc_beta=0.200, dw_beta=1.000, blend_alpha=0.800
2025-09-09 13:09:39,616 - __main__ - DEBUG - Step 100/100 - Adaptive weights: mi_beta=0.600, tc_beta=0.200, dw_beta=1.000, blend_alpha=0.800
2025-09-09 13:09:41,075 - __main__ - DEBUG - Step 100/100 - Adaptive weights: mi_beta=0.600, tc_beta=0.200, dw_beta=1.000, blend_alpha=0.800
2025-09-09 13:09:42,498 - __main__ - DEBUG - Step 100/100 - Adaptive weights: mi_beta=0.600, tc_beta=0.200, dw_beta=1.000, blend_alpha=0.800
2025-09-09 13:09:43,763 - __main__ - DEBUG - Step 100/100 - Adaptive weights: mi_beta=0.600, tc_beta=0.200, dw_beta=1.000, blend_alpha=0.800
2025-09-09 13:09:45,322 - __main__ - DEBUG - Step 100/100 - Adaptive weights: mi_beta=0.600, tc_beta=0.200, dw_beta=1.000, blend_alpha=0.800
2025-09-09 13:09:46,809 - __main__ - DEBUG - Step 100/100 - Adaptive weights: mi_beta=0.600, tc_beta=0.200, dw_beta=1.000, blend_alpha=0.800
2025-09-09 13:09:48,312 - __main__ - DEBUG - Step 100/100 - Adaptive weights: mi_beta=0.600, tc_beta=0.200, dw_beta=1.000, blend_alpha=0.800
2025-09-09 13:09:49,847 - __main__ - DEBUG - Step 100/100 - Adaptive weights: mi_beta=0.600, tc_beta=0.200, dw_beta=1.000, blend_alpha=0.800
2025-09-09 13:09:51,396 - __main__ - DEBUG - Step 100/100 - Adaptive weights: mi_beta=0.600, tc_beta=0.200, dw_beta=1.000, blend_alpha=0.800
2025-09-09 13:09:52,802 - __main__ - DEBUG - Step 100/100 - Adaptive weights: mi_beta=0.600, tc_beta=0.200, dw_beta=1.000, blend_alpha=0.800
2025-09-09 13:09:54,231 - __main__ - DEBUG - Step 100/100 - Adaptive weights: mi_beta=0.600, tc_beta=0.200, dw_beta=1.000, blend_alpha=0.800
2025-09-09 13:09:55,655 - __main__ - DEBUG - Step 100/100 - Adaptive weights: mi_beta=0.600, tc_beta=0.200, dw_beta=1.000, blend_alpha=0.800
2025-09-09 13:09:57,050 - __main__ - DEBUG - Step 100/100 - Adaptive weights: mi_beta=0.600, tc_beta=0.200, dw_beta=1.000, blend_alpha=0.800
2025-09-09 13:09:57,890 - __main__ - DEBUG - Step 100/100 - Adaptive weights: mi_beta=0.600, tc_beta=0.200, dw_beta=1.000, blend_alpha=0.800
2025-09-09 13:09:57,890 - __main__ - INFO - 
=== Epoch 1/1 Summary ===
2025-09-09 13:09:57,890 - __main__ - INFO - Average Train Loss: 3812.226 | Average Test Loss: 2659.859
2025-09-09 13:09:57,890 - __main__ - INFO - Current KL Betas: mi=0.600, tc=0.200, dw=1.000, blend_alpha=0.800
2025-09-09 13:09:57,890 - __main__ - INFO - Global Step: 100/100 (100.0%)
2025-09-09 13:09:57,891 - __main__ - INFO - Final Training Batch Details:
2025-09-09 13:09:57,891 - __main__ - INFO -   Raw Losses: hero_loc: 3.104 | occupy: 1643.402 | bag: 409.545 | stats: 70.960 | msg: 25.337 | ego_char: 27.155 | ego_color: 116.299 | ego_class: 28.913 | passability: 0.595 | reward: 32.485 | done: 0.015 | value_k: 5.383 | safety: 0.680 | goal: 0.311 | forward: 46.179 | inverse: 2.928
2025-09-09 13:09:57,891 - __main__ - INFO - Final Testing Batch Details:
2025-09-09 13:09:57,891 - __main__ - INFO -   Raw Losses: hero_loc: 2.356 | occupy: 1569.386 | bag: 384.019 | stats: 71.181 | msg: 31.832 | ego_char: 27.768 | ego_color: 98.935 | ego_class: 29.619 | passability: 0.584 | reward: 16.450 | done: 0.014 | value_k: 2.255 | safety: 0.676 | goal: 0.073 | forward: 31.682 | inverse: 3.112
2025-09-09 13:09:57,892 - __main__ - INFO - Variance of model output (mu): 0.0768, 0.1623, 0.0902, 0.0923, 0.1287, 0.1086, 0.0949, 0.1270, 0.0878, 0.1124, 0.0998, 0.0821, 0.0776, 0.0920, 0.1169, 0.1602, 0.0683, 0.0832, 0.0747, 0.0789, 0.0784, 0.0841, 0.0734, 0.0731, 0.0844, 0.0788, 0.0921, 0.0809, 0.0689, 0.0864, 0.0952, 0.0786, 0.0775, 0.0718, 0.0755, 0.0775, 0.0606, 0.0759, 0.0731, 0.0755, 0.0748, 0.0742, 0.0653, 0.0817, 0.0673, 0.0628, 0.0932, 0.0761, 0.0854, 0.0822, 0.0844, 0.0780, 0.0722, 0.0900, 0.0755, 0.0529, 0.0741, 0.0576, 0.0874, 0.0635, 0.0796, 0.0622, 0.0942, 0.0705, 0.0744, 0.0722, 0.0636, 0.0671, 0.0662, 0.0715, 0.0854, 0.0786, 0.0628, 0.0606, 0.0691, 0.0743, 0.0785, 0.0768, 0.0822, 0.0862, 0.0732, 0.0804, 0.0764, 0.0778, 0.0969, 0.0596, 0.0665, 0.0685, 0.0751, 0.0723, 0.0731, 0.0719, 0.0775, 0.0760, 0.0652, 0.0703
2025-09-09 13:09:57,892 - __main__ - INFO - Per-dim KL: 2.6177, 1.6183, 2.7552, 0.6817, 0.8804, 0.6126, 4.3049, 4.4106, 1.3895, 7.7720, 1.7965, 0.7888, 1.6403, 0.6069, 1.4480, 11.6320, 0.3971, 0.4174, 0.5775, 0.6332, 0.4263, 0.4441, 0.5466, 0.5399, 0.4856, 0.2673, 0.3791, 0.5640, 0.5938, 0.4875, 0.4147, 0.6459, 0.5678, 0.5381, 0.4264, 0.5796, 0.6762, 0.5507, 0.5024, 0.4525, 0.6053, 0.5560, 0.5974, 0.4862, 0.5157, 0.6638, 0.5821, 0.5908, 0.3710, 0.4967, 0.4138, 0.5065, 0.6337, 0.4300, 0.5242, 0.6240, 0.5125, 0.6102, 0.3990, 0.5360, 0.6281, 0.4138, 0.3119, 0.2835, 0.5501, 0.2563, 0.6641, 0.6537, 0.5523, 0.6295, 0.4235, 0.4415, 0.5871, 0.5219, 0.3806, 0.4934, 0.4571, 0.6057, 0.7050, 0.4365, 0.6257, 0.5435, 0.4796, 0.5904, 0.4463, 0.5555, 0.4343, 0.4995, 0.4682, 0.5711, 0.4110, 0.3670, 0.5165, 0.6280, 0.4600, 0.6002
2025-09-09 13:09:57,892 - __main__ - INFO - Eigenvalues of latent space: 0.5615, 0.4202, 0.3978, 0.3853, 0.3751, 0.3443, 0.3376, 0.3249, 0.3166, 0.3093, 0.3061, 0.2979, 0.2915, 0.2846, 0.2747, 0.2700, 0.2615, 0.2592, 0.2461, 0.2436, 0.2368, 0.2313, 0.2211, 0.2176, 0.2157, 0.2131, 0.2093, 0.2049, 0.1934, 0.1924, 0.1901, 0.1879, 0.1857, 0.1809, 0.1794, 0.1754, 0.1725, 0.1683, 0.1663, 0.1617, 0.1601, 0.1538, 0.1529, 0.1506, 0.1483, 0.1460, 0.1447, 0.1413, 0.1388, 0.1359, 0.1344, 0.1301, 0.1273, 0.1262, 0.1252, 0.1219, 0.1203, 0.1189, 0.1177, 0.1173, 0.1157, 0.1145, 0.1129, 0.1103, 0.1071, 0.1050, 0.1034, 0.1030, 0.1021, 0.0996, 0.0993, 0.0982, 0.0974, 0.0952, 0.0940, 0.0928, 0.0910, 0.0897, 0.0882, 0.0876, 0.0850, 0.0839, 0.0808, 0.0804, 0.0791, 0.0770, 0.0762, 0.0749, 0.0739, 0.0732, 0.0708, 0.0687, 0.0660, 0.0655, 0.0651, 0.0639
2025-09-09 13:09:57,892 - __main__ - INFO - KL Eigenvalues: 0.0693, 0.1436, 0.1598, 0.1695, 0.1779, 0.2053, 0.2117, 0.2246, 0.2334, 0.2413, 0.2450, 0.2544, 0.2621, 0.2707, 0.2834, 0.2897, 0.3014, 0.3046, 0.3241, 0.3279, 0.3386, 0.3477, 0.3651, 0.3713, 0.3747, 0.3795, 0.3866, 0.3950, 0.4182, 0.4202, 0.4253, 0.4298, 0.4346, 0.4454, 0.4489, 0.4580, 0.4649, 0.4752, 0.4803, 0.4920, 0.4960, 0.5129, 0.5153, 0.5218, 0.5284, 0.5352, 0.5389, 0.5491, 0.5568, 0.5659, 0.5707, 0.5849, 0.5943, 0.5979, 0.6014, 0.6131, 0.6191, 0.6241, 0.6285, 0.6302, 0.6360, 0.6407, 0.6472, 0.6575, 0.6707, 0.6794, 0.6863, 0.6881, 0.6921, 0.7029, 0.7047, 0.7096, 0.7133, 0.7234, 0.7290, 0.7349, 0.7441, 0.7506, 0.7583, 0.7612, 0.7749, 0.7811, 0.7981, 0.8004, 0.8079, 0.8204, 0.8255, 0.8332, 0.8394, 0.8438, 0.8595, 0.8731, 0.8922, 0.8956, 0.8983, 0.9070
2025-09-09 13:09:57,892 - __main__ - INFO - Variance explained by eigenvalues: 0.0344, 0.0602, 0.0846, 0.1082, 0.1312, 0.1523, 0.1730, 0.1929, 0.2123, 0.2312, 0.2500, 0.2683, 0.2861, 0.3036, 0.3204, 0.3369, 0.3530, 0.3689, 0.3839, 0.3989, 0.4134, 0.4276, 0.4411, 0.4545, 0.4677, 0.4808, 0.4936, 0.5061, 0.5180, 0.5298, 0.5414, 0.5530, 0.5643, 0.5754, 0.5864, 0.5972, 0.6078, 0.6181, 0.6283, 0.6382, 0.6480, 0.6574, 0.6668, 0.6760, 0.6851, 0.6941, 0.7029, 0.7116, 0.7201, 0.7284, 0.7367, 0.7446, 0.7524, 0.7602, 0.7678, 0.7753, 0.7827, 0.7900, 0.7972, 0.8044, 0.8115, 0.8185, 0.8254, 0.8322, 0.8387, 0.8452, 0.8515, 0.8578, 0.8641, 0.8702, 0.8763, 0.8823, 0.8883, 0.8941, 0.8999, 0.9055, 0.9111, 0.9166, 0.9220, 0.9274, 0.9326, 0.9377, 0.9427, 0.9476, 0.9525, 0.9572, 0.9619, 0.9665, 0.9710, 0.9755, 0.9798, 0.9840, 0.9881, 0.9921, 0.9961, 1.0000
2025-09-09 13:09:57,892 - __main__ - INFO - ==================================================
2025-09-09 13:09:57,893 - __main__ - INFO - 
✅ MultiModalVAE training completed!
2025-09-09 13:09:57,893 - __main__ - INFO -   - Completed all 1 epochs
2025-09-09 13:09:57,893 - __main__ - INFO -   - Final train loss: 3812.2257
2025-09-09 13:09:57,893 - __main__ - INFO -   - Final test loss: 2659.8588
2025-09-09 13:09:57,919 - __main__ - INFO - 💾 Model saved locally: checkpoints_hmm/vae_hmm_round3_temp.pth
2025-09-09 13:09:58,881 - __main__ - DEBUG - 🗑️  Removed temporary file: checkpoints_hmm/vae_hmm_round3_temp.pth
2025-09-09 13:09:58,881 - __main__ - INFO - ✅ M-step completed: final_train_loss=3812.2257, final_test_loss=2659.8588
2025-09-09 13:09:58,910 - __main__ - INFO - 💾 Saved VAE+HMM → checkpoints_hmm/vae_with_hmm_round3.pt
2025-09-09 13:09:58,910 - __main__ - INFO - 🤗 Uploading VAE+HMM round 3 to HuggingFace: CatkinChen/nethack-vae-hmm
2025-09-09 13:10:12,641 - huggingface_hub.hf_api - WARNING - No files have been modified since last commit. Skipping to prevent empty commit.
2025-09-09 13:10:17,442 - __main__ - INFO - ✅ VAE+HMM uploaded to: https://huggingface.co/CatkinChen/nethack-vae-hmm
2025-09-09 13:10:22,878 - __main__ - INFO - ========== EM Round 4/4: E-step ==========
2025-09-09 13:10:22,879 - __main__ - INFO -    - Resetting HMM to prior
2025-09-09 13:11:40,056 - __main__ - DEBUG - Initial ELBO: -11891502.1649
2025-09-09 13:11:40,056 - __main__ - DEBUG - Relative tol: 0.0100
2025-09-09 13:11:40,056 - __main__ - DEBUG - Relative elbo_drop_tol: 0.0100
2025-09-09 13:11:40,056 - __main__ - DEBUG - - Init -118.0441
2025-09-09 13:11:40,056 - __main__ - DEBUG - - Trans -183459.1938
2025-09-09 13:11:40,056 - __main__ - DEBUG - - Emit -11702849.0312
2025-09-09 13:11:40,056 - __main__ - DEBUG - - Entropy 757.4678
2025-09-09 13:11:40,056 - __main__ - DEBUG - - Dir 0.0000
2025-09-09 13:11:40,056 - __main__ - DEBUG - - NIW -5818.6079
2025-09-09 13:11:40,057 - __main__ - DEBUG - - Beta prior -14.7555
2025-09-09 13:12:29,517 - __main__ - DEBUG - Iter 0: ELBO after FB: -11891502.1649 (LL -11885668.8014, Δ=0.0000)
2025-09-09 13:12:29,555 - __main__ - DEBUG - Iter 0: ELBO after NIW update: -1938613.8187 (Emit LL -1303174.6992, NIW term -452604.5938, Δ=9952888.3462)
2025-09-09 13:12:29,593 - __main__ - DEBUG - Iter 0: ELBO after Dirichlet update: -1760757.7040 (Trans LL -4308.6260, Dir term -1294.4531, Δ=177856.1147)
2025-09-09 13:13:12,917 - __main__ - DEBUG - Iter 1: ELBO after FB: -1736937.6041 (LL -1283023.8017, Δ=23820.0999)
2025-09-09 13:13:12,954 - __main__ - DEBUG - Iter 1: ELBO after NIW update: -1648404.4049 (Emit LL -1289180.0898, NIW term -352049.8750, Δ=88533.1992)
2025-09-09 13:13:12,991 - __main__ - DEBUG - Iter 1: ELBO after Dirichlet update: -1647494.8158 (Trans LL -5867.7481, Dir term -1093.6436, Δ=909.5891)
2025-09-09 13:13:55,466 - __main__ - DEBUG - Iter 2: ELBO after FB: -1584484.1836 (LL -1231325.9095, Δ=63010.6322)
2025-09-09 13:13:55,504 - __main__ - DEBUG - Iter 2: ELBO after NIW update: -1446631.2871 (Emit LL -1219800.7910, NIW term -220143.0938, Δ=137852.8965)
2025-09-09 13:13:55,541 - __main__ - DEBUG - Iter 2: ELBO after Dirichlet update: -1445666.3895 (Trans LL -5844.7428, Dir term -615.5864, Δ=964.8976)
2025-09-09 13:14:38,928 - __main__ - DEBUG - Iter 3: ELBO after FB: -1431402.8457 (LL -1210629.4100, Δ=14263.5438)
2025-09-09 13:14:38,966 - __main__ - DEBUG - Iter 3: ELBO after NIW update: -1402491.1817 (Emit LL -1215090.7402, NIW term -181600.7344, Δ=28911.6641)
2025-09-09 13:14:39,003 - __main__ - DEBUG - Iter 3: ELBO after Dirichlet update: -1402175.2305 (Trans LL -5733.9752, Dir term -499.0415, Δ=315.9511)
2025-09-09 13:15:22,264 - __main__ - DEBUG - Iter 4: ELBO after FB: -1387873.4236 (LL -1205758.8922, Δ=14301.8069)
2025-09-09 13:15:22,302 - __main__ - DEBUG - Iter 4: ELBO after NIW update: -1352210.0349 (Emit LL -1198399.4980, NIW term -148383.6719, Δ=35663.3887)
2025-09-09 13:15:22,339 - __main__ - DEBUG - Iter 4: ELBO after Dirichlet update: -1352029.7649 (Trans LL -5618.4652, Dir term -374.5518, Δ=180.2701)
2025-09-09 13:16:05,920 - __main__ - DEBUG - Iter 5: ELBO after FB: -1351408.0758 (LL -1202635.0966, Δ=621.6891)
2025-09-09 13:16:05,958 - __main__ - DEBUG - Iter 5: ELBO after NIW update: -1351177.1383 (Emit LL -1197638.9336, NIW term -148268.3750, Δ=230.9375)
2025-09-09 13:16:05,995 - __main__ - DEBUG - Iter 5: ELBO after Dirichlet update: -1351164.3341 (Trans LL -5640.2474, Dir term -373.5195, Δ=12.8041)
2025-09-09 13:16:05,996 - __main__ - DEBUG - Early stopping: ELBO improvement 865.4307 < tolerance
2025-09-09 13:16:57,299 - __main__ - INFO - [E-step] Multi-batch 1/1 (x100 batches) - HMM Diagnostics:
2025-09-09 13:16:57,299 - __main__ - INFO -   - Avg log-likelihood per step: -12.9807
2025-09-09 13:16:57,299 - __main__ - INFO -   - Inner ELBO (final): -1351164.3341
2025-09-09 13:16:57,300 - __main__ - INFO -   - ELBO progression (6 iters): [-1760757.75, ..., -1351164.38] (Δ=409593.3750)
2025-09-09 13:16:57,300 - __main__ - INFO -   - Effective number of skills: 7.63
2025-09-09 13:16:57,300 - __main__ - INFO -   - State entropy: 0.039
2025-09-09 13:16:57,300 - __main__ - INFO -   - Transition stickiness: 0.368
2025-09-09 13:16:57,300 - __main__ - INFO -   - Top 5 skills: [9, 19, 14, 36, 2] (probs: ['0.273', '0.151', '0.140', '0.118', '0.095'])
2025-09-09 13:16:57,300 - __main__ - INFO -   - Combined time length: 3200 (original T=32, multiples=100)
2025-09-09 13:16:57,305 - __main__ - INFO - 🔍 Computing HMM diagnostics...
2025-09-09 13:18:01,202 - __main__ - INFO - 📊 HMM Diagnostics for Round 4:
2025-09-09 13:18:01,202 - __main__ - INFO -   - Avg log-likelihood per step: -13.0962
2025-09-09 13:18:01,202 - __main__ - INFO -   - State entropy: 0.0482
2025-09-09 13:18:01,202 - __main__ - INFO -   - Effective number of skills: 7.61
2025-09-09 13:18:01,202 - __main__ - INFO -   - Transition stickiness (diag): 0.3682
2025-09-09 13:18:01,202 - __main__ - INFO -   - Top 5 skill occupancies: [0.2747842073440552, 0.1510942429304123, 0.13963040709495544, 0.11731430143117905, 0.09545005857944489]
2025-09-09 13:18:01,203 - __main__ - INFO -   - Top 5 skill indices: [9, 19, 14, 36, 2]
2025-09-09 13:18:01,203 - __main__ - INFO -     - Skill 2: emp= 27.32  E[1/(1-p)]:717.10  p_stay=0.999
2025-09-09 13:18:01,203 - __main__ - INFO -     - Skill 38: emp= 27.54  E[1/(1-p)]:280.36  p_stay=0.996
2025-09-09 13:18:01,203 - __main__ - INFO -     - Skill 37: emp= 27.57  E[1/(1-p)]:177.80  p_stay=0.994
2025-09-09 13:18:01,203 - __main__ - INFO -     - Skill 14: emp= 26.12  E[1/(1-p)]:131.59  p_stay=0.992
2025-09-09 13:18:01,203 - __main__ - INFO -     - Skill 30: emp= 26.07  E[1/(1-p)]:125.91  p_stay=0.992
2025-09-09 13:18:01,203 - __main__ - INFO - 🖼️  Rendering HMM visualizations for round 4
2025-09-09 13:19:11,880 - __main__ - INFO - 💾 Saved HMM posterior → checkpoints_hmm/hmm_round4.pt
2025-09-09 13:19:11,880 - __main__ - INFO - 🤗 Uploading HMM round 4 to HuggingFace: CatkinChen/nethack-hmm
2025-09-09 13:19:17,264 - __main__ - INFO - ✅ HMM uploaded to: https://huggingface.co/CatkinChen/nethack-hmm
2025-09-09 13:19:17,264 - __main__ - INFO - ========== EM Round 4/4: M-step ==========
2025-09-09 13:19:17,264 - __main__ - INFO - 🔧 Fine-tuning VAE with HMM prior for 1 epochs...
2025-09-09 13:19:17,264 - __main__ - INFO - 📊 M-step 4 parameter schedule:
2025-09-09 13:19:17,264 - __main__ - INFO -   - prior_blend_alpha: 0.800 → 1.000 (cosine)
2025-09-09 13:19:17,264 - __main__ - INFO -   - mi_beta: 0.600 → 0.600 (linear)
2025-09-09 13:19:17,264 - __main__ - INFO -   - tc_beta: 0.200 → 0.200 (linear)
2025-09-09 13:19:17,264 - __main__ - INFO -   - dw_beta: 1.000 → 1.000 (linear)
2025-09-09 13:19:18,047 - __main__ - INFO - Weights & Biases initialized
2025-09-09 13:19:18,048 - __main__ - INFO - 🔥Training MultiModalHackVAE with 100 train batches, 20 test batches
2025-09-09 13:19:18,048 - __main__ - INFO -    Epochs: 1
2025-09-09 13:19:18,048 - __main__ - INFO -    Batch size: 32
2025-09-09 13:19:18,048 - __main__ - INFO -    Sequence size: 32
2025-09-09 13:19:18,048 - __main__ - INFO -    Device: cuda
2025-09-09 13:19:18,049 - __main__ - INFO -    Mixed Precision: BF16 = False
2025-09-09 13:19:18,049 - __main__ - INFO -    LR Scheduler: constant
2025-09-09 13:19:18,049 - __main__ - INFO -    Shuffle batches: True
2025-09-09 13:19:18,049 - __main__ - INFO -    Shuffle within batch: False
2025-09-09 13:19:18,049 - __main__ - INFO -    VAE Configuration:
2025-09-09 13:19:18,049 - __main__ - INFO -      - Latent dimension: 96
2025-09-09 13:19:18,049 - __main__ - INFO -      - Encoder dropout: 0.1
2025-09-09 13:19:18,049 - __main__ - INFO -      - Decoder dropout: 0.1
2025-09-09 13:19:18,049 - __main__ - INFO -    Adaptive Loss Weighting:
2025-09-09 13:19:18,049 - __main__ - INFO -      - MI beta: 0.600 → 0.600
2025-09-09 13:19:18,049 - __main__ - INFO -      - TC beta: 0.200 → 0.200
2025-09-09 13:19:18,049 - __main__ - INFO -      - DW beta: 1.000 → 1.000
2025-09-09 13:19:18,050 - __main__ - INFO -      - Blend alpha: 0.800 → 1.000
2025-09-09 13:19:18,050 - __main__ - INFO -      - Warmup epochs: 0 out of 1 total epochs
2025-09-09 13:19:18,050 - __main__ - INFO -    Free bits: 0.75
2025-09-09 13:19:18,050 - __main__ - INFO -    Focal loss: alpha=0.5, gamma=2.0
2025-09-09 13:19:18,050 - __main__ - INFO -    Early Stopping:
2025-09-09 13:19:18,050 - __main__ - INFO -      - Enabled: False
2025-09-09 13:19:18,050 - __main__ - INFO -    HMM Prior: Enabled
2025-09-09 13:19:18,074 - __main__ - INFO - 🔧 Using FP32 precision training
2025-09-09 13:19:18,075 - __main__ - INFO - Model has latent dimension: 96
2025-09-09 13:19:18,075 - __main__ - INFO - 🎯 Starting training for 1 epochs (starting from epoch 0)...
2025-09-09 13:19:18,075 - __main__ - INFO -    Total training steps: 100
2025-09-09 13:19:18,075 - __main__ - INFO -    Warmup steps: 20
2025-09-09 13:19:18,075 - __main__ - INFO - 🎯 Epoch 1/1 - Starting epoch...
2025-09-09 13:19:18,076 - __main__ - DEBUG - Shuffled 100 training batches for epoch 1
2025-09-09 13:19:18,076 - __main__ - DEBUG - Shuffled 20 testing batches for epoch 1
2025-09-09 13:19:18,638 - __main__ - DEBUG - Step 0/100 - Adaptive weights: mi_beta=0.600, tc_beta=0.200, dw_beta=1.000, blend_alpha=0.800
2025-09-09 13:22:26,143 - __main__ - DEBUG - Step 100/100 - Adaptive weights: mi_beta=0.600, tc_beta=0.200, dw_beta=1.000, blend_alpha=1.000
2025-09-09 13:22:27,606 - __main__ - DEBUG - Step 100/100 - Adaptive weights: mi_beta=0.600, tc_beta=0.200, dw_beta=1.000, blend_alpha=1.000
2025-09-09 13:22:29,081 - __main__ - DEBUG - Step 100/100 - Adaptive weights: mi_beta=0.600, tc_beta=0.200, dw_beta=1.000, blend_alpha=1.000
2025-09-09 13:22:30,550 - __main__ - DEBUG - Step 100/100 - Adaptive weights: mi_beta=0.600, tc_beta=0.200, dw_beta=1.000, blend_alpha=1.000
2025-09-09 13:22:31,979 - __main__ - DEBUG - Step 100/100 - Adaptive weights: mi_beta=0.600, tc_beta=0.200, dw_beta=1.000, blend_alpha=1.000
2025-09-09 13:22:33,502 - __main__ - DEBUG - Step 100/100 - Adaptive weights: mi_beta=0.600, tc_beta=0.200, dw_beta=1.000, blend_alpha=1.000
2025-09-09 13:22:34,964 - __main__ - DEBUG - Step 100/100 - Adaptive weights: mi_beta=0.600, tc_beta=0.200, dw_beta=1.000, blend_alpha=1.000
2025-09-09 13:22:36,446 - __main__ - DEBUG - Step 100/100 - Adaptive weights: mi_beta=0.600, tc_beta=0.200, dw_beta=1.000, blend_alpha=1.000
2025-09-09 13:22:37,899 - __main__ - DEBUG - Step 100/100 - Adaptive weights: mi_beta=0.600, tc_beta=0.200, dw_beta=1.000, blend_alpha=1.000
2025-09-09 13:22:39,328 - __main__ - DEBUG - Step 100/100 - Adaptive weights: mi_beta=0.600, tc_beta=0.200, dw_beta=1.000, blend_alpha=1.000
2025-09-09 13:22:40,573 - __main__ - DEBUG - Step 100/100 - Adaptive weights: mi_beta=0.600, tc_beta=0.200, dw_beta=1.000, blend_alpha=1.000
2025-09-09 13:22:42,124 - __main__ - DEBUG - Step 100/100 - Adaptive weights: mi_beta=0.600, tc_beta=0.200, dw_beta=1.000, blend_alpha=1.000
2025-09-09 13:22:43,590 - __main__ - DEBUG - Step 100/100 - Adaptive weights: mi_beta=0.600, tc_beta=0.200, dw_beta=1.000, blend_alpha=1.000
2025-09-09 13:22:45,090 - __main__ - DEBUG - Step 100/100 - Adaptive weights: mi_beta=0.600, tc_beta=0.200, dw_beta=1.000, blend_alpha=1.000
2025-09-09 13:22:46,616 - __main__ - DEBUG - Step 100/100 - Adaptive weights: mi_beta=0.600, tc_beta=0.200, dw_beta=1.000, blend_alpha=1.000
2025-09-09 13:22:48,157 - __main__ - DEBUG - Step 100/100 - Adaptive weights: mi_beta=0.600, tc_beta=0.200, dw_beta=1.000, blend_alpha=1.000
2025-09-09 13:22:49,569 - __main__ - DEBUG - Step 100/100 - Adaptive weights: mi_beta=0.600, tc_beta=0.200, dw_beta=1.000, blend_alpha=1.000
2025-09-09 13:22:51,004 - __main__ - DEBUG - Step 100/100 - Adaptive weights: mi_beta=0.600, tc_beta=0.200, dw_beta=1.000, blend_alpha=1.000
2025-09-09 13:22:52,430 - __main__ - DEBUG - Step 100/100 - Adaptive weights: mi_beta=0.600, tc_beta=0.200, dw_beta=1.000, blend_alpha=1.000
2025-09-09 13:22:53,840 - __main__ - DEBUG - Step 100/100 - Adaptive weights: mi_beta=0.600, tc_beta=0.200, dw_beta=1.000, blend_alpha=1.000
2025-09-09 13:22:54,681 - __main__ - DEBUG - Step 100/100 - Adaptive weights: mi_beta=0.600, tc_beta=0.200, dw_beta=1.000, blend_alpha=1.000
2025-09-09 13:22:54,682 - __main__ - INFO - 
=== Epoch 1/1 Summary ===
2025-09-09 13:22:54,682 - __main__ - INFO - Average Train Loss: 3914.831 | Average Test Loss: 2810.173
2025-09-09 13:22:54,682 - __main__ - INFO - Current KL Betas: mi=0.600, tc=0.200, dw=1.000, blend_alpha=1.000
2025-09-09 13:22:54,682 - __main__ - INFO - Global Step: 100/100 (100.0%)
2025-09-09 13:22:54,682 - __main__ - INFO - Final Training Batch Details:
2025-09-09 13:22:54,682 - __main__ - INFO -   Raw Losses: hero_loc: 2.475 | occupy: 1641.182 | bag: 457.120 | stats: 74.512 | msg: 25.287 | ego_char: 26.838 | ego_color: 130.337 | ego_class: 29.812 | passability: 0.597 | reward: 32.483 | done: 0.010 | value_k: 5.382 | safety: 0.669 | goal: 0.301 | forward: 50.178 | inverse: 2.942
2025-09-09 13:22:54,683 - __main__ - INFO - Final Testing Batch Details:
2025-09-09 13:22:54,683 - __main__ - INFO -   Raw Losses: hero_loc: 1.636 | occupy: 1519.036 | bag: 431.793 | stats: 77.036 | msg: 31.702 | ego_char: 27.329 | ego_color: 117.865 | ego_class: 30.523 | passability: 0.586 | reward: 16.173 | done: 0.010 | value_k: 2.257 | safety: 0.669 | goal: 0.070 | forward: 33.444 | inverse: 3.157
2025-09-09 13:22:54,683 - __main__ - INFO - Variance of model output (mu): 0.1448, 0.0967, 0.1161, 0.1690, 0.0879, 0.1302, 0.0900, 0.0765, 0.1026, 0.1221, 0.1089, 0.1421, 0.1349, 0.1068, 0.1232, 0.0787, 0.0632, 0.0810, 0.0747, 0.0676, 0.0753, 0.0621, 0.0773, 0.0673, 0.0797, 0.0788, 0.0820, 0.0658, 0.0630, 0.0647, 0.0728, 0.0688, 0.0767, 0.0658, 0.0781, 0.0695, 0.0708, 0.0606, 0.0761, 0.0666, 0.0830, 0.0629, 0.0602, 0.0759, 0.0706, 0.0678, 0.0570, 0.0823, 0.0721, 0.0744, 0.0648, 0.0664, 0.0735, 0.0618, 0.0721, 0.0761, 0.0682, 0.0744, 0.0696, 0.0756, 0.0593, 0.0647, 0.0698, 0.0716, 0.0712, 0.0679, 0.0545, 0.0701, 0.0686, 0.0698, 0.0899, 0.0832, 0.0716, 0.0701, 0.0743, 0.0637, 0.0549, 0.0627, 0.0699, 0.0652, 0.0750, 0.0702, 0.0826, 0.0734, 0.0663, 0.0657, 0.0729, 0.0572, 0.0741, 0.0770, 0.0675, 0.0637, 0.0675, 0.0726, 0.0760, 0.0739
2025-09-09 13:22:54,683 - __main__ - INFO - Per-dim KL: 2.5748, 4.4400, 2.6661, 5.9850, 0.5651, 4.1952, 0.5922, 0.7553, 1.1515, 0.5109, 0.4339, 5.8199, 4.9750, 0.5213, 1.5436, 2.3009, 0.6459, 0.6988, 0.4041, 0.7833, 0.7068, 0.5598, 0.6015, 0.4800, 0.6604, 0.5604, 0.4232, 0.5341, 0.5082, 0.5854, 0.6864, 0.6337, 0.5637, 0.5884, 0.4813, 0.6649, 0.5674, 0.4994, 0.6631, 0.4736, 0.5615, 0.5708, 0.7545, 0.5255, 0.7257, 0.4807, 0.7208, 0.5841, 0.6904, 0.5228, 0.5591, 0.5531, 0.5224, 0.5222, 0.3784, 0.5433, 0.5572, 0.6444, 0.6504, 0.6573, 0.7403, 0.5722, 0.7341, 0.7108, 0.5356, 0.6028, 0.7450, 0.5838, 0.5803, 0.6351, 0.5137, 0.6649, 0.4745, 0.6764, 0.5533, 0.6536, 0.6590, 0.4412, 0.6499, 0.5860, 0.5230, 0.5908, 0.6465, 0.7264, 0.4446, 0.6751, 0.6752, 0.7541, 0.6170, 0.6044, 0.5484, 0.6656, 0.6302, 0.5215, 0.5443, 0.5627
2025-09-09 13:22:54,684 - __main__ - INFO - Eigenvalues of latent space: 0.5246, 0.4560, 0.4010, 0.3427, 0.3342, 0.3073, 0.2965, 0.2808, 0.2748, 0.2675, 0.2622, 0.2500, 0.2420, 0.2359, 0.2331, 0.2249, 0.2184, 0.2100, 0.2044, 0.2010, 0.1976, 0.1892, 0.1862, 0.1813, 0.1807, 0.1767, 0.1715, 0.1682, 0.1662, 0.1629, 0.1604, 0.1560, 0.1531, 0.1512, 0.1491, 0.1486, 0.1439, 0.1397, 0.1372, 0.1345, 0.1322, 0.1295, 0.1291, 0.1267, 0.1245, 0.1233, 0.1222, 0.1178, 0.1151, 0.1135, 0.1121, 0.1114, 0.1102, 0.1074, 0.1063, 0.1048, 0.1013, 0.1004, 0.0982, 0.0973, 0.0967, 0.0956, 0.0940, 0.0915, 0.0912, 0.0893, 0.0863, 0.0848, 0.0839, 0.0832, 0.0819, 0.0813, 0.0797, 0.0779, 0.0773, 0.0762, 0.0755, 0.0742, 0.0734, 0.0724, 0.0706, 0.0688, 0.0686, 0.0672, 0.0654, 0.0647, 0.0636, 0.0630, 0.0611, 0.0599, 0.0580, 0.0569, 0.0557, 0.0541, 0.0522, 0.0509
2025-09-09 13:22:54,684 - __main__ - INFO - KL Eigenvalues: 0.0848, 0.1206, 0.1574, 0.2068, 0.2151, 0.2436, 0.2561, 0.2754, 0.2833, 0.2931, 0.3004, 0.3181, 0.3304, 0.3402, 0.3447, 0.3585, 0.3698, 0.3854, 0.3960, 0.4027, 0.4096, 0.4270, 0.4337, 0.4445, 0.4459, 0.4550, 0.4673, 0.4753, 0.4803, 0.4889, 0.4953, 0.5070, 0.5149, 0.5203, 0.5261, 0.5276, 0.5413, 0.5539, 0.5618, 0.5702, 0.5780, 0.5868, 0.5880, 0.5961, 0.6041, 0.6082, 0.6122, 0.6282, 0.6385, 0.6448, 0.6503, 0.6530, 0.6580, 0.6693, 0.6740, 0.6802, 0.6956, 0.6997, 0.7095, 0.7137, 0.7166, 0.7214, 0.7290, 0.7413, 0.7431, 0.7525, 0.7683, 0.7760, 0.7808, 0.7847, 0.7918, 0.7957, 0.8048, 0.8153, 0.8184, 0.8255, 0.8294, 0.8375, 0.8424, 0.8488, 0.8603, 0.8726, 0.8741, 0.8835, 0.8961, 0.9016, 0.9095, 0.9142, 0.9285, 0.9378, 0.9525, 0.9614, 0.9716, 0.9859, 1.0023, 1.0148
2025-09-09 13:22:54,684 - __main__ - INFO - Variance explained by eigenvalues: 0.0376, 0.0703, 0.0990, 0.1236, 0.1476, 0.1696, 0.1908, 0.2110, 0.2307, 0.2498, 0.2686, 0.2865, 0.3039, 0.3208, 0.3375, 0.3536, 0.3693, 0.3843, 0.3990, 0.4134, 0.4275, 0.4411, 0.4545, 0.4674, 0.4804, 0.4931, 0.5054, 0.5174, 0.5293, 0.5410, 0.5525, 0.5637, 0.5746, 0.5855, 0.5962, 0.6068, 0.6171, 0.6271, 0.6370, 0.6466, 0.6561, 0.6654, 0.6746, 0.6837, 0.6926, 0.7015, 0.7102, 0.7187, 0.7269, 0.7351, 0.7431, 0.7511, 0.7590, 0.7667, 0.7743, 0.7818, 0.7891, 0.7963, 0.8033, 0.8103, 0.8172, 0.8241, 0.8308, 0.8374, 0.8439, 0.8503, 0.8565, 0.8626, 0.8686, 0.8745, 0.8804, 0.8862, 0.8919, 0.8975, 0.9031, 0.9085, 0.9139, 0.9193, 0.9245, 0.9297, 0.9348, 0.9397, 0.9446, 0.9494, 0.9541, 0.9588, 0.9633, 0.9678, 0.9722, 0.9765, 0.9807, 0.9847, 0.9887, 0.9926, 0.9964, 1.0000
2025-09-09 13:22:54,684 - __main__ - INFO - ==================================================
2025-09-09 13:22:54,684 - __main__ - INFO - 
✅ MultiModalVAE training completed!
2025-09-09 13:22:54,684 - __main__ - INFO -   - Completed all 1 epochs
2025-09-09 13:22:54,685 - __main__ - INFO -   - Final train loss: 3914.8306
2025-09-09 13:22:54,685 - __main__ - INFO -   - Final test loss: 2810.1729
2025-09-09 13:22:54,708 - __main__ - INFO - 💾 Model saved locally: checkpoints_hmm/vae_hmm_round4_temp.pth
2025-09-09 13:22:55,592 - __main__ - DEBUG - 🗑️  Removed temporary file: checkpoints_hmm/vae_hmm_round4_temp.pth
2025-09-09 13:22:55,592 - __main__ - INFO - ✅ M-step completed: final_train_loss=3914.8306, final_test_loss=2810.1729
2025-09-09 13:22:55,620 - __main__ - INFO - 💾 Saved VAE+HMM → checkpoints_hmm/vae_with_hmm_round4.pt
2025-09-09 13:22:55,620 - __main__ - INFO - 🤗 Uploading VAE+HMM round 4 to HuggingFace: CatkinChen/nethack-vae-hmm
2025-09-09 13:23:00,032 - huggingface_hub.hf_api - WARNING - No files have been modified since last commit. Skipping to prevent empty commit.
2025-09-09 13:23:04,566 - __main__ - INFO - ✅ VAE+HMM uploaded to: https://huggingface.co/CatkinChen/nethack-vae-hmm
2025-09-09 13:23:08,774 - __main__ - INFO - 
🎉 EM training completed! Summary:
2025-09-09 13:23:08,774 - __main__ - INFO -   - EM rounds: 4
2025-09-09 13:23:08,775 - __main__ - INFO -   - M-step epochs per round: 1
2025-09-09 13:23:08,775 - __main__ - INFO -   - HMM checkpoints: 4
2025-09-09 13:23:08,775 - __main__ - INFO -   - VAE+HMM checkpoints: 4
2025-09-09 13:23:08,775 - __main__ - INFO -   - HuggingFace repos:
2025-09-09 13:23:08,775 - __main__ - INFO -     * HMM: https://huggingface.co/CatkinChen/nethack-hmm
2025-09-09 13:23:08,775 - __main__ - INFO -     * VAE+HMM: https://huggingface.co/CatkinChen/nethack-vae-hmm
2025-09-09 13:23:08,775 - __main__ - INFO - 📊 Training Configuration:
2025-09-09 13:23:08,775 - __main__ - INFO -   - Mode: EM
2025-09-09 13:23:08,775 - __main__ - INFO -   - HMM params: α=5.0, κ=1.0, γ=5.0, K=40, D=96
2025-09-09 13:23:08,775 - __main__ - INFO -   - NIW params: μ₀=0.0, κ₀=1.0, Ψ₀=30.0, ν₀=106
2025-09-09 13:23:08,775 - __main__ - INFO -   - Checkpoints: HMM=4, VAE+HMM=4
2025-09-09 13:23:08,775 - __main__ - INFO -   - HF repos: HMM=CatkinChen/nethack-hmm, VAE+HMM=CatkinChen/nethack-vae-hmm
