2025-09-09 19:10:24,153 - __main__ - INFO - 🤗 Loading pretrained VAE from HuggingFace: CatkinChen/nethack-vae
2025-09-09 19:10:24,742 - __main__ - INFO - ✅ Loaded pretrained VAE checkpoint (plain prior).
2025-09-09 19:10:24,742 - __main__ - INFO - 🧠 Initializing new Sticky-HDP-HMM: latent_dim=96, skills=40
2025-09-09 19:10:24,795 - __main__ - INFO - Sticky-HDP-HMM initialized with NIW streaming rho: 1.0, transition rho: 0.5
2025-09-09 19:10:24,795 - __main__ - INFO - 🔍 Initializing NIW mean with k-means on VAE latents...
2025-09-09 19:10:40,867 - __main__ - INFO - ========== EM Round 1/4: E-step ==========
2025-09-09 19:11:34,726 - __main__ - DEBUG - Initial ELBO: -12873134.8439
2025-09-09 19:11:34,726 - __main__ - DEBUG - Relative tol: 0.0100
2025-09-09 19:11:34,726 - __main__ - DEBUG - Relative elbo_drop_tol: 0.0100
2025-09-09 19:11:34,726 - __main__ - DEBUG - - Init -118.0441
2025-09-09 19:11:34,726 - __main__ - DEBUG - - Trans -223858.9165
2025-09-09 19:11:34,726 - __main__ - DEBUG - - Emit -12648987.7812
2025-09-09 19:11:34,726 - __main__ - DEBUG - - Entropy 1555.4946
2025-09-09 19:11:34,726 - __main__ - DEBUG - - Dir 0.0000
2025-09-09 19:11:34,726 - __main__ - DEBUG - - NIW -1710.8412
2025-09-09 19:11:34,727 - __main__ - DEBUG - - Beta prior -14.7555
2025-09-09 19:12:19,633 - __main__ - DEBUG - Iter 0: ELBO after FB: -12873134.8439 (LL -12871409.2472, Δ=0.0000)
2025-09-09 19:12:19,634 - __main__ - DEBUG - First pass after reset, using full stats.
2025-09-09 19:12:19,671 - __main__ - DEBUG - Iter 0: ELBO after NIW update: -4110012.4090 (Emit LL -3540118.9688, NIW term -347457.2188, Δ=8763122.4349)
2025-09-09 19:12:19,708 - __main__ - DEBUG - Iter 0: ELBO after Dirichlet update: -3915852.5738 (Trans LL -28020.0969, Dir term -1678.9844, Δ=194159.8352)
2025-09-09 19:13:04,398 - __main__ - DEBUG - Iter 1: ELBO after FB: -3904791.4552 (LL -3555640.4965, Δ=11061.1186)
2025-09-09 19:13:04,398 - __main__ - DEBUG - First pass after reset, using full stats.
2025-09-09 19:13:04,435 - __main__ - DEBUG - Iter 1: ELBO after NIW update: -3897082.8770 (Emit LL -3520334.9844, NIW term -348795.8438, Δ=7708.5781)
2025-09-09 19:13:04,473 - __main__ - DEBUG - Iter 1: ELBO after Dirichlet update: -3896090.4839 (Trans LL -26738.7672, Dir term -1551.3105, Δ=992.3931)
2025-09-09 19:13:04,474 - __main__ - DEBUG - Early stopping: ELBO improvement 19762.0899 < tolerance
2025-09-09 19:13:57,632 - __main__ - INFO - [E-step] Multi-batch 1/1 (x100 batches) - HMM Diagnostics:
2025-09-09 19:13:57,633 - __main__ - INFO -   - Avg log-likelihood per step: -38.3905
2025-09-09 19:13:57,633 - __main__ - INFO -   - Inner ELBO (final): -3896090.4839
2025-09-09 19:13:57,633 - __main__ - INFO -   - ELBO progression (2 iters): [-3915852.50, -3896090.50] (Δ=19762.0000)
2025-09-09 19:13:57,633 - __main__ - INFO -   - Effective number of skills: 36.55
2025-09-09 19:13:57,633 - __main__ - INFO -   - State entropy: 0.054
2025-09-09 19:13:57,633 - __main__ - INFO -   - Transition stickiness: 0.867
2025-09-09 19:13:57,633 - __main__ - INFO -   - Top 5 skills: [32, 18, 20, 21, 0] (probs: ['0.043', '0.042', '0.042', '0.038', '0.037'])
2025-09-09 19:13:57,633 - __main__ - INFO -   - Combined time length: 3200 (original T=32, multiples=100)
2025-09-09 19:13:57,635 - __main__ - INFO - 🔍 Computing HMM diagnostics...
2025-09-09 19:15:02,601 - __main__ - INFO - 📊 HMM Diagnostics for Round 1:
2025-09-09 19:15:02,603 - __main__ - INFO -   - Avg log-likelihood per step: -38.4903
2025-09-09 19:15:02,603 - __main__ - INFO -   - State entropy: 0.0584
2025-09-09 19:15:02,603 - __main__ - INFO -   - Effective number of skills: 36.57
2025-09-09 19:15:02,603 - __main__ - INFO -   - Transition stickiness (diag): 0.8666
2025-09-09 19:15:02,603 - __main__ - INFO -   - Top 5 skill occupancies: [0.04287446662783623, 0.04245815426111221, 0.04213165119290352, 0.03796221315860748, 0.037228118628263474]
2025-09-09 19:15:02,603 - __main__ - INFO -   - Top 5 skill indices: [32, 18, 20, 21, 0]
2025-09-09 19:15:02,603 - __main__ - INFO -     - Skill 25: emp= 22.32  E[1/(1-p)]: 54.36  p_stay=0.982
2025-09-09 19:15:02,604 - __main__ - INFO -     - Skill 21: emp= 20.93  E[1/(1-p)]: 48.95  p_stay=0.980
2025-09-09 19:15:02,604 - __main__ - INFO -     - Skill 30: emp= 22.41  E[1/(1-p)]: 48.94  p_stay=0.980
2025-09-09 19:15:02,604 - __main__ - INFO -     - Skill 22: emp= 17.93  E[1/(1-p)]: 39.68  p_stay=0.975
2025-09-09 19:15:02,604 - __main__ - INFO -     - Skill 29: emp= 19.57  E[1/(1-p)]: 38.32  p_stay=0.974
2025-09-09 19:15:02,604 - __main__ - INFO - 🖼️  Rendering HMM visualizations for round 1
2025-09-09 19:16:14,984 - __main__ - INFO - 💾 Saved HMM posterior → checkpoints_hmm/hmm_round1.pt
2025-09-09 19:16:14,984 - __main__ - INFO - 🤗 Uploading HMM round 1 to HuggingFace: CatkinChen/nethack-hmm
2025-09-09 19:16:27,814 - __main__ - INFO - ✅ HMM uploaded to: https://huggingface.co/CatkinChen/nethack-hmm
2025-09-09 19:16:27,814 - __main__ - INFO - ========== EM Round 1/4: M-step ==========
2025-09-09 19:16:27,814 - __main__ - INFO - 🔧 Fine-tuning VAE with HMM prior for 1 epochs...
2025-09-09 19:16:27,814 - __main__ - INFO - 📊 M-step 1 parameter schedule:
2025-09-09 19:16:27,814 - __main__ - INFO -   - prior_blend_alpha: 0.300 → 0.400 (cosine)
2025-09-09 19:16:27,814 - __main__ - INFO -   - mi_beta: 0.200 → 0.333 (linear)
2025-09-09 19:16:27,814 - __main__ - INFO -   - tc_beta: 0.000 → 0.067 (linear)
2025-09-09 19:16:27,814 - __main__ - INFO -   - dw_beta: 0.500 → 0.667 (linear)
2025-09-09 19:16:29,298 - __main__ - INFO - Weights & Biases initialized
2025-09-09 19:16:29,298 - __main__ - INFO - 🔥Training MultiModalHackVAE with 100 train batches, 20 test batches
2025-09-09 19:16:29,299 - __main__ - INFO -    Epochs: 1
2025-09-09 19:16:29,299 - __main__ - INFO -    Batch size: 32
2025-09-09 19:16:29,299 - __main__ - INFO -    Sequence size: 32
2025-09-09 19:16:29,299 - __main__ - INFO -    Device: cuda
2025-09-09 19:16:29,299 - __main__ - INFO -    Mixed Precision: BF16 = False
2025-09-09 19:16:29,299 - __main__ - INFO -    LR Scheduler: constant
2025-09-09 19:16:29,299 - __main__ - INFO -    Shuffle batches: True
2025-09-09 19:16:29,299 - __main__ - INFO -    Shuffle within batch: False
2025-09-09 19:16:29,299 - __main__ - INFO -    VAE Configuration:
2025-09-09 19:16:29,299 - __main__ - INFO -      - Latent dimension: 96
2025-09-09 19:16:29,299 - __main__ - INFO -      - Encoder dropout: 0.1
2025-09-09 19:16:29,299 - __main__ - INFO -      - Decoder dropout: 0.1
2025-09-09 19:16:29,300 - __main__ - INFO -    Adaptive Loss Weighting:
2025-09-09 19:16:29,300 - __main__ - INFO -      - MI beta: 0.200 → 0.333
2025-09-09 19:16:29,300 - __main__ - INFO -      - TC beta: 0.000 → 0.067
2025-09-09 19:16:29,300 - __main__ - INFO -      - DW beta: 0.500 → 0.667
2025-09-09 19:16:29,300 - __main__ - INFO -      - Blend alpha: 0.300 → 0.400
2025-09-09 19:16:29,300 - __main__ - INFO -      - Warmup epochs: 0 out of 1 total epochs
2025-09-09 19:16:29,300 - __main__ - INFO -    Free bits: 0.75
2025-09-09 19:16:29,300 - __main__ - INFO -    Focal loss: alpha=0.5, gamma=2.0
2025-09-09 19:16:29,300 - __main__ - INFO -    Early Stopping:
2025-09-09 19:16:29,300 - __main__ - INFO -      - Enabled: False
2025-09-09 19:16:29,300 - __main__ - INFO -    HMM Prior: Enabled
2025-09-09 19:16:30,204 - __main__ - INFO - 🔧 Using FP32 precision training
2025-09-09 19:16:30,205 - __main__ - INFO - Model has latent dimension: 96
2025-09-09 19:16:30,205 - __main__ - INFO - 🎯 Starting training for 1 epochs (starting from epoch 0)...
2025-09-09 19:16:30,205 - __main__ - INFO -    Total training steps: 100
2025-09-09 19:16:30,205 - __main__ - INFO -    Warmup steps: 20
2025-09-09 19:16:30,206 - __main__ - INFO - 🎯 Epoch 1/1 - Starting epoch...
2025-09-09 19:16:30,206 - __main__ - DEBUG - Shuffled 100 training batches for epoch 1
2025-09-09 19:16:30,207 - __main__ - DEBUG - Shuffled 20 testing batches for epoch 1
2025-09-09 19:16:30,786 - __main__ - DEBUG - Step 0/100 - Adaptive weights: mi_beta=0.200, tc_beta=0.000, dw_beta=0.500, blend_alpha=0.300
2025-09-09 19:19:40,134 - __main__ - DEBUG - Step 100/100 - Adaptive weights: mi_beta=0.333, tc_beta=0.067, dw_beta=0.667, blend_alpha=0.400
2025-09-09 19:19:41,639 - __main__ - DEBUG - Step 100/100 - Adaptive weights: mi_beta=0.333, tc_beta=0.067, dw_beta=0.667, blend_alpha=0.400
2025-09-09 19:19:43,152 - __main__ - DEBUG - Step 100/100 - Adaptive weights: mi_beta=0.333, tc_beta=0.067, dw_beta=0.667, blend_alpha=0.400
2025-09-09 19:19:44,653 - __main__ - DEBUG - Step 100/100 - Adaptive weights: mi_beta=0.333, tc_beta=0.067, dw_beta=0.667, blend_alpha=0.400
2025-09-09 19:19:46,122 - __main__ - DEBUG - Step 100/100 - Adaptive weights: mi_beta=0.333, tc_beta=0.067, dw_beta=0.667, blend_alpha=0.400
2025-09-09 19:19:47,687 - __main__ - DEBUG - Step 100/100 - Adaptive weights: mi_beta=0.333, tc_beta=0.067, dw_beta=0.667, blend_alpha=0.400
2025-09-09 19:19:49,177 - __main__ - DEBUG - Step 100/100 - Adaptive weights: mi_beta=0.333, tc_beta=0.067, dw_beta=0.667, blend_alpha=0.400
2025-09-09 19:19:50,700 - __main__ - DEBUG - Step 100/100 - Adaptive weights: mi_beta=0.333, tc_beta=0.067, dw_beta=0.667, blend_alpha=0.400
2025-09-09 19:19:52,169 - __main__ - DEBUG - Step 100/100 - Adaptive weights: mi_beta=0.333, tc_beta=0.067, dw_beta=0.667, blend_alpha=0.400
2025-09-09 19:19:53,621 - __main__ - DEBUG - Step 100/100 - Adaptive weights: mi_beta=0.333, tc_beta=0.067, dw_beta=0.667, blend_alpha=0.400
2025-09-09 19:19:54,888 - __main__ - DEBUG - Step 100/100 - Adaptive weights: mi_beta=0.333, tc_beta=0.067, dw_beta=0.667, blend_alpha=0.400
2025-09-09 19:19:56,463 - __main__ - DEBUG - Step 100/100 - Adaptive weights: mi_beta=0.333, tc_beta=0.067, dw_beta=0.667, blend_alpha=0.400
2025-09-09 19:19:57,952 - __main__ - DEBUG - Step 100/100 - Adaptive weights: mi_beta=0.333, tc_beta=0.067, dw_beta=0.667, blend_alpha=0.400
2025-09-09 19:19:59,482 - __main__ - DEBUG - Step 100/100 - Adaptive weights: mi_beta=0.333, tc_beta=0.067, dw_beta=0.667, blend_alpha=0.400
2025-09-09 19:20:01,028 - __main__ - DEBUG - Step 100/100 - Adaptive weights: mi_beta=0.333, tc_beta=0.067, dw_beta=0.667, blend_alpha=0.400
2025-09-09 19:20:02,599 - __main__ - DEBUG - Step 100/100 - Adaptive weights: mi_beta=0.333, tc_beta=0.067, dw_beta=0.667, blend_alpha=0.400
2025-09-09 19:20:04,033 - __main__ - DEBUG - Step 100/100 - Adaptive weights: mi_beta=0.333, tc_beta=0.067, dw_beta=0.667, blend_alpha=0.400
2025-09-09 19:20:05,497 - __main__ - DEBUG - Step 100/100 - Adaptive weights: mi_beta=0.333, tc_beta=0.067, dw_beta=0.667, blend_alpha=0.400
2025-09-09 19:20:06,954 - __main__ - DEBUG - Step 100/100 - Adaptive weights: mi_beta=0.333, tc_beta=0.067, dw_beta=0.667, blend_alpha=0.400
2025-09-09 19:20:08,384 - __main__ - DEBUG - Step 100/100 - Adaptive weights: mi_beta=0.333, tc_beta=0.067, dw_beta=0.667, blend_alpha=0.400
2025-09-09 19:20:09,231 - __main__ - DEBUG - Step 100/100 - Adaptive weights: mi_beta=0.333, tc_beta=0.067, dw_beta=0.667, blend_alpha=0.400
2025-09-09 19:20:09,231 - __main__ - INFO - 
=== Epoch 1/1 Summary ===
2025-09-09 19:20:09,231 - __main__ - INFO - Average Train Loss: 3854.779 | Average Test Loss: 2699.134
2025-09-09 19:20:09,231 - __main__ - INFO - Current KL Betas: mi=0.333, tc=0.067, dw=0.667, blend_alpha=0.400
2025-09-09 19:20:09,231 - __main__ - INFO - Global Step: 100/100 (100.0%)
2025-09-09 19:20:09,231 - __main__ - INFO - Final Training Batch Details:
2025-09-09 19:20:09,232 - __main__ - INFO -   Raw Losses: hero_loc: 2.595 | occupy: 1641.602 | bag: 422.148 | stats: 75.163 | msg: 24.778 | ego_char: 28.537 | ego_color: 129.114 | ego_class: 31.032 | passability: 0.597 | reward: 32.546 | done: 0.012 | value_k: 5.390 | safety: 0.673 | goal: 0.310 | forward: 42.617 | inverse: 2.915
2025-09-09 19:20:09,232 - __main__ - INFO - Final Testing Batch Details:
2025-09-09 19:20:09,232 - __main__ - INFO -   Raw Losses: hero_loc: 2.251 | occupy: 1555.000 | bag: 399.673 | stats: 76.832 | msg: 31.057 | ego_char: 29.282 | ego_color: 115.021 | ego_class: 31.847 | passability: 0.586 | reward: 16.378 | done: 0.011 | value_k: 2.257 | safety: 0.670 | goal: 0.113 | forward: 27.975 | inverse: 3.123
2025-09-09 19:20:09,232 - __main__ - INFO - Variance of model output (mu): 0.1925, 0.1290, 0.1885, 0.1388, 0.1051, 0.1294, 0.1909, 0.1271, 0.2088, 0.2823, 0.1047, 0.1104, 0.0882, 0.1618, 0.0802, 0.0974, 0.0776, 0.0843, 0.1046, 0.0687, 0.0920, 0.0670, 0.0912, 0.0866, 0.0797, 0.0926, 0.0695, 0.0928, 0.1010, 0.0817, 0.0930, 0.0709, 0.0846, 0.0726, 0.0591, 0.0912, 0.0818, 0.0723, 0.0892, 0.0809, 0.0750, 0.0759, 0.0818, 0.0678, 0.0892, 0.0822, 0.0845, 0.0729, 0.0789, 0.0775, 0.0837, 0.0771, 0.0979, 0.0789, 0.1111, 0.0902, 0.0788, 0.0690, 0.0938, 0.0844, 0.0946, 0.0829, 0.0827, 0.0950, 0.0812, 0.0699, 0.0731, 0.0767, 0.0861, 0.0646, 0.0853, 0.0769, 0.0777, 0.0832, 0.0768, 0.0947, 0.0841, 0.0701, 0.0921, 0.0894, 0.0676, 0.0865, 0.0845, 0.0949, 0.0706, 0.0862, 0.0797, 0.0725, 0.0944, 0.0967, 0.0830, 0.0823, 0.0716, 0.0739, 0.0877, 0.1022
2025-09-09 19:20:09,232 - __main__ - INFO - Per-dim KL: 8.8088, 2.0084, 3.5424, 7.1665, 1.3445, 1.3718, 8.1019, 1.3275, 15.5923, 8.5655, 0.8356, 2.2610, 0.6192, 1.5373, 2.5106, 0.8311, 0.5170, 0.5736, 0.2667, 0.4377, 0.5164, 0.6669, 0.4564, 0.4391, 0.3174, 0.5176, 0.4644, 0.3879, 0.3036, 0.6309, 0.3222, 0.3999, 0.4163, 0.4516, 0.6584, 0.4893, 0.6358, 0.5959, 0.4525, 0.3721, 0.7417, 0.7426, 0.5174, 0.3763, 0.5629, 0.5759, 0.5870, 0.3968, 0.4663, 0.4670, 0.3734, 0.5694, 0.4442, 0.4559, 0.4835, 0.4823, 0.4845, 0.5799, 0.4350, 0.3619, 0.5180, 0.4173, 0.5747, 0.4957, 0.3503, 0.5550, 0.3429, 0.4777, 0.4910, 0.5788, 0.4993, 0.3605, 0.6342, 0.4096, 0.2188, 0.3236, 0.5919, 0.4751, 0.6985, 0.4576, 0.4830, 0.4453, 0.4802, 0.6134, 0.3398, 0.4519, 0.1507, 0.2963, 0.6136, 0.5338, 0.5510, 0.6028, 0.4755, 0.4852, 0.3979, 0.2949
2025-09-09 19:20:09,233 - __main__ - INFO - Eigenvalues of latent space: 0.7732, 0.5810, 0.4949, 0.4764, 0.4575, 0.4410, 0.4326, 0.4085, 0.4004, 0.3830, 0.3612, 0.3563, 0.3462, 0.3330, 0.3205, 0.3167, 0.3062, 0.3042, 0.2940, 0.2826, 0.2737, 0.2674, 0.2644, 0.2520, 0.2465, 0.2424, 0.2365, 0.2314, 0.2304, 0.2238, 0.2208, 0.2169, 0.2138, 0.2106, 0.2064, 0.2054, 0.2020, 0.1954, 0.1929, 0.1903, 0.1879, 0.1846, 0.1829, 0.1801, 0.1780, 0.1754, 0.1715, 0.1704, 0.1662, 0.1636, 0.1615, 0.1555, 0.1536, 0.1512, 0.1489, 0.1476, 0.1447, 0.1436, 0.1403, 0.1388, 0.1371, 0.1359, 0.1347, 0.1322, 0.1299, 0.1269, 0.1240, 0.1232, 0.1224, 0.1208, 0.1191, 0.1183, 0.1137, 0.1132, 0.1106, 0.1091, 0.1084, 0.1042, 0.1035, 0.1021, 0.1005, 0.0975, 0.0969, 0.0941, 0.0903, 0.0902, 0.0895, 0.0876, 0.0856, 0.0842, 0.0810, 0.0784, 0.0776, 0.0769, 0.0735, 0.0710
2025-09-09 19:20:09,233 - __main__ - INFO - KL Eigenvalues: 0.0152, 0.0620, 0.0992, 0.1090, 0.1197, 0.1298, 0.1353, 0.1519, 0.1579, 0.1714, 0.1897, 0.1941, 0.2034, 0.2164, 0.2292, 0.2333, 0.2449, 0.2472, 0.2591, 0.2732, 0.2847, 0.2932, 0.2974, 0.3152, 0.3234, 0.3298, 0.3392, 0.3475, 0.3492, 0.3603, 0.3656, 0.3726, 0.3782, 0.3842, 0.3922, 0.3942, 0.4007, 0.4140, 0.4193, 0.4247, 0.4299, 0.4371, 0.4410, 0.4471, 0.4519, 0.4580, 0.4674, 0.4700, 0.4804, 0.4870, 0.4925, 0.5083, 0.5135, 0.5201, 0.5267, 0.5305, 0.5389, 0.5421, 0.5521, 0.5566, 0.5621, 0.5657, 0.5697, 0.5777, 0.5856, 0.5955, 0.6056, 0.6086, 0.6115, 0.6174, 0.6233, 0.6264, 0.6440, 0.6458, 0.6564, 0.6622, 0.6650, 0.6830, 0.6859, 0.6918, 0.6992, 0.7125, 0.7155, 0.7290, 0.7477, 0.7481, 0.7517, 0.7615, 0.7719, 0.7795, 0.7969, 0.8124, 0.8171, 0.8208, 0.8417, 0.8579
2025-09-09 19:20:09,233 - __main__ - INFO - Variance explained by eigenvalues: 0.0394, 0.0691, 0.0943, 0.1186, 0.1420, 0.1645, 0.1865, 0.2074, 0.2278, 0.2473, 0.2658, 0.2839, 0.3016, 0.3186, 0.3349, 0.3511, 0.3667, 0.3822, 0.3972, 0.4116, 0.4256, 0.4392, 0.4527, 0.4656, 0.4782, 0.4905, 0.5026, 0.5144, 0.5261, 0.5376, 0.5488, 0.5599, 0.5708, 0.5815, 0.5921, 0.6026, 0.6129, 0.6228, 0.6327, 0.6424, 0.6520, 0.6614, 0.6707, 0.6799, 0.6890, 0.6979, 0.7067, 0.7154, 0.7238, 0.7322, 0.7404, 0.7484, 0.7562, 0.7639, 0.7715, 0.7790, 0.7864, 0.7937, 0.8009, 0.8080, 0.8150, 0.8219, 0.8288, 0.8355, 0.8422, 0.8486, 0.8550, 0.8612, 0.8675, 0.8736, 0.8797, 0.8858, 0.8916, 0.8973, 0.9030, 0.9085, 0.9141, 0.9194, 0.9247, 0.9299, 0.9350, 0.9400, 0.9449, 0.9497, 0.9543, 0.9589, 0.9635, 0.9680, 0.9723, 0.9766, 0.9807, 0.9847, 0.9887, 0.9926, 0.9964, 1.0000
2025-09-09 19:20:09,233 - __main__ - INFO - ==================================================
2025-09-09 19:20:09,233 - __main__ - INFO - 
✅ MultiModalVAE training completed!
2025-09-09 19:20:09,234 - __main__ - INFO -   - Completed all 1 epochs
2025-09-09 19:20:09,234 - __main__ - INFO -   - Final train loss: 3854.7792
2025-09-09 19:20:09,234 - __main__ - INFO -   - Final test loss: 2699.1342
2025-09-09 19:20:09,255 - __main__ - INFO - 💾 Model saved locally: checkpoints_hmm/vae_hmm_round1_temp.pth
2025-09-09 19:20:10,144 - __main__ - DEBUG - 🗑️  Removed temporary file: checkpoints_hmm/vae_hmm_round1_temp.pth
2025-09-09 19:20:10,145 - __main__ - INFO - ✅ M-step completed: final_train_loss=3854.7792, final_test_loss=2699.1342
2025-09-09 19:20:10,169 - __main__ - INFO - 💾 Saved VAE+HMM → checkpoints_hmm/vae_with_hmm_round1.pt
2025-09-09 19:20:10,170 - __main__ - INFO - 🤗 Uploading VAE+HMM round 1 to HuggingFace: CatkinChen/nethack-vae-hmm
2025-09-09 19:20:15,007 - huggingface_hub.hf_api - WARNING - No files have been modified since last commit. Skipping to prevent empty commit.
2025-09-09 19:20:19,752 - __main__ - INFO - ✅ VAE+HMM uploaded to: https://huggingface.co/CatkinChen/nethack-vae-hmm
2025-09-09 19:20:23,975 - __main__ - INFO - ========== EM Round 2/4: E-step ==========
2025-09-09 19:20:23,975 - __main__ - INFO -    - Continuing HMM from previous round with no reset
2025-09-09 19:20:23,975 - __main__ - INFO -      use streaming_rho_niw: 1.0, streaming_rho_trans: 0.5
2025-09-09 19:21:18,169 - __main__ - DEBUG - Initial ELBO: -32890619.9717
2025-09-09 19:21:18,169 - __main__ - DEBUG - Relative tol: 0.0100
2025-09-09 19:21:18,169 - __main__ - DEBUG - Relative elbo_drop_tol: 0.0100
2025-09-09 19:21:18,169 - __main__ - DEBUG - - Init -118.0441
2025-09-09 19:21:18,169 - __main__ - DEBUG - - Trans -12083.9683
2025-09-09 19:21:18,169 - __main__ - DEBUG - - Emit -32528143.2500
2025-09-09 19:21:18,169 - __main__ - DEBUG - - Entropy 87.2006
2025-09-09 19:21:18,169 - __main__ - DEBUG - - Dir -1551.3105
2025-09-09 19:21:18,169 - __main__ - DEBUG - - NIW -348795.8438
2025-09-09 19:21:18,169 - __main__ - DEBUG - - Beta prior -14.7555
2025-09-09 19:22:02,487 - __main__ - DEBUG - Iter 0: ELBO after FB: -32890619.9717 (LL -32540258.0619, Δ=0.0000)
2025-09-09 19:22:02,488 - __main__ - DEBUG - Blending stats with ρ_niw=1.0000, ρ_tr=0.5000.
2025-09-09 19:22:02,525 - __main__ - DEBUG - Iter 0: ELBO after NIW update: -2263468.4053 (Emit LL -2206455.2617, NIW term -43332.2656, Δ=30627151.5664)
2025-09-09 19:22:02,564 - __main__ - DEBUG - Iter 0: ELBO after Dirichlet update: -2252102.2010 (Trans LL -920.8764, Dir term -1348.1982, Δ=11366.2043)
2025-09-09 19:22:46,790 - __main__ - DEBUG - Iter 1: ELBO after FB: -2244101.3530 (LL -2199406.1336, Δ=8000.8480)
2025-09-09 19:22:46,790 - __main__ - DEBUG - Blending stats with ρ_niw=1.0000, ρ_tr=0.5000.
2025-09-09 19:22:46,828 - __main__ - DEBUG - Iter 1: ELBO after NIW update: -2233887.4350 (Emit LL -2191665.3711, NIW term -39292.4062, Δ=10213.9180)
2025-09-09 19:22:46,865 - __main__ - DEBUG - Iter 1: ELBO after Dirichlet update: -2233568.7058 (Trans LL -1336.8301, Dir term -1350.9404, Δ=318.7292)
2025-09-09 19:22:46,866 - __main__ - DEBUG - Early stopping: ELBO improvement 18533.4952 < tolerance
2025-09-09 19:23:39,941 - __main__ - INFO - [E-step] Multi-batch 1/1 (x100 batches) - HMM Diagnostics:
2025-09-09 19:23:39,942 - __main__ - INFO -   - Avg log-likelihood per step: -23.5808
2025-09-09 19:23:39,942 - __main__ - INFO -   - Inner ELBO (final): -2233568.7058
2025-09-09 19:23:39,942 - __main__ - INFO -   - ELBO progression (2 iters): [-2252102.25, -2233568.75] (Δ=18533.5000)
2025-09-09 19:23:39,942 - __main__ - INFO -   - Effective number of skills: 1.75
2025-09-09 19:23:39,942 - __main__ - INFO -   - State entropy: 0.019
2025-09-09 19:23:39,942 - __main__ - INFO -   - Transition stickiness: 0.869
2025-09-09 19:23:39,942 - __main__ - INFO -   - Top 5 skills: [37, 38, 10, 28, 7] (probs: ['0.754', '0.246', '0.000', '0.000', '0.000'])
2025-09-09 19:23:39,942 - __main__ - INFO -   - Combined time length: 3200 (original T=32, multiples=100)
2025-09-09 19:23:39,944 - __main__ - INFO - 🔍 Computing HMM diagnostics...
2025-09-09 19:24:44,629 - __main__ - INFO - 📊 HMM Diagnostics for Round 2:
2025-09-09 19:24:44,630 - __main__ - INFO -   - Avg log-likelihood per step: -23.7014
2025-09-09 19:24:44,630 - __main__ - INFO -   - State entropy: 0.0260
2025-09-09 19:24:44,630 - __main__ - INFO -   - Effective number of skills: 1.76
2025-09-09 19:24:44,630 - __main__ - INFO -   - Transition stickiness (diag): 0.8692
2025-09-09 19:24:44,630 - __main__ - INFO -   - Top 5 skill occupancies: [0.7512352466583252, 0.2480519413948059, 0.0004240826237946749, 8.319662447320297e-05, 3.3978965802816674e-05]
2025-09-09 19:24:44,630 - __main__ - INFO -   - Top 5 skill indices: [37, 38, 10, 28, 9]
2025-09-09 19:24:44,630 - __main__ - INFO -     - Skill 37: emp= 27.70  E[1/(1-p)]:304.96  p_stay=0.997
2025-09-09 19:24:44,630 - __main__ - INFO -     - Skill 38: emp= 26.45  E[1/(1-p)]: 55.28  p_stay=0.982
2025-09-09 19:24:44,630 - __main__ - INFO -     - Skill 25: emp=  0.00  E[1/(1-p)]: 48.79  p_stay=0.980
2025-09-09 19:24:44,630 - __main__ - INFO -     - Skill 21: emp=  0.00  E[1/(1-p)]: 45.46  p_stay=0.978
2025-09-09 19:24:44,630 - __main__ - INFO -     - Skill 30: emp=  0.00  E[1/(1-p)]: 36.91  p_stay=0.973
2025-09-09 19:24:44,630 - __main__ - INFO - 🖼️  Rendering HMM visualizations for round 2
2025-09-09 19:25:55,616 - __main__ - INFO - 💾 Saved HMM posterior → checkpoints_hmm/hmm_round2.pt
2025-09-09 19:25:55,617 - __main__ - INFO - 🤗 Uploading HMM round 2 to HuggingFace: CatkinChen/nethack-hmm
2025-09-09 19:26:00,579 - __main__ - INFO - ✅ HMM uploaded to: https://huggingface.co/CatkinChen/nethack-hmm
2025-09-09 19:26:00,579 - __main__ - INFO - ========== EM Round 2/4: M-step ==========
2025-09-09 19:26:00,580 - __main__ - INFO - 🔧 Fine-tuning VAE with HMM prior for 1 epochs...
2025-09-09 19:26:00,580 - __main__ - INFO - 📊 M-step 2 parameter schedule:
2025-09-09 19:26:00,580 - __main__ - INFO -   - prior_blend_alpha: 0.400 → 0.600 (cosine)
2025-09-09 19:26:00,580 - __main__ - INFO -   - mi_beta: 0.333 → 0.467 (linear)
2025-09-09 19:26:00,580 - __main__ - INFO -   - tc_beta: 0.067 → 0.133 (linear)
2025-09-09 19:26:00,580 - __main__ - INFO -   - dw_beta: 0.667 → 0.833 (linear)
2025-09-09 19:26:01,401 - __main__ - INFO - Weights & Biases initialized
2025-09-09 19:26:01,402 - __main__ - INFO - 🔥Training MultiModalHackVAE with 100 train batches, 20 test batches
2025-09-09 19:26:01,402 - __main__ - INFO -    Epochs: 1
2025-09-09 19:26:01,402 - __main__ - INFO -    Batch size: 32
2025-09-09 19:26:01,402 - __main__ - INFO -    Sequence size: 32
2025-09-09 19:26:01,402 - __main__ - INFO -    Device: cuda
2025-09-09 19:26:01,402 - __main__ - INFO -    Mixed Precision: BF16 = False
2025-09-09 19:26:01,402 - __main__ - INFO -    LR Scheduler: constant
2025-09-09 19:26:01,402 - __main__ - INFO -    Shuffle batches: True
2025-09-09 19:26:01,402 - __main__ - INFO -    Shuffle within batch: False
2025-09-09 19:26:01,402 - __main__ - INFO -    VAE Configuration:
2025-09-09 19:26:01,402 - __main__ - INFO -      - Latent dimension: 96
2025-09-09 19:26:01,403 - __main__ - INFO -      - Encoder dropout: 0.1
2025-09-09 19:26:01,403 - __main__ - INFO -      - Decoder dropout: 0.1
2025-09-09 19:26:01,403 - __main__ - INFO -    Adaptive Loss Weighting:
2025-09-09 19:26:01,403 - __main__ - INFO -      - MI beta: 0.333 → 0.467
2025-09-09 19:26:01,403 - __main__ - INFO -      - TC beta: 0.067 → 0.133
2025-09-09 19:26:01,403 - __main__ - INFO -      - DW beta: 0.667 → 0.833
2025-09-09 19:26:01,403 - __main__ - INFO -      - Blend alpha: 0.400 → 0.600
2025-09-09 19:26:01,403 - __main__ - INFO -      - Warmup epochs: 0 out of 1 total epochs
2025-09-09 19:26:01,403 - __main__ - INFO -    Free bits: 0.75
2025-09-09 19:26:01,403 - __main__ - INFO -    Focal loss: alpha=0.5, gamma=2.0
2025-09-09 19:26:01,403 - __main__ - INFO -    Early Stopping:
2025-09-09 19:26:01,404 - __main__ - INFO -      - Enabled: False
2025-09-09 19:26:01,404 - __main__ - INFO -    HMM Prior: Enabled
2025-09-09 19:26:01,436 - __main__ - INFO - 🔧 Using FP32 precision training
2025-09-09 19:26:01,437 - __main__ - INFO - Model has latent dimension: 96
2025-09-09 19:26:01,437 - __main__ - INFO - 🎯 Starting training for 1 epochs (starting from epoch 0)...
2025-09-09 19:26:01,437 - __main__ - INFO -    Total training steps: 100
2025-09-09 19:26:01,437 - __main__ - INFO -    Warmup steps: 20
2025-09-09 19:26:01,438 - __main__ - INFO - 🎯 Epoch 1/1 - Starting epoch...
2025-09-09 19:26:01,438 - __main__ - DEBUG - Shuffled 100 training batches for epoch 1
2025-09-09 19:26:01,439 - __main__ - DEBUG - Shuffled 20 testing batches for epoch 1
2025-09-09 19:26:02,134 - __main__ - DEBUG - Step 0/100 - Adaptive weights: mi_beta=0.333, tc_beta=0.067, dw_beta=0.667, blend_alpha=0.400
2025-09-09 19:29:20,324 - __main__ - DEBUG - Step 100/100 - Adaptive weights: mi_beta=0.467, tc_beta=0.133, dw_beta=0.833, blend_alpha=0.600
2025-09-09 19:29:21,848 - __main__ - DEBUG - Step 100/100 - Adaptive weights: mi_beta=0.467, tc_beta=0.133, dw_beta=0.833, blend_alpha=0.600
2025-09-09 19:29:23,377 - __main__ - DEBUG - Step 100/100 - Adaptive weights: mi_beta=0.467, tc_beta=0.133, dw_beta=0.833, blend_alpha=0.600
2025-09-09 19:29:24,898 - __main__ - DEBUG - Step 100/100 - Adaptive weights: mi_beta=0.467, tc_beta=0.133, dw_beta=0.833, blend_alpha=0.600
2025-09-09 19:29:26,383 - __main__ - DEBUG - Step 100/100 - Adaptive weights: mi_beta=0.467, tc_beta=0.133, dw_beta=0.833, blend_alpha=0.600
2025-09-09 19:29:27,963 - __main__ - DEBUG - Step 100/100 - Adaptive weights: mi_beta=0.467, tc_beta=0.133, dw_beta=0.833, blend_alpha=0.600
2025-09-09 19:29:29,477 - __main__ - DEBUG - Step 100/100 - Adaptive weights: mi_beta=0.467, tc_beta=0.133, dw_beta=0.833, blend_alpha=0.600
2025-09-09 19:29:31,010 - __main__ - DEBUG - Step 100/100 - Adaptive weights: mi_beta=0.467, tc_beta=0.133, dw_beta=0.833, blend_alpha=0.600
2025-09-09 19:29:32,513 - __main__ - DEBUG - Step 100/100 - Adaptive weights: mi_beta=0.467, tc_beta=0.133, dw_beta=0.833, blend_alpha=0.600
2025-09-09 19:29:33,986 - __main__ - DEBUG - Step 100/100 - Adaptive weights: mi_beta=0.467, tc_beta=0.133, dw_beta=0.833, blend_alpha=0.600
2025-09-09 19:29:35,284 - __main__ - DEBUG - Step 100/100 - Adaptive weights: mi_beta=0.467, tc_beta=0.133, dw_beta=0.833, blend_alpha=0.600
2025-09-09 19:29:36,885 - __main__ - DEBUG - Step 100/100 - Adaptive weights: mi_beta=0.467, tc_beta=0.133, dw_beta=0.833, blend_alpha=0.600
2025-09-09 19:29:38,399 - __main__ - DEBUG - Step 100/100 - Adaptive weights: mi_beta=0.467, tc_beta=0.133, dw_beta=0.833, blend_alpha=0.600
2025-09-09 19:29:39,930 - __main__ - DEBUG - Step 100/100 - Adaptive weights: mi_beta=0.467, tc_beta=0.133, dw_beta=0.833, blend_alpha=0.600
2025-09-09 19:29:41,480 - __main__ - DEBUG - Step 100/100 - Adaptive weights: mi_beta=0.467, tc_beta=0.133, dw_beta=0.833, blend_alpha=0.600
2025-09-09 19:29:43,073 - __main__ - DEBUG - Step 100/100 - Adaptive weights: mi_beta=0.467, tc_beta=0.133, dw_beta=0.833, blend_alpha=0.600
2025-09-09 19:29:44,494 - __main__ - DEBUG - Step 100/100 - Adaptive weights: mi_beta=0.467, tc_beta=0.133, dw_beta=0.833, blend_alpha=0.600
2025-09-09 19:29:45,936 - __main__ - DEBUG - Step 100/100 - Adaptive weights: mi_beta=0.467, tc_beta=0.133, dw_beta=0.833, blend_alpha=0.600
2025-09-09 19:29:47,378 - __main__ - DEBUG - Step 100/100 - Adaptive weights: mi_beta=0.467, tc_beta=0.133, dw_beta=0.833, blend_alpha=0.600
2025-09-09 19:29:48,795 - __main__ - DEBUG - Step 100/100 - Adaptive weights: mi_beta=0.467, tc_beta=0.133, dw_beta=0.833, blend_alpha=0.600
2025-09-09 19:29:49,651 - __main__ - DEBUG - Step 100/100 - Adaptive weights: mi_beta=0.467, tc_beta=0.133, dw_beta=0.833, blend_alpha=0.600
2025-09-09 19:29:49,651 - __main__ - INFO - 
=== Epoch 1/1 Summary ===
2025-09-09 19:29:49,651 - __main__ - INFO - Average Train Loss: 3746.450 | Average Test Loss: 2594.169
2025-09-09 19:29:49,651 - __main__ - INFO - Current KL Betas: mi=0.467, tc=0.133, dw=0.833, blend_alpha=0.600
2025-09-09 19:29:49,652 - __main__ - INFO - Global Step: 100/100 (100.0%)
2025-09-09 19:29:49,652 - __main__ - INFO - Final Training Batch Details:
2025-09-09 19:29:49,652 - __main__ - INFO -   Raw Losses: hero_loc: 2.701 | occupy: 1640.595 | bag: 393.297 | stats: 68.069 | msg: 24.751 | ego_char: 25.951 | ego_color: 112.213 | ego_class: 29.059 | passability: 0.594 | reward: 32.777 | done: 0.010 | value_k: 5.387 | safety: 0.667 | goal: 0.312 | forward: 42.701 | inverse: 2.902
2025-09-09 19:29:49,652 - __main__ - INFO - Final Testing Batch Details:
2025-09-09 19:29:49,652 - __main__ - INFO -   Raw Losses: hero_loc: 2.216 | occupy: 1557.304 | bag: 373.216 | stats: 68.272 | msg: 31.008 | ego_char: 25.971 | ego_color: 98.399 | ego_class: 29.915 | passability: 0.587 | reward: 16.431 | done: 0.010 | value_k: 2.255 | safety: 0.665 | goal: 0.095 | forward: 26.822 | inverse: 3.110
2025-09-09 19:29:49,653 - __main__ - INFO - Variance of model output (mu): 0.0821, 0.0726, 0.1065, 0.1060, 0.0721, 0.0908, 0.1042, 0.1086, 0.1970, 0.1069, 0.0890, 0.1103, 0.0969, 0.0862, 0.1661, 0.0994, 0.0562, 0.0640, 0.0723, 0.0790, 0.0681, 0.0710, 0.0562, 0.0633, 0.0820, 0.0647, 0.0818, 0.0855, 0.0587, 0.0701, 0.0626, 0.0655, 0.0687, 0.0666, 0.0676, 0.0839, 0.0566, 0.0782, 0.0650, 0.0592, 0.0671, 0.0680, 0.0830, 0.0902, 0.0784, 0.0724, 0.0624, 0.0601, 0.0776, 0.0709, 0.0724, 0.0756, 0.0771, 0.0689, 0.0671, 0.0708, 0.0700, 0.0775, 0.0697, 0.0699, 0.0677, 0.0709, 0.0788, 0.0791, 0.0684, 0.0661, 0.0684, 0.0704, 0.0747, 0.0736, 0.0679, 0.0751, 0.0832, 0.0712, 0.0819, 0.0671, 0.0723, 0.0812, 0.0780, 0.0749, 0.0709, 0.0755, 0.0622, 0.0724, 0.0756, 0.0784, 0.0822, 0.0710, 0.0699, 0.0925, 0.0656, 0.0870, 0.0651, 0.0779, 0.0662, 0.0857
2025-09-09 19:29:49,653 - __main__ - INFO - Per-dim KL: 1.4775, 1.0145, 4.8125, 3.9991, 0.8710, 3.1903, 1.4685, 7.4666, 14.6780, 0.8569, 1.5621, 2.3479, 0.7946, 1.2856, 5.6899, 2.0279, 0.6134, 0.6853, 0.6669, 0.6947, 0.6405, 0.4486, 0.4963, 0.6687, 0.5760, 0.7086, 0.3454, 0.7133, 0.5504, 0.5241, 0.5658, 0.5439, 0.4902, 0.4468, 0.6871, 0.4855, 0.7252, 0.4367, 0.6615, 0.5785, 0.6434, 0.7209, 0.4566, 0.5692, 0.7167, 0.6458, 0.7757, 0.7235, 0.4934, 0.5598, 0.6814, 0.4735, 0.5868, 0.6496, 0.5796, 0.4051, 0.7326, 0.5528, 0.6601, 0.6033, 0.7200, 0.7251, 0.6736, 0.6604, 0.6571, 0.5599, 0.5214, 0.5328, 0.6535, 0.3105, 0.7397, 0.4725, 0.5866, 0.6112, 0.4943, 0.7393, 0.6145, 0.5885, 0.5421, 0.6675, 0.4995, 0.6132, 0.5625, 0.6246, 0.7207, 0.4973, 0.6596, 0.6139, 0.5406, 0.5871, 0.5089, 0.4048, 0.7131, 0.5616, 0.7173, 0.5377
2025-09-09 19:29:49,653 - __main__ - INFO - Eigenvalues of latent space: 0.5118, 0.4539, 0.3842, 0.3730, 0.3455, 0.3357, 0.3302, 0.3137, 0.2956, 0.2889, 0.2868, 0.2834, 0.2719, 0.2638, 0.2609, 0.2485, 0.2457, 0.2387, 0.2341, 0.2303, 0.2238, 0.2192, 0.2161, 0.2116, 0.2081, 0.2066, 0.2033, 0.1984, 0.1942, 0.1906, 0.1863, 0.1833, 0.1772, 0.1758, 0.1731, 0.1714, 0.1671, 0.1666, 0.1650, 0.1595, 0.1570, 0.1541, 0.1506, 0.1492, 0.1477, 0.1447, 0.1432, 0.1412, 0.1396, 0.1382, 0.1369, 0.1358, 0.1330, 0.1309, 0.1299, 0.1256, 0.1237, 0.1231, 0.1216, 0.1201, 0.1188, 0.1175, 0.1152, 0.1139, 0.1108, 0.1091, 0.1071, 0.1041, 0.1035, 0.1017, 0.1015, 0.1006, 0.0995, 0.0973, 0.0957, 0.0940, 0.0922, 0.0919, 0.0901, 0.0889, 0.0875, 0.0854, 0.0847, 0.0838, 0.0824, 0.0814, 0.0801, 0.0791, 0.0772, 0.0767, 0.0728, 0.0723, 0.0709, 0.0678, 0.0658, 0.0642
2025-09-09 19:29:49,653 - __main__ - INFO - KL Eigenvalues: 0.0908, 0.1219, 0.1704, 0.1796, 0.2042, 0.2136, 0.2192, 0.2365, 0.2572, 0.2653, 0.2679, 0.2721, 0.2872, 0.2982, 0.3022, 0.3204, 0.3247, 0.3356, 0.3430, 0.3493, 0.3604, 0.3684, 0.3740, 0.3823, 0.3888, 0.3918, 0.3982, 0.4078, 0.4165, 0.4241, 0.4332, 0.4399, 0.4538, 0.4570, 0.4635, 0.4677, 0.4782, 0.4794, 0.4835, 0.4976, 0.5043, 0.5121, 0.5217, 0.5258, 0.5300, 0.5389, 0.5432, 0.5495, 0.5543, 0.5585, 0.5629, 0.5661, 0.5753, 0.5822, 0.5854, 0.6001, 0.6069, 0.6088, 0.6142, 0.6196, 0.6246, 0.6293, 0.6382, 0.6432, 0.6553, 0.6621, 0.6704, 0.6832, 0.6859, 0.6939, 0.6944, 0.6987, 0.7037, 0.7136, 0.7213, 0.7294, 0.7381, 0.7396, 0.7483, 0.7544, 0.7619, 0.7727, 0.7768, 0.7814, 0.7891, 0.7949, 0.8020, 0.8079, 0.8192, 0.8225, 0.8467, 0.8498, 0.8585, 0.8798, 0.8934, 0.9052
2025-09-09 19:29:49,653 - __main__ - INFO - Variance explained by eigenvalues: 0.0319, 0.0603, 0.0842, 0.1075, 0.1291, 0.1500, 0.1706, 0.1902, 0.2086, 0.2267, 0.2446, 0.2622, 0.2792, 0.2957, 0.3120, 0.3275, 0.3428, 0.3577, 0.3723, 0.3867, 0.4006, 0.4143, 0.4278, 0.4410, 0.4540, 0.4669, 0.4796, 0.4919, 0.5041, 0.5160, 0.5276, 0.5390, 0.5501, 0.5611, 0.5719, 0.5825, 0.5930, 0.6034, 0.6137, 0.6236, 0.6334, 0.6430, 0.6524, 0.6617, 0.6710, 0.6800, 0.6889, 0.6977, 0.7064, 0.7151, 0.7236, 0.7321, 0.7404, 0.7486, 0.7567, 0.7645, 0.7722, 0.7799, 0.7875, 0.7950, 0.8024, 0.8097, 0.8169, 0.8240, 0.8309, 0.8378, 0.8444, 0.8509, 0.8574, 0.8637, 0.8701, 0.8763, 0.8826, 0.8886, 0.8946, 0.9005, 0.9062, 0.9119, 0.9176, 0.9231, 0.9286, 0.9339, 0.9392, 0.9444, 0.9496, 0.9546, 0.9596, 0.9646, 0.9694, 0.9742, 0.9787, 0.9832, 0.9877, 0.9919, 0.9960, 1.0000
2025-09-09 19:29:49,653 - __main__ - INFO - ==================================================
2025-09-09 19:29:49,654 - __main__ - INFO - 
✅ MultiModalVAE training completed!
2025-09-09 19:29:49,654 - __main__ - INFO -   - Completed all 1 epochs
2025-09-09 19:29:49,654 - __main__ - INFO -   - Final train loss: 3746.4500
2025-09-09 19:29:49,654 - __main__ - INFO -   - Final test loss: 2594.1687
2025-09-09 19:29:49,678 - __main__ - INFO - 💾 Model saved locally: checkpoints_hmm/vae_hmm_round2_temp.pth
2025-09-09 19:29:50,541 - __main__ - DEBUG - 🗑️  Removed temporary file: checkpoints_hmm/vae_hmm_round2_temp.pth
2025-09-09 19:29:50,542 - __main__ - INFO - ✅ M-step completed: final_train_loss=3746.4500, final_test_loss=2594.1687
2025-09-09 19:29:50,569 - __main__ - INFO - 💾 Saved VAE+HMM → checkpoints_hmm/vae_with_hmm_round2.pt
2025-09-09 19:29:50,569 - __main__ - INFO - 🤗 Uploading VAE+HMM round 2 to HuggingFace: CatkinChen/nethack-vae-hmm
2025-09-09 19:29:55,625 - huggingface_hub.hf_api - WARNING - No files have been modified since last commit. Skipping to prevent empty commit.
2025-09-09 19:30:00,478 - __main__ - INFO - ✅ VAE+HMM uploaded to: https://huggingface.co/CatkinChen/nethack-vae-hmm
2025-09-09 19:30:04,743 - __main__ - INFO - ========== EM Round 3/4: E-step ==========
2025-09-09 19:30:04,743 - __main__ - INFO -    - Continuing HMM from previous round with no reset
2025-09-09 19:30:04,744 - __main__ - INFO -      use streaming_rho_niw: 1.0, streaming_rho_trans: 0.5
2025-09-09 19:30:59,133 - __main__ - DEBUG - Initial ELBO: -28016095.4244
2025-09-09 19:30:59,133 - __main__ - DEBUG - Relative tol: 0.0100
2025-09-09 19:30:59,133 - __main__ - DEBUG - Relative elbo_drop_tol: 0.0100
2025-09-09 19:30:59,133 - __main__ - DEBUG - - Init -118.0441
2025-09-09 19:30:59,133 - __main__ - DEBUG - - Trans -12878.4470
2025-09-09 19:30:59,133 - __main__ - DEBUG - - Emit -27962440.8750
2025-09-09 19:30:59,133 - __main__ - DEBUG - - Entropy 0.0439
2025-09-09 19:30:59,133 - __main__ - DEBUG - - Dir -1350.9404
2025-09-09 19:30:59,133 - __main__ - DEBUG - - NIW -39292.4062
2025-09-09 19:30:59,133 - __main__ - DEBUG - - Beta prior -14.7555
2025-09-09 19:31:43,753 - __main__ - DEBUG - Iter 0: ELBO after FB: -28016095.4244 (LL -27975437.3222, Δ=0.0000)
2025-09-09 19:31:43,754 - __main__ - DEBUG - Blending stats with ρ_niw=1.0000, ρ_tr=0.5000.
2025-09-09 19:31:43,791 - __main__ - DEBUG - Iter 0: ELBO after NIW update: -1283962.4694 (Emit LL -1245780.4707, NIW term -23819.8555, Δ=26732132.9551)
2025-09-09 19:31:43,829 - __main__ - DEBUG - Iter 0: ELBO after Dirichlet update: -1271022.3995 (Trans LL -143.9035, Dir term -1145.4141, Δ=12940.0699)
2025-09-09 19:32:28,559 - __main__ - DEBUG - Iter 1: ELBO after FB: -1271021.5221 (LL -1246041.4970, Δ=0.8774)
2025-09-09 19:32:28,559 - __main__ - DEBUG - Blending stats with ρ_niw=1.0000, ρ_tr=0.5000.
2025-09-09 19:32:28,596 - __main__ - DEBUG - Iter 1: ELBO after NIW update: -1271020.3385 (Emit LL -1245778.9062, NIW term -23819.3477, Δ=1.1836)
2025-09-09 19:32:28,634 - __main__ - DEBUG - Iter 1: ELBO after Dirichlet update: -1271020.2262 (Trans LL -143.8753, Dir term -1145.3018, Δ=0.1123)
2025-09-09 19:32:28,635 - __main__ - DEBUG - Early stopping: ELBO improvement 2.1733 < tolerance
2025-09-09 19:33:21,423 - __main__ - INFO - [E-step] Multi-batch 1/1 (x100 batches) - HMM Diagnostics:
2025-09-09 19:33:21,423 - __main__ - INFO -   - Avg log-likelihood per step: -13.4515
2025-09-09 19:33:21,424 - __main__ - INFO -   - Inner ELBO (final): -1271020.2262
2025-09-09 19:33:21,424 - __main__ - INFO -   - ELBO progression (2 iters): [-1271022.38, -1271020.25] (Δ=2.1250)
2025-09-09 19:33:21,424 - __main__ - INFO -   - Effective number of skills: 1.00
2025-09-09 19:33:21,424 - __main__ - INFO -   - State entropy: 0.000
2025-09-09 19:33:21,424 - __main__ - INFO -   - Transition stickiness: 0.869
2025-09-09 19:33:21,424 - __main__ - INFO -   - Top 5 skills: [7, 28, 11, 19, 17] (probs: ['1.000', '0.000', '0.000', '0.000', '0.000'])
2025-09-09 19:33:21,424 - __main__ - INFO -   - Combined time length: 3200 (original T=32, multiples=100)
2025-09-09 19:33:21,428 - __main__ - INFO - 🔍 Computing HMM diagnostics...
2025-09-09 19:34:26,666 - __main__ - INFO - 📊 HMM Diagnostics for Round 3:
2025-09-09 19:34:26,668 - __main__ - INFO -   - Avg log-likelihood per step: -13.5770
2025-09-09 19:34:26,668 - __main__ - INFO -   - State entropy: 0.0031
2025-09-09 19:34:26,668 - __main__ - INFO -   - Effective number of skills: 1.01
2025-09-09 19:34:26,668 - __main__ - INFO -   - Transition stickiness (diag): 0.8690
2025-09-09 19:34:26,668 - __main__ - INFO -   - Top 5 skill occupancies: [0.99937903881073, 0.0002469039463903755, 0.00012686484842561185, 4.393935887492262e-05, 3.903611286659725e-05]
2025-09-09 19:34:26,668 - __main__ - INFO -   - Top 5 skill indices: [7, 28, 11, 19, 17]
2025-09-09 19:34:26,669 - __main__ - INFO -     - Skill 7: emp= 28.95  E[1/(1-p)]:596.54  p_stay=0.998
2025-09-09 19:34:26,669 - __main__ - INFO -     - Skill 37: emp=  0.00  E[1/(1-p)]:293.37  p_stay=0.997
2025-09-09 19:34:26,669 - __main__ - INFO -     - Skill 38: emp=  0.00  E[1/(1-p)]: 53.37  p_stay=0.981
2025-09-09 19:34:26,669 - __main__ - INFO -     - Skill 25: emp=  0.00  E[1/(1-p)]: 40.54  p_stay=0.975
2025-09-09 19:34:26,669 - __main__ - INFO -     - Skill 21: emp=  0.00  E[1/(1-p)]: 39.81  p_stay=0.975
2025-09-09 19:34:26,669 - __main__ - INFO - 🖼️  Rendering HMM visualizations for round 3
2025-09-09 19:35:36,690 - __main__ - INFO - 💾 Saved HMM posterior → checkpoints_hmm/hmm_round3.pt
2025-09-09 19:35:36,690 - __main__ - INFO - 🤗 Uploading HMM round 3 to HuggingFace: CatkinChen/nethack-hmm
2025-09-09 19:35:41,541 - __main__ - INFO - ✅ HMM uploaded to: https://huggingface.co/CatkinChen/nethack-hmm
2025-09-09 19:35:41,541 - __main__ - INFO - ========== EM Round 3/4: M-step ==========
2025-09-09 19:35:41,542 - __main__ - INFO - 🔧 Fine-tuning VAE with HMM prior for 1 epochs...
2025-09-09 19:35:41,542 - __main__ - INFO - 📊 M-step 3 parameter schedule:
2025-09-09 19:35:41,542 - __main__ - INFO -   - prior_blend_alpha: 0.600 → 1.000 (cosine)
2025-09-09 19:35:41,542 - __main__ - INFO -   - mi_beta: 0.467 → 0.600 (linear)
2025-09-09 19:35:41,542 - __main__ - INFO -   - tc_beta: 0.133 → 0.200 (linear)
2025-09-09 19:35:41,542 - __main__ - INFO -   - dw_beta: 0.833 → 1.000 (linear)
2025-09-09 19:35:42,417 - __main__ - INFO - Weights & Biases initialized
2025-09-09 19:35:42,418 - __main__ - INFO - 🔥Training MultiModalHackVAE with 100 train batches, 20 test batches
2025-09-09 19:35:42,418 - __main__ - INFO -    Epochs: 1
2025-09-09 19:35:42,418 - __main__ - INFO -    Batch size: 32
2025-09-09 19:35:42,418 - __main__ - INFO -    Sequence size: 32
2025-09-09 19:35:42,418 - __main__ - INFO -    Device: cuda
2025-09-09 19:35:42,418 - __main__ - INFO -    Mixed Precision: BF16 = False
2025-09-09 19:35:42,419 - __main__ - INFO -    LR Scheduler: constant
2025-09-09 19:35:42,419 - __main__ - INFO -    Shuffle batches: True
2025-09-09 19:35:42,419 - __main__ - INFO -    Shuffle within batch: False
2025-09-09 19:35:42,419 - __main__ - INFO -    VAE Configuration:
2025-09-09 19:35:42,419 - __main__ - INFO -      - Latent dimension: 96
2025-09-09 19:35:42,419 - __main__ - INFO -      - Encoder dropout: 0.1
2025-09-09 19:35:42,419 - __main__ - INFO -      - Decoder dropout: 0.1
2025-09-09 19:35:42,419 - __main__ - INFO -    Adaptive Loss Weighting:
2025-09-09 19:35:42,419 - __main__ - INFO -      - MI beta: 0.467 → 0.600
2025-09-09 19:35:42,419 - __main__ - INFO -      - TC beta: 0.133 → 0.200
2025-09-09 19:35:42,419 - __main__ - INFO -      - DW beta: 0.833 → 1.000
2025-09-09 19:35:42,419 - __main__ - INFO -      - Blend alpha: 0.600 → 1.000
2025-09-09 19:35:42,420 - __main__ - INFO -      - Warmup epochs: 0 out of 1 total epochs
2025-09-09 19:35:42,420 - __main__ - INFO -    Free bits: 0.75
2025-09-09 19:35:42,420 - __main__ - INFO -    Focal loss: alpha=0.5, gamma=2.0
2025-09-09 19:35:42,420 - __main__ - INFO -    Early Stopping:
2025-09-09 19:35:42,420 - __main__ - INFO -      - Enabled: False
2025-09-09 19:35:42,420 - __main__ - INFO -    HMM Prior: Enabled
2025-09-09 19:35:42,451 - __main__ - INFO - 🔧 Using FP32 precision training
2025-09-09 19:35:42,452 - __main__ - INFO - Model has latent dimension: 96
2025-09-09 19:35:42,452 - __main__ - INFO - 🎯 Starting training for 1 epochs (starting from epoch 0)...
2025-09-09 19:35:42,453 - __main__ - INFO -    Total training steps: 100
2025-09-09 19:35:42,453 - __main__ - INFO -    Warmup steps: 20
2025-09-09 19:35:42,453 - __main__ - INFO - 🎯 Epoch 1/1 - Starting epoch...
2025-09-09 19:35:42,454 - __main__ - DEBUG - Shuffled 100 training batches for epoch 1
2025-09-09 19:35:42,454 - __main__ - DEBUG - Shuffled 20 testing batches for epoch 1
2025-09-09 19:35:43,025 - __main__ - DEBUG - Step 0/100 - Adaptive weights: mi_beta=0.467, tc_beta=0.133, dw_beta=0.833, blend_alpha=0.600
2025-09-09 19:38:53,395 - __main__ - DEBUG - Step 100/100 - Adaptive weights: mi_beta=0.600, tc_beta=0.200, dw_beta=1.000, blend_alpha=1.000
2025-09-09 19:38:54,925 - __main__ - DEBUG - Step 100/100 - Adaptive weights: mi_beta=0.600, tc_beta=0.200, dw_beta=1.000, blend_alpha=1.000
2025-09-09 19:38:56,455 - __main__ - DEBUG - Step 100/100 - Adaptive weights: mi_beta=0.600, tc_beta=0.200, dw_beta=1.000, blend_alpha=1.000
2025-09-09 19:38:57,982 - __main__ - DEBUG - Step 100/100 - Adaptive weights: mi_beta=0.600, tc_beta=0.200, dw_beta=1.000, blend_alpha=1.000
2025-09-09 19:38:59,473 - __main__ - DEBUG - Step 100/100 - Adaptive weights: mi_beta=0.600, tc_beta=0.200, dw_beta=1.000, blend_alpha=1.000
2025-09-09 19:39:01,066 - __main__ - DEBUG - Step 100/100 - Adaptive weights: mi_beta=0.600, tc_beta=0.200, dw_beta=1.000, blend_alpha=1.000
2025-09-09 19:39:02,589 - __main__ - DEBUG - Step 100/100 - Adaptive weights: mi_beta=0.600, tc_beta=0.200, dw_beta=1.000, blend_alpha=1.000
2025-09-09 19:39:04,132 - __main__ - DEBUG - Step 100/100 - Adaptive weights: mi_beta=0.600, tc_beta=0.200, dw_beta=1.000, blend_alpha=1.000
2025-09-09 19:39:05,638 - __main__ - DEBUG - Step 100/100 - Adaptive weights: mi_beta=0.600, tc_beta=0.200, dw_beta=1.000, blend_alpha=1.000
2025-09-09 19:39:07,123 - __main__ - DEBUG - Step 100/100 - Adaptive weights: mi_beta=0.600, tc_beta=0.200, dw_beta=1.000, blend_alpha=1.000
2025-09-09 19:39:08,419 - __main__ - DEBUG - Step 100/100 - Adaptive weights: mi_beta=0.600, tc_beta=0.200, dw_beta=1.000, blend_alpha=1.000
2025-09-09 19:39:10,028 - __main__ - DEBUG - Step 100/100 - Adaptive weights: mi_beta=0.600, tc_beta=0.200, dw_beta=1.000, blend_alpha=1.000
2025-09-09 19:39:11,558 - __main__ - DEBUG - Step 100/100 - Adaptive weights: mi_beta=0.600, tc_beta=0.200, dw_beta=1.000, blend_alpha=1.000
2025-09-09 19:39:13,112 - __main__ - DEBUG - Step 100/100 - Adaptive weights: mi_beta=0.600, tc_beta=0.200, dw_beta=1.000, blend_alpha=1.000
2025-09-09 19:39:14,693 - __main__ - DEBUG - Step 100/100 - Adaptive weights: mi_beta=0.600, tc_beta=0.200, dw_beta=1.000, blend_alpha=1.000
2025-09-09 19:39:16,290 - __main__ - DEBUG - Step 100/100 - Adaptive weights: mi_beta=0.600, tc_beta=0.200, dw_beta=1.000, blend_alpha=1.000
2025-09-09 19:39:17,747 - __main__ - DEBUG - Step 100/100 - Adaptive weights: mi_beta=0.600, tc_beta=0.200, dw_beta=1.000, blend_alpha=1.000
2025-09-09 19:39:19,228 - __main__ - DEBUG - Step 100/100 - Adaptive weights: mi_beta=0.600, tc_beta=0.200, dw_beta=1.000, blend_alpha=1.000
2025-09-09 19:39:20,712 - __main__ - DEBUG - Step 100/100 - Adaptive weights: mi_beta=0.600, tc_beta=0.200, dw_beta=1.000, blend_alpha=1.000
2025-09-09 19:39:22,171 - __main__ - DEBUG - Step 100/100 - Adaptive weights: mi_beta=0.600, tc_beta=0.200, dw_beta=1.000, blend_alpha=1.000
2025-09-09 19:39:23,034 - __main__ - DEBUG - Step 100/100 - Adaptive weights: mi_beta=0.600, tc_beta=0.200, dw_beta=1.000, blend_alpha=1.000
2025-09-09 19:39:23,035 - __main__ - INFO - 
=== Epoch 1/1 Summary ===
2025-09-09 19:39:23,035 - __main__ - INFO - Average Train Loss: 3872.590 | Average Test Loss: 2683.743
2025-09-09 19:39:23,035 - __main__ - INFO - Current KL Betas: mi=0.600, tc=0.200, dw=1.000, blend_alpha=1.000
2025-09-09 19:39:23,035 - __main__ - INFO - Global Step: 100/100 (100.0%)
2025-09-09 19:39:23,035 - __main__ - INFO - Final Training Batch Details:
2025-09-09 19:39:23,035 - __main__ - INFO -   Raw Losses: hero_loc: 3.020 | occupy: 1643.106 | bag: 414.717 | stats: 75.818 | msg: 24.370 | ego_char: 25.782 | ego_color: 163.316 | ego_class: 29.924 | passability: 0.598 | reward: 32.475 | done: 0.017 | value_k: 5.368 | safety: 0.667 | goal: 0.325 | forward: 41.888 | inverse: 2.922
2025-09-09 19:39:23,035 - __main__ - INFO - Final Testing Batch Details:
2025-09-09 19:39:23,036 - __main__ - INFO -   Raw Losses: hero_loc: 2.402 | occupy: 1571.129 | bag: 387.693 | stats: 78.792 | msg: 30.614 | ego_char: 25.003 | ego_color: 146.167 | ego_class: 30.671 | passability: 0.585 | reward: 16.388 | done: 0.016 | value_k: 2.267 | safety: 0.664 | goal: 0.091 | forward: 28.380 | inverse: 3.140
2025-09-09 19:39:23,036 - __main__ - INFO - Variance of model output (mu): 0.0960, 0.0737, 0.1055, 0.1065, 0.1641, 0.0840, 0.0904, 0.0802, 0.1134, 0.1014, 0.0849, 0.0891, 0.1251, 0.1097, 0.0952, 0.1072, 0.0648, 0.0607, 0.0936, 0.0713, 0.0712, 0.0842, 0.0755, 0.0725, 0.0580, 0.0706, 0.0652, 0.0652, 0.0626, 0.0599, 0.0649, 0.0676, 0.0734, 0.0712, 0.0763, 0.0765, 0.0617, 0.0688, 0.0702, 0.0593, 0.0677, 0.0682, 0.0596, 0.0809, 0.0737, 0.0614, 0.0726, 0.0732, 0.0656, 0.0635, 0.0725, 0.0543, 0.0704, 0.0669, 0.0847, 0.0723, 0.0672, 0.0617, 0.0659, 0.0697, 0.0732, 0.0707, 0.0743, 0.0723, 0.0622, 0.0835, 0.0645, 0.0811, 0.0678, 0.0764, 0.0909, 0.0830, 0.0652, 0.0588, 0.0717, 0.0693, 0.0720, 0.0691, 0.0655, 0.0595, 0.0776, 0.0710, 0.0649, 0.0644, 0.0735, 0.0807, 0.0656, 0.0851, 0.0701, 0.0699, 0.0770, 0.0858, 0.0739, 0.0760, 0.0745, 0.0729
2025-09-09 19:39:23,036 - __main__ - INFO - Per-dim KL: 3.4093, 1.2946, 5.3330, 2.0184, 4.4038, 1.1728, 2.2171, 1.2042, 1.4444, 1.5732, 1.2067, 0.7884, 8.2293, 5.9346, 1.1639, 1.4898, 0.5917, 0.5392, 0.5752, 0.5069, 0.4122, 0.3890, 0.3721, 0.4945, 0.5562, 0.3465, 0.5268, 0.3716, 0.4879, 0.4650, 0.3823, 0.5080, 0.5035, 0.4528, 0.4453, 0.4431, 0.6514, 0.4966, 0.3532, 0.5398, 0.5937, 0.3107, 0.6398, 0.4957, 0.5808, 0.5603, 0.3628, 0.4899, 0.5983, 0.5246, 0.5419, 0.5640, 0.6409, 0.5365, 0.6578, 0.5391, 0.6258, 0.6331, 0.5782, 0.5394, 0.5865, 0.5875, 0.5498, 0.5655, 0.3793, 0.3400, 0.5392, 0.3441, 0.3754, 0.5239, 0.4316, 0.4750, 0.4838, 0.5291, 0.5130, 0.5628, 0.5718, 0.6925, 0.5960, 0.3869, 0.5617, 0.5469, 0.5030, 0.5792, 0.4051, 0.4870, 0.5585, 0.4593, 0.4340, 0.4711, 0.6276, 0.4425, 0.5314, 0.4409, 0.5142, 0.4923
2025-09-09 19:39:23,036 - __main__ - INFO - Eigenvalues of latent space: 0.4607, 0.4294, 0.4082, 0.3812, 0.3536, 0.3514, 0.3284, 0.3240, 0.3175, 0.3064, 0.2988, 0.2839, 0.2772, 0.2737, 0.2588, 0.2572, 0.2494, 0.2454, 0.2418, 0.2328, 0.2285, 0.2241, 0.2206, 0.2180, 0.2149, 0.2120, 0.2048, 0.1989, 0.1965, 0.1952, 0.1899, 0.1844, 0.1797, 0.1755, 0.1732, 0.1725, 0.1696, 0.1665, 0.1651, 0.1620, 0.1599, 0.1564, 0.1524, 0.1514, 0.1496, 0.1463, 0.1450, 0.1424, 0.1405, 0.1394, 0.1372, 0.1353, 0.1346, 0.1319, 0.1301, 0.1284, 0.1236, 0.1230, 0.1220, 0.1209, 0.1194, 0.1180, 0.1170, 0.1156, 0.1150, 0.1126, 0.1106, 0.1088, 0.1065, 0.1043, 0.1032, 0.1024, 0.1015, 0.0996, 0.0985, 0.0980, 0.0961, 0.0952, 0.0947, 0.0928, 0.0918, 0.0898, 0.0888, 0.0883, 0.0870, 0.0844, 0.0823, 0.0817, 0.0797, 0.0783, 0.0756, 0.0738, 0.0719, 0.0705, 0.0666, 0.0653
2025-09-09 19:39:23,036 - __main__ - INFO - KL Eigenvalues: 0.1179, 0.1374, 0.1521, 0.1728, 0.1966, 0.1987, 0.2210, 0.2255, 0.2324, 0.2446, 0.2534, 0.2715, 0.2801, 0.2847, 0.3052, 0.3075, 0.3190, 0.3252, 0.3308, 0.3452, 0.3524, 0.3598, 0.3660, 0.3706, 0.3762, 0.3816, 0.3953, 0.4069, 0.4119, 0.4144, 0.4257, 0.4375, 0.4482, 0.4578, 0.4632, 0.4649, 0.4720, 0.4796, 0.4831, 0.4911, 0.4966, 0.5059, 0.5168, 0.5196, 0.5246, 0.5343, 0.5380, 0.5457, 0.5514, 0.5549, 0.5619, 0.5679, 0.5702, 0.5790, 0.5847, 0.5907, 0.6070, 0.6091, 0.6128, 0.6170, 0.6225, 0.6277, 0.6313, 0.6367, 0.6390, 0.6483, 0.6561, 0.6634, 0.6732, 0.6825, 0.6870, 0.6904, 0.6946, 0.7029, 0.7081, 0.7106, 0.7190, 0.7233, 0.7260, 0.7348, 0.7399, 0.7499, 0.7552, 0.7578, 0.7644, 0.7782, 0.7901, 0.7932, 0.8045, 0.8126, 0.8292, 0.8401, 0.8521, 0.8614, 0.8879, 0.8973
2025-09-09 19:39:23,037 - __main__ - INFO - Variance explained by eigenvalues: 0.0283, 0.0546, 0.0797, 0.1031, 0.1248, 0.1464, 0.1666, 0.1865, 0.2059, 0.2248, 0.2431, 0.2605, 0.2776, 0.2944, 0.3103, 0.3260, 0.3414, 0.3564, 0.3713, 0.3856, 0.3996, 0.4134, 0.4269, 0.4403, 0.4535, 0.4665, 0.4791, 0.4913, 0.5033, 0.5153, 0.5270, 0.5383, 0.5493, 0.5601, 0.5707, 0.5813, 0.5917, 0.6020, 0.6121, 0.6221, 0.6319, 0.6415, 0.6508, 0.6601, 0.6693, 0.6783, 0.6872, 0.6959, 0.7046, 0.7131, 0.7216, 0.7299, 0.7381, 0.7462, 0.7542, 0.7621, 0.7697, 0.7772, 0.7847, 0.7921, 0.7995, 0.8067, 0.8139, 0.8210, 0.8280, 0.8350, 0.8418, 0.8484, 0.8550, 0.8614, 0.8677, 0.8740, 0.8802, 0.8864, 0.8924, 0.8984, 0.9043, 0.9102, 0.9160, 0.9217, 0.9273, 0.9328, 0.9383, 0.9437, 0.9490, 0.9542, 0.9593, 0.9643, 0.9692, 0.9740, 0.9786, 0.9832, 0.9876, 0.9919, 0.9960, 1.0000
2025-09-09 19:39:23,037 - __main__ - INFO - ==================================================
2025-09-09 19:39:23,037 - __main__ - INFO - 
✅ MultiModalVAE training completed!
2025-09-09 19:39:23,037 - __main__ - INFO -   - Completed all 1 epochs
2025-09-09 19:39:23,037 - __main__ - INFO -   - Final train loss: 3872.5904
2025-09-09 19:39:23,037 - __main__ - INFO -   - Final test loss: 2683.7430
2025-09-09 19:39:23,059 - __main__ - INFO - 💾 Model saved locally: checkpoints_hmm/vae_hmm_round3_temp.pth
2025-09-09 19:39:24,023 - __main__ - DEBUG - 🗑️  Removed temporary file: checkpoints_hmm/vae_hmm_round3_temp.pth
2025-09-09 19:39:24,024 - __main__ - INFO - ✅ M-step completed: final_train_loss=3872.5904, final_test_loss=2683.7430
2025-09-09 19:39:24,051 - __main__ - INFO - 💾 Saved VAE+HMM → checkpoints_hmm/vae_with_hmm_round3.pt
2025-09-09 19:39:24,051 - __main__ - INFO - 🤗 Uploading VAE+HMM round 3 to HuggingFace: CatkinChen/nethack-vae-hmm
2025-09-09 19:39:28,721 - huggingface_hub.hf_api - WARNING - No files have been modified since last commit. Skipping to prevent empty commit.
2025-09-09 19:39:38,898 - __main__ - INFO - ✅ VAE+HMM uploaded to: https://huggingface.co/CatkinChen/nethack-vae-hmm
2025-09-09 19:39:42,636 - __main__ - INFO - ========== EM Round 4/4: E-step ==========
2025-09-09 19:39:42,636 - __main__ - INFO -    - Continuing HMM from previous round with no reset
2025-09-09 19:39:42,637 - __main__ - INFO -      use streaming_rho_niw: 1.0, streaming_rho_trans: 0.5
2025-09-09 19:40:37,836 - __main__ - DEBUG - Initial ELBO: -24772944.0147
2025-09-09 19:40:37,836 - __main__ - DEBUG - Relative tol: 0.0100
2025-09-09 19:40:37,836 - __main__ - DEBUG - Relative elbo_drop_tol: 0.0100
2025-09-09 19:40:37,836 - __main__ - DEBUG - - Init -118.0441
2025-09-09 19:40:37,836 - __main__ - DEBUG - - Trans -1857.2703
2025-09-09 19:40:37,836 - __main__ - DEBUG - - Emit -24745700.2500
2025-09-09 19:40:37,836 - __main__ - DEBUG - - Entropy -289.0453
2025-09-09 19:40:37,836 - __main__ - DEBUG - - Dir -1145.3018
2025-09-09 19:40:37,836 - __main__ - DEBUG - - NIW -23819.3477
2025-09-09 19:40:37,837 - __main__ - DEBUG - - Beta prior -14.7555
2025-09-09 19:41:22,996 - __main__ - DEBUG - Iter 0: ELBO after FB: -24772944.0147 (LL -24747964.6098, Δ=0.0000)
2025-09-09 19:41:22,996 - __main__ - DEBUG - Blending stats with ρ_niw=1.0000, ρ_tr=0.5000.
2025-09-09 19:41:23,033 - __main__ - DEBUG - Iter 0: ELBO after NIW update: -1414863.4796 (Emit LL -1349758.1680, NIW term -61680.8945, Δ=23358080.5352)
2025-09-09 19:41:23,071 - __main__ - DEBUG - Iter 0: ELBO after Dirichlet update: -1414546.0487 (Trans LL -1711.4351, Dir term -973.7061, Δ=317.4309)
2025-09-09 19:42:08,169 - __main__ - DEBUG - Iter 1: ELBO after FB: -1358797.8654 (LL -1296128.5093, Δ=55748.1834)
2025-09-09 19:42:08,169 - __main__ - DEBUG - Blending stats with ρ_niw=1.0000, ρ_tr=0.5000.
2025-09-09 19:42:08,207 - __main__ - DEBUG - Iter 1: ELBO after NIW update: -1328554.7990 (Emit LL -1296809.7773, NIW term -30459.1406, Δ=30243.0664)
2025-09-09 19:42:08,244 - __main__ - DEBUG - Iter 1: ELBO after Dirichlet update: -1328462.8547 (Trans LL -139.6448, Dir term -939.9634, Δ=91.9442)
2025-09-09 19:42:53,462 - __main__ - DEBUG - Iter 2: ELBO after FB: -1327396.1559 (LL -1295982.2964, Δ=1066.6989)
2025-09-09 19:42:53,463 - __main__ - DEBUG - Blending stats with ρ_niw=1.0000, ρ_tr=0.5000.
2025-09-09 19:42:53,500 - __main__ - DEBUG - Iter 2: ELBO after NIW update: -1325734.1832 (Emit LL -1297724.0430, NIW term -26798.2734, Δ=1661.9727)
2025-09-09 19:42:53,538 - __main__ - DEBUG - Iter 2: ELBO after Dirichlet update: -1325735.5851 (Trans LL -149.3688, Dir term -939.4941, Δ=-1.4019)
2025-09-09 19:42:53,539 - __main__ - DEBUG - Early stopping: ELBO improvement 2727.2696 < tolerance
2025-09-09 19:43:46,586 - __main__ - INFO - [E-step] Multi-batch 1/1 (x100 batches) - HMM Diagnostics:
2025-09-09 19:43:46,586 - __main__ - INFO -   - Avg log-likelihood per step: -13.9940
2025-09-09 19:43:46,586 - __main__ - INFO -   - Inner ELBO (final): -1325735.5851
2025-09-09 19:43:46,586 - __main__ - INFO -   - ELBO progression (3 iters): [-1414546.00, -1328462.88, -1325735.62] (Δ=88810.3750)
2025-09-09 19:43:46,586 - __main__ - INFO -   - Effective number of skills: 1.00
2025-09-09 19:43:46,586 - __main__ - INFO -   - State entropy: 0.000
2025-09-09 19:43:46,586 - __main__ - INFO -   - Transition stickiness: 0.862
2025-09-09 19:43:46,586 - __main__ - INFO -   - Top 5 skills: [37, 10, 38, 0, 34] (probs: ['1.000', '0.000', '0.000', '0.000', '0.000'])
2025-09-09 19:43:46,586 - __main__ - INFO -   - Combined time length: 3200 (original T=32, multiples=100)
2025-09-09 19:43:46,588 - __main__ - INFO - 🔍 Computing HMM diagnostics...
2025-09-09 19:44:50,977 - __main__ - INFO - 📊 HMM Diagnostics for Round 4:
2025-09-09 19:44:50,977 - __main__ - INFO -   - Avg log-likelihood per step: -14.1196
2025-09-09 19:44:50,977 - __main__ - INFO -   - State entropy: 0.0024
2025-09-09 19:44:50,977 - __main__ - INFO -   - Effective number of skills: 1.01
2025-09-09 19:44:50,977 - __main__ - INFO -   - Transition stickiness (diag): 0.8619
2025-09-09 19:44:50,977 - __main__ - INFO -   - Top 5 skill occupancies: [0.999427855014801, 0.0003973672864958644, 3.780888800974935e-05, 3.3751501177903265e-05, 1.5143697055464145e-05]
2025-09-09 19:44:50,977 - __main__ - INFO -   - Top 5 skill indices: [37, 10, 9, 38, 34]
2025-09-09 19:44:50,978 - __main__ - INFO -     - Skill 37: emp= 28.95  E[1/(1-p)]:1407.01  p_stay=0.999
2025-09-09 19:44:50,978 - __main__ - INFO -     - Skill 7: emp=  0.00  E[1/(1-p)]:559.15  p_stay=0.998
2025-09-09 19:44:50,978 - __main__ - INFO -     - Skill 38: emp=  0.00  E[1/(1-p)]: 47.92  p_stay=0.979
2025-09-09 19:44:50,978 - __main__ - INFO -     - Skill 21: emp=  0.00  E[1/(1-p)]: 31.95  p_stay=0.969
2025-09-09 19:44:50,978 - __main__ - INFO -     - Skill 25: emp=  0.00  E[1/(1-p)]: 30.42  p_stay=0.967
2025-09-09 19:44:50,978 - __main__ - INFO - 🖼️  Rendering HMM visualizations for round 4
2025-09-09 19:46:01,433 - __main__ - INFO - 💾 Saved HMM posterior → checkpoints_hmm/hmm_round4.pt
2025-09-09 19:46:01,433 - __main__ - INFO - 🤗 Uploading HMM round 4 to HuggingFace: CatkinChen/nethack-hmm
2025-09-09 19:46:05,892 - __main__ - INFO - ✅ HMM uploaded to: https://huggingface.co/CatkinChen/nethack-hmm
2025-09-09 19:46:05,892 - __main__ - INFO - ========== EM Round 4/4: M-step ==========
2025-09-09 19:46:05,892 - __main__ - INFO - 🔧 Fine-tuning VAE with HMM prior for 1 epochs...
2025-09-09 19:46:05,893 - __main__ - INFO - 📊 M-step 4 parameter schedule:
2025-09-09 19:46:05,893 - __main__ - INFO -   - prior_blend_alpha: 1.000 → 1.000 (constant)
2025-09-09 19:46:05,893 - __main__ - INFO -   - mi_beta: 0.600 → 0.600 (linear)
2025-09-09 19:46:05,893 - __main__ - INFO -   - tc_beta: 0.200 → 0.200 (linear)
2025-09-09 19:46:05,893 - __main__ - INFO -   - dw_beta: 1.000 → 1.000 (linear)
2025-09-09 19:46:06,591 - __main__ - INFO - Weights & Biases initialized
2025-09-09 19:46:06,591 - __main__ - INFO - 🔥Training MultiModalHackVAE with 100 train batches, 20 test batches
2025-09-09 19:46:06,591 - __main__ - INFO -    Epochs: 1
2025-09-09 19:46:06,591 - __main__ - INFO -    Batch size: 32
2025-09-09 19:46:06,591 - __main__ - INFO -    Sequence size: 32
2025-09-09 19:46:06,591 - __main__ - INFO -    Device: cuda
2025-09-09 19:46:06,591 - __main__ - INFO -    Mixed Precision: BF16 = False
2025-09-09 19:46:06,591 - __main__ - INFO -    LR Scheduler: constant
2025-09-09 19:46:06,591 - __main__ - INFO -    Shuffle batches: True
2025-09-09 19:46:06,592 - __main__ - INFO -    Shuffle within batch: False
2025-09-09 19:46:06,592 - __main__ - INFO -    VAE Configuration:
2025-09-09 19:46:06,592 - __main__ - INFO -      - Latent dimension: 96
2025-09-09 19:46:06,592 - __main__ - INFO -      - Encoder dropout: 0.1
2025-09-09 19:46:06,592 - __main__ - INFO -      - Decoder dropout: 0.1
2025-09-09 19:46:06,592 - __main__ - INFO -    Adaptive Loss Weighting:
2025-09-09 19:46:06,592 - __main__ - INFO -      - MI beta: 0.600 → 0.600
2025-09-09 19:46:06,592 - __main__ - INFO -      - TC beta: 0.200 → 0.200
2025-09-09 19:46:06,592 - __main__ - INFO -      - DW beta: 1.000 → 1.000
2025-09-09 19:46:06,592 - __main__ - INFO -      - Blend alpha: 1.000 → 1.000
2025-09-09 19:46:06,592 - __main__ - INFO -      - Warmup epochs: 0 out of 1 total epochs
2025-09-09 19:46:06,592 - __main__ - INFO -    Free bits: 0.75
2025-09-09 19:46:06,593 - __main__ - INFO -    Focal loss: alpha=0.5, gamma=2.0
2025-09-09 19:46:06,593 - __main__ - INFO -    Early Stopping:
2025-09-09 19:46:06,593 - __main__ - INFO -      - Enabled: False
2025-09-09 19:46:06,593 - __main__ - INFO -    HMM Prior: Enabled
2025-09-09 19:46:06,616 - __main__ - INFO - 🔧 Using FP32 precision training
2025-09-09 19:46:06,617 - __main__ - INFO - Model has latent dimension: 96
2025-09-09 19:46:06,618 - __main__ - INFO - 🎯 Starting training for 1 epochs (starting from epoch 0)...
2025-09-09 19:46:06,618 - __main__ - INFO -    Total training steps: 100
2025-09-09 19:46:06,618 - __main__ - INFO -    Warmup steps: 20
2025-09-09 19:46:06,618 - __main__ - INFO - 🎯 Epoch 1/1 - Starting epoch...
2025-09-09 19:46:06,619 - __main__ - DEBUG - Shuffled 100 training batches for epoch 1
2025-09-09 19:46:06,619 - __main__ - DEBUG - Shuffled 20 testing batches for epoch 1
2025-09-09 19:46:07,192 - __main__ - DEBUG - Step 0/100 - Adaptive weights: mi_beta=0.600, tc_beta=0.200, dw_beta=1.000, blend_alpha=1.000
2025-09-09 19:49:18,445 - __main__ - DEBUG - Step 100/100 - Adaptive weights: mi_beta=0.600, tc_beta=0.200, dw_beta=1.000, blend_alpha=1.000
2025-09-09 19:49:19,997 - __main__ - DEBUG - Step 100/100 - Adaptive weights: mi_beta=0.600, tc_beta=0.200, dw_beta=1.000, blend_alpha=1.000
2025-09-09 19:49:21,543 - __main__ - DEBUG - Step 100/100 - Adaptive weights: mi_beta=0.600, tc_beta=0.200, dw_beta=1.000, blend_alpha=1.000
2025-09-09 19:49:23,075 - __main__ - DEBUG - Step 100/100 - Adaptive weights: mi_beta=0.600, tc_beta=0.200, dw_beta=1.000, blend_alpha=1.000
2025-09-09 19:49:24,561 - __main__ - DEBUG - Step 100/100 - Adaptive weights: mi_beta=0.600, tc_beta=0.200, dw_beta=1.000, blend_alpha=1.000
2025-09-09 19:49:26,154 - __main__ - DEBUG - Step 100/100 - Adaptive weights: mi_beta=0.600, tc_beta=0.200, dw_beta=1.000, blend_alpha=1.000
2025-09-09 19:49:27,681 - __main__ - DEBUG - Step 100/100 - Adaptive weights: mi_beta=0.600, tc_beta=0.200, dw_beta=1.000, blend_alpha=1.000
2025-09-09 19:49:29,225 - __main__ - DEBUG - Step 100/100 - Adaptive weights: mi_beta=0.600, tc_beta=0.200, dw_beta=1.000, blend_alpha=1.000
2025-09-09 19:49:30,738 - __main__ - DEBUG - Step 100/100 - Adaptive weights: mi_beta=0.600, tc_beta=0.200, dw_beta=1.000, blend_alpha=1.000
2025-09-09 19:49:32,227 - __main__ - DEBUG - Step 100/100 - Adaptive weights: mi_beta=0.600, tc_beta=0.200, dw_beta=1.000, blend_alpha=1.000
2025-09-09 19:49:33,526 - __main__ - DEBUG - Step 100/100 - Adaptive weights: mi_beta=0.600, tc_beta=0.200, dw_beta=1.000, blend_alpha=1.000
2025-09-09 19:49:35,152 - __main__ - DEBUG - Step 100/100 - Adaptive weights: mi_beta=0.600, tc_beta=0.200, dw_beta=1.000, blend_alpha=1.000
2025-09-09 19:49:36,682 - __main__ - DEBUG - Step 100/100 - Adaptive weights: mi_beta=0.600, tc_beta=0.200, dw_beta=1.000, blend_alpha=1.000
2025-09-09 19:49:38,245 - __main__ - DEBUG - Step 100/100 - Adaptive weights: mi_beta=0.600, tc_beta=0.200, dw_beta=1.000, blend_alpha=1.000
2025-09-09 19:49:39,857 - __main__ - DEBUG - Step 100/100 - Adaptive weights: mi_beta=0.600, tc_beta=0.200, dw_beta=1.000, blend_alpha=1.000
2025-09-09 19:49:41,457 - __main__ - DEBUG - Step 100/100 - Adaptive weights: mi_beta=0.600, tc_beta=0.200, dw_beta=1.000, blend_alpha=1.000
2025-09-09 19:49:42,923 - __main__ - DEBUG - Step 100/100 - Adaptive weights: mi_beta=0.600, tc_beta=0.200, dw_beta=1.000, blend_alpha=1.000
2025-09-09 19:49:44,429 - __main__ - DEBUG - Step 100/100 - Adaptive weights: mi_beta=0.600, tc_beta=0.200, dw_beta=1.000, blend_alpha=1.000
2025-09-09 19:49:45,920 - __main__ - DEBUG - Step 100/100 - Adaptive weights: mi_beta=0.600, tc_beta=0.200, dw_beta=1.000, blend_alpha=1.000
2025-09-09 19:49:47,382 - __main__ - DEBUG - Step 100/100 - Adaptive weights: mi_beta=0.600, tc_beta=0.200, dw_beta=1.000, blend_alpha=1.000
2025-09-09 19:49:48,245 - __main__ - DEBUG - Step 100/100 - Adaptive weights: mi_beta=0.600, tc_beta=0.200, dw_beta=1.000, blend_alpha=1.000
2025-09-09 19:49:48,246 - __main__ - INFO - 
=== Epoch 1/1 Summary ===
2025-09-09 19:49:48,246 - __main__ - INFO - Average Train Loss: 3815.968 | Average Test Loss: 2647.043
2025-09-09 19:49:48,246 - __main__ - INFO - Current KL Betas: mi=0.600, tc=0.200, dw=1.000, blend_alpha=1.000
2025-09-09 19:49:48,246 - __main__ - INFO - Global Step: 100/100 (100.0%)
2025-09-09 19:49:48,246 - __main__ - INFO - Final Training Batch Details:
2025-09-09 19:49:48,246 - __main__ - INFO -   Raw Losses: hero_loc: 2.926 | occupy: 1642.090 | bag: 403.487 | stats: 73.849 | msg: 24.543 | ego_char: 25.708 | ego_color: 119.896 | ego_class: 30.444 | passability: 0.596 | reward: 32.503 | done: 0.013 | value_k: 5.365 | safety: 0.671 | goal: 0.313 | forward: 50.412 | inverse: 2.918
2025-09-09 19:49:48,246 - __main__ - INFO - Final Testing Batch Details:
2025-09-09 19:49:48,247 - __main__ - INFO -   Raw Losses: hero_loc: 2.311 | occupy: 1561.318 | bag: 375.808 | stats: 77.616 | msg: 30.814 | ego_char: 26.859 | ego_color: 103.993 | ego_class: 31.191 | passability: 0.586 | reward: 16.364 | done: 0.012 | value_k: 2.256 | safety: 0.667 | goal: 0.089 | forward: 31.951 | inverse: 3.138
2025-09-09 19:49:48,247 - __main__ - INFO - Variance of model output (mu): 0.0969, 0.1068, 0.0707, 0.0820, 0.0882, 0.1039, 0.0950, 0.1305, 0.0849, 0.0903, 0.0831, 0.0910, 0.0951, 0.0848, 0.1355, 0.1506, 0.0632, 0.0660, 0.0734, 0.0785, 0.0806, 0.0577, 0.0731, 0.0600, 0.0695, 0.0721, 0.0884, 0.0779, 0.0699, 0.0791, 0.0696, 0.0827, 0.0720, 0.0620, 0.0668, 0.0839, 0.0824, 0.0872, 0.0781, 0.0757, 0.0912, 0.0715, 0.0737, 0.0655, 0.0719, 0.0634, 0.0742, 0.0600, 0.0681, 0.0813, 0.0744, 0.0606, 0.0812, 0.0743, 0.0809, 0.0853, 0.0800, 0.0544, 0.0538, 0.0644, 0.0859, 0.0704, 0.0735, 0.0658, 0.0548, 0.0706, 0.0669, 0.0747, 0.0656, 0.0696, 0.0643, 0.0866, 0.0773, 0.0675, 0.0825, 0.0778, 0.0792, 0.0664, 0.0771, 0.0725, 0.0722, 0.0727, 0.0668, 0.0732, 0.0786, 0.0787, 0.0709, 0.0853, 0.0808, 0.0705, 0.0665, 0.0665, 0.0698, 0.0752, 0.0656, 0.0685
2025-09-09 19:49:48,247 - __main__ - INFO - Per-dim KL: 0.8803, 2.5539, 0.7325, 0.8792, 1.3248, 4.8815, 1.4747, 0.4358, 1.5392, 1.5176, 0.9250, 2.0295, 2.6853, 2.4598, 8.6492, 6.9744, 0.6343, 0.6007, 0.6365, 0.5386, 0.6361, 0.5907, 0.6056, 0.7356, 0.5259, 0.5858, 0.3963, 0.5273, 0.4954, 0.5273, 0.6403, 0.4924, 0.6995, 0.7057, 0.6321, 0.6184, 0.5740, 0.5812, 0.4606, 0.6922, 0.5673, 0.5568, 0.5619, 0.6811, 0.5900, 0.6275, 0.5366, 0.6917, 0.7062, 0.4515, 0.7032, 0.5977, 0.3843, 0.4425, 0.5635, 0.6712, 0.5979, 0.6509, 0.6463, 0.6135, 0.5089, 0.5210, 0.4605, 0.4688, 0.7460, 0.5203, 0.4441, 0.5577, 0.6599, 0.5588, 0.5414, 0.5062, 0.4645, 0.6691, 0.5153, 0.6366, 0.6563, 0.4319, 0.3520, 0.5275, 0.4842, 0.6787, 0.5530, 0.6834, 0.5934, 0.4656, 0.4576, 0.3010, 0.4290, 0.5033, 0.6348, 0.5633, 0.5419, 0.5479, 0.3688, 0.5562
2025-09-09 19:49:48,248 - __main__ - INFO - Eigenvalues of latent space: 0.4926, 0.3940, 0.3731, 0.3545, 0.3314, 0.3094, 0.2968, 0.2875, 0.2809, 0.2701, 0.2651, 0.2595, 0.2500, 0.2430, 0.2382, 0.2346, 0.2214, 0.2165, 0.2128, 0.2068, 0.2041, 0.2015, 0.1949, 0.1930, 0.1874, 0.1833, 0.1753, 0.1743, 0.1707, 0.1637, 0.1624, 0.1619, 0.1590, 0.1572, 0.1504, 0.1474, 0.1458, 0.1427, 0.1411, 0.1406, 0.1362, 0.1332, 0.1304, 0.1270, 0.1252, 0.1239, 0.1217, 0.1198, 0.1180, 0.1153, 0.1134, 0.1120, 0.1098, 0.1082, 0.1079, 0.1054, 0.1049, 0.1030, 0.0990, 0.0977, 0.0971, 0.0958, 0.0945, 0.0936, 0.0912, 0.0896, 0.0886, 0.0872, 0.0861, 0.0854, 0.0844, 0.0820, 0.0812, 0.0807, 0.0792, 0.0784, 0.0766, 0.0754, 0.0747, 0.0717, 0.0713, 0.0706, 0.0699, 0.0689, 0.0662, 0.0658, 0.0645, 0.0638, 0.0619, 0.0600, 0.0580, 0.0563, 0.0556, 0.0533, 0.0518, 0.0505
2025-09-09 19:49:48,248 - __main__ - INFO - KL Eigenvalues: 0.1003, 0.1627, 0.1795, 0.1958, 0.2180, 0.2413, 0.2557, 0.2670, 0.2753, 0.2896, 0.2963, 0.3042, 0.3182, 0.3288, 0.3364, 0.3422, 0.3645, 0.3734, 0.3801, 0.3914, 0.3967, 0.4017, 0.4151, 0.4189, 0.4309, 0.4399, 0.4582, 0.4605, 0.4694, 0.4867, 0.4901, 0.4914, 0.4988, 0.5038, 0.5225, 0.5310, 0.5357, 0.5448, 0.5496, 0.5514, 0.5648, 0.5745, 0.5836, 0.5952, 0.6014, 0.6062, 0.6141, 0.6210, 0.6275, 0.6376, 0.6452, 0.6505, 0.6594, 0.6658, 0.6673, 0.6775, 0.6799, 0.6879, 0.7060, 0.7118, 0.7145, 0.7207, 0.7267, 0.7312, 0.7428, 0.7509, 0.7562, 0.7634, 0.7692, 0.7728, 0.7781, 0.7913, 0.7961, 0.7990, 0.8077, 0.8125, 0.8227, 0.8304, 0.8344, 0.8534, 0.8559, 0.8608, 0.8656, 0.8719, 0.8906, 0.8937, 0.9025, 0.9080, 0.9220, 0.9370, 0.9523, 0.9666, 0.9725, 0.9925, 1.0064, 1.0181
2025-09-09 19:49:48,248 - __main__ - INFO - Variance explained by eigenvalues: 0.0350, 0.0629, 0.0894, 0.1146, 0.1381, 0.1600, 0.1811, 0.2015, 0.2215, 0.2406, 0.2594, 0.2779, 0.2956, 0.3129, 0.3298, 0.3464, 0.3621, 0.3775, 0.3926, 0.4073, 0.4218, 0.4361, 0.4499, 0.4636, 0.4769, 0.4899, 0.5024, 0.5147, 0.5269, 0.5385, 0.5500, 0.5615, 0.5728, 0.5839, 0.5946, 0.6051, 0.6154, 0.6255, 0.6356, 0.6455, 0.6552, 0.6647, 0.6739, 0.6829, 0.6918, 0.7006, 0.7093, 0.7178, 0.7261, 0.7343, 0.7424, 0.7503, 0.7581, 0.7658, 0.7735, 0.7809, 0.7884, 0.7957, 0.8027, 0.8096, 0.8165, 0.8233, 0.8301, 0.8367, 0.8432, 0.8495, 0.8558, 0.8620, 0.8681, 0.8742, 0.8802, 0.8860, 0.8918, 0.8975, 0.9031, 0.9087, 0.9141, 0.9195, 0.9248, 0.9298, 0.9349, 0.9399, 0.9449, 0.9498, 0.9545, 0.9591, 0.9637, 0.9682, 0.9726, 0.9769, 0.9810, 0.9850, 0.9890, 0.9927, 0.9964, 1.0000
2025-09-09 19:49:48,248 - __main__ - INFO - ==================================================
2025-09-09 19:49:48,248 - __main__ - INFO - 
✅ MultiModalVAE training completed!
2025-09-09 19:49:48,248 - __main__ - INFO -   - Completed all 1 epochs
2025-09-09 19:49:48,249 - __main__ - INFO -   - Final train loss: 3815.9681
2025-09-09 19:49:48,249 - __main__ - INFO -   - Final test loss: 2647.0432
2025-09-09 19:49:48,272 - __main__ - INFO - 💾 Model saved locally: checkpoints_hmm/vae_hmm_round4_temp.pth
2025-09-09 19:49:49,285 - __main__ - DEBUG - 🗑️  Removed temporary file: checkpoints_hmm/vae_hmm_round4_temp.pth
2025-09-09 19:49:49,286 - __main__ - INFO - ✅ M-step completed: final_train_loss=3815.9681, final_test_loss=2647.0432
2025-09-09 19:49:49,313 - __main__ - INFO - 💾 Saved VAE+HMM → checkpoints_hmm/vae_with_hmm_round4.pt
2025-09-09 19:49:49,313 - __main__ - INFO - 🤗 Uploading VAE+HMM round 4 to HuggingFace: CatkinChen/nethack-vae-hmm
2025-09-09 19:49:54,690 - huggingface_hub.hf_api - WARNING - No files have been modified since last commit. Skipping to prevent empty commit.
2025-09-09 19:49:59,513 - __main__ - INFO - ✅ VAE+HMM uploaded to: https://huggingface.co/CatkinChen/nethack-vae-hmm
2025-09-09 19:50:03,802 - __main__ - INFO - 
🎉 EM training completed! Summary:
2025-09-09 19:50:03,802 - __main__ - INFO -   - EM rounds: 4
2025-09-09 19:50:03,802 - __main__ - INFO -   - M-step epochs per round: 1
2025-09-09 19:50:03,802 - __main__ - INFO -   - HMM checkpoints: 4
2025-09-09 19:50:03,802 - __main__ - INFO -   - VAE+HMM checkpoints: 4
2025-09-09 19:50:03,802 - __main__ - INFO -   - HuggingFace repos:
2025-09-09 19:50:03,802 - __main__ - INFO -     * HMM: https://huggingface.co/CatkinChen/nethack-hmm
2025-09-09 19:50:03,802 - __main__ - INFO -     * VAE+HMM: https://huggingface.co/CatkinChen/nethack-vae-hmm
2025-09-09 19:50:03,802 - __main__ - INFO - 📊 Training Configuration:
2025-09-09 19:50:03,802 - __main__ - INFO -   - Mode: EM
2025-09-09 19:50:03,802 - __main__ - INFO -   - HMM params: α=5.0, κ=1.0, γ=5.0, K=40, D=96
2025-09-09 19:50:03,802 - __main__ - INFO -   - NIW params: μ₀=0.0, κ₀=1.0, Ψ₀=30.0, ν₀=106
2025-09-09 19:50:03,802 - __main__ - INFO -   - Checkpoints: HMM=4, VAE+HMM=4
2025-09-09 19:50:03,802 - __main__ - INFO -   - HF repos: HMM=CatkinChen/nethack-hmm, VAE+HMM=CatkinChen/nethack-vae-hmm
