2025-09-09 13:51:11,525 - __main__ - INFO - 🤗 Loading pretrained VAE from HuggingFace: CatkinChen/nethack-vae
2025-09-09 13:51:12,091 - __main__ - INFO - ✅ Loaded pretrained VAE checkpoint (plain prior).
2025-09-09 13:51:12,091 - __main__ - INFO - 🧠 Initializing new Sticky-HDP-HMM: latent_dim=96, skills=40
2025-09-09 13:51:12,139 - __main__ - INFO - 🔍 Initializing NIW mean with k-means on VAE latents...
2025-09-09 13:51:28,218 - __main__ - INFO - ========== EM Round 1/3: E-step ==========
2025-09-09 13:52:21,499 - __main__ - DEBUG - Initial ELBO: -12873134.8099
2025-09-09 13:52:21,500 - __main__ - DEBUG - Relative tol: 0.0100
2025-09-09 13:52:21,500 - __main__ - DEBUG - Relative elbo_drop_tol: 0.0100
2025-09-09 13:52:21,500 - __main__ - DEBUG - - Init -118.0441
2025-09-09 13:52:21,500 - __main__ - DEBUG - - Trans -223858.9136
2025-09-09 13:52:21,500 - __main__ - DEBUG - - Emit -12648987.7500
2025-09-09 13:52:21,500 - __main__ - DEBUG - - Entropy 1555.4946
2025-09-09 13:52:21,500 - __main__ - DEBUG - - Dir 0.0000
2025-09-09 13:52:21,500 - __main__ - DEBUG - - NIW -1710.8413
2025-09-09 13:52:21,500 - __main__ - DEBUG - - Beta prior -14.7555
2025-09-09 13:53:05,717 - __main__ - DEBUG - Iter 0: ELBO after FB: -12873134.8099 (LL -12871409.2131, Δ=0.0000)
2025-09-09 13:53:05,755 - __main__ - DEBUG - Iter 0: ELBO after NIW update: -4110011.1873 (Emit LL -3540118.7500, NIW term -347456.2188, Δ=8763123.6226)
2025-09-09 13:53:05,804 - __main__ - DEBUG - Iter 0: ELBO after Dirichlet update: -3915851.3555 (Trans LL -28020.0915, Dir term -1678.9902, Δ=194159.8318)
2025-09-09 13:53:49,845 - __main__ - DEBUG - Iter 1: ELBO after FB: -3904790.2733 (LL -3555640.3088, Δ=11061.0822)
2025-09-09 13:53:49,883 - __main__ - DEBUG - Iter 1: ELBO after NIW update: -3897082.9529 (Emit LL -3520335.0703, NIW term -348795.8438, Δ=7707.3203)
2025-09-09 13:53:49,920 - __main__ - DEBUG - Iter 1: ELBO after Dirichlet update: -3896090.5092 (Trans LL -26738.7609, Dir term -1551.2559, Δ=992.4438)
2025-09-09 13:53:49,921 - __main__ - DEBUG - Early stopping: ELBO improvement 19760.8463 < tolerance
2025-09-09 13:54:42,440 - __main__ - INFO - [E-step] Multi-batch 1/1 (x100 batches) - HMM Diagnostics:
2025-09-09 13:54:42,440 - __main__ - INFO -   - Avg log-likelihood per step: -38.3905
2025-09-09 13:54:42,440 - __main__ - INFO -   - Inner ELBO (final): -3896090.5092
2025-09-09 13:54:42,440 - __main__ - INFO -   - ELBO progression (2 iters): [-3915851.25, -3896090.50] (Δ=19760.7500)
2025-09-09 13:54:42,440 - __main__ - INFO -   - Effective number of skills: 36.55
2025-09-09 13:54:42,440 - __main__ - INFO -   - State entropy: 0.054
2025-09-09 13:54:42,441 - __main__ - INFO -   - Transition stickiness: 0.867
2025-09-09 13:54:42,441 - __main__ - INFO -   - Top 5 skills: [32, 18, 20, 21, 0] (probs: ['0.043', '0.042', '0.042', '0.038', '0.037'])
2025-09-09 13:54:42,441 - __main__ - INFO -   - Combined time length: 3200 (original T=32, multiples=100)
2025-09-09 13:54:42,442 - __main__ - INFO - 🔍 Computing HMM diagnostics...
2025-09-09 13:55:46,425 - __main__ - INFO - 📊 HMM Diagnostics for Round 1:
2025-09-09 13:55:46,426 - __main__ - INFO -   - Avg log-likelihood per step: -38.4903
2025-09-09 13:55:46,426 - __main__ - INFO -   - State entropy: 0.0584
2025-09-09 13:55:46,426 - __main__ - INFO -   - Effective number of skills: 36.57
2025-09-09 13:55:46,426 - __main__ - INFO -   - Transition stickiness (diag): 0.8666
2025-09-09 13:55:46,426 - __main__ - INFO -   - Top 5 skill occupancies: [0.04287470877170563, 0.04245816171169281, 0.042131613940000534, 0.03796233609318733, 0.037228383123874664]
2025-09-09 13:55:46,426 - __main__ - INFO -   - Top 5 skill indices: [32, 18, 20, 21, 0]
2025-09-09 13:55:46,426 - __main__ - INFO -     - Skill 25: emp= 22.32  E[1/(1-p)]: 54.36  p_stay=0.982
2025-09-09 13:55:46,427 - __main__ - INFO -     - Skill 21: emp= 20.93  E[1/(1-p)]: 48.95  p_stay=0.980
2025-09-09 13:55:46,427 - __main__ - INFO -     - Skill 30: emp= 22.41  E[1/(1-p)]: 48.94  p_stay=0.980
2025-09-09 13:55:46,427 - __main__ - INFO -     - Skill 22: emp= 17.93  E[1/(1-p)]: 39.68  p_stay=0.975
2025-09-09 13:55:46,427 - __main__ - INFO -     - Skill 29: emp= 19.57  E[1/(1-p)]: 38.32  p_stay=0.974
2025-09-09 13:55:46,427 - __main__ - INFO - 🖼️  Rendering HMM visualizations for round 1
2025-09-09 13:56:58,553 - __main__ - INFO - 💾 Saved HMM posterior → checkpoints_hmm/hmm_round1.pt
2025-09-09 13:56:58,553 - __main__ - INFO - 🤗 Uploading HMM round 1 to HuggingFace: CatkinChen/nethack-hmm
2025-09-09 13:57:04,555 - __main__ - INFO - ✅ HMM uploaded to: https://huggingface.co/CatkinChen/nethack-hmm
2025-09-09 13:57:04,556 - __main__ - INFO - ========== EM Round 1/3: M-step ==========
2025-09-09 13:57:04,556 - __main__ - INFO - 🔧 Fine-tuning VAE with HMM prior for 1 epochs...
2025-09-09 13:57:04,556 - __main__ - INFO - 📊 M-step 1 parameter schedule:
2025-09-09 13:57:04,556 - __main__ - INFO -   - prior_blend_alpha: 0.300 → 0.400 (cosine)
2025-09-09 13:57:04,556 - __main__ - INFO -   - mi_beta: 0.200 → 0.333 (linear)
2025-09-09 13:57:04,556 - __main__ - INFO -   - tc_beta: 0.000 → 0.067 (linear)
2025-09-09 13:57:04,556 - __main__ - INFO -   - dw_beta: 0.500 → 0.667 (linear)
2025-09-09 13:57:05,895 - __main__ - INFO - Weights & Biases initialized
2025-09-09 13:57:05,895 - __main__ - INFO - 🔥Training MultiModalHackVAE with 100 train batches, 20 test batches
2025-09-09 13:57:05,896 - __main__ - INFO -    Epochs: 1
2025-09-09 13:57:05,896 - __main__ - INFO -    Batch size: 32
2025-09-09 13:57:05,896 - __main__ - INFO -    Sequence size: 32
2025-09-09 13:57:05,896 - __main__ - INFO -    Device: cuda
2025-09-09 13:57:05,896 - __main__ - INFO -    Mixed Precision: BF16 = False
2025-09-09 13:57:05,896 - __main__ - INFO -    LR Scheduler: constant
2025-09-09 13:57:05,896 - __main__ - INFO -    Shuffle batches: True
2025-09-09 13:57:05,896 - __main__ - INFO -    Shuffle within batch: False
2025-09-09 13:57:05,896 - __main__ - INFO -    VAE Configuration:
2025-09-09 13:57:05,896 - __main__ - INFO -      - Latent dimension: 96
2025-09-09 13:57:05,897 - __main__ - INFO -      - Encoder dropout: 0.1
2025-09-09 13:57:05,897 - __main__ - INFO -      - Decoder dropout: 0.1
2025-09-09 13:57:05,897 - __main__ - INFO -    Adaptive Loss Weighting:
2025-09-09 13:57:05,897 - __main__ - INFO -      - MI beta: 0.200 → 0.333
2025-09-09 13:57:05,897 - __main__ - INFO -      - TC beta: 0.000 → 0.067
2025-09-09 13:57:05,897 - __main__ - INFO -      - DW beta: 0.500 → 0.667
2025-09-09 13:57:05,897 - __main__ - INFO -      - Blend alpha: 0.300 → 0.400
2025-09-09 13:57:05,897 - __main__ - INFO -      - Warmup epochs: 0 out of 1 total epochs
2025-09-09 13:57:05,897 - __main__ - INFO -    Free bits: 0.75
2025-09-09 13:57:05,897 - __main__ - INFO -    Focal loss: alpha=0.5, gamma=2.0
2025-09-09 13:57:05,897 - __main__ - INFO -    Early Stopping:
2025-09-09 13:57:05,898 - __main__ - INFO -      - Enabled: False
2025-09-09 13:57:05,898 - __main__ - INFO -    HMM Prior: Enabled
2025-09-09 13:57:06,952 - __main__ - INFO - 🔧 Using FP32 precision training
2025-09-09 13:57:06,953 - __main__ - INFO - Model has latent dimension: 96
2025-09-09 13:57:06,953 - __main__ - INFO - 🎯 Starting training for 1 epochs (starting from epoch 0)...
2025-09-09 13:57:06,953 - __main__ - INFO -    Total training steps: 100
2025-09-09 13:57:06,954 - __main__ - INFO -    Warmup steps: 20
2025-09-09 13:57:06,954 - __main__ - INFO - 🎯 Epoch 1/1 - Starting epoch...
2025-09-09 13:57:06,955 - __main__ - DEBUG - Shuffled 100 training batches for epoch 1
2025-09-09 13:57:06,955 - __main__ - DEBUG - Shuffled 20 testing batches for epoch 1
2025-09-09 13:57:07,528 - __main__ - DEBUG - Step 0/100 - Adaptive weights: mi_beta=0.200, tc_beta=0.000, dw_beta=0.500, blend_alpha=0.300
2025-09-09 14:00:16,165 - __main__ - DEBUG - Step 100/100 - Adaptive weights: mi_beta=0.333, tc_beta=0.067, dw_beta=0.667, blend_alpha=0.400
2025-09-09 14:00:17,650 - __main__ - DEBUG - Step 100/100 - Adaptive weights: mi_beta=0.333, tc_beta=0.067, dw_beta=0.667, blend_alpha=0.400
2025-09-09 14:00:19,139 - __main__ - DEBUG - Step 100/100 - Adaptive weights: mi_beta=0.333, tc_beta=0.067, dw_beta=0.667, blend_alpha=0.400
2025-09-09 14:00:20,624 - __main__ - DEBUG - Step 100/100 - Adaptive weights: mi_beta=0.333, tc_beta=0.067, dw_beta=0.667, blend_alpha=0.400
2025-09-09 14:00:22,066 - __main__ - DEBUG - Step 100/100 - Adaptive weights: mi_beta=0.333, tc_beta=0.067, dw_beta=0.667, blend_alpha=0.400
2025-09-09 14:00:23,606 - __main__ - DEBUG - Step 100/100 - Adaptive weights: mi_beta=0.333, tc_beta=0.067, dw_beta=0.667, blend_alpha=0.400
2025-09-09 14:00:25,082 - __main__ - DEBUG - Step 100/100 - Adaptive weights: mi_beta=0.333, tc_beta=0.067, dw_beta=0.667, blend_alpha=0.400
2025-09-09 14:00:26,575 - __main__ - DEBUG - Step 100/100 - Adaptive weights: mi_beta=0.333, tc_beta=0.067, dw_beta=0.667, blend_alpha=0.400
2025-09-09 14:00:28,041 - __main__ - DEBUG - Step 100/100 - Adaptive weights: mi_beta=0.333, tc_beta=0.067, dw_beta=0.667, blend_alpha=0.400
2025-09-09 14:00:29,477 - __main__ - DEBUG - Step 100/100 - Adaptive weights: mi_beta=0.333, tc_beta=0.067, dw_beta=0.667, blend_alpha=0.400
2025-09-09 14:00:30,729 - __main__ - DEBUG - Step 100/100 - Adaptive weights: mi_beta=0.333, tc_beta=0.067, dw_beta=0.667, blend_alpha=0.400
2025-09-09 14:00:32,289 - __main__ - DEBUG - Step 100/100 - Adaptive weights: mi_beta=0.333, tc_beta=0.067, dw_beta=0.667, blend_alpha=0.400
2025-09-09 14:00:33,763 - __main__ - DEBUG - Step 100/100 - Adaptive weights: mi_beta=0.333, tc_beta=0.067, dw_beta=0.667, blend_alpha=0.400
2025-09-09 14:00:35,280 - __main__ - DEBUG - Step 100/100 - Adaptive weights: mi_beta=0.333, tc_beta=0.067, dw_beta=0.667, blend_alpha=0.400
2025-09-09 14:00:36,824 - __main__ - DEBUG - Step 100/100 - Adaptive weights: mi_beta=0.333, tc_beta=0.067, dw_beta=0.667, blend_alpha=0.400
2025-09-09 14:00:38,371 - __main__ - DEBUG - Step 100/100 - Adaptive weights: mi_beta=0.333, tc_beta=0.067, dw_beta=0.667, blend_alpha=0.400
2025-09-09 14:00:39,785 - __main__ - DEBUG - Step 100/100 - Adaptive weights: mi_beta=0.333, tc_beta=0.067, dw_beta=0.667, blend_alpha=0.400
2025-09-09 14:00:41,220 - __main__ - DEBUG - Step 100/100 - Adaptive weights: mi_beta=0.333, tc_beta=0.067, dw_beta=0.667, blend_alpha=0.400
2025-09-09 14:00:42,663 - __main__ - DEBUG - Step 100/100 - Adaptive weights: mi_beta=0.333, tc_beta=0.067, dw_beta=0.667, blend_alpha=0.400
2025-09-09 14:00:44,076 - __main__ - DEBUG - Step 100/100 - Adaptive weights: mi_beta=0.333, tc_beta=0.067, dw_beta=0.667, blend_alpha=0.400
2025-09-09 14:00:44,916 - __main__ - DEBUG - Step 100/100 - Adaptive weights: mi_beta=0.333, tc_beta=0.067, dw_beta=0.667, blend_alpha=0.400
2025-09-09 14:00:44,916 - __main__ - INFO - 
=== Epoch 1/1 Summary ===
2025-09-09 14:00:44,916 - __main__ - INFO - Average Train Loss: 3843.278 | Average Test Loss: 2676.218
2025-09-09 14:00:44,916 - __main__ - INFO - Current KL Betas: mi=0.333, tc=0.067, dw=0.667, blend_alpha=0.400
2025-09-09 14:00:44,916 - __main__ - INFO - Global Step: 100/100 (100.0%)
2025-09-09 14:00:44,916 - __main__ - INFO - Final Training Batch Details:
2025-09-09 14:00:44,917 - __main__ - INFO -   Raw Losses: hero_loc: 2.878 | occupy: 1641.810 | bag: 406.301 | stats: 69.806 | msg: 24.550 | ego_char: 26.407 | ego_color: 133.848 | ego_class: 29.908 | passability: 0.597 | reward: 32.568 | done: 0.015 | value_k: 5.368 | safety: 0.670 | goal: 0.324 | forward: 49.529 | inverse: 2.933
2025-09-09 14:00:44,917 - __main__ - INFO - Final Testing Batch Details:
2025-09-09 14:00:44,917 - __main__ - INFO -   Raw Losses: hero_loc: 2.578 | occupy: 1543.881 | bag: 381.226 | stats: 72.519 | msg: 30.907 | ego_char: 26.374 | ego_color: 119.698 | ego_class: 30.598 | passability: 0.586 | reward: 16.307 | done: 0.014 | value_k: 2.256 | safety: 0.667 | goal: 0.083 | forward: 35.324 | inverse: 3.118
2025-09-09 14:00:44,917 - __main__ - INFO - Variance of model output (mu): 0.1241, 0.1551, 0.1199, 0.1212, 0.0873, 0.1434, 0.1609, 0.1099, 0.1592, 0.1764, 0.1904, 0.1209, 0.1900, 0.1352, 0.1053, 0.1951, 0.0796, 0.0707, 0.0837, 0.0922, 0.0967, 0.0998, 0.0816, 0.0840, 0.0874, 0.0801, 0.0960, 0.0954, 0.0812, 0.0908, 0.0879, 0.0961, 0.0975, 0.0726, 0.0822, 0.0895, 0.1023, 0.0892, 0.0944, 0.0826, 0.0879, 0.0987, 0.0883, 0.0761, 0.0901, 0.0836, 0.0796, 0.0936, 0.0771, 0.0657, 0.0888, 0.0764, 0.1162, 0.0936, 0.0753, 0.0794, 0.0756, 0.0924, 0.0824, 0.0746, 0.0857, 0.0945, 0.0874, 0.0838, 0.0813, 0.0773, 0.0833, 0.0773, 0.0912, 0.1031, 0.0764, 0.0735, 0.0900, 0.0864, 0.0955, 0.0719, 0.0779, 0.0684, 0.0792, 0.0861, 0.0966, 0.0831, 0.1107, 0.0922, 0.0928, 0.0666, 0.1094, 0.0976, 0.0850, 0.0926, 0.0895, 0.0821, 0.0826, 0.1137, 0.0669, 0.0875
2025-09-09 14:00:44,918 - __main__ - INFO - Per-dim KL: 3.5034, 7.5122, 1.1847, 3.2136, 0.6009, 4.2350, 2.4087, 1.7344, 5.4280, 1.7830, 6.3313, 1.4878, 16.4121, 7.5612, 0.6087, 9.2235, 0.5272, 0.5481, 0.4735, 0.4895, 0.4323, 0.4046, 0.5574, 0.3572, 0.4958, 0.4600, 0.6167, 0.5076, 0.3334, 0.4066, 0.4807, 0.5048, 0.5603, 0.5493, 0.4679, 0.5912, 0.4563, 0.5935, 0.4636, 0.5856, 0.6983, 0.7550, 0.5937, 0.3364, 0.5540, 0.4136, 0.6501, 0.4003, 0.4815, 0.5422, 0.4634, 0.2628, 0.3687, 0.5534, 0.4754, 0.5501, 0.3978, 0.3217, 0.6147, 0.5373, 0.6657, 0.5938, 0.4008, 0.6058, 0.4685, 0.5473, 0.5100, 0.5270, 0.4609, 0.4850, 0.4197, 0.3534, 0.4363, 0.5132, 0.7359, 0.6154, 0.6359, 0.4402, 0.5909, 0.3207, 0.6083, 0.3799, 0.3296, 0.5330, 0.5161, 0.7208, 0.4356, 0.4090, 0.4668, 0.5922, 0.3614, 0.5141, 0.4493, 0.3161, 0.6181, 0.4864
2025-09-09 14:00:44,918 - __main__ - INFO - Eigenvalues of latent space: 0.6987, 0.5900, 0.4583, 0.4216, 0.4136, 0.3887, 0.3854, 0.3662, 0.3531, 0.3347, 0.3327, 0.3243, 0.3118, 0.3044, 0.2968, 0.2924, 0.2846, 0.2749, 0.2720, 0.2656, 0.2610, 0.2602, 0.2532, 0.2492, 0.2422, 0.2333, 0.2277, 0.2256, 0.2190, 0.2160, 0.2114, 0.2069, 0.2020, 0.2001, 0.1970, 0.1935, 0.1906, 0.1848, 0.1803, 0.1789, 0.1762, 0.1732, 0.1710, 0.1689, 0.1645, 0.1637, 0.1596, 0.1582, 0.1539, 0.1531, 0.1495, 0.1461, 0.1442, 0.1432, 0.1417, 0.1378, 0.1352, 0.1324, 0.1292, 0.1278, 0.1252, 0.1232, 0.1223, 0.1186, 0.1172, 0.1162, 0.1156, 0.1115, 0.1114, 0.1072, 0.1053, 0.1050, 0.1030, 0.1001, 0.0983, 0.0977, 0.0971, 0.0954, 0.0944, 0.0936, 0.0902, 0.0893, 0.0890, 0.0870, 0.0842, 0.0836, 0.0826, 0.0786, 0.0776, 0.0771, 0.0742, 0.0727, 0.0710, 0.0668, 0.0644, 0.0607
2025-09-09 14:00:44,918 - __main__ - INFO - KL Eigenvalues: 0.0286, 0.0588, 0.1193, 0.1427, 0.1482, 0.1669, 0.1694, 0.1854, 0.1971, 0.2146, 0.2166, 0.2252, 0.2386, 0.2469, 0.2557, 0.2610, 0.2706, 0.2831, 0.2869, 0.2956, 0.3021, 0.3032, 0.3134, 0.3194, 0.3301, 0.3444, 0.3537, 0.3573, 0.3688, 0.3742, 0.3827, 0.3913, 0.4007, 0.4046, 0.4107, 0.4180, 0.4241, 0.4366, 0.4467, 0.4500, 0.4562, 0.4632, 0.4684, 0.4737, 0.4846, 0.4866, 0.4975, 0.5011, 0.5126, 0.5150, 0.5250, 0.5347, 0.5403, 0.5434, 0.5479, 0.5598, 0.5682, 0.5772, 0.5877, 0.5925, 0.6015, 0.6086, 0.6118, 0.6252, 0.6305, 0.6344, 0.6366, 0.6526, 0.6529, 0.6700, 0.6781, 0.6793, 0.6878, 0.7008, 0.7089, 0.7117, 0.7144, 0.7226, 0.7273, 0.7311, 0.7479, 0.7527, 0.7539, 0.7642, 0.7796, 0.7825, 0.7880, 0.8112, 0.8167, 0.8199, 0.8377, 0.8472, 0.8583, 0.8867, 0.9034, 0.9309
2025-09-09 14:00:44,918 - __main__ - INFO - Variance explained by eigenvalues: 0.0385, 0.0710, 0.0963, 0.1195, 0.1423, 0.1638, 0.1850, 0.2052, 0.2247, 0.2431, 0.2615, 0.2793, 0.2965, 0.3133, 0.3297, 0.3458, 0.3615, 0.3766, 0.3916, 0.4063, 0.4207, 0.4350, 0.4490, 0.4627, 0.4761, 0.4889, 0.5015, 0.5139, 0.5260, 0.5379, 0.5495, 0.5610, 0.5721, 0.5831, 0.5940, 0.6046, 0.6152, 0.6253, 0.6353, 0.6451, 0.6549, 0.6644, 0.6738, 0.6831, 0.6922, 0.7012, 0.7100, 0.7188, 0.7272, 0.7357, 0.7439, 0.7520, 0.7599, 0.7678, 0.7756, 0.7832, 0.7907, 0.7980, 0.8051, 0.8122, 0.8191, 0.8258, 0.8326, 0.8391, 0.8456, 0.8520, 0.8584, 0.8645, 0.8707, 0.8766, 0.8824, 0.8882, 0.8938, 0.8994, 0.9048, 0.9102, 0.9155, 0.9208, 0.9260, 0.9311, 0.9361, 0.9410, 0.9459, 0.9507, 0.9554, 0.9600, 0.9646, 0.9689, 0.9732, 0.9774, 0.9815, 0.9855, 0.9894, 0.9931, 0.9967, 1.0000
2025-09-09 14:00:44,918 - __main__ - INFO - ==================================================
2025-09-09 14:00:44,919 - __main__ - INFO - 
✅ MultiModalVAE training completed!
2025-09-09 14:00:44,919 - __main__ - INFO -   - Completed all 1 epochs
2025-09-09 14:00:44,919 - __main__ - INFO -   - Final train loss: 3843.2777
2025-09-09 14:00:44,919 - __main__ - INFO -   - Final test loss: 2676.2176
2025-09-09 14:00:44,940 - __main__ - INFO - 💾 Model saved locally: checkpoints_hmm/vae_hmm_round1_temp.pth
2025-09-09 14:00:46,082 - __main__ - DEBUG - 🗑️  Removed temporary file: checkpoints_hmm/vae_hmm_round1_temp.pth
2025-09-09 14:00:46,083 - __main__ - INFO - ✅ M-step completed: final_train_loss=3843.2777, final_test_loss=2676.2176
2025-09-09 14:00:46,111 - __main__ - INFO - 💾 Saved VAE+HMM → checkpoints_hmm/vae_with_hmm_round1.pt
2025-09-09 14:00:46,111 - __main__ - INFO - 🤗 Uploading VAE+HMM round 1 to HuggingFace: CatkinChen/nethack-vae-hmm
2025-09-09 14:00:50,786 - huggingface_hub.hf_api - WARNING - No files have been modified since last commit. Skipping to prevent empty commit.
2025-09-09 14:00:55,811 - __main__ - INFO - ✅ VAE+HMM uploaded to: https://huggingface.co/CatkinChen/nethack-vae-hmm
2025-09-09 14:00:59,893 - __main__ - INFO - ========== EM Round 2/3: E-step ==========
2025-09-09 14:00:59,893 - __main__ - INFO -    - Resetting HMM to prior
2025-09-09 14:02:10,612 - __main__ - DEBUG - Initial ELBO: -11969744.2841
2025-09-09 14:02:10,613 - __main__ - DEBUG - Relative tol: 0.0100
2025-09-09 14:02:10,613 - __main__ - DEBUG - Relative elbo_drop_tol: 0.0100
2025-09-09 14:02:10,613 - __main__ - DEBUG - - Init -118.0441
2025-09-09 14:02:10,613 - __main__ - DEBUG - - Trans -189953.2246
2025-09-09 14:02:10,613 - __main__ - DEBUG - - Emit -11771448.6875
2025-09-09 14:02:10,613 - __main__ - DEBUG - - Entropy 1708.8495
2025-09-09 14:02:10,613 - __main__ - DEBUG - - Dir 0.0000
2025-09-09 14:02:10,613 - __main__ - DEBUG - - NIW -9918.4219
2025-09-09 14:02:10,613 - __main__ - DEBUG - - Beta prior -14.7555
2025-09-09 14:02:53,682 - __main__ - DEBUG - Iter 0: ELBO after FB: -11969744.2841 (LL -11959811.1067, Δ=0.0000)
2025-09-09 14:02:53,721 - __main__ - DEBUG - Iter 0: ELBO after NIW update: -2079576.0068 (Emit LL -1370144.3008, NIW term -521054.5312, Δ=9890168.2773)
2025-09-09 14:02:53,760 - __main__ - DEBUG - Iter 0: ELBO after Dirichlet update: -1902202.4871 (Trans LL -10895.4266, Dir term -1684.2783, Δ=177373.5197)
2025-09-09 14:03:36,748 - __main__ - DEBUG - Iter 1: ELBO after FB: -1888482.8153 (LL -1365729.2503, Δ=13719.6717)
2025-09-09 14:03:36,786 - __main__ - DEBUG - Iter 1: ELBO after NIW update: -1855757.5771 (Emit LL -1363918.9551, NIW term -477229.1562, Δ=32725.2383)
2025-09-09 14:03:36,823 - __main__ - DEBUG - Iter 1: ELBO after Dirichlet update: -1854773.3674 (Trans LL -13670.5725, Dir term -1550.5693, Δ=984.2097)
2025-09-09 14:04:19,569 - __main__ - DEBUG - Iter 2: ELBO after FB: -1829097.2792 (LL -1350302.7981, Δ=25676.0881)
2025-09-09 14:04:19,607 - __main__ - DEBUG - Iter 2: ELBO after NIW update: -1758378.6347 (Emit LL -1340610.3633, NIW term -403585.4688, Δ=70718.6445)
2025-09-09 14:04:19,645 - __main__ - DEBUG - Iter 2: ELBO after Dirichlet update: -1757593.8580 (Trans LL -13854.0183, Dir term -1237.5605, Δ=784.7767)
2025-09-09 14:05:10,160 - __main__ - INFO - [E-step] Multi-batch 1/1 (x100 batches) - HMM Diagnostics:
2025-09-09 14:05:10,161 - __main__ - INFO -   - Avg log-likelihood per step: -14.4373
2025-09-09 14:05:10,161 - __main__ - INFO -   - Inner ELBO (final): -1757593.8580
2025-09-09 14:05:10,161 - __main__ - INFO -   - ELBO progression (3 iters): [-1902202.50, -1854773.38, -1757593.88] (Δ=144608.6250)
2025-09-09 14:05:10,161 - __main__ - INFO -   - Effective number of skills: 19.26
2025-09-09 14:05:10,161 - __main__ - INFO -   - State entropy: 0.078
2025-09-09 14:05:10,161 - __main__ - INFO -   - Transition stickiness: 0.793
2025-09-09 14:05:10,161 - __main__ - INFO -   - Top 5 skills: [36, 29, 10, 13, 11] (probs: ['0.115', '0.095', '0.073', '0.072', '0.067'])
2025-09-09 14:05:10,161 - __main__ - INFO -   - Combined time length: 3200 (original T=32, multiples=100)
2025-09-09 14:05:10,163 - __main__ - INFO - 🔍 Computing HMM diagnostics...
2025-09-09 14:06:13,397 - __main__ - INFO - 📊 HMM Diagnostics for Round 2:
2025-09-09 14:06:13,398 - __main__ - INFO -   - Avg log-likelihood per step: -14.5407
2025-09-09 14:06:13,398 - __main__ - INFO -   - State entropy: 0.0933
2025-09-09 14:06:13,398 - __main__ - INFO -   - Effective number of skills: 19.37
2025-09-09 14:06:13,398 - __main__ - INFO -   - Transition stickiness (diag): 0.7928
2025-09-09 14:06:13,398 - __main__ - INFO -   - Top 5 skill occupancies: [0.11307460814714432, 0.09486076235771179, 0.07555369287729263, 0.07105790078639984, 0.06739172339439392]
2025-09-09 14:06:13,398 - __main__ - INFO -   - Top 5 skill indices: [36, 29, 10, 13, 11]
2025-09-09 14:06:13,398 - __main__ - INFO -     - Skill 3: emp= 26.00  E[1/(1-p)]:166.03  p_stay=0.994
2025-09-09 14:06:13,399 - __main__ - INFO -     - Skill 20: emp= 22.24  E[1/(1-p)]:109.41  p_stay=0.991
2025-09-09 14:06:13,399 - __main__ - INFO -     - Skill 32: emp= 27.73  E[1/(1-p)]: 87.83  p_stay=0.989
2025-09-09 14:06:13,399 - __main__ - INFO -     - Skill 10: emp= 24.19  E[1/(1-p)]: 75.30  p_stay=0.987
2025-09-09 14:06:13,399 - __main__ - INFO -     - Skill 15: emp= 23.32  E[1/(1-p)]: 69.80  p_stay=0.986
2025-09-09 14:06:13,399 - __main__ - INFO - 🖼️  Rendering HMM visualizations for round 2
2025-09-09 14:07:24,180 - __main__ - INFO - 💾 Saved HMM posterior → checkpoints_hmm/hmm_round2.pt
2025-09-09 14:07:24,181 - __main__ - INFO - 🤗 Uploading HMM round 2 to HuggingFace: CatkinChen/nethack-hmm
2025-09-09 14:07:29,953 - __main__ - INFO - ✅ HMM uploaded to: https://huggingface.co/CatkinChen/nethack-hmm
2025-09-09 14:07:29,953 - __main__ - INFO - ========== EM Round 2/3: M-step ==========
2025-09-09 14:07:29,953 - __main__ - INFO - 🔧 Fine-tuning VAE with HMM prior for 1 epochs...
2025-09-09 14:07:29,953 - __main__ - INFO - 📊 M-step 2 parameter schedule:
2025-09-09 14:07:29,953 - __main__ - INFO -   - prior_blend_alpha: 0.400 → 0.600 (cosine)
2025-09-09 14:07:29,953 - __main__ - INFO -   - mi_beta: 0.333 → 0.467 (linear)
2025-09-09 14:07:29,953 - __main__ - INFO -   - tc_beta: 0.067 → 0.133 (linear)
2025-09-09 14:07:29,953 - __main__ - INFO -   - dw_beta: 0.667 → 0.833 (linear)
2025-09-09 14:07:30,695 - __main__ - INFO - Weights & Biases initialized
2025-09-09 14:07:30,696 - __main__ - INFO - 🔥Training MultiModalHackVAE with 100 train batches, 20 test batches
2025-09-09 14:07:30,696 - __main__ - INFO -    Epochs: 1
2025-09-09 14:07:30,696 - __main__ - INFO -    Batch size: 32
2025-09-09 14:07:30,696 - __main__ - INFO -    Sequence size: 32
2025-09-09 14:07:30,696 - __main__ - INFO -    Device: cuda
2025-09-09 14:07:30,696 - __main__ - INFO -    Mixed Precision: BF16 = False
2025-09-09 14:07:30,696 - __main__ - INFO -    LR Scheduler: constant
2025-09-09 14:07:30,696 - __main__ - INFO -    Shuffle batches: True
2025-09-09 14:07:30,696 - __main__ - INFO -    Shuffle within batch: False
2025-09-09 14:07:30,696 - __main__ - INFO -    VAE Configuration:
2025-09-09 14:07:30,697 - __main__ - INFO -      - Latent dimension: 96
2025-09-09 14:07:30,697 - __main__ - INFO -      - Encoder dropout: 0.1
2025-09-09 14:07:30,697 - __main__ - INFO -      - Decoder dropout: 0.1
2025-09-09 14:07:30,697 - __main__ - INFO -    Adaptive Loss Weighting:
2025-09-09 14:07:30,697 - __main__ - INFO -      - MI beta: 0.333 → 0.467
2025-09-09 14:07:30,697 - __main__ - INFO -      - TC beta: 0.067 → 0.133
2025-09-09 14:07:30,697 - __main__ - INFO -      - DW beta: 0.667 → 0.833
2025-09-09 14:07:30,697 - __main__ - INFO -      - Blend alpha: 0.400 → 0.600
2025-09-09 14:07:30,697 - __main__ - INFO -      - Warmup epochs: 0 out of 1 total epochs
2025-09-09 14:07:30,697 - __main__ - INFO -    Free bits: 0.75
2025-09-09 14:07:30,697 - __main__ - INFO -    Focal loss: alpha=0.5, gamma=2.0
2025-09-09 14:07:30,698 - __main__ - INFO -    Early Stopping:
2025-09-09 14:07:30,698 - __main__ - INFO -      - Enabled: False
2025-09-09 14:07:30,698 - __main__ - INFO -    HMM Prior: Enabled
2025-09-09 14:07:30,724 - __main__ - INFO - 🔧 Using FP32 precision training
2025-09-09 14:07:30,725 - __main__ - INFO - Model has latent dimension: 96
2025-09-09 14:07:30,725 - __main__ - INFO - 🎯 Starting training for 1 epochs (starting from epoch 0)...
2025-09-09 14:07:30,725 - __main__ - INFO -    Total training steps: 100
2025-09-09 14:07:30,725 - __main__ - INFO -    Warmup steps: 20
2025-09-09 14:07:30,725 - __main__ - INFO - 🎯 Epoch 1/1 - Starting epoch...
2025-09-09 14:07:30,726 - __main__ - DEBUG - Shuffled 100 training batches for epoch 1
2025-09-09 14:07:30,726 - __main__ - DEBUG - Shuffled 20 testing batches for epoch 1
2025-09-09 14:07:31,298 - __main__ - DEBUG - Step 0/100 - Adaptive weights: mi_beta=0.333, tc_beta=0.067, dw_beta=0.667, blend_alpha=0.400
2025-09-09 14:10:39,734 - __main__ - DEBUG - Step 100/100 - Adaptive weights: mi_beta=0.467, tc_beta=0.133, dw_beta=0.833, blend_alpha=0.600
2025-09-09 14:10:41,216 - __main__ - DEBUG - Step 100/100 - Adaptive weights: mi_beta=0.467, tc_beta=0.133, dw_beta=0.833, blend_alpha=0.600
2025-09-09 14:10:42,705 - __main__ - DEBUG - Step 100/100 - Adaptive weights: mi_beta=0.467, tc_beta=0.133, dw_beta=0.833, blend_alpha=0.600
2025-09-09 14:10:44,177 - __main__ - DEBUG - Step 100/100 - Adaptive weights: mi_beta=0.467, tc_beta=0.133, dw_beta=0.833, blend_alpha=0.600
2025-09-09 14:10:45,615 - __main__ - DEBUG - Step 100/100 - Adaptive weights: mi_beta=0.467, tc_beta=0.133, dw_beta=0.833, blend_alpha=0.600
2025-09-09 14:10:47,153 - __main__ - DEBUG - Step 100/100 - Adaptive weights: mi_beta=0.467, tc_beta=0.133, dw_beta=0.833, blend_alpha=0.600
2025-09-09 14:10:48,619 - __main__ - DEBUG - Step 100/100 - Adaptive weights: mi_beta=0.467, tc_beta=0.133, dw_beta=0.833, blend_alpha=0.600
2025-09-09 14:10:50,115 - __main__ - DEBUG - Step 100/100 - Adaptive weights: mi_beta=0.467, tc_beta=0.133, dw_beta=0.833, blend_alpha=0.600
2025-09-09 14:10:51,581 - __main__ - DEBUG - Step 100/100 - Adaptive weights: mi_beta=0.467, tc_beta=0.133, dw_beta=0.833, blend_alpha=0.600
2025-09-09 14:10:53,027 - __main__ - DEBUG - Step 100/100 - Adaptive weights: mi_beta=0.467, tc_beta=0.133, dw_beta=0.833, blend_alpha=0.600
2025-09-09 14:10:54,284 - __main__ - DEBUG - Step 100/100 - Adaptive weights: mi_beta=0.467, tc_beta=0.133, dw_beta=0.833, blend_alpha=0.600
2025-09-09 14:10:55,839 - __main__ - DEBUG - Step 100/100 - Adaptive weights: mi_beta=0.467, tc_beta=0.133, dw_beta=0.833, blend_alpha=0.600
2025-09-09 14:10:57,310 - __main__ - DEBUG - Step 100/100 - Adaptive weights: mi_beta=0.467, tc_beta=0.133, dw_beta=0.833, blend_alpha=0.600
2025-09-09 14:10:58,831 - __main__ - DEBUG - Step 100/100 - Adaptive weights: mi_beta=0.467, tc_beta=0.133, dw_beta=0.833, blend_alpha=0.600
2025-09-09 14:11:00,364 - __main__ - DEBUG - Step 100/100 - Adaptive weights: mi_beta=0.467, tc_beta=0.133, dw_beta=0.833, blend_alpha=0.600
2025-09-09 14:11:01,900 - __main__ - DEBUG - Step 100/100 - Adaptive weights: mi_beta=0.467, tc_beta=0.133, dw_beta=0.833, blend_alpha=0.600
2025-09-09 14:11:03,307 - __main__ - DEBUG - Step 100/100 - Adaptive weights: mi_beta=0.467, tc_beta=0.133, dw_beta=0.833, blend_alpha=0.600
2025-09-09 14:11:04,732 - __main__ - DEBUG - Step 100/100 - Adaptive weights: mi_beta=0.467, tc_beta=0.133, dw_beta=0.833, blend_alpha=0.600
2025-09-09 14:11:06,155 - __main__ - DEBUG - Step 100/100 - Adaptive weights: mi_beta=0.467, tc_beta=0.133, dw_beta=0.833, blend_alpha=0.600
2025-09-09 14:11:07,552 - __main__ - DEBUG - Step 100/100 - Adaptive weights: mi_beta=0.467, tc_beta=0.133, dw_beta=0.833, blend_alpha=0.600
2025-09-09 14:11:08,390 - __main__ - DEBUG - Step 100/100 - Adaptive weights: mi_beta=0.467, tc_beta=0.133, dw_beta=0.833, blend_alpha=0.600
2025-09-09 14:11:08,391 - __main__ - INFO - 
=== Epoch 1/1 Summary ===
2025-09-09 14:11:08,391 - __main__ - INFO - Average Train Loss: 3813.288 | Average Test Loss: 2663.082
2025-09-09 14:11:08,391 - __main__ - INFO - Current KL Betas: mi=0.467, tc=0.133, dw=0.833, blend_alpha=0.600
2025-09-09 14:11:08,391 - __main__ - INFO - Global Step: 100/100 (100.0%)
2025-09-09 14:11:08,391 - __main__ - INFO - Final Training Batch Details:
2025-09-09 14:11:08,391 - __main__ - INFO -   Raw Losses: hero_loc: 3.200 | occupy: 1643.696 | bag: 417.762 | stats: 74.618 | msg: 24.694 | ego_char: 26.202 | ego_color: 107.092 | ego_class: 27.375 | passability: 0.596 | reward: 32.527 | done: 0.015 | value_k: 5.387 | safety: 0.665 | goal: 0.314 | forward: 40.908 | inverse: 2.910
2025-09-09 14:11:08,391 - __main__ - INFO - Final Testing Batch Details:
2025-09-09 14:11:08,392 - __main__ - INFO -   Raw Losses: hero_loc: 3.310 | occupy: 1543.512 | bag: 392.929 | stats: 77.504 | msg: 30.984 | ego_char: 26.188 | ego_color: 92.044 | ego_class: 27.953 | passability: 0.585 | reward: 16.371 | done: 0.013 | value_k: 2.257 | safety: 0.664 | goal: 0.093 | forward: 26.063 | inverse: 3.092
2025-09-09 14:11:08,392 - __main__ - INFO - Variance of model output (mu): 0.0836, 0.1413, 0.0633, 0.0973, 0.1168, 0.1066, 0.0965, 0.1129, 0.0873, 0.0894, 0.2010, 0.0874, 0.1030, 0.1822, 0.0907, 0.0827, 0.0607, 0.0752, 0.0709, 0.0819, 0.0927, 0.0814, 0.0801, 0.0796, 0.0833, 0.0759, 0.0871, 0.0775, 0.0788, 0.0802, 0.0737, 0.0879, 0.0786, 0.0748, 0.0860, 0.0933, 0.0811, 0.0862, 0.0717, 0.0735, 0.0772, 0.0750, 0.0761, 0.0787, 0.0732, 0.0695, 0.1136, 0.1047, 0.0748, 0.0764, 0.0870, 0.0656, 0.0725, 0.0788, 0.0803, 0.0777, 0.0841, 0.0796, 0.0905, 0.0573, 0.0738, 0.0917, 0.0749, 0.0891, 0.0685, 0.0786, 0.0807, 0.0832, 0.0889, 0.0767, 0.0992, 0.0954, 0.0851, 0.0835, 0.0764, 0.0811, 0.0829, 0.0680, 0.0826, 0.0897, 0.0770, 0.0789, 0.0701, 0.0704, 0.0728, 0.0791, 0.0759, 0.0730, 0.0796, 0.0891, 0.0907, 0.0621, 0.0789, 0.0928, 0.0928, 0.0800
2025-09-09 14:11:08,392 - __main__ - INFO - Per-dim KL: 3.8866, 3.3504, 0.4099, 5.4536, 1.7723, 3.4418, 0.7594, 6.3218, 3.6123, 2.5774, 9.5996, 4.0086, 2.7006, 8.8163, 3.4324, 1.4485, 0.5268, 0.3447, 0.3839, 0.3572, 0.5521, 0.6187, 0.5676, 0.3294, 0.5194, 0.4004, 0.3289, 0.4414, 0.2187, 0.3252, 0.2935, 0.5101, 0.5481, 0.4497, 0.4821, 0.3115, 0.4940, 0.3736, 0.3344, 0.2674, 0.3719, 0.5019, 0.5321, 0.2619, 0.7167, 0.4956, 0.4060, 0.4437, 0.5381, 0.3672, 0.4999, 0.7014, 0.4477, 0.4535, 0.5028, 0.6086, 0.4568, 0.4287, 0.5467, 0.4496, 0.3928, 0.3279, 0.4818, 0.4807, 0.6025, 0.5877, 0.5631, 0.6638, 0.5739, 0.5940, 0.5014, 0.6563, 0.7002, 0.5433, 0.3728, 0.6078, 0.5741, 0.5926, 0.5729, 0.5621, 0.6432, 0.6204, 0.6538, 0.3895, 0.2422, 0.5039, 0.5420, 0.5777, 0.5269, 0.4418, 0.4777, 0.3821, 0.5508, 0.4201, 0.6084, 0.2975
2025-09-09 14:11:08,392 - __main__ - INFO - Eigenvalues of latent space: 0.6064, 0.5256, 0.4768, 0.4400, 0.4283, 0.4155, 0.3963, 0.3783, 0.3548, 0.3524, 0.3427, 0.3324, 0.3269, 0.3220, 0.3149, 0.3067, 0.2990, 0.2876, 0.2773, 0.2698, 0.2689, 0.2637, 0.2611, 0.2561, 0.2524, 0.2481, 0.2451, 0.2397, 0.2383, 0.2308, 0.2287, 0.2232, 0.2201, 0.2173, 0.2098, 0.2068, 0.2060, 0.2030, 0.1972, 0.1928, 0.1923, 0.1907, 0.1839, 0.1824, 0.1784, 0.1757, 0.1731, 0.1685, 0.1672, 0.1655, 0.1649, 0.1625, 0.1600, 0.1575, 0.1567, 0.1526, 0.1503, 0.1481, 0.1471, 0.1450, 0.1425, 0.1411, 0.1385, 0.1350, 0.1332, 0.1290, 0.1256, 0.1242, 0.1217, 0.1200, 0.1191, 0.1181, 0.1152, 0.1127, 0.1109, 0.1086, 0.1072, 0.1062, 0.1032, 0.1015, 0.0998, 0.0984, 0.0960, 0.0948, 0.0926, 0.0901, 0.0888, 0.0869, 0.0855, 0.0832, 0.0810, 0.0788, 0.0777, 0.0729, 0.0712, 0.0673
2025-09-09 14:11:08,392 - __main__ - INFO - KL Eigenvalues: 0.0533, 0.0844, 0.1087, 0.1305, 0.1381, 0.1469, 0.1610, 0.1752, 0.1955, 0.1977, 0.2068, 0.2170, 0.2225, 0.2276, 0.2352, 0.2443, 0.2532, 0.2669, 0.2800, 0.2900, 0.2912, 0.2984, 0.3019, 0.3091, 0.3146, 0.3210, 0.3257, 0.3340, 0.3363, 0.3485, 0.3520, 0.3614, 0.3669, 0.3718, 0.3856, 0.3914, 0.3929, 0.3988, 0.4104, 0.4193, 0.4205, 0.4239, 0.4385, 0.4419, 0.4511, 0.4574, 0.4635, 0.4747, 0.4779, 0.4820, 0.4837, 0.4897, 0.4963, 0.5029, 0.5050, 0.5164, 0.5228, 0.5291, 0.5319, 0.5382, 0.5456, 0.5498, 0.5577, 0.5686, 0.5745, 0.5883, 0.6003, 0.6051, 0.6138, 0.6201, 0.6236, 0.6270, 0.6382, 0.6477, 0.6548, 0.6645, 0.6701, 0.6742, 0.6869, 0.6948, 0.7022, 0.7084, 0.7196, 0.7255, 0.7359, 0.7482, 0.7549, 0.7652, 0.7723, 0.7850, 0.7971, 0.8098, 0.8161, 0.8460, 0.8565, 0.8829
2025-09-09 14:11:08,393 - __main__ - INFO - Variance explained by eigenvalues: 0.0316, 0.0591, 0.0840, 0.1069, 0.1293, 0.1509, 0.1716, 0.1914, 0.2099, 0.2283, 0.2461, 0.2635, 0.2805, 0.2974, 0.3138, 0.3298, 0.3454, 0.3604, 0.3749, 0.3889, 0.4030, 0.4167, 0.4304, 0.4437, 0.4569, 0.4698, 0.4826, 0.4951, 0.5076, 0.5196, 0.5315, 0.5432, 0.5547, 0.5660, 0.5770, 0.5878, 0.5985, 0.6091, 0.6194, 0.6295, 0.6395, 0.6494, 0.6590, 0.6686, 0.6779, 0.6870, 0.6961, 0.7049, 0.7136, 0.7222, 0.7308, 0.7393, 0.7477, 0.7559, 0.7641, 0.7720, 0.7799, 0.7876, 0.7953, 0.8028, 0.8103, 0.8176, 0.8248, 0.8319, 0.8388, 0.8456, 0.8521, 0.8586, 0.8650, 0.8712, 0.8774, 0.8836, 0.8896, 0.8955, 0.9013, 0.9069, 0.9125, 0.9181, 0.9235, 0.9288, 0.9340, 0.9391, 0.9441, 0.9491, 0.9539, 0.9586, 0.9632, 0.9678, 0.9722, 0.9766, 0.9808, 0.9849, 0.9890, 0.9928, 0.9965, 1.0000
2025-09-09 14:11:08,393 - __main__ - INFO - ==================================================
2025-09-09 14:11:08,393 - __main__ - INFO - 
✅ MultiModalVAE training completed!
2025-09-09 14:11:08,393 - __main__ - INFO -   - Completed all 1 epochs
2025-09-09 14:11:08,393 - __main__ - INFO -   - Final train loss: 3813.2882
2025-09-09 14:11:08,393 - __main__ - INFO -   - Final test loss: 2663.0822
2025-09-09 14:11:08,417 - __main__ - INFO - 💾 Model saved locally: checkpoints_hmm/vae_hmm_round2_temp.pth
2025-09-09 14:11:09,629 - __main__ - DEBUG - 🗑️  Removed temporary file: checkpoints_hmm/vae_hmm_round2_temp.pth
2025-09-09 14:11:09,630 - __main__ - INFO - ✅ M-step completed: final_train_loss=3813.2882, final_test_loss=2663.0822
2025-09-09 14:11:09,657 - __main__ - INFO - 💾 Saved VAE+HMM → checkpoints_hmm/vae_with_hmm_round2.pt
2025-09-09 14:11:09,657 - __main__ - INFO - 🤗 Uploading VAE+HMM round 2 to HuggingFace: CatkinChen/nethack-vae-hmm
2025-09-09 14:11:14,602 - huggingface_hub.hf_api - WARNING - No files have been modified since last commit. Skipping to prevent empty commit.
2025-09-09 14:11:19,407 - __main__ - INFO - ✅ VAE+HMM uploaded to: https://huggingface.co/CatkinChen/nethack-vae-hmm
2025-09-09 14:11:23,191 - __main__ - INFO - ========== EM Round 3/3: E-step ==========
2025-09-09 14:11:23,192 - __main__ - INFO -    - Resetting HMM to prior
2025-09-09 14:12:31,598 - __main__ - DEBUG - Initial ELBO: -12187354.3399
2025-09-09 14:12:31,598 - __main__ - DEBUG - Relative tol: 0.0100
2025-09-09 14:12:31,599 - __main__ - DEBUG - Relative elbo_drop_tol: 0.0100
2025-09-09 14:12:31,599 - __main__ - DEBUG - - Init -118.0441
2025-09-09 14:12:31,599 - __main__ - DEBUG - - Trans -180355.8657
2025-09-09 14:12:31,599 - __main__ - DEBUG - - Emit -11998419.9688
2025-09-09 14:12:31,599 - __main__ - DEBUG - - Entropy 134.0266
2025-09-09 14:12:31,599 - __main__ - DEBUG - - Dir 0.0000
2025-09-09 14:12:31,599 - __main__ - DEBUG - - NIW -8579.7324
2025-09-09 14:12:31,599 - __main__ - DEBUG - - Beta prior -14.7555
2025-09-09 14:13:15,277 - __main__ - DEBUG - Iter 0: ELBO after FB: -12187354.3399 (LL -12178759.8520, Δ=0.0000)
2025-09-09 14:13:15,315 - __main__ - DEBUG - Iter 0: ELBO after NIW update: -2695174.3028 (Emit LL -2059775.9141, NIW term -455043.7500, Δ=9492180.0371)
2025-09-09 14:13:15,352 - __main__ - DEBUG - Iter 0: ELBO after Dirichlet update: -2516920.0164 (Trans LL -977.5411, Dir term -1124.0382, Δ=178254.2864)
2025-09-09 14:13:58,558 - __main__ - DEBUG - Iter 1: ELBO after FB: -2503363.1354 (LL -2047180.5917, Δ=13556.8809)
2025-09-09 14:13:58,596 - __main__ - DEBUG - Iter 1: ELBO after NIW update: -2437542.4479 (Emit LL -2044577.8984, NIW term -390930.1562, Δ=65820.6875)
2025-09-09 14:13:58,633 - __main__ - DEBUG - Iter 1: ELBO after Dirichlet update: -2437253.2439 (Trans LL -763.4663, Dir term -966.5505, Δ=289.2041)
2025-09-09 14:14:42,056 - __main__ - DEBUG - Iter 2: ELBO after FB: -2424208.1787 (LL -2032296.7163, Δ=13045.0652)
2025-09-09 14:14:42,094 - __main__ - DEBUG - Iter 2: ELBO after NIW update: -2383502.8544 (Emit LL -2032173.3516, NIW term -349674.0938, Δ=40705.3242)
2025-09-09 14:14:42,138 - __main__ - DEBUG - Iter 2: ELBO after Dirichlet update: -2383306.2723 (Trans LL -543.4380, Dir term -837.8914, Δ=196.5821)
2025-09-09 14:15:34,634 - __main__ - INFO - [E-step] Multi-batch 1/1 (x100 batches) - HMM Diagnostics:
2025-09-09 14:15:34,634 - __main__ - INFO -   - Avg log-likelihood per step: -21.8537
2025-09-09 14:15:34,635 - __main__ - INFO -   - Inner ELBO (final): -2383306.2723
2025-09-09 14:15:34,635 - __main__ - INFO -   - ELBO progression (3 iters): [-2516920.00, -2437253.25, -2383306.25] (Δ=133613.7500)
2025-09-09 14:15:34,635 - __main__ - INFO -   - Effective number of skills: 23.13
2025-09-09 14:15:34,635 - __main__ - INFO -   - State entropy: 0.009
2025-09-09 14:15:34,635 - __main__ - INFO -   - Transition stickiness: 0.780
2025-09-09 14:15:34,635 - __main__ - INFO -   - Top 5 skills: [4, 3, 22, 11, 19] (probs: ['0.099', '0.066', '0.066', '0.065', '0.063'])
2025-09-09 14:15:34,635 - __main__ - INFO -   - Combined time length: 3200 (original T=32, multiples=100)
2025-09-09 14:15:34,638 - __main__ - INFO - 🔍 Computing HMM diagnostics...
2025-09-09 14:16:36,900 - __main__ - INFO - 📊 HMM Diagnostics for Round 3:
2025-09-09 14:16:36,900 - __main__ - INFO -   - Avg log-likelihood per step: -21.9752
2025-09-09 14:16:36,900 - __main__ - INFO -   - State entropy: 0.0301
2025-09-09 14:16:36,900 - __main__ - INFO -   - Effective number of skills: 22.77
2025-09-09 14:16:36,901 - __main__ - INFO -   - Transition stickiness (diag): 0.7797
2025-09-09 14:16:36,901 - __main__ - INFO -   - Top 5 skill occupancies: [0.10128188878297806, 0.07324381172657013, 0.06717380881309509, 0.06504260748624802, 0.06393998116254807]
2025-09-09 14:16:36,901 - __main__ - INFO -   - Top 5 skill indices: [4, 22, 3, 11, 19]
2025-09-09 14:16:36,901 - __main__ - INFO -     - Skill 19: emp= 29.61  E[1/(1-p)]:1118.11  p_stay=0.999
2025-09-09 14:16:36,901 - __main__ - INFO -     - Skill 3: emp= 28.76  E[1/(1-p)]:978.78  p_stay=0.999
2025-09-09 14:16:36,901 - __main__ - INFO -     - Skill 11: emp= 28.69  E[1/(1-p)]:856.81  p_stay=0.999
2025-09-09 14:16:36,901 - __main__ - INFO -     - Skill 4: emp= 27.63  E[1/(1-p)]:733.78  p_stay=0.999
2025-09-09 14:16:36,901 - __main__ - INFO -     - Skill 9: emp= 28.84  E[1/(1-p)]:572.48  p_stay=0.998
2025-09-09 14:16:36,901 - __main__ - INFO - 🖼️  Rendering HMM visualizations for round 3
2025-09-09 14:17:46,552 - __main__ - INFO - 💾 Saved HMM posterior → checkpoints_hmm/hmm_round3.pt
2025-09-09 14:17:46,552 - __main__ - INFO - 🤗 Uploading HMM round 3 to HuggingFace: CatkinChen/nethack-hmm
2025-09-09 14:17:53,832 - __main__ - INFO - ✅ HMM uploaded to: https://huggingface.co/CatkinChen/nethack-hmm
2025-09-09 14:17:53,832 - __main__ - INFO - ========== EM Round 3/3: M-step ==========
2025-09-09 14:17:53,832 - __main__ - INFO - 🔧 Fine-tuning VAE with HMM prior for 1 epochs...
2025-09-09 14:17:53,832 - __main__ - INFO - 📊 M-step 3 parameter schedule:
2025-09-09 14:17:53,832 - __main__ - INFO -   - prior_blend_alpha: 0.600 → 1.000 (cosine)
2025-09-09 14:17:53,832 - __main__ - INFO -   - mi_beta: 0.467 → 0.600 (linear)
2025-09-09 14:17:53,832 - __main__ - INFO -   - tc_beta: 0.133 → 0.200 (linear)
2025-09-09 14:17:53,832 - __main__ - INFO -   - dw_beta: 0.833 → 1.000 (linear)
2025-09-09 14:17:54,515 - __main__ - INFO - Weights & Biases initialized
2025-09-09 14:17:54,516 - __main__ - INFO - 🔥Training MultiModalHackVAE with 100 train batches, 20 test batches
2025-09-09 14:17:54,516 - __main__ - INFO -    Epochs: 1
2025-09-09 14:17:54,516 - __main__ - INFO -    Batch size: 32
2025-09-09 14:17:54,516 - __main__ - INFO -    Sequence size: 32
2025-09-09 14:17:54,516 - __main__ - INFO -    Device: cuda
2025-09-09 14:17:54,516 - __main__ - INFO -    Mixed Precision: BF16 = False
2025-09-09 14:17:54,516 - __main__ - INFO -    LR Scheduler: constant
2025-09-09 14:17:54,517 - __main__ - INFO -    Shuffle batches: True
2025-09-09 14:17:54,517 - __main__ - INFO -    Shuffle within batch: False
2025-09-09 14:17:54,517 - __main__ - INFO -    VAE Configuration:
2025-09-09 14:17:54,517 - __main__ - INFO -      - Latent dimension: 96
2025-09-09 14:17:54,517 - __main__ - INFO -      - Encoder dropout: 0.1
2025-09-09 14:17:54,517 - __main__ - INFO -      - Decoder dropout: 0.1
2025-09-09 14:17:54,517 - __main__ - INFO -    Adaptive Loss Weighting:
2025-09-09 14:17:54,517 - __main__ - INFO -      - MI beta: 0.467 → 0.600
2025-09-09 14:17:54,517 - __main__ - INFO -      - TC beta: 0.133 → 0.200
2025-09-09 14:17:54,517 - __main__ - INFO -      - DW beta: 0.833 → 1.000
2025-09-09 14:17:54,517 - __main__ - INFO -      - Blend alpha: 0.600 → 1.000
2025-09-09 14:17:54,518 - __main__ - INFO -      - Warmup epochs: 0 out of 1 total epochs
2025-09-09 14:17:54,518 - __main__ - INFO -    Free bits: 0.75
2025-09-09 14:17:54,518 - __main__ - INFO -    Focal loss: alpha=0.5, gamma=2.0
2025-09-09 14:17:54,518 - __main__ - INFO -    Early Stopping:
2025-09-09 14:17:54,518 - __main__ - INFO -      - Enabled: False
2025-09-09 14:17:54,518 - __main__ - INFO -    HMM Prior: Enabled
2025-09-09 14:17:54,553 - __main__ - INFO - 🔧 Using FP32 precision training
2025-09-09 14:17:54,553 - __main__ - INFO - Model has latent dimension: 96
2025-09-09 14:17:54,553 - __main__ - INFO - 🎯 Starting training for 1 epochs (starting from epoch 0)...
2025-09-09 14:17:54,554 - __main__ - INFO -    Total training steps: 100
2025-09-09 14:17:54,554 - __main__ - INFO -    Warmup steps: 20
2025-09-09 14:17:54,554 - __main__ - INFO - 🎯 Epoch 1/1 - Starting epoch...
2025-09-09 14:17:54,555 - __main__ - DEBUG - Shuffled 100 training batches for epoch 1
2025-09-09 14:17:54,555 - __main__ - DEBUG - Shuffled 20 testing batches for epoch 1
2025-09-09 14:17:55,106 - __main__ - DEBUG - Step 0/100 - Adaptive weights: mi_beta=0.467, tc_beta=0.133, dw_beta=0.833, blend_alpha=0.600
2025-09-09 14:21:00,452 - __main__ - DEBUG - Step 100/100 - Adaptive weights: mi_beta=0.600, tc_beta=0.200, dw_beta=1.000, blend_alpha=1.000
2025-09-09 14:21:01,906 - __main__ - DEBUG - Step 100/100 - Adaptive weights: mi_beta=0.600, tc_beta=0.200, dw_beta=1.000, blend_alpha=1.000
2025-09-09 14:21:03,373 - __main__ - DEBUG - Step 100/100 - Adaptive weights: mi_beta=0.600, tc_beta=0.200, dw_beta=1.000, blend_alpha=1.000
2025-09-09 14:21:04,837 - __main__ - DEBUG - Step 100/100 - Adaptive weights: mi_beta=0.600, tc_beta=0.200, dw_beta=1.000, blend_alpha=1.000
2025-09-09 14:21:06,254 - __main__ - DEBUG - Step 100/100 - Adaptive weights: mi_beta=0.600, tc_beta=0.200, dw_beta=1.000, blend_alpha=1.000
2025-09-09 14:21:07,768 - __main__ - DEBUG - Step 100/100 - Adaptive weights: mi_beta=0.600, tc_beta=0.200, dw_beta=1.000, blend_alpha=1.000
2025-09-09 14:21:09,217 - __main__ - DEBUG - Step 100/100 - Adaptive weights: mi_beta=0.600, tc_beta=0.200, dw_beta=1.000, blend_alpha=1.000
2025-09-09 14:21:10,690 - __main__ - DEBUG - Step 100/100 - Adaptive weights: mi_beta=0.600, tc_beta=0.200, dw_beta=1.000, blend_alpha=1.000
2025-09-09 14:21:12,125 - __main__ - DEBUG - Step 100/100 - Adaptive weights: mi_beta=0.600, tc_beta=0.200, dw_beta=1.000, blend_alpha=1.000
2025-09-09 14:21:13,535 - __main__ - DEBUG - Step 100/100 - Adaptive weights: mi_beta=0.600, tc_beta=0.200, dw_beta=1.000, blend_alpha=1.000
2025-09-09 14:21:14,768 - __main__ - DEBUG - Step 100/100 - Adaptive weights: mi_beta=0.600, tc_beta=0.200, dw_beta=1.000, blend_alpha=1.000
2025-09-09 14:21:16,300 - __main__ - DEBUG - Step 100/100 - Adaptive weights: mi_beta=0.600, tc_beta=0.200, dw_beta=1.000, blend_alpha=1.000
2025-09-09 14:21:17,752 - __main__ - DEBUG - Step 100/100 - Adaptive weights: mi_beta=0.600, tc_beta=0.200, dw_beta=1.000, blend_alpha=1.000
2025-09-09 14:21:19,242 - __main__ - DEBUG - Step 100/100 - Adaptive weights: mi_beta=0.600, tc_beta=0.200, dw_beta=1.000, blend_alpha=1.000
2025-09-09 14:21:20,769 - __main__ - DEBUG - Step 100/100 - Adaptive weights: mi_beta=0.600, tc_beta=0.200, dw_beta=1.000, blend_alpha=1.000
2025-09-09 14:21:22,303 - __main__ - DEBUG - Step 100/100 - Adaptive weights: mi_beta=0.600, tc_beta=0.200, dw_beta=1.000, blend_alpha=1.000
2025-09-09 14:21:23,704 - __main__ - DEBUG - Step 100/100 - Adaptive weights: mi_beta=0.600, tc_beta=0.200, dw_beta=1.000, blend_alpha=1.000
2025-09-09 14:21:25,131 - __main__ - DEBUG - Step 100/100 - Adaptive weights: mi_beta=0.600, tc_beta=0.200, dw_beta=1.000, blend_alpha=1.000
2025-09-09 14:21:26,548 - __main__ - DEBUG - Step 100/100 - Adaptive weights: mi_beta=0.600, tc_beta=0.200, dw_beta=1.000, blend_alpha=1.000
2025-09-09 14:21:27,938 - __main__ - DEBUG - Step 100/100 - Adaptive weights: mi_beta=0.600, tc_beta=0.200, dw_beta=1.000, blend_alpha=1.000
2025-09-09 14:21:28,774 - __main__ - DEBUG - Step 100/100 - Adaptive weights: mi_beta=0.600, tc_beta=0.200, dw_beta=1.000, blend_alpha=1.000
2025-09-09 14:21:28,774 - __main__ - INFO - 
=== Epoch 1/1 Summary ===
2025-09-09 14:21:28,774 - __main__ - INFO - Average Train Loss: 3866.469 | Average Test Loss: 2702.814
2025-09-09 14:21:28,774 - __main__ - INFO - Current KL Betas: mi=0.600, tc=0.200, dw=1.000, blend_alpha=1.000
2025-09-09 14:21:28,774 - __main__ - INFO - Global Step: 100/100 (100.0%)
2025-09-09 14:21:28,774 - __main__ - INFO - Final Training Batch Details:
2025-09-09 14:21:28,775 - __main__ - INFO -   Raw Losses: hero_loc: 3.653 | occupy: 1642.526 | bag: 420.322 | stats: 74.434 | msg: 24.694 | ego_char: 27.400 | ego_color: 125.962 | ego_class: 29.668 | passability: 0.596 | reward: 32.978 | done: 0.014 | value_k: 5.380 | safety: 0.669 | goal: 0.307 | forward: 43.570 | inverse: 2.911
2025-09-09 14:21:28,775 - __main__ - INFO - Final Testing Batch Details:
2025-09-09 14:21:28,775 - __main__ - INFO -   Raw Losses: hero_loc: 2.985 | occupy: 1533.490 | bag: 393.856 | stats: 76.165 | msg: 31.090 | ego_char: 28.720 | ego_color: 111.407 | ego_class: 30.490 | passability: 0.585 | reward: 16.373 | done: 0.013 | value_k: 2.258 | safety: 0.667 | goal: 0.089 | forward: 28.234 | inverse: 3.106
2025-09-09 14:21:28,775 - __main__ - INFO - Variance of model output (mu): 0.0777, 0.0898, 0.1078, 0.1029, 0.0894, 0.0999, 0.1343, 0.0878, 0.0992, 0.0722, 0.1867, 0.0812, 0.1413, 0.0865, 0.0804, 0.0991, 0.0802, 0.0754, 0.0654, 0.0854, 0.0564, 0.0717, 0.0666, 0.0811, 0.0698, 0.0677, 0.0829, 0.0797, 0.0747, 0.0658, 0.0720, 0.0759, 0.0734, 0.0727, 0.0749, 0.0673, 0.0721, 0.0662, 0.0688, 0.0641, 0.0744, 0.0671, 0.0744, 0.0785, 0.0672, 0.0697, 0.0600, 0.0728, 0.0720, 0.0793, 0.0899, 0.0623, 0.0729, 0.0762, 0.0598, 0.0771, 0.0802, 0.0740, 0.0734, 0.0776, 0.0735, 0.0608, 0.0752, 0.0687, 0.0658, 0.0653, 0.0697, 0.0651, 0.0806, 0.0833, 0.0807, 0.0832, 0.0691, 0.0733, 0.0787, 0.0743, 0.0651, 0.0610, 0.0609, 0.0616, 0.0628, 0.0673, 0.0644, 0.0629, 0.0656, 0.0683, 0.0647, 0.0736, 0.0586, 0.0644, 0.0759, 0.0679, 0.0703, 0.0726, 0.0765, 0.0644
2025-09-09 14:21:28,775 - __main__ - INFO - Per-dim KL: 2.3902, 0.8193, 1.2135, 0.7910, 1.5159, 2.1404, 8.7678, 1.2795, 1.3811, 1.0223, 13.3521, 1.3100, 3.7897, 0.9482, 1.6834, 1.6635, 0.4412, 0.7310, 0.6172, 0.4699, 0.5177, 0.3661, 0.6919, 0.3691, 0.4077, 0.6901, 0.5380, 0.4469, 0.5648, 0.6476, 0.5112, 0.6364, 0.6249, 0.5930, 0.6688, 0.6029, 0.6570, 0.6032, 0.6092, 0.6020, 0.4912, 0.5530, 0.4717, 0.6512, 0.5967, 0.5768, 0.5020, 0.7050, 0.6141, 0.5776, 0.5102, 0.4048, 0.5859, 0.6408, 0.6671, 0.5493, 0.6689, 0.3533, 0.4064, 0.5026, 0.5105, 0.4502, 0.6195, 0.6755, 0.5408, 0.5050, 0.5300, 0.6699, 0.4111, 0.5871, 0.5400, 0.4286, 0.5506, 0.5147, 0.4685, 0.6093, 0.3164, 0.5954, 0.7005, 0.4649, 0.5546, 0.5657, 0.5028, 0.6406, 0.4486, 0.4408, 0.6016, 0.5901, 0.6385, 0.7214, 0.4387, 0.5385, 0.5864, 0.7147, 0.4774, 0.5762
2025-09-09 14:21:28,776 - __main__ - INFO - Eigenvalues of latent space: 0.4315, 0.4033, 0.3808, 0.3618, 0.3353, 0.3224, 0.3083, 0.2973, 0.2912, 0.2827, 0.2792, 0.2735, 0.2631, 0.2561, 0.2487, 0.2453, 0.2365, 0.2342, 0.2310, 0.2277, 0.2220, 0.2160, 0.2104, 0.2096, 0.2075, 0.1978, 0.1940, 0.1874, 0.1864, 0.1837, 0.1791, 0.1762, 0.1750, 0.1737, 0.1701, 0.1669, 0.1647, 0.1640, 0.1603, 0.1589, 0.1528, 0.1504, 0.1468, 0.1453, 0.1445, 0.1420, 0.1394, 0.1367, 0.1353, 0.1333, 0.1292, 0.1278, 0.1256, 0.1237, 0.1212, 0.1205, 0.1185, 0.1180, 0.1169, 0.1153, 0.1134, 0.1127, 0.1111, 0.1095, 0.1085, 0.1072, 0.1043, 0.1022, 0.1019, 0.1000, 0.0988, 0.0974, 0.0960, 0.0939, 0.0921, 0.0907, 0.0900, 0.0876, 0.0870, 0.0852, 0.0824, 0.0807, 0.0795, 0.0784, 0.0773, 0.0754, 0.0744, 0.0734, 0.0730, 0.0728, 0.0698, 0.0681, 0.0671, 0.0651, 0.0634, 0.0557
2025-09-09 14:21:28,776 - __main__ - INFO - KL Eigenvalues: 0.1360, 0.1557, 0.1731, 0.1892, 0.2140, 0.2272, 0.2425, 0.2552, 0.2625, 0.2731, 0.2776, 0.2850, 0.2992, 0.3092, 0.3201, 0.3253, 0.3391, 0.3429, 0.3481, 0.3537, 0.3635, 0.3743, 0.3846, 0.3861, 0.3901, 0.4092, 0.4170, 0.4310, 0.4331, 0.4390, 0.4495, 0.4561, 0.4590, 0.4620, 0.4708, 0.4786, 0.4841, 0.4860, 0.4954, 0.4991, 0.5157, 0.5226, 0.5327, 0.5372, 0.5394, 0.5468, 0.5548, 0.5632, 0.5678, 0.5741, 0.5877, 0.5924, 0.6002, 0.6070, 0.6159, 0.6182, 0.6258, 0.6277, 0.6316, 0.6376, 0.6452, 0.6478, 0.6544, 0.6608, 0.6646, 0.6700, 0.6822, 0.6914, 0.6929, 0.7014, 0.7066, 0.7134, 0.7197, 0.7298, 0.7384, 0.7456, 0.7492, 0.7613, 0.7645, 0.7739, 0.7892, 0.7988, 0.8060, 0.8123, 0.8186, 0.8302, 0.8364, 0.8429, 0.8450, 0.8465, 0.8657, 0.8772, 0.8841, 0.8982, 0.9107, 0.9717
2025-09-09 14:21:28,776 - __main__ - INFO - Variance explained by eigenvalues: 0.0280, 0.0542, 0.0789, 0.1024, 0.1242, 0.1451, 0.1651, 0.1844, 0.2033, 0.2217, 0.2398, 0.2576, 0.2746, 0.2913, 0.3074, 0.3233, 0.3387, 0.3539, 0.3689, 0.3837, 0.3981, 0.4121, 0.4258, 0.4394, 0.4528, 0.4657, 0.4783, 0.4905, 0.5026, 0.5145, 0.5261, 0.5375, 0.5489, 0.5602, 0.5712, 0.5821, 0.5928, 0.6034, 0.6138, 0.6241, 0.6341, 0.6438, 0.6533, 0.6628, 0.6722, 0.6814, 0.6904, 0.6993, 0.7081, 0.7168, 0.7251, 0.7334, 0.7416, 0.7496, 0.7575, 0.7653, 0.7730, 0.7807, 0.7883, 0.7957, 0.8031, 0.8104, 0.8176, 0.8247, 0.8318, 0.8388, 0.8455, 0.8522, 0.8588, 0.8653, 0.8717, 0.8780, 0.8842, 0.8903, 0.8963, 0.9022, 0.9080, 0.9137, 0.9194, 0.9249, 0.9303, 0.9355, 0.9407, 0.9457, 0.9508, 0.9557, 0.9605, 0.9653, 0.9700, 0.9747, 0.9793, 0.9837, 0.9880, 0.9923, 0.9964, 1.0000
2025-09-09 14:21:28,776 - __main__ - INFO - ==================================================
2025-09-09 14:21:28,776 - __main__ - INFO - 
✅ MultiModalVAE training completed!
2025-09-09 14:21:28,776 - __main__ - INFO -   - Completed all 1 epochs
2025-09-09 14:21:28,776 - __main__ - INFO -   - Final train loss: 3866.4689
2025-09-09 14:21:28,777 - __main__ - INFO -   - Final test loss: 2702.8142
2025-09-09 14:21:28,799 - __main__ - INFO - 💾 Model saved locally: checkpoints_hmm/vae_hmm_round3_temp.pth
2025-09-09 14:21:29,785 - __main__ - DEBUG - 🗑️  Removed temporary file: checkpoints_hmm/vae_hmm_round3_temp.pth
2025-09-09 14:21:29,786 - __main__ - INFO - ✅ M-step completed: final_train_loss=3866.4689, final_test_loss=2702.8142
2025-09-09 14:21:29,813 - __main__ - INFO - 💾 Saved VAE+HMM → checkpoints_hmm/vae_with_hmm_round3.pt
2025-09-09 14:21:29,813 - __main__ - INFO - 🤗 Uploading VAE+HMM round 3 to HuggingFace: CatkinChen/nethack-vae-hmm
2025-09-09 14:21:34,381 - huggingface_hub.hf_api - WARNING - No files have been modified since last commit. Skipping to prevent empty commit.
2025-09-09 14:21:39,097 - __main__ - INFO - ✅ VAE+HMM uploaded to: https://huggingface.co/CatkinChen/nethack-vae-hmm
2025-09-09 14:21:43,236 - __main__ - INFO - 
🎉 EM training completed! Summary:
2025-09-09 14:21:43,236 - __main__ - INFO -   - EM rounds: 3
2025-09-09 14:21:43,236 - __main__ - INFO -   - M-step epochs per round: 1
2025-09-09 14:21:43,237 - __main__ - INFO -   - HMM checkpoints: 3
2025-09-09 14:21:43,237 - __main__ - INFO -   - VAE+HMM checkpoints: 3
2025-09-09 14:21:43,237 - __main__ - INFO -   - HuggingFace repos:
2025-09-09 14:21:43,237 - __main__ - INFO -     * HMM: https://huggingface.co/CatkinChen/nethack-hmm
2025-09-09 14:21:43,237 - __main__ - INFO -     * VAE+HMM: https://huggingface.co/CatkinChen/nethack-vae-hmm
2025-09-09 14:21:43,237 - __main__ - INFO - 📊 Training Configuration:
2025-09-09 14:21:43,237 - __main__ - INFO -   - Mode: EM
2025-09-09 14:21:43,237 - __main__ - INFO -   - HMM params: α=5.0, κ=1.0, γ=5.0, K=40, D=96
2025-09-09 14:21:43,237 - __main__ - INFO -   - NIW params: μ₀=0.0, κ₀=1.0, Ψ₀=30.0, ν₀=106
2025-09-09 14:21:43,237 - __main__ - INFO -   - Checkpoints: HMM=3, VAE+HMM=3
2025-09-09 14:21:43,237 - __main__ - INFO -   - HF repos: HMM=CatkinChen/nethack-hmm, VAE+HMM=CatkinChen/nethack-vae-hmm
