2025-09-09 11:37:29,620 - __main__ - INFO - 🤗 Loading pretrained VAE from HuggingFace: CatkinChen/nethack-vae
2025-09-09 11:37:30,173 - __main__ - INFO - ✅ Loaded pretrained VAE checkpoint (plain prior).
2025-09-09 11:37:30,174 - __main__ - INFO - 🧠 Initializing new Sticky-HDP-HMM: latent_dim=96, skills=40
2025-09-09 11:37:30,218 - __main__ - INFO - 🔍 Initializing NIW mean with k-means on VAE latents...
2025-09-09 11:37:46,841 - __main__ - INFO - ========== EM Round 1/4: E-step ==========
2025-09-09 11:38:39,911 - __main__ - DEBUG - Initial ELBO: -12873134.8123
2025-09-09 11:38:39,912 - __main__ - DEBUG - Relative tol: 0.0100
2025-09-09 11:38:39,912 - __main__ - DEBUG - Relative elbo_drop_tol: 0.0100
2025-09-09 11:38:39,912 - __main__ - DEBUG - - Init -118.0441
2025-09-09 11:38:39,912 - __main__ - DEBUG - - Trans -223858.9160
2025-09-09 11:38:39,912 - __main__ - DEBUG - - Emit -12648987.7500
2025-09-09 11:38:39,912 - __main__ - DEBUG - - Entropy 1555.4946
2025-09-09 11:38:39,912 - __main__ - DEBUG - - Dir 0.0000
2025-09-09 11:38:39,912 - __main__ - DEBUG - - NIW -1710.8412
2025-09-09 11:38:39,912 - __main__ - DEBUG - - Beta prior -14.7555
2025-09-09 11:39:23,703 - __main__ - DEBUG - Iter 0: ELBO after FB: -12873134.8123 (LL -12871409.2156, Δ=0.0000)
2025-09-09 11:39:23,741 - __main__ - DEBUG - Iter 0: ELBO after NIW update: -4235710.9399 (Emit LL -3800027.5781, NIW term -213247.1406, Δ=8637423.8724)
2025-09-09 11:39:23,778 - __main__ - DEBUG - Iter 0: ELBO after Dirichlet update: -4041551.1053 (Trans LL -28020.0990, Dir term -1678.9824, Δ=194159.8346)
2025-09-09 11:40:07,610 - __main__ - DEBUG - Iter 1: ELBO after FB: -4028545.5923 (LL -3813604.7137, Δ=13005.5130)
2025-09-09 11:40:07,648 - __main__ - DEBUG - Iter 1: ELBO after NIW update: -4023847.5454 (Emit LL -3787748.6406, NIW term -209520.9531, Δ=4698.0469)
2025-09-09 11:40:07,686 - __main__ - DEBUG - Iter 1: ELBO after Dirichlet update: -4022726.7444 (Trans LL -25270.3744, Dir term -1523.1426, Δ=1120.8011)
2025-09-09 11:40:07,686 - __main__ - DEBUG - Early stopping: ELBO improvement 18824.3609 < tolerance
2025-09-09 11:41:00,304 - __main__ - INFO - [E-step] Multi-batch 1/1 (x100 batches) - HMM Diagnostics:
2025-09-09 11:41:00,305 - __main__ - INFO -   - Avg log-likelihood per step: -41.1417
2025-09-09 11:41:00,305 - __main__ - INFO -   - Inner ELBO (final): -4022726.7444
2025-09-09 11:41:00,305 - __main__ - INFO -   - ELBO progression (2 iters): [-4041551.00, -4022726.75] (Δ=18824.2500)
2025-09-09 11:41:00,305 - __main__ - INFO -   - Effective number of skills: 32.78
2025-09-09 11:41:00,305 - __main__ - INFO -   - State entropy: 0.059
2025-09-09 11:41:00,305 - __main__ - INFO -   - Transition stickiness: 0.870
2025-09-09 11:41:00,305 - __main__ - INFO -   - Top 5 skills: [18, 0, 32, 20, 14] (probs: ['0.057', '0.052', '0.049', '0.048', '0.045'])
2025-09-09 11:41:00,305 - __main__ - INFO -   - Combined time length: 3200 (original T=32, multiples=100)
2025-09-09 11:41:00,307 - __main__ - INFO - 🔍 Computing HMM diagnostics...
2025-09-09 11:42:04,086 - __main__ - INFO - 📊 HMM Diagnostics for Round 1:
2025-09-09 11:42:04,087 - __main__ - INFO -   - Avg log-likelihood per step: -41.2422
2025-09-09 11:42:04,087 - __main__ - INFO -   - State entropy: 0.0641
2025-09-09 11:42:04,087 - __main__ - INFO -   - Effective number of skills: 32.74
2025-09-09 11:42:04,087 - __main__ - INFO -   - Transition stickiness (diag): 0.8699
2025-09-09 11:42:04,087 - __main__ - INFO -   - Top 5 skill occupancies: [0.056678395718336105, 0.05241946130990982, 0.04958370327949524, 0.04790594056248665, 0.04497356340289116]
2025-09-09 11:42:04,087 - __main__ - INFO -   - Top 5 skill indices: [18, 0, 32, 20, 14]
2025-09-09 11:42:04,088 - __main__ - INFO -     - Skill 21: emp= 22.68  E[1/(1-p)]: 64.70  p_stay=0.985
2025-09-09 11:42:04,088 - __main__ - INFO -     - Skill 25: emp= 25.23  E[1/(1-p)]: 61.70  p_stay=0.984
2025-09-09 11:42:04,088 - __main__ - INFO -     - Skill 18: emp= 22.18  E[1/(1-p)]: 51.28  p_stay=0.980
2025-09-09 11:42:04,088 - __main__ - INFO -     - Skill 22: emp= 18.99  E[1/(1-p)]: 40.20  p_stay=0.975
2025-09-09 11:42:04,088 - __main__ - INFO -     - Skill 29: emp= 23.46  E[1/(1-p)]: 39.83  p_stay=0.975
2025-09-09 11:42:04,088 - __main__ - INFO - 🖼️  Rendering HMM visualizations for round 1
2025-09-09 11:43:15,960 - __main__ - INFO - 💾 Saved HMM posterior → checkpoints_hmm/hmm_round1.pt
2025-09-09 11:43:15,960 - __main__ - INFO - 🤗 Uploading HMM round 1 to HuggingFace: CatkinChen/nethack-hmm
2025-09-09 11:43:21,052 - __main__ - INFO - ✅ HMM uploaded to: https://huggingface.co/CatkinChen/nethack-hmm
2025-09-09 11:43:21,052 - __main__ - INFO - ========== EM Round 1/4: M-step ==========
2025-09-09 11:43:21,052 - __main__ - INFO - 🔧 Fine-tuning VAE with HMM prior for 1 epochs...
2025-09-09 11:43:21,053 - __main__ - INFO - 📊 M-step 1 parameter schedule:
2025-09-09 11:43:21,053 - __main__ - INFO -   - prior_blend_alpha: 0.300 → 0.400 (cosine)
2025-09-09 11:43:21,053 - __main__ - INFO -   - mi_beta: 0.200 → 0.333 (linear)
2025-09-09 11:43:21,053 - __main__ - INFO -   - tc_beta: 0.000 → 0.067 (linear)
2025-09-09 11:43:21,053 - __main__ - INFO -   - dw_beta: 0.500 → 0.667 (linear)
2025-09-09 11:43:22,224 - __main__ - INFO - Weights & Biases initialized
2025-09-09 11:43:22,224 - __main__ - INFO - 🔥Training MultiModalHackVAE with 100 train batches, 20 test batches
2025-09-09 11:43:22,224 - __main__ - INFO -    Epochs: 1
2025-09-09 11:43:22,224 - __main__ - INFO -    Batch size: 32
2025-09-09 11:43:22,224 - __main__ - INFO -    Sequence size: 32
2025-09-09 11:43:22,224 - __main__ - INFO -    Device: cuda
2025-09-09 11:43:22,225 - __main__ - INFO -    Mixed Precision: BF16 = False
2025-09-09 11:43:22,225 - __main__ - INFO -    LR Scheduler: constant
2025-09-09 11:43:22,225 - __main__ - INFO -    Shuffle batches: True
2025-09-09 11:43:22,225 - __main__ - INFO -    Shuffle within batch: False
2025-09-09 11:43:22,225 - __main__ - INFO -    VAE Configuration:
2025-09-09 11:43:22,225 - __main__ - INFO -      - Latent dimension: 96
2025-09-09 11:43:22,225 - __main__ - INFO -      - Encoder dropout: 0.1
2025-09-09 11:43:22,225 - __main__ - INFO -      - Decoder dropout: 0.1
2025-09-09 11:43:22,225 - __main__ - INFO -    Adaptive Loss Weighting:
2025-09-09 11:43:22,225 - __main__ - INFO -      - MI beta: 0.200 → 0.333
2025-09-09 11:43:22,225 - __main__ - INFO -      - TC beta: 0.000 → 0.067
2025-09-09 11:43:22,225 - __main__ - INFO -      - DW beta: 0.500 → 0.667
2025-09-09 11:43:22,226 - __main__ - INFO -      - Blend alpha: 0.300 → 0.400
2025-09-09 11:43:22,226 - __main__ - INFO -      - Warmup epochs: 0 out of 1 total epochs
2025-09-09 11:43:22,226 - __main__ - INFO -    Free bits: 0.75
2025-09-09 11:43:22,226 - __main__ - INFO -    Focal loss: alpha=0.5, gamma=2.0
2025-09-09 11:43:22,226 - __main__ - INFO -    Early Stopping:
2025-09-09 11:43:22,226 - __main__ - INFO -      - Enabled: False
2025-09-09 11:43:22,226 - __main__ - INFO -    HMM Prior: Enabled
2025-09-09 11:43:23,185 - __main__ - INFO - 🔧 Using FP32 precision training
2025-09-09 11:43:23,185 - __main__ - INFO - Model has latent dimension: 96
2025-09-09 11:43:23,185 - __main__ - INFO - 🎯 Starting training for 1 epochs (starting from epoch 0)...
2025-09-09 11:43:23,186 - __main__ - INFO -    Total training steps: 100
2025-09-09 11:43:23,186 - __main__ - INFO -    Warmup steps: 20
2025-09-09 11:43:23,186 - __main__ - INFO - 🎯 Epoch 1/1 - Starting epoch...
2025-09-09 11:43:23,187 - __main__ - DEBUG - Shuffled 100 training batches for epoch 1
2025-09-09 11:43:23,187 - __main__ - DEBUG - Shuffled 20 testing batches for epoch 1
2025-09-09 11:43:23,759 - __main__ - DEBUG - Step 0/100 - Adaptive weights: mi_beta=0.200, tc_beta=0.000, dw_beta=0.500, blend_alpha=0.300
2025-09-09 11:46:32,973 - __main__ - DEBUG - Step 100/100 - Adaptive weights: mi_beta=0.333, tc_beta=0.067, dw_beta=0.667, blend_alpha=0.400
2025-09-09 11:46:34,459 - __main__ - DEBUG - Step 100/100 - Adaptive weights: mi_beta=0.333, tc_beta=0.067, dw_beta=0.667, blend_alpha=0.400
2025-09-09 11:46:35,947 - __main__ - DEBUG - Step 100/100 - Adaptive weights: mi_beta=0.333, tc_beta=0.067, dw_beta=0.667, blend_alpha=0.400
2025-09-09 11:46:37,427 - __main__ - DEBUG - Step 100/100 - Adaptive weights: mi_beta=0.333, tc_beta=0.067, dw_beta=0.667, blend_alpha=0.400
2025-09-09 11:46:38,873 - __main__ - DEBUG - Step 100/100 - Adaptive weights: mi_beta=0.333, tc_beta=0.067, dw_beta=0.667, blend_alpha=0.400
2025-09-09 11:46:40,411 - __main__ - DEBUG - Step 100/100 - Adaptive weights: mi_beta=0.333, tc_beta=0.067, dw_beta=0.667, blend_alpha=0.400
2025-09-09 11:46:41,883 - __main__ - DEBUG - Step 100/100 - Adaptive weights: mi_beta=0.333, tc_beta=0.067, dw_beta=0.667, blend_alpha=0.400
2025-09-09 11:46:43,390 - __main__ - DEBUG - Step 100/100 - Adaptive weights: mi_beta=0.333, tc_beta=0.067, dw_beta=0.667, blend_alpha=0.400
2025-09-09 11:46:44,866 - __main__ - DEBUG - Step 100/100 - Adaptive weights: mi_beta=0.333, tc_beta=0.067, dw_beta=0.667, blend_alpha=0.400
2025-09-09 11:46:46,311 - __main__ - DEBUG - Step 100/100 - Adaptive weights: mi_beta=0.333, tc_beta=0.067, dw_beta=0.667, blend_alpha=0.400
2025-09-09 11:46:47,574 - __main__ - DEBUG - Step 100/100 - Adaptive weights: mi_beta=0.333, tc_beta=0.067, dw_beta=0.667, blend_alpha=0.400
2025-09-09 11:46:49,152 - __main__ - DEBUG - Step 100/100 - Adaptive weights: mi_beta=0.333, tc_beta=0.067, dw_beta=0.667, blend_alpha=0.400
2025-09-09 11:46:50,643 - __main__ - DEBUG - Step 100/100 - Adaptive weights: mi_beta=0.333, tc_beta=0.067, dw_beta=0.667, blend_alpha=0.400
2025-09-09 11:46:52,177 - __main__ - DEBUG - Step 100/100 - Adaptive weights: mi_beta=0.333, tc_beta=0.067, dw_beta=0.667, blend_alpha=0.400
2025-09-09 11:46:53,730 - __main__ - DEBUG - Step 100/100 - Adaptive weights: mi_beta=0.333, tc_beta=0.067, dw_beta=0.667, blend_alpha=0.400
2025-09-09 11:46:55,306 - __main__ - DEBUG - Step 100/100 - Adaptive weights: mi_beta=0.333, tc_beta=0.067, dw_beta=0.667, blend_alpha=0.400
2025-09-09 11:46:56,725 - __main__ - DEBUG - Step 100/100 - Adaptive weights: mi_beta=0.333, tc_beta=0.067, dw_beta=0.667, blend_alpha=0.400
2025-09-09 11:46:58,173 - __main__ - DEBUG - Step 100/100 - Adaptive weights: mi_beta=0.333, tc_beta=0.067, dw_beta=0.667, blend_alpha=0.400
2025-09-09 11:46:59,615 - __main__ - DEBUG - Step 100/100 - Adaptive weights: mi_beta=0.333, tc_beta=0.067, dw_beta=0.667, blend_alpha=0.400
2025-09-09 11:47:01,030 - __main__ - DEBUG - Step 100/100 - Adaptive weights: mi_beta=0.333, tc_beta=0.067, dw_beta=0.667, blend_alpha=0.400
2025-09-09 11:47:01,884 - __main__ - DEBUG - Step 100/100 - Adaptive weights: mi_beta=0.333, tc_beta=0.067, dw_beta=0.667, blend_alpha=0.400
2025-09-09 11:47:01,884 - __main__ - INFO - 
=== Epoch 1/1 Summary ===
2025-09-09 11:47:01,884 - __main__ - INFO - Average Train Loss: 3874.290 | Average Test Loss: 2736.832
2025-09-09 11:47:01,884 - __main__ - INFO - Current KL Betas: mi=0.333, tc=0.067, dw=0.667, blend_alpha=0.400
2025-09-09 11:47:01,884 - __main__ - INFO - Global Step: 100/100 (100.0%)
2025-09-09 11:47:01,884 - __main__ - INFO - Final Training Batch Details:
2025-09-09 11:47:01,885 - __main__ - INFO -   Raw Losses: hero_loc: 3.358 | occupy: 1642.963 | bag: 430.258 | stats: 71.693 | msg: 24.741 | ego_char: 27.607 | ego_color: 106.879 | ego_class: 28.575 | passability: 0.596 | reward: 33.304 | done: 0.023 | value_k: 5.379 | safety: 0.666 | goal: 0.318 | forward: 45.239 | inverse: 2.899
2025-09-09 11:47:01,885 - __main__ - INFO - Final Testing Batch Details:
2025-09-09 11:47:01,885 - __main__ - INFO -   Raw Losses: hero_loc: 3.022 | occupy: 1551.756 | bag: 406.443 | stats: 72.010 | msg: 31.276 | ego_char: 27.966 | ego_color: 91.651 | ego_class: 29.246 | passability: 0.583 | reward: 16.290 | done: 0.022 | value_k: 2.267 | safety: 0.665 | goal: 0.091 | forward: 31.922 | inverse: 3.081
2025-09-09 11:47:01,885 - __main__ - INFO - Variance of model output (mu): 0.1253, 0.1159, 0.0957, 0.1279, 0.1022, 0.1473, 0.1225, 0.1155, 0.2159, 0.1352, 0.1394, 0.1026, 0.1141, 0.2214, 0.1497, 0.0914, 0.0880, 0.0849, 0.0877, 0.0832, 0.0941, 0.0760, 0.0779, 0.0911, 0.0874, 0.0771, 0.0914, 0.0899, 0.0803, 0.0665, 0.0858, 0.0937, 0.0776, 0.0838, 0.0784, 0.0705, 0.0890, 0.1062, 0.0809, 0.0888, 0.0896, 0.0987, 0.0827, 0.0977, 0.0883, 0.0891, 0.0985, 0.0908, 0.0758, 0.1016, 0.0781, 0.0914, 0.0742, 0.0928, 0.0943, 0.0927, 0.0983, 0.0706, 0.0764, 0.1032, 0.0870, 0.0859, 0.0922, 0.0859, 0.0680, 0.0995, 0.0780, 0.0786, 0.0764, 0.0834, 0.0959, 0.0932, 0.1110, 0.0879, 0.0822, 0.0864, 0.0888, 0.1068, 0.1016, 0.0874, 0.0926, 0.1000, 0.0952, 0.0927, 0.0996, 0.1039, 0.0999, 0.0750, 0.0948, 0.0834, 0.0909, 0.0899, 0.0933, 0.0903, 0.0876, 0.0933
2025-09-09 11:47:01,886 - __main__ - INFO - Per-dim KL: 1.3255, 5.5533, 1.6034, 13.4914, 0.5892, 7.7841, 2.3362, 2.5336, 8.6990, 0.6610, 11.6577, 0.7657, 4.9375, 10.7166, 9.9692, 0.6580, 0.5149, 0.3365, 0.5917, 0.3752, 0.5431, 0.6711, 0.5786, 0.5365, 0.5148, 0.1405, 0.5999, 0.4603, 0.4305, 0.4221, 0.3414, 0.5376, 0.7027, 0.5096, 0.5609, 0.7197, 0.5716, 0.4333, 0.7235, 0.7127, 0.6353, 0.7745, 0.4776, 0.2558, 0.6552, 0.4848, 0.5781, 0.3967, 0.5840, 0.4666, 0.7037, 0.6544, 0.6746, 0.3700, 0.5775, 0.4423, 0.3216, 0.3828, 0.4933, 0.3891, 0.4614, 0.4401, 0.5355, 0.6413, 0.5079, 0.4763, 0.6934, 0.5783, 0.6412, 0.4799, 0.6434, 0.4612, 0.3775, 0.5545, 0.6831, 0.4295, 0.6924, 0.5572, 0.7636, 0.6765, 0.4573, 0.3152, 0.3471, 0.7522, 0.3570, 0.4729, 0.5406, 0.4770, 0.4419, 0.5216, 0.4180, 0.6704, 0.5816, 0.4901, 0.5581, 0.4451
2025-09-09 11:47:01,886 - __main__ - INFO - Eigenvalues of latent space: 0.6472, 0.5587, 0.4881, 0.4795, 0.4737, 0.4558, 0.4426, 0.4277, 0.4126, 0.4002, 0.3874, 0.3655, 0.3604, 0.3597, 0.3459, 0.3405, 0.3313, 0.3143, 0.3127, 0.3062, 0.2987, 0.2908, 0.2832, 0.2814, 0.2738, 0.2709, 0.2594, 0.2536, 0.2491, 0.2424, 0.2404, 0.2311, 0.2304, 0.2249, 0.2245, 0.2173, 0.2131, 0.2093, 0.2029, 0.2000, 0.1991, 0.1942, 0.1907, 0.1891, 0.1858, 0.1814, 0.1757, 0.1728, 0.1692, 0.1684, 0.1669, 0.1637, 0.1610, 0.1604, 0.1581, 0.1533, 0.1521, 0.1481, 0.1464, 0.1451, 0.1431, 0.1407, 0.1391, 0.1378, 0.1364, 0.1325, 0.1310, 0.1289, 0.1256, 0.1239, 0.1231, 0.1210, 0.1179, 0.1159, 0.1142, 0.1127, 0.1119, 0.1085, 0.1063, 0.1060, 0.1032, 0.1003, 0.0986, 0.0978, 0.0965, 0.0948, 0.0939, 0.0917, 0.0896, 0.0889, 0.0861, 0.0818, 0.0810, 0.0795, 0.0729, 0.0697
2025-09-09 11:47:01,886 - __main__ - INFO - KL Eigenvalues: 0.0411, 0.0704, 0.1026, 0.1073, 0.1105, 0.1208, 0.1288, 0.1385, 0.1489, 0.1580, 0.1679, 0.1860, 0.1905, 0.1911, 0.2037, 0.2089, 0.2180, 0.2358, 0.2376, 0.2448, 0.2535, 0.2630, 0.2724, 0.2746, 0.2846, 0.2884, 0.3044, 0.3128, 0.3194, 0.3297, 0.3329, 0.3480, 0.3491, 0.3585, 0.3591, 0.3718, 0.3795, 0.3866, 0.3990, 0.4047, 0.4065, 0.4166, 0.4239, 0.4273, 0.4344, 0.4443, 0.4573, 0.4642, 0.4729, 0.4748, 0.4786, 0.4867, 0.4936, 0.4952, 0.5014, 0.5142, 0.5177, 0.5290, 0.5340, 0.5376, 0.5437, 0.5508, 0.5557, 0.5599, 0.5641, 0.5769, 0.5818, 0.5890, 0.6001, 0.6060, 0.6090, 0.6167, 0.6279, 0.6356, 0.6419, 0.6480, 0.6512, 0.6647, 0.6739, 0.6752, 0.6874, 0.6998, 0.7078, 0.7114, 0.7173, 0.7253, 0.7297, 0.7406, 0.7512, 0.7544, 0.7692, 0.7927, 0.7969, 0.8058, 0.8461, 0.8669
2025-09-09 11:47:01,886 - __main__ - INFO - Variance explained by eigenvalues: 0.0317, 0.0591, 0.0831, 0.1066, 0.1298, 0.1522, 0.1739, 0.1949, 0.2151, 0.2347, 0.2537, 0.2716, 0.2893, 0.3069, 0.3239, 0.3406, 0.3569, 0.3723, 0.3876, 0.4026, 0.4173, 0.4315, 0.4454, 0.4592, 0.4726, 0.4859, 0.4987, 0.5111, 0.5233, 0.5352, 0.5470, 0.5583, 0.5696, 0.5806, 0.5917, 0.6023, 0.6128, 0.6230, 0.6330, 0.6428, 0.6526, 0.6621, 0.6714, 0.6807, 0.6898, 0.6987, 0.7073, 0.7158, 0.7241, 0.7324, 0.7405, 0.7486, 0.7565, 0.7643, 0.7721, 0.7796, 0.7871, 0.7943, 0.8015, 0.8086, 0.8156, 0.8225, 0.8294, 0.8361, 0.8428, 0.8493, 0.8557, 0.8620, 0.8682, 0.8743, 0.8803, 0.8863, 0.8920, 0.8977, 0.9033, 0.9088, 0.9143, 0.9196, 0.9249, 0.9301, 0.9351, 0.9400, 0.9449, 0.9497, 0.9544, 0.9591, 0.9637, 0.9682, 0.9725, 0.9769, 0.9811, 0.9851, 0.9891, 0.9930, 0.9966, 1.0000
2025-09-09 11:47:01,887 - __main__ - INFO - ==================================================
2025-09-09 11:47:01,887 - __main__ - INFO - 
✅ MultiModalVAE training completed!
2025-09-09 11:47:01,887 - __main__ - INFO -   - Completed all 1 epochs
2025-09-09 11:47:01,887 - __main__ - INFO -   - Final train loss: 3874.2903
2025-09-09 11:47:01,887 - __main__ - INFO -   - Final test loss: 2736.8316
2025-09-09 11:47:01,907 - __main__ - INFO - 💾 Model saved locally: checkpoints_hmm/vae_hmm_round1_temp.pth
2025-09-09 11:47:03,077 - __main__ - DEBUG - 🗑️  Removed temporary file: checkpoints_hmm/vae_hmm_round1_temp.pth
2025-09-09 11:47:03,078 - __main__ - INFO - ✅ M-step completed: final_train_loss=3874.2903, final_test_loss=2736.8316
2025-09-09 11:47:03,106 - __main__ - INFO - 💾 Saved VAE+HMM → checkpoints_hmm/vae_with_hmm_round1.pt
2025-09-09 11:47:03,106 - __main__ - INFO - 🤗 Uploading VAE+HMM round 1 to HuggingFace: CatkinChen/nethack-vae-hmm
2025-09-09 11:47:07,745 - huggingface_hub.hf_api - WARNING - No files have been modified since last commit. Skipping to prevent empty commit.
2025-09-09 11:47:12,117 - __main__ - INFO - ✅ VAE+HMM uploaded to: https://huggingface.co/CatkinChen/nethack-vae-hmm
2025-09-09 11:47:15,859 - __main__ - INFO - ========== EM Round 2/4: E-step ==========
2025-09-09 11:47:15,860 - __main__ - INFO -    - Resetting HMM to prior
2025-09-09 11:48:24,655 - __main__ - DEBUG - Initial ELBO: -12270769.9363
2025-09-09 11:48:24,655 - __main__ - DEBUG - Relative tol: 0.0100
2025-09-09 11:48:24,655 - __main__ - DEBUG - Relative elbo_drop_tol: 0.0100
2025-09-09 11:48:24,655 - __main__ - DEBUG - - Init -118.0441
2025-09-09 11:48:24,655 - __main__ - DEBUG - - Trans -184995.3032
2025-09-09 11:48:24,655 - __main__ - DEBUG - - Emit -12076000.4375
2025-09-09 11:48:24,655 - __main__ - DEBUG - - Entropy 1012.5787
2025-09-09 11:48:24,655 - __main__ - DEBUG - - Dir 0.0000
2025-09-09 11:48:24,655 - __main__ - DEBUG - - NIW -10653.9746
2025-09-09 11:48:24,655 - __main__ - DEBUG - - Beta prior -14.7555
2025-09-09 11:49:08,093 - __main__ - DEBUG - Iter 0: ELBO after FB: -12270769.9363 (LL -12260101.2062, Δ=0.0000)
2025-09-09 11:49:08,131 - __main__ - DEBUG - Iter 0: ELBO after NIW update: -3001086.3836 (Emit LL -2546902.5156, NIW term -270068.3438, Δ=9269683.5527)
2025-09-09 11:49:08,168 - __main__ - DEBUG - Iter 0: ELBO after Dirichlet update: -2823124.8475 (Trans LL -5678.6558, Dir term -1355.1113, Δ=177961.5361)
2025-09-09 11:49:51,513 - __main__ - DEBUG - Iter 1: ELBO after FB: -2728656.4977 (LL -2457218.2871, Δ=94468.3498)
2025-09-09 11:49:51,550 - __main__ - DEBUG - Iter 1: ELBO after NIW update: -2535444.4118 (Emit LL -2379361.5312, NIW term -148195.7344, Δ=193212.0859)
2025-09-09 11:49:51,587 - __main__ - DEBUG - Iter 1: ELBO after Dirichlet update: -2533363.9069 (Trans LL -5781.2126, Dir term -774.1162, Δ=2080.5048)
2025-09-09 11:50:34,950 - __main__ - DEBUG - Iter 2: ELBO after FB: -2420626.2455 (LL -2271641.6394, Δ=112737.6615)
2025-09-09 11:50:34,988 - __main__ - DEBUG - Iter 2: ELBO after NIW update: -2362327.6595 (Emit LL -2275576.8438, NIW term -81326.6172, Δ=58298.5859)
2025-09-09 11:50:35,025 - __main__ - DEBUG - Iter 2: ELBO after Dirichlet update: -2361108.0641 (Trans LL -4483.3341, Dir term -339.7451, Δ=1219.5954)
2025-09-09 11:51:18,271 - __main__ - DEBUG - Iter 3: ELBO after FB: -2325732.2155 (LL -2244051.0977, Δ=35375.8486)
2025-09-09 11:51:18,308 - __main__ - DEBUG - Iter 3: ELBO after NIW update: -2305848.3522 (Emit LL -2241842.4883, NIW term -59410.2539, Δ=19883.8633)
2025-09-09 11:51:18,346 - __main__ - DEBUG - Iter 3: ELBO after Dirichlet update: -2305628.6931 (Trans LL -4826.5779, Dir term -204.1885, Δ=219.6591)
2025-09-09 11:52:02,102 - __main__ - DEBUG - Iter 4: ELBO after FB: -2297772.6307 (LL -2238143.4328, Δ=7856.0623)
2025-09-09 11:52:02,140 - __main__ - DEBUG - Iter 4: ELBO after NIW update: -2296341.4198 (Emit LL -2233457.6484, NIW term -58151.5703, Δ=1431.2109)
2025-09-09 11:52:02,177 - __main__ - DEBUG - Iter 4: ELBO after Dirichlet update: -2296295.2411 (Trans LL -5222.1666, Dir term -177.6006, Δ=46.1788)
2025-09-09 11:52:02,178 - __main__ - DEBUG - Early stopping: ELBO improvement 9333.4520 < tolerance
2025-09-09 11:52:54,487 - __main__ - INFO - [E-step] Multi-batch 1/1 (x100 batches) - HMM Diagnostics:
2025-09-09 11:52:54,487 - __main__ - INFO -   - Avg log-likelihood per step: -24.1525
2025-09-09 11:52:54,487 - __main__ - INFO -   - Inner ELBO (final): -2296295.2411
2025-09-09 11:52:54,487 - __main__ - INFO -   - ELBO progression (5 iters): [-2823124.75, ..., -2296295.25] (Δ=526829.5000)
2025-09-09 11:52:54,487 - __main__ - INFO -   - Effective number of skills: 3.51
2025-09-09 11:52:54,488 - __main__ - INFO -   - State entropy: 0.037
2025-09-09 11:52:54,488 - __main__ - INFO -   - Transition stickiness: 0.268
2025-09-09 11:52:54,488 - __main__ - INFO -   - Top 5 skills: [2, 11, 18, 8, 14] (probs: ['0.460', '0.234', '0.201', '0.105', '0.000'])
2025-09-09 11:52:54,488 - __main__ - INFO -   - Combined time length: 3200 (original T=32, multiples=100)
2025-09-09 11:52:54,489 - __main__ - INFO - 🔍 Computing HMM diagnostics...
2025-09-09 11:53:57,707 - __main__ - INFO - 📊 HMM Diagnostics for Round 2:
2025-09-09 11:53:57,708 - __main__ - INFO -   - Avg log-likelihood per step: -24.2699
2025-09-09 11:53:57,708 - __main__ - INFO -   - State entropy: 0.0429
2025-09-09 11:53:57,708 - __main__ - INFO -   - Effective number of skills: 3.52
2025-09-09 11:53:57,708 - __main__ - INFO -   - Transition stickiness (diag): 0.2678
2025-09-09 11:53:57,708 - __main__ - INFO -   - Top 5 skill occupancies: [0.4589058756828308, 0.2357218712568283, 0.20009632408618927, 0.10527123510837555, 1.3109891483509273e-07]
2025-09-09 11:53:57,708 - __main__ - INFO -   - Top 5 skill indices: [2, 11, 18, 8, 14]
2025-09-09 11:53:57,709 - __main__ - INFO -     - Skill 8: emp= 27.53  E[1/(1-p)]:158.35  p_stay=0.994
2025-09-09 11:53:57,709 - __main__ - INFO -     - Skill 2: emp= 24.95  E[1/(1-p)]:124.98  p_stay=0.992
2025-09-09 11:53:57,709 - __main__ - INFO -     - Skill 11: emp= 23.24  E[1/(1-p)]: 85.38  p_stay=0.988
2025-09-09 11:53:57,709 - __main__ - INFO -     - Skill 18: emp= 22.00  E[1/(1-p)]: 76.81  p_stay=0.987
2025-09-09 11:53:57,709 - __main__ - INFO -     - Skill 1: emp=  0.00  E[1/(1-p)]:  1.23  p_stay=0.188
2025-09-09 11:53:57,709 - __main__ - INFO - 🖼️  Rendering HMM visualizations for round 2
2025-09-09 11:55:08,677 - __main__ - INFO - 💾 Saved HMM posterior → checkpoints_hmm/hmm_round2.pt
2025-09-09 11:55:08,677 - __main__ - INFO - 🤗 Uploading HMM round 2 to HuggingFace: CatkinChen/nethack-hmm
2025-09-09 11:55:13,733 - __main__ - INFO - ✅ HMM uploaded to: https://huggingface.co/CatkinChen/nethack-hmm
2025-09-09 11:55:13,733 - __main__ - INFO - ========== EM Round 2/4: M-step ==========
2025-09-09 11:55:13,733 - __main__ - INFO - 🔧 Fine-tuning VAE with HMM prior for 1 epochs...
2025-09-09 11:55:13,733 - __main__ - INFO - 📊 M-step 2 parameter schedule:
2025-09-09 11:55:13,733 - __main__ - INFO -   - prior_blend_alpha: 0.400 → 0.600 (cosine)
2025-09-09 11:55:13,734 - __main__ - INFO -   - mi_beta: 0.333 → 0.467 (linear)
2025-09-09 11:55:13,734 - __main__ - INFO -   - tc_beta: 0.067 → 0.133 (linear)
2025-09-09 11:55:13,734 - __main__ - INFO -   - dw_beta: 0.667 → 0.833 (linear)
2025-09-09 11:55:14,419 - __main__ - INFO - Weights & Biases initialized
2025-09-09 11:55:14,419 - __main__ - INFO - 🔥Training MultiModalHackVAE with 100 train batches, 20 test batches
2025-09-09 11:55:14,420 - __main__ - INFO -    Epochs: 1
2025-09-09 11:55:14,420 - __main__ - INFO -    Batch size: 32
2025-09-09 11:55:14,420 - __main__ - INFO -    Sequence size: 32
2025-09-09 11:55:14,420 - __main__ - INFO -    Device: cuda
2025-09-09 11:55:14,420 - __main__ - INFO -    Mixed Precision: BF16 = False
2025-09-09 11:55:14,420 - __main__ - INFO -    LR Scheduler: constant
2025-09-09 11:55:14,420 - __main__ - INFO -    Shuffle batches: True
2025-09-09 11:55:14,420 - __main__ - INFO -    Shuffle within batch: False
2025-09-09 11:55:14,420 - __main__ - INFO -    VAE Configuration:
2025-09-09 11:55:14,420 - __main__ - INFO -      - Latent dimension: 96
2025-09-09 11:55:14,421 - __main__ - INFO -      - Encoder dropout: 0.1
2025-09-09 11:55:14,421 - __main__ - INFO -      - Decoder dropout: 0.1
2025-09-09 11:55:14,421 - __main__ - INFO -    Adaptive Loss Weighting:
2025-09-09 11:55:14,421 - __main__ - INFO -      - MI beta: 0.333 → 0.467
2025-09-09 11:55:14,421 - __main__ - INFO -      - TC beta: 0.067 → 0.133
2025-09-09 11:55:14,421 - __main__ - INFO -      - DW beta: 0.667 → 0.833
2025-09-09 11:55:14,421 - __main__ - INFO -      - Blend alpha: 0.400 → 0.600
2025-09-09 11:55:14,421 - __main__ - INFO -      - Warmup epochs: 0 out of 1 total epochs
2025-09-09 11:55:14,421 - __main__ - INFO -    Free bits: 0.75
2025-09-09 11:55:14,421 - __main__ - INFO -    Focal loss: alpha=0.5, gamma=2.0
2025-09-09 11:55:14,421 - __main__ - INFO -    Early Stopping:
2025-09-09 11:55:14,421 - __main__ - INFO -      - Enabled: False
2025-09-09 11:55:14,422 - __main__ - INFO -    HMM Prior: Enabled
2025-09-09 11:55:14,446 - __main__ - INFO - 🔧 Using FP32 precision training
2025-09-09 11:55:14,446 - __main__ - INFO - Model has latent dimension: 96
2025-09-09 11:55:14,446 - __main__ - INFO - 🎯 Starting training for 1 epochs (starting from epoch 0)...
2025-09-09 11:55:14,446 - __main__ - INFO -    Total training steps: 100
2025-09-09 11:55:14,447 - __main__ - INFO -    Warmup steps: 20
2025-09-09 11:55:14,447 - __main__ - INFO - 🎯 Epoch 1/1 - Starting epoch...
2025-09-09 11:55:14,447 - __main__ - DEBUG - Shuffled 100 training batches for epoch 1
2025-09-09 11:55:14,447 - __main__ - DEBUG - Shuffled 20 testing batches for epoch 1
2025-09-09 11:55:15,010 - __main__ - DEBUG - Step 0/100 - Adaptive weights: mi_beta=0.333, tc_beta=0.067, dw_beta=0.667, blend_alpha=0.400
2025-09-09 11:58:23,245 - __main__ - DEBUG - Step 100/100 - Adaptive weights: mi_beta=0.467, tc_beta=0.133, dw_beta=0.833, blend_alpha=0.600
2025-09-09 11:58:24,725 - __main__ - DEBUG - Step 100/100 - Adaptive weights: mi_beta=0.467, tc_beta=0.133, dw_beta=0.833, blend_alpha=0.600
2025-09-09 11:58:26,210 - __main__ - DEBUG - Step 100/100 - Adaptive weights: mi_beta=0.467, tc_beta=0.133, dw_beta=0.833, blend_alpha=0.600
2025-09-09 11:58:27,684 - __main__ - DEBUG - Step 100/100 - Adaptive weights: mi_beta=0.467, tc_beta=0.133, dw_beta=0.833, blend_alpha=0.600
2025-09-09 11:58:29,115 - __main__ - DEBUG - Step 100/100 - Adaptive weights: mi_beta=0.467, tc_beta=0.133, dw_beta=0.833, blend_alpha=0.600
2025-09-09 11:58:30,649 - __main__ - DEBUG - Step 100/100 - Adaptive weights: mi_beta=0.467, tc_beta=0.133, dw_beta=0.833, blend_alpha=0.600
2025-09-09 11:58:32,113 - __main__ - DEBUG - Step 100/100 - Adaptive weights: mi_beta=0.467, tc_beta=0.133, dw_beta=0.833, blend_alpha=0.600
2025-09-09 11:58:33,600 - __main__ - DEBUG - Step 100/100 - Adaptive weights: mi_beta=0.467, tc_beta=0.133, dw_beta=0.833, blend_alpha=0.600
2025-09-09 11:58:35,070 - __main__ - DEBUG - Step 100/100 - Adaptive weights: mi_beta=0.467, tc_beta=0.133, dw_beta=0.833, blend_alpha=0.600
2025-09-09 11:58:36,496 - __main__ - DEBUG - Step 100/100 - Adaptive weights: mi_beta=0.467, tc_beta=0.133, dw_beta=0.833, blend_alpha=0.600
2025-09-09 11:58:37,742 - __main__ - DEBUG - Step 100/100 - Adaptive weights: mi_beta=0.467, tc_beta=0.133, dw_beta=0.833, blend_alpha=0.600
2025-09-09 11:58:39,296 - __main__ - DEBUG - Step 100/100 - Adaptive weights: mi_beta=0.467, tc_beta=0.133, dw_beta=0.833, blend_alpha=0.600
2025-09-09 11:58:40,767 - __main__ - DEBUG - Step 100/100 - Adaptive weights: mi_beta=0.467, tc_beta=0.133, dw_beta=0.833, blend_alpha=0.600
2025-09-09 11:58:42,279 - __main__ - DEBUG - Step 100/100 - Adaptive weights: mi_beta=0.467, tc_beta=0.133, dw_beta=0.833, blend_alpha=0.600
2025-09-09 11:58:43,811 - __main__ - DEBUG - Step 100/100 - Adaptive weights: mi_beta=0.467, tc_beta=0.133, dw_beta=0.833, blend_alpha=0.600
2025-09-09 11:58:45,359 - __main__ - DEBUG - Step 100/100 - Adaptive weights: mi_beta=0.467, tc_beta=0.133, dw_beta=0.833, blend_alpha=0.600
2025-09-09 11:58:46,769 - __main__ - DEBUG - Step 100/100 - Adaptive weights: mi_beta=0.467, tc_beta=0.133, dw_beta=0.833, blend_alpha=0.600
2025-09-09 11:58:48,212 - __main__ - DEBUG - Step 100/100 - Adaptive weights: mi_beta=0.467, tc_beta=0.133, dw_beta=0.833, blend_alpha=0.600
2025-09-09 11:58:49,654 - __main__ - DEBUG - Step 100/100 - Adaptive weights: mi_beta=0.467, tc_beta=0.133, dw_beta=0.833, blend_alpha=0.600
2025-09-09 11:58:51,069 - __main__ - DEBUG - Step 100/100 - Adaptive weights: mi_beta=0.467, tc_beta=0.133, dw_beta=0.833, blend_alpha=0.600
2025-09-09 11:58:51,918 - __main__ - DEBUG - Step 100/100 - Adaptive weights: mi_beta=0.467, tc_beta=0.133, dw_beta=0.833, blend_alpha=0.600
2025-09-09 11:58:51,918 - __main__ - INFO - 
=== Epoch 1/1 Summary ===
2025-09-09 11:58:51,918 - __main__ - INFO - Average Train Loss: 3791.442 | Average Test Loss: 2623.985
2025-09-09 11:58:51,918 - __main__ - INFO - Current KL Betas: mi=0.467, tc=0.133, dw=0.833, blend_alpha=0.600
2025-09-09 11:58:51,918 - __main__ - INFO - Global Step: 100/100 (100.0%)
2025-09-09 11:58:51,918 - __main__ - INFO - Final Training Batch Details:
2025-09-09 11:58:51,918 - __main__ - INFO -   Raw Losses: hero_loc: 3.512 | occupy: 1642.803 | bag: 394.046 | stats: 66.718 | msg: 24.779 | ego_char: 25.203 | ego_color: 127.661 | ego_class: 28.885 | passability: 0.599 | reward: 32.767 | done: 0.018 | value_k: 5.378 | safety: 0.666 | goal: 0.310 | forward: 42.501 | inverse: 2.910
2025-09-09 11:58:51,919 - __main__ - INFO - Final Testing Batch Details:
2025-09-09 11:58:51,919 - __main__ - INFO -   Raw Losses: hero_loc: 3.138 | occupy: 1566.321 | bag: 368.842 | stats: 65.890 | msg: 31.087 | ego_char: 26.380 | ego_color: 112.435 | ego_class: 29.746 | passability: 0.586 | reward: 16.278 | done: 0.017 | value_k: 2.250 | safety: 0.666 | goal: 0.085 | forward: 30.614 | inverse: 3.105
2025-09-09 11:58:51,919 - __main__ - INFO - Variance of model output (mu): 0.0875, 0.0986, 0.0977, 0.1069, 0.0939, 0.0854, 0.0937, 0.0896, 0.0963, 0.1168, 0.1048, 0.1251, 0.1420, 0.1480, 0.0872, 0.1413, 0.0725, 0.0621, 0.0735, 0.0924, 0.0894, 0.0795, 0.1010, 0.0846, 0.0731, 0.0742, 0.0750, 0.0799, 0.0654, 0.0815, 0.0835, 0.0708, 0.0657, 0.0788, 0.0801, 0.0812, 0.0799, 0.0805, 0.0861, 0.0898, 0.0764, 0.0825, 0.0844, 0.0638, 0.0935, 0.0860, 0.0661, 0.0766, 0.0649, 0.0707, 0.0916, 0.0707, 0.0760, 0.0753, 0.0658, 0.0697, 0.0723, 0.0730, 0.0699, 0.0830, 0.0723, 0.0749, 0.0733, 0.0628, 0.0662, 0.0781, 0.0793, 0.0693, 0.0785, 0.0802, 0.0876, 0.0783, 0.0731, 0.0905, 0.0737, 0.0669, 0.0682, 0.1006, 0.0719, 0.0774, 0.0713, 0.0736, 0.0591, 0.0679, 0.0689, 0.0871, 0.0816, 0.0699, 0.0907, 0.0671, 0.0686, 0.0605, 0.0956, 0.0792, 0.0793, 0.0820
2025-09-09 11:58:51,919 - __main__ - INFO - Per-dim KL: 2.9848, 3.0447, 1.8964, 7.3004, 3.4958, 2.4231, 0.7849, 1.1404, 1.2617, 3.2995, 1.4749, 2.5089, 10.3584, 10.5906, 0.6916, 2.3511, 0.5365, 0.5245, 0.5830, 0.4237, 0.5955, 0.5821, 0.5719, 0.3866, 0.7435, 0.5669, 0.4104, 0.3318, 0.6145, 0.4213, 0.5319, 0.5939, 0.5038, 0.7188, 0.3542, 0.6317, 0.4834, 0.3501, 0.4415, 0.6249, 0.3804, 0.7014, 0.5364, 0.5248, 0.3948, 0.6152, 0.3868, 0.3802, 0.6825, 0.5184, 0.3091, 0.5232, 0.5332, 0.4362, 0.6407, 0.6453, 0.6356, 0.6725, 0.4982, 0.6766, 0.5435, 0.6283, 0.5741, 0.3878, 0.4504, 0.7319, 0.6676, 0.7171, 0.5215, 0.6061, 0.5496, 0.4854, 0.6386, 0.4117, 0.7306, 0.5438, 0.5315, 0.4184, 0.6764, 0.4675, 0.6140, 0.5023, 0.5473, 0.3647, 0.4864, 0.4470, 0.5409, 0.6888, 0.7170, 0.6544, 0.7272, 0.6952, 0.4219, 0.5171, 0.4420, 0.5082
2025-09-09 11:58:51,919 - __main__ - INFO - Eigenvalues of latent space: 0.5149, 0.4774, 0.4432, 0.3899, 0.3829, 0.3710, 0.3590, 0.3539, 0.3480, 0.3335, 0.3272, 0.3117, 0.3090, 0.3008, 0.2967, 0.2890, 0.2767, 0.2752, 0.2683, 0.2571, 0.2550, 0.2530, 0.2508, 0.2475, 0.2405, 0.2305, 0.2269, 0.2250, 0.2208, 0.2163, 0.2127, 0.2087, 0.2064, 0.2023, 0.2002, 0.1992, 0.1948, 0.1940, 0.1855, 0.1848, 0.1813, 0.1790, 0.1758, 0.1720, 0.1694, 0.1666, 0.1650, 0.1623, 0.1596, 0.1567, 0.1556, 0.1522, 0.1502, 0.1486, 0.1456, 0.1441, 0.1433, 0.1417, 0.1387, 0.1366, 0.1337, 0.1312, 0.1286, 0.1277, 0.1251, 0.1230, 0.1223, 0.1205, 0.1193, 0.1173, 0.1168, 0.1154, 0.1132, 0.1106, 0.1078, 0.1070, 0.1066, 0.1031, 0.1017, 0.0998, 0.0986, 0.0976, 0.0964, 0.0918, 0.0902, 0.0892, 0.0866, 0.0851, 0.0823, 0.0815, 0.0797, 0.0785, 0.0733, 0.0717, 0.0704, 0.0650
2025-09-09 11:58:51,920 - __main__ - INFO - KL Eigenvalues: 0.0893, 0.1084, 0.1285, 0.1659, 0.1714, 0.1813, 0.1917, 0.1963, 0.2017, 0.2158, 0.2222, 0.2388, 0.2417, 0.2510, 0.2559, 0.2651, 0.2808, 0.2827, 0.2920, 0.3076, 0.3107, 0.3137, 0.3169, 0.3219, 0.3328, 0.3490, 0.3550, 0.3583, 0.3657, 0.3737, 0.3803, 0.3878, 0.3922, 0.4002, 0.4044, 0.4063, 0.4153, 0.4169, 0.4351, 0.4366, 0.4444, 0.4496, 0.4571, 0.4662, 0.4724, 0.4793, 0.4833, 0.4903, 0.4974, 0.5051, 0.5080, 0.5173, 0.5231, 0.5274, 0.5364, 0.5408, 0.5430, 0.5478, 0.5569, 0.5637, 0.5730, 0.5811, 0.5900, 0.5930, 0.6018, 0.6092, 0.6117, 0.6182, 0.6227, 0.6301, 0.6320, 0.6375, 0.6461, 0.6561, 0.6676, 0.6709, 0.6728, 0.6877, 0.6937, 0.7022, 0.7078, 0.7121, 0.7180, 0.7397, 0.7480, 0.7532, 0.7664, 0.7747, 0.7897, 0.7944, 0.8048, 0.8117, 0.8433, 0.8532, 0.8621, 0.8994
2025-09-09 11:58:51,920 - __main__ - INFO - Variance explained by eigenvalues: 0.0285, 0.0550, 0.0795, 0.1011, 0.1223, 0.1429, 0.1628, 0.1824, 0.2016, 0.2201, 0.2382, 0.2555, 0.2726, 0.2893, 0.3057, 0.3217, 0.3371, 0.3523, 0.3672, 0.3814, 0.3955, 0.4095, 0.4234, 0.4371, 0.4505, 0.4632, 0.4758, 0.4883, 0.5005, 0.5125, 0.5243, 0.5358, 0.5473, 0.5585, 0.5695, 0.5806, 0.5914, 0.6021, 0.6124, 0.6226, 0.6327, 0.6426, 0.6523, 0.6619, 0.6712, 0.6805, 0.6896, 0.6986, 0.7074, 0.7161, 0.7247, 0.7332, 0.7415, 0.7497, 0.7578, 0.7658, 0.7737, 0.7816, 0.7892, 0.7968, 0.8042, 0.8115, 0.8186, 0.8257, 0.8326, 0.8394, 0.8462, 0.8529, 0.8595, 0.8660, 0.8724, 0.8788, 0.8851, 0.8912, 0.8972, 0.9031, 0.9090, 0.9147, 0.9204, 0.9259, 0.9314, 0.9368, 0.9421, 0.9472, 0.9522, 0.9571, 0.9619, 0.9666, 0.9712, 0.9757, 0.9801, 0.9845, 0.9885, 0.9925, 0.9964, 1.0000
2025-09-09 11:58:51,920 - __main__ - INFO - ==================================================
2025-09-09 11:58:51,920 - __main__ - INFO - 
✅ MultiModalVAE training completed!
2025-09-09 11:58:51,920 - __main__ - INFO -   - Completed all 1 epochs
2025-09-09 11:58:51,920 - __main__ - INFO -   - Final train loss: 3791.4424
2025-09-09 11:58:51,920 - __main__ - INFO -   - Final test loss: 2623.9846
2025-09-09 11:58:51,940 - __main__ - INFO - 💾 Model saved locally: checkpoints_hmm/vae_hmm_round2_temp.pth
2025-09-09 11:58:52,918 - __main__ - DEBUG - 🗑️  Removed temporary file: checkpoints_hmm/vae_hmm_round2_temp.pth
2025-09-09 11:58:52,918 - __main__ - INFO - ✅ M-step completed: final_train_loss=3791.4424, final_test_loss=2623.9846
2025-09-09 11:58:52,943 - __main__ - INFO - 💾 Saved VAE+HMM → checkpoints_hmm/vae_with_hmm_round2.pt
2025-09-09 11:58:52,943 - __main__ - INFO - 🤗 Uploading VAE+HMM round 2 to HuggingFace: CatkinChen/nethack-vae-hmm
2025-09-09 11:58:57,906 - huggingface_hub.hf_api - WARNING - No files have been modified since last commit. Skipping to prevent empty commit.
2025-09-09 11:59:02,570 - __main__ - INFO - ✅ VAE+HMM uploaded to: https://huggingface.co/CatkinChen/nethack-vae-hmm
2025-09-09 11:59:06,350 - __main__ - INFO - ========== EM Round 3/4: E-step ==========
2025-09-09 11:59:06,351 - __main__ - INFO -    - Resetting HMM to prior
2025-09-09 12:00:13,507 - __main__ - DEBUG - Initial ELBO: -12126795.1198
2025-09-09 12:00:13,508 - __main__ - DEBUG - Relative tol: 0.0100
2025-09-09 12:00:13,508 - __main__ - DEBUG - Relative elbo_drop_tol: 0.0100
2025-09-09 12:00:13,508 - __main__ - DEBUG - - Init -118.0441
2025-09-09 12:00:13,508 - __main__ - DEBUG - - Trans -185213.2500
2025-09-09 12:00:13,508 - __main__ - DEBUG - - Emit -11934119.4375
2025-09-09 12:00:13,508 - __main__ - DEBUG - - Entropy 998.9094
2025-09-09 12:00:13,508 - __main__ - DEBUG - - Dir 0.0000
2025-09-09 12:00:13,508 - __main__ - DEBUG - - NIW -8328.5420
2025-09-09 12:00:13,508 - __main__ - DEBUG - - Beta prior -14.7555
2025-09-09 12:00:56,200 - __main__ - DEBUG - Iter 0: ELBO after FB: -12126795.1198 (LL -12118451.8222, Δ=0.0000)
2025-09-09 12:00:56,238 - __main__ - DEBUG - Iter 0: ELBO after NIW update: -2741916.6793 (Emit LL -2280905.9141, NIW term -276663.6250, Δ=9384878.4404)
2025-09-09 12:00:56,275 - __main__ - DEBUG - Iter 0: ELBO after Dirichlet update: -2564210.5702 (Trans LL -6109.5940, Dir term -1397.5469, Δ=177706.1091)
2025-09-09 12:01:40,504 - __main__ - DEBUG - Iter 1: ELBO after FB: -2463579.5078 (LL -2185503.5804, Δ=100631.0625)
2025-09-09 12:01:40,542 - __main__ - DEBUG - Iter 1: ELBO after NIW update: -2211287.0351 (Emit LL -2057362.3086, NIW term -146218.8594, Δ=252292.4727)
2025-09-09 12:01:40,579 - __main__ - DEBUG - Iter 1: ELBO after Dirichlet update: -2209334.6879 (Trans LL -5838.4205, Dir term -714.9712, Δ=1952.3472)
2025-09-09 12:02:23,933 - __main__ - DEBUG - Iter 2: ELBO after FB: -2112576.3368 (LL -1965627.7507, Δ=96758.3511)
2025-09-09 12:02:23,971 - __main__ - DEBUG - Iter 2: ELBO after NIW update: -2053262.0946 (Emit LL -1960090.0273, NIW term -87180.0391, Δ=59314.2422)
2025-09-09 12:02:24,008 - __main__ - DEBUG - Iter 2: ELBO after Dirichlet update: -2052373.4988 (Trans LL -5655.6986, Dir term -327.5684, Δ=888.5958)
2025-09-09 12:03:08,621 - __main__ - DEBUG - Iter 3: ELBO after FB: -2024491.1990 (LL -1936968.8361, Δ=27882.2998)
2025-09-09 12:03:08,658 - __main__ - DEBUG - Iter 3: ELBO after NIW update: -2001225.6834 (Emit LL -1933364.7891, NIW term -63132.8555, Δ=23265.5156)
2025-09-09 12:03:08,696 - __main__ - DEBUG - Iter 3: ELBO after Dirichlet update: -2000920.3720 (Trans LL -5108.0801, Dir term -208.5615, Δ=305.3114)
2025-09-09 12:03:52,039 - __main__ - DEBUG - Iter 4: ELBO after FB: -1992224.7678 (LL -1928868.5953, Δ=8695.6042)
2025-09-09 12:03:52,077 - __main__ - DEBUG - Iter 4: ELBO after NIW update: -1989779.1076 (Emit LL -1924210.8164, NIW term -60951.3945, Δ=2445.6602)
2025-09-09 12:03:52,115 - __main__ - DEBUG - Iter 4: ELBO after Dirichlet update: -1989736.1658 (Trans LL -5334.4698, Dir term -178.6714, Δ=42.9418)
2025-09-09 12:03:52,115 - __main__ - DEBUG - Early stopping: ELBO improvement 11184.2062 < tolerance
2025-09-09 12:04:45,356 - __main__ - INFO - [E-step] Multi-batch 1/1 (x100 batches) - HMM Diagnostics:
2025-09-09 12:04:45,356 - __main__ - INFO -   - Avg log-likelihood per step: -20.8169
2025-09-09 12:04:45,356 - __main__ - INFO -   - Inner ELBO (final): -1989736.1658
2025-09-09 12:04:45,356 - __main__ - INFO -   - ELBO progression (5 iters): [-2564210.50, ..., -1989736.12] (Δ=574474.3750)
2025-09-09 12:04:45,356 - __main__ - INFO -   - Effective number of skills: 3.90
2025-09-09 12:04:45,356 - __main__ - INFO -   - State entropy: 0.053
2025-09-09 12:04:45,356 - __main__ - INFO -   - Transition stickiness: 0.268
2025-09-09 12:04:45,356 - __main__ - INFO -   - Top 5 skills: [7, 3, 6, 15, 14] (probs: ['0.313', '0.281', '0.243', '0.163', '0.000'])
2025-09-09 12:04:45,356 - __main__ - INFO -   - Combined time length: 3200 (original T=32, multiples=100)
2025-09-09 12:04:45,358 - __main__ - INFO - 🔍 Computing HMM diagnostics...
2025-09-09 12:05:49,513 - __main__ - INFO - 📊 HMM Diagnostics for Round 3:
2025-09-09 12:05:49,513 - __main__ - INFO -   - Avg log-likelihood per step: -20.9320
2025-09-09 12:05:49,513 - __main__ - INFO -   - State entropy: 0.0662
2025-09-09 12:05:49,513 - __main__ - INFO -   - Effective number of skills: 3.89
2025-09-09 12:05:49,513 - __main__ - INFO -   - Transition stickiness (diag): 0.2678
2025-09-09 12:05:49,514 - __main__ - INFO -   - Top 5 skill occupancies: [0.314358115196228, 0.2813909649848938, 0.24343660473823547, 0.16080951690673828, 1.3116539321345044e-07]
2025-09-09 12:05:49,514 - __main__ - INFO -   - Top 5 skill indices: [7, 3, 6, 15, 19]
2025-09-09 12:05:49,514 - __main__ - INFO -     - Skill 3: emp= 26.83  E[1/(1-p)]:165.86  p_stay=0.994
2025-09-09 12:05:49,514 - __main__ - INFO -     - Skill 7: emp= 24.60  E[1/(1-p)]: 91.51  p_stay=0.989
2025-09-09 12:05:49,514 - __main__ - INFO -     - Skill 6: emp= 23.47  E[1/(1-p)]: 90.21  p_stay=0.989
2025-09-09 12:05:49,514 - __main__ - INFO -     - Skill 15: emp= 24.73  E[1/(1-p)]: 84.51  p_stay=0.988
2025-09-09 12:05:49,514 - __main__ - INFO -     - Skill 1: emp=  0.00  E[1/(1-p)]:  1.23  p_stay=0.188
2025-09-09 12:05:49,514 - __main__ - INFO - 🖼️  Rendering HMM visualizations for round 3
2025-09-09 12:07:00,051 - __main__ - INFO - 💾 Saved HMM posterior → checkpoints_hmm/hmm_round3.pt
2025-09-09 12:07:00,051 - __main__ - INFO - 🤗 Uploading HMM round 3 to HuggingFace: CatkinChen/nethack-hmm
2025-09-09 12:07:04,963 - __main__ - INFO - ✅ HMM uploaded to: https://huggingface.co/CatkinChen/nethack-hmm
2025-09-09 12:07:04,963 - __main__ - INFO - ========== EM Round 3/4: M-step ==========
2025-09-09 12:07:04,963 - __main__ - INFO - 🔧 Fine-tuning VAE with HMM prior for 1 epochs...
2025-09-09 12:07:04,963 - __main__ - INFO - 📊 M-step 3 parameter schedule:
2025-09-09 12:07:04,963 - __main__ - INFO -   - prior_blend_alpha: 0.600 → 0.800 (cosine)
2025-09-09 12:07:04,963 - __main__ - INFO -   - mi_beta: 0.467 → 0.600 (linear)
2025-09-09 12:07:04,963 - __main__ - INFO -   - tc_beta: 0.133 → 0.200 (linear)
2025-09-09 12:07:04,963 - __main__ - INFO -   - dw_beta: 0.833 → 1.000 (linear)
2025-09-09 12:07:05,672 - __main__ - INFO - Weights & Biases initialized
2025-09-09 12:07:05,672 - __main__ - INFO - 🔥Training MultiModalHackVAE with 100 train batches, 20 test batches
2025-09-09 12:07:05,673 - __main__ - INFO -    Epochs: 1
2025-09-09 12:07:05,673 - __main__ - INFO -    Batch size: 32
2025-09-09 12:07:05,673 - __main__ - INFO -    Sequence size: 32
2025-09-09 12:07:05,673 - __main__ - INFO -    Device: cuda
2025-09-09 12:07:05,673 - __main__ - INFO -    Mixed Precision: BF16 = False
2025-09-09 12:07:05,673 - __main__ - INFO -    LR Scheduler: constant
2025-09-09 12:07:05,673 - __main__ - INFO -    Shuffle batches: True
2025-09-09 12:07:05,673 - __main__ - INFO -    Shuffle within batch: False
2025-09-09 12:07:05,673 - __main__ - INFO -    VAE Configuration:
2025-09-09 12:07:05,674 - __main__ - INFO -      - Latent dimension: 96
2025-09-09 12:07:05,674 - __main__ - INFO -      - Encoder dropout: 0.1
2025-09-09 12:07:05,674 - __main__ - INFO -      - Decoder dropout: 0.1
2025-09-09 12:07:05,674 - __main__ - INFO -    Adaptive Loss Weighting:
2025-09-09 12:07:05,674 - __main__ - INFO -      - MI beta: 0.467 → 0.600
2025-09-09 12:07:05,674 - __main__ - INFO -      - TC beta: 0.133 → 0.200
2025-09-09 12:07:05,674 - __main__ - INFO -      - DW beta: 0.833 → 1.000
2025-09-09 12:07:05,674 - __main__ - INFO -      - Blend alpha: 0.600 → 0.800
2025-09-09 12:07:05,674 - __main__ - INFO -      - Warmup epochs: 0 out of 1 total epochs
2025-09-09 12:07:05,674 - __main__ - INFO -    Free bits: 0.75
2025-09-09 12:07:05,674 - __main__ - INFO -    Focal loss: alpha=0.5, gamma=2.0
2025-09-09 12:07:05,674 - __main__ - INFO -    Early Stopping:
2025-09-09 12:07:05,675 - __main__ - INFO -      - Enabled: False
2025-09-09 12:07:05,675 - __main__ - INFO -    HMM Prior: Enabled
2025-09-09 12:07:05,704 - __main__ - INFO - 🔧 Using FP32 precision training
2025-09-09 12:07:05,704 - __main__ - INFO - Model has latent dimension: 96
2025-09-09 12:07:05,704 - __main__ - INFO - 🎯 Starting training for 1 epochs (starting from epoch 0)...
2025-09-09 12:07:05,705 - __main__ - INFO -    Total training steps: 100
2025-09-09 12:07:05,705 - __main__ - INFO -    Warmup steps: 20
2025-09-09 12:07:05,705 - __main__ - INFO - 🎯 Epoch 1/1 - Starting epoch...
2025-09-09 12:07:05,706 - __main__ - DEBUG - Shuffled 100 training batches for epoch 1
2025-09-09 12:07:05,706 - __main__ - DEBUG - Shuffled 20 testing batches for epoch 1
2025-09-09 12:07:06,275 - __main__ - DEBUG - Step 0/100 - Adaptive weights: mi_beta=0.467, tc_beta=0.133, dw_beta=0.833, blend_alpha=0.600
2025-09-09 12:10:15,376 - __main__ - DEBUG - Step 100/100 - Adaptive weights: mi_beta=0.600, tc_beta=0.200, dw_beta=1.000, blend_alpha=0.800
2025-09-09 12:10:16,867 - __main__ - DEBUG - Step 100/100 - Adaptive weights: mi_beta=0.600, tc_beta=0.200, dw_beta=1.000, blend_alpha=0.800
2025-09-09 12:10:18,354 - __main__ - DEBUG - Step 100/100 - Adaptive weights: mi_beta=0.600, tc_beta=0.200, dw_beta=1.000, blend_alpha=0.800
2025-09-09 12:10:19,846 - __main__ - DEBUG - Step 100/100 - Adaptive weights: mi_beta=0.600, tc_beta=0.200, dw_beta=1.000, blend_alpha=0.800
2025-09-09 12:10:21,293 - __main__ - DEBUG - Step 100/100 - Adaptive weights: mi_beta=0.600, tc_beta=0.200, dw_beta=1.000, blend_alpha=0.800
2025-09-09 12:10:22,836 - __main__ - DEBUG - Step 100/100 - Adaptive weights: mi_beta=0.600, tc_beta=0.200, dw_beta=1.000, blend_alpha=0.800
2025-09-09 12:10:24,323 - __main__ - DEBUG - Step 100/100 - Adaptive weights: mi_beta=0.600, tc_beta=0.200, dw_beta=1.000, blend_alpha=0.800
2025-09-09 12:10:25,826 - __main__ - DEBUG - Step 100/100 - Adaptive weights: mi_beta=0.600, tc_beta=0.200, dw_beta=1.000, blend_alpha=0.800
2025-09-09 12:10:27,291 - __main__ - DEBUG - Step 100/100 - Adaptive weights: mi_beta=0.600, tc_beta=0.200, dw_beta=1.000, blend_alpha=0.800
2025-09-09 12:10:28,733 - __main__ - DEBUG - Step 100/100 - Adaptive weights: mi_beta=0.600, tc_beta=0.200, dw_beta=1.000, blend_alpha=0.800
2025-09-09 12:10:29,989 - __main__ - DEBUG - Step 100/100 - Adaptive weights: mi_beta=0.600, tc_beta=0.200, dw_beta=1.000, blend_alpha=0.800
2025-09-09 12:10:31,562 - __main__ - DEBUG - Step 100/100 - Adaptive weights: mi_beta=0.600, tc_beta=0.200, dw_beta=1.000, blend_alpha=0.800
2025-09-09 12:10:33,040 - __main__ - DEBUG - Step 100/100 - Adaptive weights: mi_beta=0.600, tc_beta=0.200, dw_beta=1.000, blend_alpha=0.800
2025-09-09 12:10:34,558 - __main__ - DEBUG - Step 100/100 - Adaptive weights: mi_beta=0.600, tc_beta=0.200, dw_beta=1.000, blend_alpha=0.800
2025-09-09 12:10:36,105 - __main__ - DEBUG - Step 100/100 - Adaptive weights: mi_beta=0.600, tc_beta=0.200, dw_beta=1.000, blend_alpha=0.800
2025-09-09 12:10:37,676 - __main__ - DEBUG - Step 100/100 - Adaptive weights: mi_beta=0.600, tc_beta=0.200, dw_beta=1.000, blend_alpha=0.800
2025-09-09 12:10:39,098 - __main__ - DEBUG - Step 100/100 - Adaptive weights: mi_beta=0.600, tc_beta=0.200, dw_beta=1.000, blend_alpha=0.800
2025-09-09 12:10:40,541 - __main__ - DEBUG - Step 100/100 - Adaptive weights: mi_beta=0.600, tc_beta=0.200, dw_beta=1.000, blend_alpha=0.800
2025-09-09 12:10:41,986 - __main__ - DEBUG - Step 100/100 - Adaptive weights: mi_beta=0.600, tc_beta=0.200, dw_beta=1.000, blend_alpha=0.800
2025-09-09 12:10:43,404 - __main__ - DEBUG - Step 100/100 - Adaptive weights: mi_beta=0.600, tc_beta=0.200, dw_beta=1.000, blend_alpha=0.800
2025-09-09 12:10:44,258 - __main__ - DEBUG - Step 100/100 - Adaptive weights: mi_beta=0.600, tc_beta=0.200, dw_beta=1.000, blend_alpha=0.800
2025-09-09 12:10:44,258 - __main__ - INFO - 
=== Epoch 1/1 Summary ===
2025-09-09 12:10:44,258 - __main__ - INFO - Average Train Loss: 3820.223 | Average Test Loss: 2648.443
2025-09-09 12:10:44,258 - __main__ - INFO - Current KL Betas: mi=0.600, tc=0.200, dw=1.000, blend_alpha=0.800
2025-09-09 12:10:44,258 - __main__ - INFO - Global Step: 100/100 (100.0%)
2025-09-09 12:10:44,258 - __main__ - INFO - Final Training Batch Details:
2025-09-09 12:10:44,259 - __main__ - INFO -   Raw Losses: hero_loc: 2.615 | occupy: 1642.485 | bag: 406.981 | stats: 78.565 | msg: 24.797 | ego_char: 27.384 | ego_color: 120.267 | ego_class: 28.236 | passability: 0.601 | reward: 32.598 | done: 0.015 | value_k: 5.383 | safety: 0.664 | goal: 0.314 | forward: 48.420 | inverse: 2.929
2025-09-09 12:10:44,259 - __main__ - INFO - Final Testing Batch Details:
2025-09-09 12:10:44,259 - __main__ - INFO -   Raw Losses: hero_loc: 2.139 | occupy: 1539.238 | bag: 382.556 | stats: 79.055 | msg: 31.179 | ego_char: 27.168 | ego_color: 103.239 | ego_class: 28.824 | passability: 0.588 | reward: 16.390 | done: 0.015 | value_k: 2.260 | safety: 0.663 | goal: 0.073 | forward: 32.221 | inverse: 3.147
2025-09-09 12:10:44,259 - __main__ - INFO - Variance of model output (mu): 0.1091, 0.1039, 0.1013, 0.1220, 0.1605, 0.1267, 0.0878, 0.1939, 0.1097, 0.0908, 0.1041, 0.1257, 0.0741, 0.1342, 0.0862, 0.1277, 0.0678, 0.0922, 0.0722, 0.0737, 0.0734, 0.0825, 0.0681, 0.0656, 0.0831, 0.0673, 0.0859, 0.0646, 0.0623, 0.0697, 0.0894, 0.0724, 0.0755, 0.0702, 0.0799, 0.0747, 0.0616, 0.0721, 0.0743, 0.0786, 0.0821, 0.0763, 0.0669, 0.0845, 0.0721, 0.0711, 0.0793, 0.0730, 0.0809, 0.0774, 0.0650, 0.0851, 0.0686, 0.0889, 0.0797, 0.0898, 0.0658, 0.0722, 0.0730, 0.0703, 0.0729, 0.0834, 0.0684, 0.0736, 0.0754, 0.0667, 0.0896, 0.0755, 0.0811, 0.0784, 0.0810, 0.0686, 0.0636, 0.0785, 0.0693, 0.0655, 0.0752, 0.0805, 0.0912, 0.0811, 0.0872, 0.0696, 0.0742, 0.0698, 0.0824, 0.0872, 0.0712, 0.0634, 0.0709, 0.0750, 0.0781, 0.0787, 0.0747, 0.0682, 0.0790, 0.0637
2025-09-09 12:10:44,259 - __main__ - INFO - Per-dim KL: 1.2335, 1.3823, 5.3548, 0.7952, 4.1464, 5.2599, 0.4248, 3.4914, 2.8704, 0.7058, 3.2338, 4.7234, 0.9334, 2.2087, 1.0117, 5.3785, 0.5031, 0.5442, 0.5125, 0.5541, 0.5492, 0.4660, 0.4731, 0.7030, 0.4660, 0.6208, 0.4091, 0.7187, 0.4883, 0.6827, 0.5353, 0.6405, 0.6470, 0.6121, 0.6049, 0.5720, 0.4895, 0.5486, 0.4405, 0.5857, 0.5535, 0.6134, 0.5779, 0.6108, 0.4211, 0.6099, 0.4142, 0.5684, 0.4489, 0.3625, 0.6022, 0.5970, 0.4543, 0.3982, 0.5358, 0.5935, 0.6252, 0.6896, 0.4818, 0.5699, 0.6044, 0.4759, 0.6752, 0.5325, 0.4462, 0.5969, 0.6342, 0.5563, 0.4482, 0.5230, 0.6130, 0.4581, 0.5086, 0.4626, 0.5806, 0.6221, 0.5757, 0.4260, 0.4823, 0.5594, 0.6553, 0.6474, 0.5816, 0.4325, 0.5372, 0.5701, 0.5071, 0.6846, 0.4782, 0.6399, 0.4472, 0.5042, 0.5109, 0.4610, 0.6430, 0.6445
2025-09-09 12:10:44,260 - __main__ - INFO - Eigenvalues of latent space: 0.6228, 0.4080, 0.3868, 0.3696, 0.3357, 0.3234, 0.3152, 0.3066, 0.2973, 0.2869, 0.2758, 0.2700, 0.2589, 0.2533, 0.2497, 0.2445, 0.2370, 0.2307, 0.2285, 0.2250, 0.2181, 0.2075, 0.2019, 0.2005, 0.1988, 0.1924, 0.1884, 0.1844, 0.1842, 0.1766, 0.1735, 0.1693, 0.1652, 0.1637, 0.1610, 0.1576, 0.1568, 0.1530, 0.1494, 0.1474, 0.1441, 0.1432, 0.1387, 0.1381, 0.1354, 0.1332, 0.1304, 0.1294, 0.1268, 0.1254, 0.1246, 0.1212, 0.1198, 0.1195, 0.1171, 0.1166, 0.1144, 0.1111, 0.1098, 0.1070, 0.1056, 0.1037, 0.1030, 0.1008, 0.0998, 0.0987, 0.0984, 0.0970, 0.0959, 0.0946, 0.0923, 0.0902, 0.0893, 0.0884, 0.0883, 0.0871, 0.0858, 0.0841, 0.0821, 0.0805, 0.0783, 0.0780, 0.0765, 0.0754, 0.0735, 0.0727, 0.0717, 0.0707, 0.0698, 0.0694, 0.0682, 0.0667, 0.0636, 0.0610, 0.0603, 0.0582
2025-09-09 12:10:44,260 - __main__ - INFO - KL Eigenvalues: 0.0482, 0.1522, 0.1683, 0.1825, 0.2137, 0.2262, 0.2349, 0.2444, 0.2551, 0.2678, 0.2819, 0.2897, 0.3051, 0.3133, 0.3186, 0.3265, 0.3383, 0.3487, 0.3524, 0.3583, 0.3704, 0.3901, 0.4009, 0.4037, 0.4071, 0.4202, 0.4288, 0.4376, 0.4380, 0.4551, 0.4626, 0.4728, 0.4828, 0.4866, 0.4937, 0.5026, 0.5047, 0.5153, 0.5252, 0.5310, 0.5407, 0.5434, 0.5570, 0.5589, 0.5674, 0.5747, 0.5838, 0.5870, 0.5960, 0.6008, 0.6038, 0.6159, 0.6210, 0.6219, 0.6308, 0.6327, 0.6413, 0.6541, 0.6596, 0.6708, 0.6769, 0.6850, 0.6882, 0.6976, 0.7024, 0.7072, 0.7084, 0.7152, 0.7202, 0.7264, 0.7373, 0.7479, 0.7528, 0.7569, 0.7575, 0.7638, 0.7707, 0.7797, 0.7911, 0.8000, 0.8129, 0.8144, 0.8234, 0.8300, 0.8419, 0.8470, 0.8534, 0.8602, 0.8656, 0.8685, 0.8766, 0.8875, 0.9097, 0.9292, 0.9345, 0.9513
2025-09-09 12:10:44,260 - __main__ - INFO - Variance explained by eigenvalues: 0.0411, 0.0680, 0.0935, 0.1179, 0.1400, 0.1614, 0.1821, 0.2024, 0.2220, 0.2409, 0.2591, 0.2769, 0.2940, 0.3107, 0.3272, 0.3433, 0.3589, 0.3741, 0.3892, 0.4040, 0.4184, 0.4321, 0.4454, 0.4587, 0.4718, 0.4845, 0.4969, 0.5091, 0.5212, 0.5329, 0.5443, 0.5555, 0.5664, 0.5772, 0.5878, 0.5982, 0.6085, 0.6186, 0.6285, 0.6382, 0.6477, 0.6571, 0.6663, 0.6754, 0.6843, 0.6931, 0.7017, 0.7102, 0.7186, 0.7269, 0.7351, 0.7431, 0.7510, 0.7589, 0.7666, 0.7743, 0.7818, 0.7892, 0.7964, 0.8035, 0.8104, 0.8173, 0.8241, 0.8307, 0.8373, 0.8438, 0.8503, 0.8567, 0.8630, 0.8693, 0.8753, 0.8813, 0.8872, 0.8930, 0.8988, 0.9046, 0.9103, 0.9158, 0.9212, 0.9265, 0.9317, 0.9368, 0.9419, 0.9469, 0.9517, 0.9565, 0.9612, 0.9659, 0.9705, 0.9751, 0.9796, 0.9840, 0.9882, 0.9922, 0.9962, 1.0000
2025-09-09 12:10:44,260 - __main__ - INFO - ==================================================
2025-09-09 12:10:44,260 - __main__ - INFO - 
✅ MultiModalVAE training completed!
2025-09-09 12:10:44,260 - __main__ - INFO -   - Completed all 1 epochs
2025-09-09 12:10:44,260 - __main__ - INFO -   - Final train loss: 3820.2234
2025-09-09 12:10:44,261 - __main__ - INFO -   - Final test loss: 2648.4431
2025-09-09 12:10:44,282 - __main__ - INFO - 💾 Model saved locally: checkpoints_hmm/vae_hmm_round3_temp.pth
2025-09-09 12:10:45,262 - __main__ - DEBUG - 🗑️  Removed temporary file: checkpoints_hmm/vae_hmm_round3_temp.pth
2025-09-09 12:10:45,263 - __main__ - INFO - ✅ M-step completed: final_train_loss=3820.2234, final_test_loss=2648.4431
2025-09-09 12:10:45,291 - __main__ - INFO - 💾 Saved VAE+HMM → checkpoints_hmm/vae_with_hmm_round3.pt
2025-09-09 12:10:45,291 - __main__ - INFO - 🤗 Uploading VAE+HMM round 3 to HuggingFace: CatkinChen/nethack-vae-hmm
2025-09-09 12:10:49,939 - huggingface_hub.hf_api - WARNING - No files have been modified since last commit. Skipping to prevent empty commit.
2025-09-09 12:10:54,584 - __main__ - INFO - ✅ VAE+HMM uploaded to: https://huggingface.co/CatkinChen/nethack-vae-hmm
2025-09-09 12:10:58,329 - __main__ - INFO - ========== EM Round 4/4: E-step ==========
2025-09-09 12:10:58,329 - __main__ - INFO -    - Resetting HMM to prior
2025-09-09 12:12:06,541 - __main__ - DEBUG - Initial ELBO: -11698295.5540
2025-09-09 12:12:06,541 - __main__ - DEBUG - Relative tol: 0.0100
2025-09-09 12:12:06,541 - __main__ - DEBUG - Relative elbo_drop_tol: 0.0100
2025-09-09 12:12:06,541 - __main__ - DEBUG - - Init -118.0441
2025-09-09 12:12:06,541 - __main__ - DEBUG - - Trans -187264.0303
2025-09-09 12:12:06,541 - __main__ - DEBUG - - Emit -11506566.4688
2025-09-09 12:12:06,541 - __main__ - DEBUG - - Entropy 1381.0757
2025-09-09 12:12:06,541 - __main__ - DEBUG - - Dir 0.0000
2025-09-09 12:12:06,541 - __main__ - DEBUG - - NIW -5713.3311
2025-09-09 12:12:06,541 - __main__ - DEBUG - - Beta prior -14.7555
2025-09-09 12:12:49,952 - __main__ - DEBUG - Iter 0: ELBO after FB: -11698295.5540 (LL -11692567.4674, Δ=0.0000)
2025-09-09 12:12:49,989 - __main__ - DEBUG - Iter 0: ELBO after NIW update: -1607079.2913 (Emit LL -1083399.8184, NIW term -337663.7188, Δ=10091216.2627)
2025-09-09 12:12:50,026 - __main__ - DEBUG - Iter 0: ELBO after Dirichlet update: -1429377.4026 (Trans LL -8077.3491, Dir term -1484.7925, Δ=177701.8886)
2025-09-09 12:13:33,420 - __main__ - DEBUG - Iter 1: ELBO after FB: -1269030.2169 (LL -929866.9501, Δ=160347.1858)
2025-09-09 12:13:33,458 - __main__ - DEBUG - Iter 1: ELBO after NIW update: -858828.1934 (Emit LL -712996.2051, NIW term -135468.5156, Δ=410202.0234)
2025-09-09 12:13:33,495 - __main__ - DEBUG - Iter 1: ELBO after Dirichlet update: -856012.6554 (Trans LL -8288.1557, Dir term -558.2354, Δ=2815.5381)
2025-09-09 12:14:17,766 - __main__ - DEBUG - Iter 2: ELBO after FB: -765815.0304 (LL -629773.5239, Δ=90197.6250)
2025-09-09 12:14:17,804 - __main__ - DEBUG - Iter 2: ELBO after NIW update: -712318.1945 (Emit LL -617299.3848, NIW term -86640.8750, Δ=53496.8359)
2025-09-09 12:14:17,841 - __main__ - DEBUG - Iter 2: ELBO after Dirichlet update: -711371.4041 (Trans LL -8519.6694, Dir term -254.3477, Δ=946.7904)
2025-09-09 12:15:01,248 - __main__ - DEBUG - Iter 3: ELBO after FB: -702621.1401 (LL -615711.1620, Δ=8750.2640)
2025-09-09 12:15:01,285 - __main__ - DEBUG - Iter 3: ELBO after NIW update: -705428.1675 (Emit LL -616982.9033, NIW term -80942.3125, Δ=-2807.0273)
2025-09-09 12:15:01,322 - __main__ - DEBUG - Iter 3: ELBO after Dirichlet update: -705312.4721 (Trans LL -8434.3964, Dir term -222.6826, Δ=115.6954)
2025-09-09 12:15:01,323 - __main__ - DEBUG - Early stopping: ELBO improvement 6058.9320 < tolerance
2025-09-09 12:15:53,707 - __main__ - INFO - [E-step] Multi-batch 1/1 (x100 batches) - HMM Diagnostics:
2025-09-09 12:15:53,707 - __main__ - INFO -   - Avg log-likelihood per step: -6.6321
2025-09-09 12:15:53,708 - __main__ - INFO -   - Inner ELBO (final): -705312.4721
2025-09-09 12:15:53,708 - __main__ - INFO -   - ELBO progression (4 iters): [-1429377.38, -711371.38, -705312.50] (Δ=724064.8750)
2025-09-09 12:15:53,708 - __main__ - INFO -   - Effective number of skills: 3.56
2025-09-09 12:15:53,708 - __main__ - INFO -   - State entropy: 0.053
2025-09-09 12:15:53,708 - __main__ - INFO -   - Transition stickiness: 0.287
2025-09-09 12:15:53,708 - __main__ - INFO -   - Top 5 skills: [2, 33, 38, 20, 16] (probs: ['0.402', '0.265', '0.251', '0.082', '0.000'])
2025-09-09 12:15:53,708 - __main__ - INFO -   - Combined time length: 3200 (original T=32, multiples=100)
2025-09-09 12:15:53,710 - __main__ - INFO - 🔍 Computing HMM diagnostics...
2025-09-09 12:16:56,999 - __main__ - INFO - 📊 HMM Diagnostics for Round 4:
2025-09-09 12:16:57,000 - __main__ - INFO -   - Avg log-likelihood per step: -6.7469
2025-09-09 12:16:57,000 - __main__ - INFO -   - State entropy: 0.0610
2025-09-09 12:16:57,000 - __main__ - INFO -   - Effective number of skills: 3.56
2025-09-09 12:16:57,000 - __main__ - INFO -   - Transition stickiness (diag): 0.2865
2025-09-09 12:16:57,000 - __main__ - INFO -   - Top 5 skill occupancies: [0.40267035365104675, 0.26405665278434753, 0.2513355612754822, 0.08183038979768753, 0.00010242419375572354]
2025-09-09 12:16:57,000 - __main__ - INFO -   - Top 5 skill indices: [2, 33, 38, 20, 16]
2025-09-09 12:16:57,001 - __main__ - INFO -     - Skill 2: emp= 23.25  E[1/(1-p)]: 82.97  p_stay=0.988
2025-09-09 12:16:57,001 - __main__ - INFO -     - Skill 33: emp= 22.11  E[1/(1-p)]: 69.02  p_stay=0.986
2025-09-09 12:16:57,001 - __main__ - INFO -     - Skill 38: emp= 21.49  E[1/(1-p)]: 53.44  p_stay=0.981
2025-09-09 12:16:57,001 - __main__ - INFO -     - Skill 20: emp= 19.80  E[1/(1-p)]: 40.80  p_stay=0.975
2025-09-09 12:16:57,001 - __main__ - INFO -     - Skill 16: emp=  0.00  E[1/(1-p)]: 30.75  p_stay=0.967
2025-09-09 12:16:57,001 - __main__ - INFO - 🖼️  Rendering HMM visualizations for round 4
2025-09-09 12:18:07,426 - __main__ - INFO - 💾 Saved HMM posterior → checkpoints_hmm/hmm_round4.pt
2025-09-09 12:18:07,426 - __main__ - INFO - 🤗 Uploading HMM round 4 to HuggingFace: CatkinChen/nethack-hmm
2025-09-09 12:18:12,715 - __main__ - INFO - ✅ HMM uploaded to: https://huggingface.co/CatkinChen/nethack-hmm
2025-09-09 12:18:12,715 - __main__ - INFO - ========== EM Round 4/4: M-step ==========
2025-09-09 12:18:12,716 - __main__ - INFO - 🔧 Fine-tuning VAE with HMM prior for 1 epochs...
2025-09-09 12:18:12,716 - __main__ - INFO - 📊 M-step 4 parameter schedule:
2025-09-09 12:18:12,716 - __main__ - INFO -   - prior_blend_alpha: 0.800 → 1.000 (cosine)
2025-09-09 12:18:12,716 - __main__ - INFO -   - mi_beta: 0.600 → 0.600 (linear)
2025-09-09 12:18:12,716 - __main__ - INFO -   - tc_beta: 0.200 → 0.200 (linear)
2025-09-09 12:18:12,716 - __main__ - INFO -   - dw_beta: 1.000 → 1.000 (linear)
2025-09-09 12:18:13,383 - __main__ - INFO - Weights & Biases initialized
2025-09-09 12:18:13,383 - __main__ - INFO - 🔥Training MultiModalHackVAE with 100 train batches, 20 test batches
2025-09-09 12:18:13,383 - __main__ - INFO -    Epochs: 1
2025-09-09 12:18:13,384 - __main__ - INFO -    Batch size: 32
2025-09-09 12:18:13,384 - __main__ - INFO -    Sequence size: 32
2025-09-09 12:18:13,384 - __main__ - INFO -    Device: cuda
2025-09-09 12:18:13,384 - __main__ - INFO -    Mixed Precision: BF16 = False
2025-09-09 12:18:13,384 - __main__ - INFO -    LR Scheduler: constant
2025-09-09 12:18:13,384 - __main__ - INFO -    Shuffle batches: True
2025-09-09 12:18:13,384 - __main__ - INFO -    Shuffle within batch: False
2025-09-09 12:18:13,384 - __main__ - INFO -    VAE Configuration:
2025-09-09 12:18:13,384 - __main__ - INFO -      - Latent dimension: 96
2025-09-09 12:18:13,384 - __main__ - INFO -      - Encoder dropout: 0.1
2025-09-09 12:18:13,384 - __main__ - INFO -      - Decoder dropout: 0.1
2025-09-09 12:18:13,385 - __main__ - INFO -    Adaptive Loss Weighting:
2025-09-09 12:18:13,385 - __main__ - INFO -      - MI beta: 0.600 → 0.600
2025-09-09 12:18:13,385 - __main__ - INFO -      - TC beta: 0.200 → 0.200
2025-09-09 12:18:13,385 - __main__ - INFO -      - DW beta: 1.000 → 1.000
2025-09-09 12:18:13,385 - __main__ - INFO -      - Blend alpha: 0.800 → 1.000
2025-09-09 12:18:13,385 - __main__ - INFO -      - Warmup epochs: 0 out of 1 total epochs
2025-09-09 12:18:13,385 - __main__ - INFO -    Free bits: 0.75
2025-09-09 12:18:13,385 - __main__ - INFO -    Focal loss: alpha=0.5, gamma=2.0
2025-09-09 12:18:13,385 - __main__ - INFO -    Early Stopping:
2025-09-09 12:18:13,385 - __main__ - INFO -      - Enabled: False
2025-09-09 12:18:13,385 - __main__ - INFO -    HMM Prior: Enabled
2025-09-09 12:18:13,411 - __main__ - INFO - 🔧 Using FP32 precision training
2025-09-09 12:18:13,411 - __main__ - INFO - Model has latent dimension: 96
2025-09-09 12:18:13,411 - __main__ - INFO - 🎯 Starting training for 1 epochs (starting from epoch 0)...
2025-09-09 12:18:13,412 - __main__ - INFO -    Total training steps: 100
2025-09-09 12:18:13,412 - __main__ - INFO -    Warmup steps: 20
2025-09-09 12:18:13,412 - __main__ - INFO - 🎯 Epoch 1/1 - Starting epoch...
2025-09-09 12:18:13,412 - __main__ - DEBUG - Shuffled 100 training batches for epoch 1
2025-09-09 12:18:13,413 - __main__ - DEBUG - Shuffled 20 testing batches for epoch 1
2025-09-09 12:18:13,977 - __main__ - DEBUG - Step 0/100 - Adaptive weights: mi_beta=0.600, tc_beta=0.200, dw_beta=1.000, blend_alpha=0.800
2025-09-09 12:21:22,064 - __main__ - DEBUG - Step 100/100 - Adaptive weights: mi_beta=0.600, tc_beta=0.200, dw_beta=1.000, blend_alpha=1.000
2025-09-09 12:21:23,541 - __main__ - DEBUG - Step 100/100 - Adaptive weights: mi_beta=0.600, tc_beta=0.200, dw_beta=1.000, blend_alpha=1.000
2025-09-09 12:21:25,032 - __main__ - DEBUG - Step 100/100 - Adaptive weights: mi_beta=0.600, tc_beta=0.200, dw_beta=1.000, blend_alpha=1.000
2025-09-09 12:21:26,519 - __main__ - DEBUG - Step 100/100 - Adaptive weights: mi_beta=0.600, tc_beta=0.200, dw_beta=1.000, blend_alpha=1.000
2025-09-09 12:21:27,959 - __main__ - DEBUG - Step 100/100 - Adaptive weights: mi_beta=0.600, tc_beta=0.200, dw_beta=1.000, blend_alpha=1.000
2025-09-09 12:21:29,500 - __main__ - DEBUG - Step 100/100 - Adaptive weights: mi_beta=0.600, tc_beta=0.200, dw_beta=1.000, blend_alpha=1.000
2025-09-09 12:21:30,969 - __main__ - DEBUG - Step 100/100 - Adaptive weights: mi_beta=0.600, tc_beta=0.200, dw_beta=1.000, blend_alpha=1.000
2025-09-09 12:21:32,464 - __main__ - DEBUG - Step 100/100 - Adaptive weights: mi_beta=0.600, tc_beta=0.200, dw_beta=1.000, blend_alpha=1.000
2025-09-09 12:21:33,929 - __main__ - DEBUG - Step 100/100 - Adaptive weights: mi_beta=0.600, tc_beta=0.200, dw_beta=1.000, blend_alpha=1.000
2025-09-09 12:21:35,368 - __main__ - DEBUG - Step 100/100 - Adaptive weights: mi_beta=0.600, tc_beta=0.200, dw_beta=1.000, blend_alpha=1.000
2025-09-09 12:21:36,623 - __main__ - DEBUG - Step 100/100 - Adaptive weights: mi_beta=0.600, tc_beta=0.200, dw_beta=1.000, blend_alpha=1.000
2025-09-09 12:21:38,189 - __main__ - DEBUG - Step 100/100 - Adaptive weights: mi_beta=0.600, tc_beta=0.200, dw_beta=1.000, blend_alpha=1.000
2025-09-09 12:21:39,673 - __main__ - DEBUG - Step 100/100 - Adaptive weights: mi_beta=0.600, tc_beta=0.200, dw_beta=1.000, blend_alpha=1.000
2025-09-09 12:21:41,190 - __main__ - DEBUG - Step 100/100 - Adaptive weights: mi_beta=0.600, tc_beta=0.200, dw_beta=1.000, blend_alpha=1.000
2025-09-09 12:21:42,739 - __main__ - DEBUG - Step 100/100 - Adaptive weights: mi_beta=0.600, tc_beta=0.200, dw_beta=1.000, blend_alpha=1.000
2025-09-09 12:21:44,291 - __main__ - DEBUG - Step 100/100 - Adaptive weights: mi_beta=0.600, tc_beta=0.200, dw_beta=1.000, blend_alpha=1.000
2025-09-09 12:21:45,712 - __main__ - DEBUG - Step 100/100 - Adaptive weights: mi_beta=0.600, tc_beta=0.200, dw_beta=1.000, blend_alpha=1.000
2025-09-09 12:21:47,152 - __main__ - DEBUG - Step 100/100 - Adaptive weights: mi_beta=0.600, tc_beta=0.200, dw_beta=1.000, blend_alpha=1.000
2025-09-09 12:21:48,595 - __main__ - DEBUG - Step 100/100 - Adaptive weights: mi_beta=0.600, tc_beta=0.200, dw_beta=1.000, blend_alpha=1.000
2025-09-09 12:21:50,011 - __main__ - DEBUG - Step 100/100 - Adaptive weights: mi_beta=0.600, tc_beta=0.200, dw_beta=1.000, blend_alpha=1.000
2025-09-09 12:21:50,858 - __main__ - DEBUG - Step 100/100 - Adaptive weights: mi_beta=0.600, tc_beta=0.200, dw_beta=1.000, blend_alpha=1.000
2025-09-09 12:21:50,858 - __main__ - INFO - 
=== Epoch 1/1 Summary ===
2025-09-09 12:21:50,859 - __main__ - INFO - Average Train Loss: 3838.619 | Average Test Loss: 2656.720
2025-09-09 12:21:50,859 - __main__ - INFO - Current KL Betas: mi=0.600, tc=0.200, dw=1.000, blend_alpha=1.000
2025-09-09 12:21:50,859 - __main__ - INFO - Global Step: 100/100 (100.0%)
2025-09-09 12:21:50,859 - __main__ - INFO - Final Training Batch Details:
2025-09-09 12:21:50,859 - __main__ - INFO -   Raw Losses: hero_loc: 3.883 | occupy: 1645.387 | bag: 396.890 | stats: 70.501 | msg: 25.299 | ego_char: 29.569 | ego_color: 117.985 | ego_class: 30.814 | passability: 0.593 | reward: 32.797 | done: 0.014 | value_k: 5.380 | safety: 0.677 | goal: 0.315 | forward: 51.407 | inverse: 2.925
2025-09-09 12:21:50,859 - __main__ - INFO - Final Testing Batch Details:
2025-09-09 12:21:50,860 - __main__ - INFO -   Raw Losses: hero_loc: 3.161 | occupy: 1495.876 | bag: 369.347 | stats: 72.729 | msg: 31.667 | ego_char: 28.988 | ego_color: 102.106 | ego_class: 31.681 | passability: 0.584 | reward: 16.415 | done: 0.012 | value_k: 2.262 | safety: 0.672 | goal: 0.078 | forward: 34.254 | inverse: 3.135
2025-09-09 12:21:50,860 - __main__ - INFO - Variance of model output (mu): 0.1029, 0.1312, 0.1105, 0.1135, 0.0856, 0.1097, 0.0929, 0.1416, 0.0760, 0.0796, 0.0924, 0.0856, 0.1093, 0.1269, 0.0848, 0.0644, 0.0614, 0.0739, 0.0785, 0.0671, 0.0672, 0.0678, 0.0602, 0.0696, 0.0771, 0.0610, 0.0763, 0.0705, 0.0746, 0.0692, 0.0790, 0.0746, 0.0658, 0.0677, 0.0649, 0.0707, 0.0591, 0.0662, 0.0701, 0.0720, 0.0780, 0.0720, 0.0711, 0.0653, 0.0689, 0.0702, 0.0815, 0.0724, 0.0797, 0.0736, 0.0727, 0.0664, 0.0760, 0.0750, 0.0737, 0.0831, 0.0694, 0.0855, 0.0740, 0.0797, 0.0679, 0.0668, 0.0685, 0.0534, 0.0608, 0.0773, 0.0787, 0.0554, 0.0685, 0.0633, 0.0809, 0.0797, 0.0705, 0.0680, 0.0729, 0.0715, 0.0644, 0.0787, 0.0822, 0.0726, 0.0657, 0.0836, 0.0690, 0.0767, 0.0741, 0.0669, 0.0756, 0.0633, 0.0612, 0.0817, 0.0650, 0.0670, 0.0677, 0.0652, 0.0656, 0.0601
2025-09-09 12:21:50,860 - __main__ - INFO - Per-dim KL: 0.6124, 1.9734, 1.0127, 2.4545, 0.6236, 0.4456, 2.4638, 12.5053, 1.4664, 1.1304, 1.0528, 4.4297, 3.6790, 3.8394, 0.6314, 0.7344, 0.6384, 0.5284, 0.6399, 0.6185, 0.5717, 0.6789, 0.5169, 0.6732, 0.6870, 0.6912, 0.6988, 0.5334, 0.6469, 0.6844, 0.5163, 0.5094, 0.7340, 0.5839, 0.6440, 0.4957, 0.7271, 0.6067, 0.7253, 0.5830, 0.5913, 0.7439, 0.7133, 0.6876, 0.5635, 0.6045, 0.7219, 0.5284, 0.5540, 0.6296, 0.5598, 0.6811, 0.5454, 0.5926, 0.6346, 0.6133, 0.6500, 0.4799, 0.5522, 0.6741, 0.5268, 0.7436, 0.5339, 0.5812, 0.4191, 0.5227, 0.6568, 0.6971, 0.6304, 0.7331, 0.5867, 0.5436, 0.6761, 0.7356, 0.6747, 0.5504, 0.6212, 0.6380, 0.6520, 0.7020, 0.4756, 0.7050, 0.6837, 0.6109, 0.5901, 0.7566, 0.7038, 0.7396, 0.5876, 0.4079, 0.7058, 0.5097, 0.5280, 0.5606, 0.7820, 0.7563
2025-09-09 12:21:50,860 - __main__ - INFO - Eigenvalues of latent space: 0.4767, 0.3606, 0.3452, 0.3409, 0.3216, 0.2927, 0.2868, 0.2770, 0.2677, 0.2635, 0.2592, 0.2445, 0.2389, 0.2359, 0.2327, 0.2232, 0.2163, 0.2094, 0.2072, 0.2040, 0.1997, 0.1950, 0.1921, 0.1837, 0.1789, 0.1770, 0.1736, 0.1727, 0.1691, 0.1635, 0.1621, 0.1572, 0.1538, 0.1505, 0.1495, 0.1459, 0.1428, 0.1411, 0.1389, 0.1355, 0.1319, 0.1289, 0.1254, 0.1243, 0.1227, 0.1202, 0.1195, 0.1165, 0.1147, 0.1122, 0.1107, 0.1088, 0.1068, 0.1034, 0.1028, 0.1021, 0.0996, 0.0984, 0.0975, 0.0965, 0.0949, 0.0915, 0.0911, 0.0904, 0.0886, 0.0875, 0.0866, 0.0864, 0.0831, 0.0823, 0.0816, 0.0807, 0.0794, 0.0784, 0.0767, 0.0763, 0.0749, 0.0739, 0.0712, 0.0702, 0.0699, 0.0695, 0.0663, 0.0658, 0.0647, 0.0644, 0.0630, 0.0605, 0.0601, 0.0587, 0.0577, 0.0556, 0.0553, 0.0523, 0.0501, 0.0488
2025-09-09 12:21:50,860 - __main__ - INFO - KL Eigenvalues: 0.1088, 0.1903, 0.2044, 0.2085, 0.2281, 0.2606, 0.2679, 0.2804, 0.2927, 0.2986, 0.3047, 0.3266, 0.3354, 0.3401, 0.3453, 0.3614, 0.3737, 0.3864, 0.3906, 0.3968, 0.4054, 0.4148, 0.4210, 0.4391, 0.4499, 0.4544, 0.4622, 0.4645, 0.4733, 0.4872, 0.4909, 0.5038, 0.5129, 0.5222, 0.5250, 0.5353, 0.5445, 0.5498, 0.5565, 0.5671, 0.5789, 0.5887, 0.6010, 0.6048, 0.6102, 0.6195, 0.6218, 0.6330, 0.6402, 0.6499, 0.6557, 0.6635, 0.6716, 0.6864, 0.6887, 0.6921, 0.7031, 0.7087, 0.7125, 0.7173, 0.7249, 0.7416, 0.7436, 0.7467, 0.7562, 0.7618, 0.7666, 0.7675, 0.7854, 0.7897, 0.7940, 0.7989, 0.8065, 0.8124, 0.8221, 0.8247, 0.8333, 0.8397, 0.8570, 0.8632, 0.8651, 0.8683, 0.8900, 0.8938, 0.9014, 0.9035, 0.9137, 0.9329, 0.9361, 0.9469, 0.9549, 0.9722, 0.9752, 1.0012, 1.0218, 1.0342
2025-09-09 12:21:50,860 - __main__ - INFO - Variance explained by eigenvalues: 0.0350, 0.0614, 0.0867, 0.1117, 0.1353, 0.1567, 0.1778, 0.1981, 0.2177, 0.2370, 0.2561, 0.2740, 0.2915, 0.3088, 0.3259, 0.3422, 0.3581, 0.3734, 0.3886, 0.4036, 0.4182, 0.4325, 0.4466, 0.4601, 0.4732, 0.4862, 0.4989, 0.5116, 0.5240, 0.5360, 0.5478, 0.5594, 0.5706, 0.5817, 0.5926, 0.6033, 0.6138, 0.6242, 0.6343, 0.6443, 0.6539, 0.6634, 0.6726, 0.6817, 0.6907, 0.6995, 0.7083, 0.7168, 0.7252, 0.7335, 0.7416, 0.7496, 0.7574, 0.7650, 0.7725, 0.7800, 0.7873, 0.7945, 0.8017, 0.8087, 0.8157, 0.8224, 0.8291, 0.8357, 0.8422, 0.8486, 0.8550, 0.8613, 0.8674, 0.8734, 0.8794, 0.8853, 0.8912, 0.8969, 0.9025, 0.9081, 0.9136, 0.9190, 0.9243, 0.9294, 0.9345, 0.9396, 0.9445, 0.9493, 0.9541, 0.9588, 0.9634, 0.9678, 0.9722, 0.9765, 0.9808, 0.9849, 0.9889, 0.9927, 0.9964, 1.0000
2025-09-09 12:21:50,861 - __main__ - INFO - ==================================================
2025-09-09 12:21:50,861 - __main__ - INFO - 
✅ MultiModalVAE training completed!
2025-09-09 12:21:50,861 - __main__ - INFO -   - Completed all 1 epochs
2025-09-09 12:21:50,861 - __main__ - INFO -   - Final train loss: 3838.6191
2025-09-09 12:21:50,861 - __main__ - INFO -   - Final test loss: 2656.7195
2025-09-09 12:21:50,884 - __main__ - INFO - 💾 Model saved locally: checkpoints_hmm/vae_hmm_round4_temp.pth
2025-09-09 12:21:51,836 - __main__ - DEBUG - 🗑️  Removed temporary file: checkpoints_hmm/vae_hmm_round4_temp.pth
2025-09-09 12:21:51,836 - __main__ - INFO - ✅ M-step completed: final_train_loss=3838.6191, final_test_loss=2656.7195
2025-09-09 12:21:51,860 - __main__ - INFO - 💾 Saved VAE+HMM → checkpoints_hmm/vae_with_hmm_round4.pt
2025-09-09 12:21:51,861 - __main__ - INFO - 🤗 Uploading VAE+HMM round 4 to HuggingFace: CatkinChen/nethack-vae-hmm
2025-09-09 12:21:56,442 - huggingface_hub.hf_api - WARNING - No files have been modified since last commit. Skipping to prevent empty commit.
2025-09-09 12:22:00,962 - __main__ - INFO - ✅ VAE+HMM uploaded to: https://huggingface.co/CatkinChen/nethack-vae-hmm
2025-09-09 12:22:04,750 - __main__ - INFO - 
🎉 EM training completed! Summary:
2025-09-09 12:22:04,750 - __main__ - INFO -   - EM rounds: 4
2025-09-09 12:22:04,750 - __main__ - INFO -   - M-step epochs per round: 1
2025-09-09 12:22:04,750 - __main__ - INFO -   - HMM checkpoints: 4
2025-09-09 12:22:04,751 - __main__ - INFO -   - VAE+HMM checkpoints: 4
2025-09-09 12:22:04,751 - __main__ - INFO -   - HuggingFace repos:
2025-09-09 12:22:04,751 - __main__ - INFO -     * HMM: https://huggingface.co/CatkinChen/nethack-hmm
2025-09-09 12:22:04,751 - __main__ - INFO -     * VAE+HMM: https://huggingface.co/CatkinChen/nethack-vae-hmm
2025-09-09 12:22:04,751 - __main__ - INFO - 📊 Training Configuration:
2025-09-09 12:22:04,751 - __main__ - INFO -   - Mode: EM
2025-09-09 12:22:04,751 - __main__ - INFO -   - HMM params: α=5.0, κ=1.0, γ=5.0, K=40, D=96
2025-09-09 12:22:04,751 - __main__ - INFO -   - NIW params: μ₀=0.0, κ₀=1.0, Ψ₀=30.0, ν₀=106
2025-09-09 12:22:04,751 - __main__ - INFO -   - Checkpoints: HMM=4, VAE+HMM=4
2025-09-09 12:22:04,751 - __main__ - INFO -   - HF repos: HMM=CatkinChen/nethack-hmm, VAE+HMM=CatkinChen/nethack-vae-hmm
