2025-09-14 22:31:27,313 - __main__ - INFO - 🤗 Loading pretrained VAE from HuggingFace: CatkinChen/nethack-vae
2025-09-14 22:31:27,968 - __main__ - INFO - ✅ Loaded pretrained VAE checkpoint (plain prior).
2025-09-14 22:31:27,968 - __main__ - INFO - 🧠 Initializing new Sticky-HDP-HMM: latent_dim=96, skills=40
2025-09-14 22:31:28,039 - __main__ - INFO - Sticky-HDP-HMM initialized with NIW streaming rho: 1.0, transition rho: 1.0
2025-09-14 22:31:28,039 - __main__ - INFO - 🔍 Initializing NIW mean with k-means on VAE latents...
2025-09-14 22:31:44,319 - __main__ - INFO - ========== EM Round 1/4: E-step ==========
2025-09-14 22:32:36,243 - __main__ - DEBUG - Initial ELBO: -12871853.8709
2025-09-14 22:32:36,244 - __main__ - DEBUG - Relative tol: 0.0100
2025-09-14 22:32:36,244 - __main__ - DEBUG - Relative elbo_drop_tol: 0.0100
2025-09-14 22:32:36,244 - __main__ - DEBUG - - Init -118.8343
2025-09-14 22:32:36,244 - __main__ - DEBUG - - Trans -222671.7061
2025-09-14 22:32:36,244 - __main__ - DEBUG - - Emit -12648801.8438
2025-09-14 22:32:36,244 - __main__ - DEBUG - - Entropy 1495.4779
2025-09-14 22:32:36,244 - __main__ - DEBUG - - Dir 0.0000
2025-09-14 22:32:36,244 - __main__ - DEBUG - - NIW -1742.1104
2025-09-14 22:32:36,244 - __main__ - DEBUG - - Beta prior -14.8543
2025-09-14 22:33:18,476 - __main__ - DEBUG - Iter 0: ELBO after FB: -12871853.8709 (LL -12870096.9062, Δ=0.0000)
2025-09-14 22:33:18,477 - __main__ - DEBUG - First pass after reset, using full stats.
2025-09-14 22:33:18,515 - __main__ - DEBUG - Iter 0: ELBO after NIW update: -4121198.6433 (Emit LL -3545841.2891, NIW term -354047.4375, Δ=8750655.2275)
2025-09-14 22:33:18,552 - __main__ - DEBUG - Iter 0: ELBO after Dirichlet update: -3926694.5948 (Trans LL -26483.1478, Dir term -1684.5098, Δ=194504.0485)
2025-09-14 22:34:08,853 - __main__ - INFO - [E-step] Multi-batch 1/1 (x100 batches) - HMM Diagnostics:
2025-09-14 22:34:08,854 - __main__ - INFO -   - Avg log-likelihood per step: -38.5945
2025-09-14 22:34:08,854 - __main__ - INFO -   - Inner ELBO (final): -3926694.5948
2025-09-14 22:34:08,854 - __main__ - INFO -   - Effective number of skills: 38.06
2025-09-14 22:34:08,854 - __main__ - INFO -   - State entropy: 0.069
2025-09-14 22:34:08,854 - __main__ - INFO -   - Transition stickiness: 0.907
2025-09-14 22:34:08,854 - __main__ - INFO -   - Top 5 skills: [13, 3, 6, 34, 22] (probs: ['0.046', '0.045', '0.040', '0.036', '0.036'])
2025-09-14 22:34:08,854 - __main__ - INFO -   - Combined time length: 3200 (original T=32, multiples=100)
2025-09-14 22:34:08,856 - __main__ - INFO - 🔍 Computing HMM diagnostics...
2025-09-14 22:35:11,785 - __main__ - INFO - 📊 HMM Diagnostics for Round 1:
2025-09-14 22:35:11,786 - __main__ - INFO -   - Avg log-likelihood per step: -38.6940
2025-09-14 22:35:11,786 - __main__ - INFO -   - State entropy: 0.0737
2025-09-14 22:35:11,787 - __main__ - INFO -   - Effective number of skills: 38.06
2025-09-14 22:35:11,787 - __main__ - INFO -   - Transition stickiness (diag): 0.9065
2025-09-14 22:35:11,787 - __main__ - INFO -   - Top 5 skill occupancies: [0.04610468074679375, 0.04522968456149101, 0.04018416255712509, 0.03620912879705429, 0.035980142652988434]
2025-09-14 22:35:11,787 - __main__ - INFO -   - Top 5 skill indices: [13, 3, 6, 34, 22]
2025-09-14 22:35:11,787 - __main__ - INFO -     - Skill 28: emp= 21.12  E[1/(1-p)]: 46.09  p_stay=0.978
2025-09-14 22:35:11,787 - __main__ - INFO -     - Skill 15: emp= 17.08  E[1/(1-p)]: 39.92  p_stay=0.975
2025-09-14 22:35:11,787 - __main__ - INFO -     - Skill 30: emp= 21.48  E[1/(1-p)]: 38.65  p_stay=0.974
2025-09-14 22:35:11,787 - __main__ - INFO -     - Skill 2: emp= 21.04  E[1/(1-p)]: 37.76  p_stay=0.974
2025-09-14 22:35:11,787 - __main__ - INFO -     - Skill 34: emp= 16.47  E[1/(1-p)]: 34.95  p_stay=0.971
2025-09-14 22:35:11,787 - __main__ - INFO - 🖼️  Rendering HMM visualizations for round 1
2025-09-14 22:36:22,967 - __main__ - INFO - 💾 Saved HMM posterior → checkpoints_hmm/hmm_round1.pt
2025-09-14 22:36:22,967 - __main__ - INFO - 🤗 Uploading HMM round 1 to HuggingFace: CatkinChen/nethack-hmm
2025-09-14 22:36:28,788 - __main__ - INFO - ✅ HMM uploaded to: https://huggingface.co/CatkinChen/nethack-hmm
2025-09-14 22:36:28,788 - __main__ - INFO - ========== EM Round 1/4: M-step ==========
2025-09-14 22:36:28,788 - __main__ - INFO - 🔧 Fine-tuning VAE with HMM prior for 1 epochs...
2025-09-14 22:36:28,788 - __main__ - INFO - 📊 M-step 1 parameter schedule:
2025-09-14 22:36:28,788 - __main__ - INFO -   - prior_blend_alpha: 0.300 → 0.400 (cosine)
2025-09-14 22:36:28,788 - __main__ - INFO -   - mi_beta: 0.200 → 0.333 (linear)
2025-09-14 22:36:28,788 - __main__ - INFO -   - tc_beta: 0.000 → 0.067 (linear)
2025-09-14 22:36:28,788 - __main__ - INFO -   - dw_beta: 0.500 → 0.667 (linear)
2025-09-14 22:36:30,013 - __main__ - INFO - Weights & Biases initialized
2025-09-14 22:36:30,013 - __main__ - INFO - 🔥Training MultiModalHackVAE with 100 train batches, 20 test batches
2025-09-14 22:36:30,013 - __main__ - INFO -    Epochs: 1
2025-09-14 22:36:30,013 - __main__ - INFO -    Batch size: 32
2025-09-14 22:36:30,014 - __main__ - INFO -    Sequence size: 32
2025-09-14 22:36:30,014 - __main__ - INFO -    Device: cuda
2025-09-14 22:36:30,014 - __main__ - INFO -    Mixed Precision: BF16 = False
2025-09-14 22:36:30,014 - __main__ - INFO -    LR Scheduler: constant
2025-09-14 22:36:30,014 - __main__ - INFO -    Shuffle batches: True
2025-09-14 22:36:30,014 - __main__ - INFO -    Shuffle within batch: False
2025-09-14 22:36:30,014 - __main__ - INFO -    VAE Configuration:
2025-09-14 22:36:30,014 - __main__ - INFO -      - Latent dimension: 96
2025-09-14 22:36:30,014 - __main__ - INFO -      - Encoder dropout: 0.1
2025-09-14 22:36:30,014 - __main__ - INFO -      - Decoder dropout: 0.1
2025-09-14 22:36:30,015 - __main__ - INFO -    Adaptive Loss Weighting:
2025-09-14 22:36:30,021 - __main__ - INFO -      - MI beta: 0.200 → 0.333
2025-09-14 22:36:30,021 - __main__ - INFO -      - TC beta: 0.000 → 0.067
2025-09-14 22:36:30,021 - __main__ - INFO -      - DW beta: 0.500 → 0.667
2025-09-14 22:36:30,021 - __main__ - INFO -      - Blend alpha: 0.300 → 0.400
2025-09-14 22:36:30,021 - __main__ - INFO -      - Warmup epochs: 0 out of 1 total epochs
2025-09-14 22:36:30,021 - __main__ - INFO -    Free bits: 0.75
2025-09-14 22:36:30,021 - __main__ - INFO -    Focal loss: alpha=0.5, gamma=2.0
2025-09-14 22:36:30,021 - __main__ - INFO -    Early Stopping:
2025-09-14 22:36:30,022 - __main__ - INFO -      - Enabled: False
2025-09-14 22:36:30,022 - __main__ - INFO -    HMM Prior: Enabled
2025-09-14 22:36:30,953 - __main__ - INFO - 🔧 Using FP32 precision training
2025-09-14 22:36:30,954 - __main__ - INFO - Model has latent dimension: 96
2025-09-14 22:36:30,954 - __main__ - INFO - 🎯 Starting training for 1 epochs (starting from epoch 0)...
2025-09-14 22:36:30,954 - __main__ - INFO -    Total training steps: 100
2025-09-14 22:36:30,954 - __main__ - INFO -    Warmup steps: 20
2025-09-14 22:36:30,954 - __main__ - INFO - 🎯 Epoch 1/1 - Starting epoch...
2025-09-14 22:36:30,955 - __main__ - DEBUG - Shuffled 100 training batches for epoch 1
2025-09-14 22:36:30,955 - __main__ - DEBUG - Shuffled 20 testing batches for epoch 1
2025-09-14 22:36:31,529 - __main__ - DEBUG - Step 0/100 - Adaptive weights: mi_beta=0.200, tc_beta=0.000, dw_beta=0.500, blend_alpha=0.300
2025-09-14 22:39:42,822 - __main__ - DEBUG - Step 100/100 - Adaptive weights: mi_beta=0.333, tc_beta=0.067, dw_beta=0.667, blend_alpha=0.400
2025-09-14 22:39:44,333 - __main__ - DEBUG - Step 100/100 - Adaptive weights: mi_beta=0.333, tc_beta=0.067, dw_beta=0.667, blend_alpha=0.400
2025-09-14 22:39:45,858 - __main__ - DEBUG - Step 100/100 - Adaptive weights: mi_beta=0.333, tc_beta=0.067, dw_beta=0.667, blend_alpha=0.400
2025-09-14 22:39:47,367 - __main__ - DEBUG - Step 100/100 - Adaptive weights: mi_beta=0.333, tc_beta=0.067, dw_beta=0.667, blend_alpha=0.400
2025-09-14 22:39:48,845 - __main__ - DEBUG - Step 100/100 - Adaptive weights: mi_beta=0.333, tc_beta=0.067, dw_beta=0.667, blend_alpha=0.400
2025-09-14 22:39:50,431 - __main__ - DEBUG - Step 100/100 - Adaptive weights: mi_beta=0.333, tc_beta=0.067, dw_beta=0.667, blend_alpha=0.400
2025-09-14 22:39:51,943 - __main__ - DEBUG - Step 100/100 - Adaptive weights: mi_beta=0.333, tc_beta=0.067, dw_beta=0.667, blend_alpha=0.400
2025-09-14 22:39:53,452 - __main__ - DEBUG - Step 100/100 - Adaptive weights: mi_beta=0.333, tc_beta=0.067, dw_beta=0.667, blend_alpha=0.400
2025-09-14 22:39:54,928 - __main__ - DEBUG - Step 100/100 - Adaptive weights: mi_beta=0.333, tc_beta=0.067, dw_beta=0.667, blend_alpha=0.400
2025-09-14 22:39:56,378 - __main__ - DEBUG - Step 100/100 - Adaptive weights: mi_beta=0.333, tc_beta=0.067, dw_beta=0.667, blend_alpha=0.400
2025-09-14 22:39:57,647 - __main__ - DEBUG - Step 100/100 - Adaptive weights: mi_beta=0.333, tc_beta=0.067, dw_beta=0.667, blend_alpha=0.400
2025-09-14 22:39:59,229 - __main__ - DEBUG - Step 100/100 - Adaptive weights: mi_beta=0.333, tc_beta=0.067, dw_beta=0.667, blend_alpha=0.400
2025-09-14 22:40:00,720 - __main__ - DEBUG - Step 100/100 - Adaptive weights: mi_beta=0.333, tc_beta=0.067, dw_beta=0.667, blend_alpha=0.400
2025-09-14 22:40:02,251 - __main__ - DEBUG - Step 100/100 - Adaptive weights: mi_beta=0.333, tc_beta=0.067, dw_beta=0.667, blend_alpha=0.400
2025-09-14 22:40:03,805 - __main__ - DEBUG - Step 100/100 - Adaptive weights: mi_beta=0.333, tc_beta=0.067, dw_beta=0.667, blend_alpha=0.400
2025-09-14 22:40:05,385 - __main__ - DEBUG - Step 100/100 - Adaptive weights: mi_beta=0.333, tc_beta=0.067, dw_beta=0.667, blend_alpha=0.400
2025-09-14 22:40:06,839 - __main__ - DEBUG - Step 100/100 - Adaptive weights: mi_beta=0.333, tc_beta=0.067, dw_beta=0.667, blend_alpha=0.400
2025-09-14 22:40:08,315 - __main__ - DEBUG - Step 100/100 - Adaptive weights: mi_beta=0.333, tc_beta=0.067, dw_beta=0.667, blend_alpha=0.400
2025-09-14 22:40:09,771 - __main__ - DEBUG - Step 100/100 - Adaptive weights: mi_beta=0.333, tc_beta=0.067, dw_beta=0.667, blend_alpha=0.400
2025-09-14 22:40:11,200 - __main__ - DEBUG - Step 100/100 - Adaptive weights: mi_beta=0.333, tc_beta=0.067, dw_beta=0.667, blend_alpha=0.400
2025-09-14 22:40:12,058 - __main__ - DEBUG - Step 100/100 - Adaptive weights: mi_beta=0.333, tc_beta=0.067, dw_beta=0.667, blend_alpha=0.400
2025-09-14 22:40:12,058 - __main__ - INFO - 
=== Epoch 1/1 Summary ===
2025-09-14 22:40:12,058 - __main__ - INFO - Average Train Loss: 3792.932 | Average Test Loss: 2628.004
2025-09-14 22:40:12,058 - __main__ - INFO - Current KL Betas: mi=0.333, tc=0.067, dw=0.667, blend_alpha=0.400
2025-09-14 22:40:12,058 - __main__ - INFO - Global Step: 100/100 (100.0%)
2025-09-14 22:40:12,058 - __main__ - INFO - Final Training Batch Details:
2025-09-14 22:40:12,059 - __main__ - INFO -   Raw Losses: hero_loc: 2.715 | occupy: 1643.184 | bag: 403.957 | stats: 70.577 | msg: 25.310 | ego_char: 25.787 | ego_color: 128.951 | ego_class: 28.886 | passability: 0.599 | reward: 32.569 | done: 0.016 | value_k: 5.394 | safety: 0.668 | goal: 0.311 | forward: 44.152 | inverse: 2.903
2025-09-14 22:40:12,059 - __main__ - INFO - Final Testing Batch Details:
2025-09-14 22:40:12,059 - __main__ - INFO -   Raw Losses: hero_loc: 2.306 | occupy: 1559.225 | bag: 380.823 | stats: 70.879 | msg: 31.875 | ego_char: 26.072 | ego_color: 113.732 | ego_class: 29.559 | passability: 0.587 | reward: 16.413 | done: 0.015 | value_k: 2.255 | safety: 0.663 | goal: 0.098 | forward: 28.376 | inverse: 3.083
2025-09-14 22:40:12,059 - __main__ - INFO - Variance of model output (mu): 0.1284, 0.1392, 0.1466, 0.1072, 0.1439, 0.1170, 0.1322, 0.1248, 0.1277, 0.0874, 0.1190, 0.1573, 0.1136, 0.1515, 0.0980, 0.0881, 0.0745, 0.0958, 0.0778, 0.0940, 0.0826, 0.0771, 0.0824, 0.0816, 0.0813, 0.0949, 0.0814, 0.0718, 0.0827, 0.0765, 0.0792, 0.0855, 0.0750, 0.0866, 0.0878, 0.0800, 0.0771, 0.0997, 0.0757, 0.0860, 0.0789, 0.0991, 0.0764, 0.0692, 0.0630, 0.0834, 0.0831, 0.0962, 0.0768, 0.0803, 0.0798, 0.0896, 0.0806, 0.0828, 0.0740, 0.0980, 0.0931, 0.0910, 0.0899, 0.0739, 0.0904, 0.0777, 0.0946, 0.0823, 0.0800, 0.0803, 0.0934, 0.0915, 0.0966, 0.0834, 0.0963, 0.0970, 0.0710, 0.0871, 0.0863, 0.0764, 0.0872, 0.0799, 0.0805, 0.0745, 0.0724, 0.0827, 0.0857, 0.0821, 0.0736, 0.0790, 0.0899, 0.0851, 0.0821, 0.0886, 0.0852, 0.1054, 0.0828, 0.0673, 0.0785, 0.0909
2025-09-14 22:40:12,059 - __main__ - INFO - Per-dim KL: 5.4539, 8.5593, 8.3817, 4.5681, 2.0908, 1.1875, 7.3462, 5.5367, 0.5309, 1.5433, 6.0269, 1.6447, 0.6310, 14.5694, 1.1612, 1.5881, 0.6393, 0.3180, 0.5865, 0.3981, 0.4342, 0.5033, 0.5573, 0.4084, 0.2569, 0.3290, 0.4693, 0.3897, 0.5011, 0.4662, 0.5651, 0.5196, 0.3752, 0.5142, 0.5945, 0.6027, 0.5883, 0.4003, 0.6246, 0.5396, 0.5279, 0.6447, 0.6900, 0.3677, 0.6027, 0.6880, 0.6208, 0.2322, 0.4329, 0.3414, 0.5043, 0.4091, 0.4612, 0.4893, 0.3708, 0.4778, 0.6342, 0.5594, 0.5670, 0.7589, 0.4940, 0.5440, 0.3263, 0.2106, 0.6752, 0.6104, 0.5590, 0.6180, 0.5992, 0.3231, 0.3041, 0.4802, 0.4312, 0.5762, 0.5210, 0.4951, 0.5267, 0.5842, 0.6780, 0.4560, 0.7003, 0.5823, 0.5844, 0.5151, 0.5325, 0.6862, 0.5400, 0.6306, 0.4244, 0.3425, 0.4685, 0.6560, 0.2631, 0.4790, 0.3783, 0.3014
2025-09-14 22:40:12,060 - __main__ - INFO - Eigenvalues of latent space: 0.6312, 0.4860, 0.4671, 0.4343, 0.4117, 0.4033, 0.3821, 0.3650, 0.3560, 0.3412, 0.3370, 0.3209, 0.3124, 0.3044, 0.2992, 0.2954, 0.2945, 0.2869, 0.2789, 0.2714, 0.2687, 0.2663, 0.2575, 0.2526, 0.2491, 0.2379, 0.2342, 0.2293, 0.2229, 0.2212, 0.2162, 0.2137, 0.2082, 0.2022, 0.2011, 0.1978, 0.1972, 0.1935, 0.1870, 0.1848, 0.1835, 0.1753, 0.1721, 0.1697, 0.1669, 0.1627, 0.1623, 0.1585, 0.1559, 0.1550, 0.1534, 0.1526, 0.1496, 0.1456, 0.1440, 0.1405, 0.1375, 0.1357, 0.1324, 0.1294, 0.1282, 0.1260, 0.1252, 0.1232, 0.1214, 0.1191, 0.1180, 0.1156, 0.1126, 0.1124, 0.1094, 0.1082, 0.1060, 0.1046, 0.1015, 0.0993, 0.0987, 0.0978, 0.0958, 0.0943, 0.0925, 0.0892, 0.0866, 0.0848, 0.0841, 0.0826, 0.0810, 0.0800, 0.0791, 0.0752, 0.0738, 0.0716, 0.0699, 0.0665, 0.0639, 0.0624
2025-09-14 22:40:12,060 - __main__ - INFO - KL Eigenvalues: 0.0457, 0.1038, 0.1142, 0.1342, 0.1496, 0.1557, 0.1721, 0.1865, 0.1944, 0.2082, 0.2123, 0.2288, 0.2379, 0.2469, 0.2529, 0.2574, 0.2585, 0.2678, 0.2779, 0.2878, 0.2914, 0.2947, 0.3070, 0.3143, 0.3195, 0.3369, 0.3430, 0.3511, 0.3620, 0.3650, 0.3738, 0.3784, 0.3887, 0.4003, 0.4026, 0.4091, 0.4103, 0.4180, 0.4317, 0.4366, 0.4396, 0.4583, 0.4659, 0.4717, 0.4787, 0.4892, 0.4904, 0.5002, 0.5073, 0.5096, 0.5142, 0.5164, 0.5247, 0.5363, 0.5410, 0.5515, 0.5607, 0.5666, 0.5771, 0.5871, 0.5913, 0.5988, 0.6017, 0.6087, 0.6149, 0.6234, 0.6275, 0.6366, 0.6481, 0.6489, 0.6611, 0.6661, 0.6750, 0.6813, 0.6945, 0.7043, 0.7074, 0.7114, 0.7206, 0.7279, 0.7363, 0.7528, 0.7664, 0.7761, 0.7799, 0.7882, 0.7971, 0.8026, 0.8079, 0.8316, 0.8403, 0.8541, 0.8652, 0.8882, 0.9068, 0.9183
2025-09-14 22:40:12,060 - __main__ - INFO - Variance explained by eigenvalues: 0.0346, 0.0612, 0.0867, 0.1105, 0.1331, 0.1551, 0.1761, 0.1960, 0.2155, 0.2342, 0.2527, 0.2702, 0.2874, 0.3040, 0.3204, 0.3366, 0.3527, 0.3684, 0.3837, 0.3985, 0.4133, 0.4278, 0.4419, 0.4558, 0.4694, 0.4824, 0.4953, 0.5078, 0.5200, 0.5321, 0.5440, 0.5557, 0.5671, 0.5781, 0.5891, 0.6000, 0.6108, 0.6214, 0.6316, 0.6417, 0.6518, 0.6614, 0.6708, 0.6801, 0.6892, 0.6981, 0.7070, 0.7157, 0.7242, 0.7327, 0.7411, 0.7495, 0.7577, 0.7656, 0.7735, 0.7812, 0.7888, 0.7962, 0.8034, 0.8105, 0.8175, 0.8244, 0.8313, 0.8380, 0.8447, 0.8512, 0.8577, 0.8640, 0.8702, 0.8763, 0.8823, 0.8882, 0.8940, 0.8998, 0.9053, 0.9108, 0.9162, 0.9215, 0.9268, 0.9319, 0.9370, 0.9419, 0.9466, 0.9513, 0.9559, 0.9604, 0.9648, 0.9692, 0.9735, 0.9776, 0.9817, 0.9856, 0.9894, 0.9931, 0.9966, 1.0000
2025-09-14 22:40:12,060 - __main__ - INFO - ==================================================
2025-09-14 22:40:12,060 - __main__ - INFO - 
✅ MultiModalVAE training completed!
2025-09-14 22:40:12,061 - __main__ - INFO -   - Completed all 1 epochs
2025-09-14 22:40:12,061 - __main__ - INFO -   - Final train loss: 3792.9317
2025-09-14 22:40:12,061 - __main__ - INFO -   - Final test loss: 2628.0040
2025-09-14 22:40:12,084 - __main__ - INFO - 💾 Model saved locally: checkpoints_hmm/vae_hmm_round1_temp.pth
2025-09-14 22:40:13,130 - __main__ - DEBUG - 🗑️  Removed temporary file: checkpoints_hmm/vae_hmm_round1_temp.pth
2025-09-14 22:40:13,131 - __main__ - INFO - ✅ M-step completed: final_train_loss=3792.9317, final_test_loss=2628.0040
2025-09-14 22:40:13,171 - __main__ - INFO - 💾 Saved VAE+HMM → checkpoints_hmm/vae_with_hmm_round1.pt
2025-09-14 22:40:13,172 - __main__ - INFO - 🤗 Uploading VAE+HMM round 1 to HuggingFace: CatkinChen/nethack-vae-hmm
2025-09-14 22:40:17,929 - huggingface_hub.hf_api - WARNING - No files have been modified since last commit. Skipping to prevent empty commit.
2025-09-14 22:40:22,612 - __main__ - INFO - ✅ VAE+HMM uploaded to: https://huggingface.co/CatkinChen/nethack-vae-hmm
2025-09-14 22:40:26,239 - __main__ - INFO - ========== EM Round 2/4: E-step ==========
2025-09-14 22:40:26,240 - __main__ - INFO -    - Resetting HMM to prior
2025-09-14 22:40:26,242 - __main__ - INFO -    - Resetting HMM streaming statistics
2025-09-14 22:40:43,545 - __main__ - INFO -    - Re-initialized NIW mean with k-means on VAE latents
2025-09-14 22:41:36,383 - __main__ - DEBUG - Initial ELBO: -12030353.4409
2025-09-14 22:41:36,384 - __main__ - DEBUG - Relative tol: 0.0100
2025-09-14 22:41:36,384 - __main__ - DEBUG - Relative elbo_drop_tol: 0.0100
2025-09-14 22:41:36,384 - __main__ - DEBUG - - Init -118.8343
2025-09-14 22:41:36,384 - __main__ - DEBUG - - Trans -187343.8003
2025-09-14 22:41:36,384 - __main__ - DEBUG - - Emit -11834527.3750
2025-09-14 22:41:36,384 - __main__ - DEBUG - - Entropy 1264.4113
2025-09-14 22:41:36,384 - __main__ - DEBUG - - Dir 0.0000
2025-09-14 22:41:36,384 - __main__ - DEBUG - - NIW -9612.9883
2025-09-14 22:41:36,384 - __main__ - DEBUG - - Beta prior -14.8543
2025-09-14 22:42:19,971 - __main__ - DEBUG - Iter 0: ELBO after FB: -12030353.4409 (LL -12020725.5983, Δ=0.0000)
2025-09-14 22:42:19,972 - __main__ - DEBUG - First pass after reset, using full stats.
2025-09-14 22:42:20,010 - __main__ - DEBUG - Iter 0: ELBO after NIW update: -2236942.8002 (Emit LL -1544048.3789, NIW term -506681.3438, Δ=9793410.6406)
2025-09-14 22:42:20,048 - __main__ - DEBUG - Iter 0: ELBO after Dirichlet update: -2059038.1582 (Trans LL -7895.6948, Dir term -1543.4634, Δ=177904.6421)
2025-09-14 22:43:11,650 - __main__ - INFO - [E-step] Multi-batch 1/1 (x100 batches) - HMM Diagnostics:
2025-09-14 22:43:11,651 - __main__ - INFO -   - Avg log-likelihood per step: -16.5411
2025-09-14 22:43:11,651 - __main__ - INFO -   - Inner ELBO (final): -2059038.1582
2025-09-14 22:43:11,651 - __main__ - INFO -   - Effective number of skills: 29.06
2025-09-14 22:43:11,651 - __main__ - INFO -   - State entropy: 0.090
2025-09-14 22:43:11,651 - __main__ - INFO -   - Transition stickiness: 0.980
2025-09-14 22:43:11,651 - __main__ - INFO -   - Top 5 skills: [34, 28, 21, 16, 12] (probs: ['0.070', '0.055', '0.049', '0.049', '0.049'])
2025-09-14 22:43:11,651 - __main__ - INFO -   - Combined time length: 3200 (original T=32, multiples=100)
2025-09-14 22:43:11,656 - __main__ - INFO - 🔍 Computing HMM diagnostics...
2025-09-14 22:44:16,266 - __main__ - INFO - 📊 HMM Diagnostics for Round 2:
2025-09-14 22:44:16,268 - __main__ - INFO -   - Avg log-likelihood per step: -16.6422
2025-09-14 22:44:16,268 - __main__ - INFO -   - State entropy: 0.1089
2025-09-14 22:44:16,268 - __main__ - INFO -   - Effective number of skills: 29.06
2025-09-14 22:44:16,268 - __main__ - INFO -   - Transition stickiness (diag): 0.9801
2025-09-14 22:44:16,268 - __main__ - INFO -   - Top 5 skill occupancies: [0.06994639337062836, 0.05413861200213432, 0.04897386580705643, 0.04878248646855354, 0.047728050500154495]
2025-09-14 22:44:16,268 - __main__ - INFO -   - Top 5 skill indices: [34, 28, 16, 21, 12]
2025-09-14 22:44:16,268 - __main__ - INFO -     - Skill 33: emp= 27.82  E[1/(1-p)]:173.17  p_stay=0.994
2025-09-14 22:44:16,268 - __main__ - INFO -     - Skill 1: emp= 23.90  E[1/(1-p)]:170.74  p_stay=0.994
2025-09-14 22:44:16,268 - __main__ - INFO -     - Skill 6: emp= 28.03  E[1/(1-p)]:157.79  p_stay=0.994
2025-09-14 22:44:16,268 - __main__ - INFO -     - Skill 38: emp= 26.36  E[1/(1-p)]:157.55  p_stay=0.994
2025-09-14 22:44:16,268 - __main__ - INFO -     - Skill 31: emp= 22.89  E[1/(1-p)]:142.77  p_stay=0.993
2025-09-14 22:44:16,269 - __main__ - INFO - 🖼️  Rendering HMM visualizations for round 2
2025-09-14 22:45:27,786 - __main__ - INFO - 💾 Saved HMM posterior → checkpoints_hmm/hmm_round2.pt
2025-09-14 22:45:27,787 - __main__ - INFO - 🤗 Uploading HMM round 2 to HuggingFace: CatkinChen/nethack-hmm
2025-09-14 22:45:32,775 - __main__ - INFO - ✅ HMM uploaded to: https://huggingface.co/CatkinChen/nethack-hmm
2025-09-14 22:45:32,775 - __main__ - INFO - ========== EM Round 2/4: M-step ==========
2025-09-14 22:45:32,775 - __main__ - INFO - 🔧 Fine-tuning VAE with HMM prior for 1 epochs...
2025-09-14 22:45:32,775 - __main__ - INFO - 📊 M-step 2 parameter schedule:
2025-09-14 22:45:32,775 - __main__ - INFO -   - prior_blend_alpha: 0.400 → 0.600 (cosine)
2025-09-14 22:45:32,775 - __main__ - INFO -   - mi_beta: 0.333 → 0.467 (linear)
2025-09-14 22:45:32,775 - __main__ - INFO -   - tc_beta: 0.067 → 0.133 (linear)
2025-09-14 22:45:32,775 - __main__ - INFO -   - dw_beta: 0.667 → 0.833 (linear)
2025-09-14 22:45:33,445 - __main__ - INFO - Weights & Biases initialized
2025-09-14 22:45:33,445 - __main__ - INFO - 🔥Training MultiModalHackVAE with 100 train batches, 20 test batches
2025-09-14 22:45:33,446 - __main__ - INFO -    Epochs: 1
2025-09-14 22:45:33,446 - __main__ - INFO -    Batch size: 32
2025-09-14 22:45:33,446 - __main__ - INFO -    Sequence size: 32
2025-09-14 22:45:33,446 - __main__ - INFO -    Device: cuda
2025-09-14 22:45:33,446 - __main__ - INFO -    Mixed Precision: BF16 = False
2025-09-14 22:45:33,446 - __main__ - INFO -    LR Scheduler: constant
2025-09-14 22:45:33,446 - __main__ - INFO -    Shuffle batches: True
2025-09-14 22:45:33,447 - __main__ - INFO -    Shuffle within batch: False
2025-09-14 22:45:33,447 - __main__ - INFO -    VAE Configuration:
2025-09-14 22:45:33,447 - __main__ - INFO -      - Latent dimension: 96
2025-09-14 22:45:33,447 - __main__ - INFO -      - Encoder dropout: 0.1
2025-09-14 22:45:33,447 - __main__ - INFO -      - Decoder dropout: 0.1
2025-09-14 22:45:33,447 - __main__ - INFO -    Adaptive Loss Weighting:
2025-09-14 22:45:33,447 - __main__ - INFO -      - MI beta: 0.333 → 0.467
2025-09-14 22:45:33,447 - __main__ - INFO -      - TC beta: 0.067 → 0.133
2025-09-14 22:45:33,447 - __main__ - INFO -      - DW beta: 0.667 → 0.833
2025-09-14 22:45:33,447 - __main__ - INFO -      - Blend alpha: 0.400 → 0.600
2025-09-14 22:45:33,447 - __main__ - INFO -      - Warmup epochs: 0 out of 1 total epochs
2025-09-14 22:45:33,448 - __main__ - INFO -    Free bits: 0.75
2025-09-14 22:45:33,448 - __main__ - INFO -    Focal loss: alpha=0.5, gamma=2.0
2025-09-14 22:45:33,448 - __main__ - INFO -    Early Stopping:
2025-09-14 22:45:33,448 - __main__ - INFO -      - Enabled: False
2025-09-14 22:45:33,448 - __main__ - INFO -    HMM Prior: Enabled
2025-09-14 22:45:33,473 - __main__ - INFO - 🔧 Using FP32 precision training
2025-09-14 22:45:33,474 - __main__ - INFO - Model has latent dimension: 96
2025-09-14 22:45:33,474 - __main__ - INFO - 🎯 Starting training for 1 epochs (starting from epoch 0)...
2025-09-14 22:45:33,474 - __main__ - INFO -    Total training steps: 100
2025-09-14 22:45:33,474 - __main__ - INFO -    Warmup steps: 20
2025-09-14 22:45:33,474 - __main__ - INFO - 🎯 Epoch 1/1 - Starting epoch...
2025-09-14 22:45:33,475 - __main__ - DEBUG - Shuffled 100 training batches for epoch 1
2025-09-14 22:45:33,475 - __main__ - DEBUG - Shuffled 20 testing batches for epoch 1
2025-09-14 22:45:34,267 - __main__ - DEBUG - Step 0/100 - Adaptive weights: mi_beta=0.333, tc_beta=0.067, dw_beta=0.667, blend_alpha=0.400
2025-09-14 22:48:41,922 - __main__ - DEBUG - Step 100/100 - Adaptive weights: mi_beta=0.467, tc_beta=0.133, dw_beta=0.833, blend_alpha=0.600
2025-09-14 22:48:43,390 - __main__ - DEBUG - Step 100/100 - Adaptive weights: mi_beta=0.467, tc_beta=0.133, dw_beta=0.833, blend_alpha=0.600
2025-09-14 22:48:44,861 - __main__ - DEBUG - Step 100/100 - Adaptive weights: mi_beta=0.467, tc_beta=0.133, dw_beta=0.833, blend_alpha=0.600
2025-09-14 22:48:46,328 - __main__ - DEBUG - Step 100/100 - Adaptive weights: mi_beta=0.467, tc_beta=0.133, dw_beta=0.833, blend_alpha=0.600
2025-09-14 22:48:47,759 - __main__ - DEBUG - Step 100/100 - Adaptive weights: mi_beta=0.467, tc_beta=0.133, dw_beta=0.833, blend_alpha=0.600
2025-09-14 22:48:49,287 - __main__ - DEBUG - Step 100/100 - Adaptive weights: mi_beta=0.467, tc_beta=0.133, dw_beta=0.833, blend_alpha=0.600
2025-09-14 22:48:50,758 - __main__ - DEBUG - Step 100/100 - Adaptive weights: mi_beta=0.467, tc_beta=0.133, dw_beta=0.833, blend_alpha=0.600
2025-09-14 22:48:52,243 - __main__ - DEBUG - Step 100/100 - Adaptive weights: mi_beta=0.467, tc_beta=0.133, dw_beta=0.833, blend_alpha=0.600
2025-09-14 22:48:53,698 - __main__ - DEBUG - Step 100/100 - Adaptive weights: mi_beta=0.467, tc_beta=0.133, dw_beta=0.833, blend_alpha=0.600
2025-09-14 22:48:55,121 - __main__ - DEBUG - Step 100/100 - Adaptive weights: mi_beta=0.467, tc_beta=0.133, dw_beta=0.833, blend_alpha=0.600
2025-09-14 22:48:56,365 - __main__ - DEBUG - Step 100/100 - Adaptive weights: mi_beta=0.467, tc_beta=0.133, dw_beta=0.833, blend_alpha=0.600
2025-09-14 22:48:57,912 - __main__ - DEBUG - Step 100/100 - Adaptive weights: mi_beta=0.467, tc_beta=0.133, dw_beta=0.833, blend_alpha=0.600
2025-09-14 22:48:59,377 - __main__ - DEBUG - Step 100/100 - Adaptive weights: mi_beta=0.467, tc_beta=0.133, dw_beta=0.833, blend_alpha=0.600
2025-09-14 22:49:00,881 - __main__ - DEBUG - Step 100/100 - Adaptive weights: mi_beta=0.467, tc_beta=0.133, dw_beta=0.833, blend_alpha=0.600
2025-09-14 22:49:02,414 - __main__ - DEBUG - Step 100/100 - Adaptive weights: mi_beta=0.467, tc_beta=0.133, dw_beta=0.833, blend_alpha=0.600
2025-09-14 22:49:03,953 - __main__ - DEBUG - Step 100/100 - Adaptive weights: mi_beta=0.467, tc_beta=0.133, dw_beta=0.833, blend_alpha=0.600
2025-09-14 22:49:05,375 - __main__ - DEBUG - Step 100/100 - Adaptive weights: mi_beta=0.467, tc_beta=0.133, dw_beta=0.833, blend_alpha=0.600
2025-09-14 22:49:06,808 - __main__ - DEBUG - Step 100/100 - Adaptive weights: mi_beta=0.467, tc_beta=0.133, dw_beta=0.833, blend_alpha=0.600
2025-09-14 22:49:08,238 - __main__ - DEBUG - Step 100/100 - Adaptive weights: mi_beta=0.467, tc_beta=0.133, dw_beta=0.833, blend_alpha=0.600
2025-09-14 22:49:09,648 - __main__ - DEBUG - Step 100/100 - Adaptive weights: mi_beta=0.467, tc_beta=0.133, dw_beta=0.833, blend_alpha=0.600
2025-09-14 22:49:10,496 - __main__ - DEBUG - Step 100/100 - Adaptive weights: mi_beta=0.467, tc_beta=0.133, dw_beta=0.833, blend_alpha=0.600
2025-09-14 22:49:10,496 - __main__ - INFO - 
=== Epoch 1/1 Summary ===
2025-09-14 22:49:10,497 - __main__ - INFO - Average Train Loss: 3869.148 | Average Test Loss: 2721.683
2025-09-14 22:49:10,497 - __main__ - INFO - Current KL Betas: mi=0.467, tc=0.133, dw=0.833, blend_alpha=0.600
2025-09-14 22:49:10,497 - __main__ - INFO - Global Step: 100/100 (100.0%)
2025-09-14 22:49:10,497 - __main__ - INFO - Final Training Batch Details:
2025-09-14 22:49:10,497 - __main__ - INFO -   Raw Losses: hero_loc: 3.400 | occupy: 1640.504 | bag: 418.014 | stats: 75.052 | msg: 24.912 | ego_char: 28.934 | ego_color: 140.444 | ego_class: 30.644 | passability: 0.599 | reward: 32.403 | done: 0.024 | value_k: 5.375 | safety: 0.673 | goal: 0.313 | forward: 45.336 | inverse: 2.934
2025-09-14 22:49:10,497 - __main__ - INFO - Final Testing Batch Details:
2025-09-14 22:49:10,498 - __main__ - INFO -   Raw Losses: hero_loc: 3.151 | occupy: 1539.610 | bag: 394.461 | stats: 75.700 | msg: 31.042 | ego_char: 28.394 | ego_color: 130.031 | ego_class: 31.333 | passability: 0.586 | reward: 16.231 | done: 0.021 | value_k: 2.247 | safety: 0.667 | goal: 0.099 | forward: 29.917 | inverse: 3.130
2025-09-14 22:49:10,498 - __main__ - INFO - Variance of model output (mu): 0.0975, 0.1061, 0.1403, 0.0987, 0.0902, 0.0908, 0.1016, 0.1739, 0.0992, 0.1363, 0.2205, 0.1090, 0.1000, 0.1510, 0.0951, 0.1772, 0.0839, 0.0832, 0.0877, 0.0779, 0.0761, 0.0857, 0.0857, 0.0734, 0.0818, 0.0848, 0.0839, 0.0888, 0.0770, 0.0826, 0.0820, 0.0768, 0.0826, 0.0736, 0.0805, 0.0772, 0.0876, 0.0907, 0.0833, 0.0765, 0.0863, 0.0674, 0.0879, 0.0613, 0.0905, 0.0749, 0.0845, 0.0815, 0.0783, 0.0814, 0.0887, 0.0764, 0.0892, 0.0834, 0.1006, 0.0736, 0.0986, 0.1004, 0.0835, 0.0798, 0.0729, 0.0849, 0.0965, 0.0805, 0.0930, 0.0852, 0.0682, 0.0766, 0.0642, 0.0939, 0.1075, 0.0862, 0.0911, 0.0845, 0.0761, 0.0858, 0.0760, 0.0780, 0.1052, 0.0849, 0.0873, 0.0761, 0.0871, 0.0712, 0.0926, 0.0800, 0.1028, 0.0633, 0.0833, 0.0823, 0.0669, 0.0805, 0.0986, 0.0701, 0.0659, 0.0755
2025-09-14 22:49:10,498 - __main__ - INFO - Per-dim KL: 1.6021, 8.7650, 3.3453, 0.8591, 1.2029, 0.7904, 11.4716, 7.4139, 0.7710, 2.8090, 8.3800, 2.3079, 0.8887, 2.9370, 1.9493, 2.9974, 0.4014, 0.4376, 0.5853, 0.3982, 0.5036, 0.3633, 0.5325, 0.6929, 0.5326, 0.3461, 0.7000, 0.4492, 0.5538, 0.5377, 0.5029, 0.5448, 0.4291, 0.2332, 0.5006, 0.5605, 0.5689, 0.5040, 0.4986, 0.6478, 0.6538, 0.4180, 0.3482, 0.2062, 0.4384, 0.4387, 0.4974, 0.5009, 0.5407, 0.5061, 0.4928, 0.3415, 0.3476, 0.5274, 0.5782, 0.5050, 0.5289, 0.4780, 0.4539, 0.5882, 0.5719, 0.5471, 0.6004, 0.2918, 0.4053, 0.6546, 0.5998, 0.5362, 0.5738, 0.6095, 0.2617, 0.4043, 0.3848, 0.5094, 0.1836, 0.3671, 0.5232, 0.3153, 0.4201, 0.5555, 0.3244, 0.6691, 0.6701, 0.4538, 0.4247, 0.4388, 0.3564, 0.5072, 0.4088, 0.4159, 0.5741, 0.5914, 0.5783, 0.5724, 0.4781, 0.5398
2025-09-14 22:49:10,498 - __main__ - INFO - Eigenvalues of latent space: 0.7174, 0.5266, 0.4704, 0.4462, 0.4402, 0.4078, 0.3907, 0.3878, 0.3842, 0.3702, 0.3543, 0.3406, 0.3344, 0.3272, 0.3228, 0.3188, 0.3101, 0.2952, 0.2902, 0.2831, 0.2783, 0.2752, 0.2720, 0.2631, 0.2565, 0.2497, 0.2438, 0.2407, 0.2330, 0.2258, 0.2228, 0.2165, 0.2147, 0.2109, 0.2075, 0.2035, 0.1982, 0.1975, 0.1944, 0.1878, 0.1875, 0.1815, 0.1813, 0.1798, 0.1754, 0.1724, 0.1655, 0.1640, 0.1620, 0.1602, 0.1560, 0.1518, 0.1506, 0.1475, 0.1449, 0.1424, 0.1402, 0.1377, 0.1352, 0.1331, 0.1312, 0.1274, 0.1268, 0.1248, 0.1246, 0.1223, 0.1210, 0.1188, 0.1168, 0.1135, 0.1120, 0.1103, 0.1089, 0.1076, 0.1061, 0.1037, 0.1029, 0.1012, 0.0996, 0.0977, 0.0965, 0.0955, 0.0932, 0.0917, 0.0902, 0.0891, 0.0874, 0.0840, 0.0816, 0.0801, 0.0783, 0.0759, 0.0734, 0.0722, 0.0695, 0.0627
2025-09-14 22:49:10,498 - __main__ - INFO - KL Eigenvalues: 0.0248, 0.0840, 0.1123, 0.1266, 0.1304, 0.1524, 0.1653, 0.1675, 0.1704, 0.1820, 0.1960, 0.2088, 0.2149, 0.2222, 0.2268, 0.2310, 0.2405, 0.2577, 0.2637, 0.2725, 0.2787, 0.2827, 0.2870, 0.2991, 0.3086, 0.3186, 0.3275, 0.3325, 0.3449, 0.3569, 0.3621, 0.3734, 0.3765, 0.3837, 0.3901, 0.3979, 0.4084, 0.4098, 0.4162, 0.4300, 0.4307, 0.4441, 0.4444, 0.4479, 0.4580, 0.4651, 0.4820, 0.4860, 0.4912, 0.4958, 0.5070, 0.5184, 0.5218, 0.5309, 0.5384, 0.5456, 0.5525, 0.5603, 0.5682, 0.5748, 0.5810, 0.5938, 0.5960, 0.6028, 0.6035, 0.6116, 0.6165, 0.6247, 0.6319, 0.6449, 0.6508, 0.6573, 0.6633, 0.6686, 0.6748, 0.6850, 0.6887, 0.6958, 0.7029, 0.7116, 0.7173, 0.7220, 0.7331, 0.7405, 0.7482, 0.7533, 0.7622, 0.7805, 0.7937, 0.8022, 0.8127, 0.8272, 0.8425, 0.8504, 0.8682, 0.9159
2025-09-14 22:49:10,499 - __main__ - INFO - Variance explained by eigenvalues: 0.0376, 0.0652, 0.0899, 0.1133, 0.1363, 0.1577, 0.1782, 0.1985, 0.2186, 0.2381, 0.2566, 0.2745, 0.2920, 0.3092, 0.3261, 0.3428, 0.3590, 0.3745, 0.3897, 0.4046, 0.4192, 0.4336, 0.4478, 0.4616, 0.4751, 0.4882, 0.5009, 0.5136, 0.5258, 0.5376, 0.5493, 0.5606, 0.5719, 0.5829, 0.5938, 0.6045, 0.6149, 0.6252, 0.6354, 0.6453, 0.6551, 0.6646, 0.6741, 0.6835, 0.6927, 0.7018, 0.7104, 0.7190, 0.7275, 0.7359, 0.7441, 0.7521, 0.7600, 0.7677, 0.7753, 0.7827, 0.7901, 0.7973, 0.8044, 0.8114, 0.8182, 0.8249, 0.8316, 0.8381, 0.8447, 0.8511, 0.8574, 0.8636, 0.8698, 0.8757, 0.8816, 0.8874, 0.8931, 0.8987, 0.9043, 0.9097, 0.9151, 0.9204, 0.9256, 0.9307, 0.9358, 0.9408, 0.9457, 0.9505, 0.9552, 0.9599, 0.9645, 0.9689, 0.9732, 0.9774, 0.9815, 0.9854, 0.9893, 0.9931, 0.9967, 1.0000
2025-09-14 22:49:10,499 - __main__ - INFO - ==================================================
2025-09-14 22:49:10,499 - __main__ - INFO - 
✅ MultiModalVAE training completed!
2025-09-14 22:49:10,499 - __main__ - INFO -   - Completed all 1 epochs
2025-09-14 22:49:10,499 - __main__ - INFO -   - Final train loss: 3869.1481
2025-09-14 22:49:10,499 - __main__ - INFO -   - Final test loss: 2721.6827
2025-09-14 22:49:10,520 - __main__ - INFO - 💾 Model saved locally: checkpoints_hmm/vae_hmm_round2_temp.pth
2025-09-14 22:49:11,407 - __main__ - DEBUG - 🗑️  Removed temporary file: checkpoints_hmm/vae_hmm_round2_temp.pth
2025-09-14 22:49:11,408 - __main__ - INFO - ✅ M-step completed: final_train_loss=3869.1481, final_test_loss=2721.6827
2025-09-14 22:49:11,435 - __main__ - INFO - 💾 Saved VAE+HMM → checkpoints_hmm/vae_with_hmm_round2.pt
2025-09-14 22:49:11,436 - __main__ - INFO - 🤗 Uploading VAE+HMM round 2 to HuggingFace: CatkinChen/nethack-vae-hmm
2025-09-14 22:49:16,024 - huggingface_hub.hf_api - WARNING - No files have been modified since last commit. Skipping to prevent empty commit.
2025-09-14 22:49:20,313 - __main__ - INFO - ✅ VAE+HMM uploaded to: https://huggingface.co/CatkinChen/nethack-vae-hmm
2025-09-14 22:49:24,286 - __main__ - INFO - ========== EM Round 3/4: E-step ==========
2025-09-14 22:49:24,287 - __main__ - INFO -    - Resetting HMM to prior
2025-09-14 22:49:24,288 - __main__ - INFO -    - Resetting HMM streaming statistics
2025-09-14 22:49:40,344 - __main__ - INFO -    - Re-initialized NIW mean with k-means on VAE latents
2025-09-14 22:50:33,727 - __main__ - DEBUG - Initial ELBO: -12187272.5282
2025-09-14 22:50:33,727 - __main__ - DEBUG - Relative tol: 0.0100
2025-09-14 22:50:33,727 - __main__ - DEBUG - Relative elbo_drop_tol: 0.0100
2025-09-14 22:50:33,727 - __main__ - DEBUG - - Init -118.8343
2025-09-14 22:50:33,727 - __main__ - DEBUG - - Trans -184770.5513
2025-09-14 22:50:33,727 - __main__ - DEBUG - - Emit -11993640.7500
2025-09-14 22:50:33,727 - __main__ - DEBUG - - Entropy 853.5954
2025-09-14 22:50:33,727 - __main__ - DEBUG - - Dir 0.0000
2025-09-14 22:50:33,727 - __main__ - DEBUG - - NIW -9581.1338
2025-09-14 22:50:33,727 - __main__ - DEBUG - - Beta prior -14.8543
2025-09-14 22:51:17,542 - __main__ - DEBUG - Iter 0: ELBO after FB: -12187272.5282 (LL -12177676.5402, Δ=0.0000)
2025-09-14 22:51:17,543 - __main__ - DEBUG - First pass after reset, using full stats.
2025-09-14 22:51:17,580 - __main__ - DEBUG - Iter 0: ELBO after NIW update: -2643434.3241 (Emit LL -1998774.9609, NIW term -460608.7188, Δ=9543838.2041)
2025-09-14 22:51:17,618 - __main__ - DEBUG - Iter 0: ELBO after Dirichlet update: -2465097.7436 (Trans LL -5099.2398, Dir term -1334.7310, Δ=178336.5805)
2025-09-14 22:52:10,317 - __main__ - INFO - [E-step] Multi-batch 1/1 (x100 batches) - HMM Diagnostics:
2025-09-14 22:52:10,317 - __main__ - INFO -   - Avg log-likelihood per step: -21.4568
2025-09-14 22:52:10,317 - __main__ - INFO -   - Inner ELBO (final): -2465097.7436
2025-09-14 22:52:10,317 - __main__ - INFO -   - Effective number of skills: 29.22
2025-09-14 22:52:10,317 - __main__ - INFO -   - State entropy: 0.074
2025-09-14 22:52:10,318 - __main__ - INFO -   - Transition stickiness: 0.977
2025-09-14 22:52:10,318 - __main__ - INFO -   - Top 5 skills: [17, 5, 7, 1, 19] (probs: ['0.061', '0.060', '0.060', '0.057', '0.054'])
2025-09-14 22:52:10,318 - __main__ - INFO -   - Combined time length: 3200 (original T=32, multiples=100)
2025-09-14 22:52:10,320 - __main__ - INFO - 🔍 Computing HMM diagnostics...
2025-09-14 22:53:14,409 - __main__ - INFO - 📊 HMM Diagnostics for Round 3:
2025-09-14 22:53:14,409 - __main__ - INFO -   - Avg log-likelihood per step: -21.5614
2025-09-14 22:53:14,409 - __main__ - INFO -   - State entropy: 0.1044
2025-09-14 22:53:14,409 - __main__ - INFO -   - Effective number of skills: 28.98
2025-09-14 22:53:14,410 - __main__ - INFO -   - Transition stickiness (diag): 0.9768
2025-09-14 22:53:14,410 - __main__ - INFO -   - Top 5 skill occupancies: [0.06381984800100327, 0.06059771403670311, 0.05944405123591423, 0.057834442704916, 0.05394338443875313]
2025-09-14 22:53:14,410 - __main__ - INFO -   - Top 5 skill indices: [17, 5, 7, 1, 19]
2025-09-14 22:53:14,410 - __main__ - INFO -     - Skill 35: emp= 26.00  E[1/(1-p)]:298.08  p_stay=0.997
2025-09-14 22:53:14,410 - __main__ - INFO -     - Skill 39: emp= 28.00  E[1/(1-p)]:292.50  p_stay=0.997
2025-09-14 22:53:14,410 - __main__ - INFO -     - Skill 10: emp= 28.49  E[1/(1-p)]:242.05  p_stay=0.996
2025-09-14 22:53:14,410 - __main__ - INFO -     - Skill 17: emp= 28.24  E[1/(1-p)]:211.28  p_stay=0.995
2025-09-14 22:53:14,410 - __main__ - INFO -     - Skill 20: emp= 26.97  E[1/(1-p)]:201.26  p_stay=0.995
2025-09-14 22:53:14,410 - __main__ - INFO - 🖼️  Rendering HMM visualizations for round 3
2025-09-14 22:54:25,095 - __main__ - INFO - 💾 Saved HMM posterior → checkpoints_hmm/hmm_round3.pt
2025-09-14 22:54:25,096 - __main__ - INFO - 🤗 Uploading HMM round 3 to HuggingFace: CatkinChen/nethack-hmm
2025-09-14 22:54:30,157 - __main__ - INFO - ✅ HMM uploaded to: https://huggingface.co/CatkinChen/nethack-hmm
2025-09-14 22:54:30,157 - __main__ - INFO - ========== EM Round 3/4: M-step ==========
2025-09-14 22:54:30,157 - __main__ - INFO - 🔧 Fine-tuning VAE with HMM prior for 1 epochs...
2025-09-14 22:54:30,158 - __main__ - INFO - 📊 M-step 3 parameter schedule:
2025-09-14 22:54:30,158 - __main__ - INFO -   - prior_blend_alpha: 0.600 → 1.000 (cosine)
2025-09-14 22:54:30,158 - __main__ - INFO -   - mi_beta: 0.467 → 0.600 (linear)
2025-09-14 22:54:30,158 - __main__ - INFO -   - tc_beta: 0.133 → 0.200 (linear)
2025-09-14 22:54:30,158 - __main__ - INFO -   - dw_beta: 0.833 → 1.000 (linear)
2025-09-14 22:54:30,930 - __main__ - INFO - Weights & Biases initialized
2025-09-14 22:54:30,930 - __main__ - INFO - 🔥Training MultiModalHackVAE with 100 train batches, 20 test batches
2025-09-14 22:54:30,930 - __main__ - INFO -    Epochs: 1
2025-09-14 22:54:30,930 - __main__ - INFO -    Batch size: 32
2025-09-14 22:54:30,931 - __main__ - INFO -    Sequence size: 32
2025-09-14 22:54:30,931 - __main__ - INFO -    Device: cuda
2025-09-14 22:54:30,931 - __main__ - INFO -    Mixed Precision: BF16 = False
2025-09-14 22:54:30,931 - __main__ - INFO -    LR Scheduler: constant
2025-09-14 22:54:30,931 - __main__ - INFO -    Shuffle batches: True
2025-09-14 22:54:30,931 - __main__ - INFO -    Shuffle within batch: False
2025-09-14 22:54:30,931 - __main__ - INFO -    VAE Configuration:
2025-09-14 22:54:30,932 - __main__ - INFO -      - Latent dimension: 96
2025-09-14 22:54:30,932 - __main__ - INFO -      - Encoder dropout: 0.1
2025-09-14 22:54:30,932 - __main__ - INFO -      - Decoder dropout: 0.1
2025-09-14 22:54:30,932 - __main__ - INFO -    Adaptive Loss Weighting:
2025-09-14 22:54:30,932 - __main__ - INFO -      - MI beta: 0.467 → 0.600
2025-09-14 22:54:30,932 - __main__ - INFO -      - TC beta: 0.133 → 0.200
2025-09-14 22:54:30,932 - __main__ - INFO -      - DW beta: 0.833 → 1.000
2025-09-14 22:54:30,932 - __main__ - INFO -      - Blend alpha: 0.600 → 1.000
2025-09-14 22:54:30,932 - __main__ - INFO -      - Warmup epochs: 0 out of 1 total epochs
2025-09-14 22:54:30,932 - __main__ - INFO -    Free bits: 0.75
2025-09-14 22:54:30,932 - __main__ - INFO -    Focal loss: alpha=0.5, gamma=2.0
2025-09-14 22:54:30,933 - __main__ - INFO -    Early Stopping:
2025-09-14 22:54:30,933 - __main__ - INFO -      - Enabled: False
2025-09-14 22:54:30,933 - __main__ - INFO -    HMM Prior: Enabled
2025-09-14 22:54:30,961 - __main__ - INFO - 🔧 Using FP32 precision training
2025-09-14 22:54:30,962 - __main__ - INFO - Model has latent dimension: 96
2025-09-14 22:54:30,962 - __main__ - INFO - 🎯 Starting training for 1 epochs (starting from epoch 0)...
2025-09-14 22:54:30,962 - __main__ - INFO -    Total training steps: 100
2025-09-14 22:54:30,962 - __main__ - INFO -    Warmup steps: 20
2025-09-14 22:54:30,962 - __main__ - INFO - 🎯 Epoch 1/1 - Starting epoch...
2025-09-14 22:54:30,963 - __main__ - DEBUG - Shuffled 100 training batches for epoch 1
2025-09-14 22:54:30,963 - __main__ - DEBUG - Shuffled 20 testing batches for epoch 1
2025-09-14 22:54:31,529 - __main__ - DEBUG - Step 0/100 - Adaptive weights: mi_beta=0.467, tc_beta=0.133, dw_beta=0.833, blend_alpha=0.600
2025-09-14 22:57:40,948 - __main__ - DEBUG - Step 100/100 - Adaptive weights: mi_beta=0.600, tc_beta=0.200, dw_beta=1.000, blend_alpha=1.000
2025-09-14 22:57:42,450 - __main__ - DEBUG - Step 100/100 - Adaptive weights: mi_beta=0.600, tc_beta=0.200, dw_beta=1.000, blend_alpha=1.000
2025-09-14 22:57:43,964 - __main__ - DEBUG - Step 100/100 - Adaptive weights: mi_beta=0.600, tc_beta=0.200, dw_beta=1.000, blend_alpha=1.000
2025-09-14 22:57:45,471 - __main__ - DEBUG - Step 100/100 - Adaptive weights: mi_beta=0.600, tc_beta=0.200, dw_beta=1.000, blend_alpha=1.000
2025-09-14 22:57:46,945 - __main__ - DEBUG - Step 100/100 - Adaptive weights: mi_beta=0.600, tc_beta=0.200, dw_beta=1.000, blend_alpha=1.000
2025-09-14 22:57:48,514 - __main__ - DEBUG - Step 100/100 - Adaptive weights: mi_beta=0.600, tc_beta=0.200, dw_beta=1.000, blend_alpha=1.000
2025-09-14 22:57:50,018 - __main__ - DEBUG - Step 100/100 - Adaptive weights: mi_beta=0.600, tc_beta=0.200, dw_beta=1.000, blend_alpha=1.000
2025-09-14 22:57:51,537 - __main__ - DEBUG - Step 100/100 - Adaptive weights: mi_beta=0.600, tc_beta=0.200, dw_beta=1.000, blend_alpha=1.000
2025-09-14 22:57:53,027 - __main__ - DEBUG - Step 100/100 - Adaptive weights: mi_beta=0.600, tc_beta=0.200, dw_beta=1.000, blend_alpha=1.000
2025-09-14 22:57:54,491 - __main__ - DEBUG - Step 100/100 - Adaptive weights: mi_beta=0.600, tc_beta=0.200, dw_beta=1.000, blend_alpha=1.000
2025-09-14 22:57:55,768 - __main__ - DEBUG - Step 100/100 - Adaptive weights: mi_beta=0.600, tc_beta=0.200, dw_beta=1.000, blend_alpha=1.000
2025-09-14 22:57:57,355 - __main__ - DEBUG - Step 100/100 - Adaptive weights: mi_beta=0.600, tc_beta=0.200, dw_beta=1.000, blend_alpha=1.000
2025-09-14 22:57:58,857 - __main__ - DEBUG - Step 100/100 - Adaptive weights: mi_beta=0.600, tc_beta=0.200, dw_beta=1.000, blend_alpha=1.000
2025-09-14 22:58:00,407 - __main__ - DEBUG - Step 100/100 - Adaptive weights: mi_beta=0.600, tc_beta=0.200, dw_beta=1.000, blend_alpha=1.000
2025-09-14 22:58:01,982 - __main__ - DEBUG - Step 100/100 - Adaptive weights: mi_beta=0.600, tc_beta=0.200, dw_beta=1.000, blend_alpha=1.000
2025-09-14 22:58:03,571 - __main__ - DEBUG - Step 100/100 - Adaptive weights: mi_beta=0.600, tc_beta=0.200, dw_beta=1.000, blend_alpha=1.000
2025-09-14 22:58:05,025 - __main__ - DEBUG - Step 100/100 - Adaptive weights: mi_beta=0.600, tc_beta=0.200, dw_beta=1.000, blend_alpha=1.000
2025-09-14 22:58:06,494 - __main__ - DEBUG - Step 100/100 - Adaptive weights: mi_beta=0.600, tc_beta=0.200, dw_beta=1.000, blend_alpha=1.000
2025-09-14 22:58:07,960 - __main__ - DEBUG - Step 100/100 - Adaptive weights: mi_beta=0.600, tc_beta=0.200, dw_beta=1.000, blend_alpha=1.000
2025-09-14 22:58:09,403 - __main__ - DEBUG - Step 100/100 - Adaptive weights: mi_beta=0.600, tc_beta=0.200, dw_beta=1.000, blend_alpha=1.000
2025-09-14 22:58:10,255 - __main__ - DEBUG - Step 100/100 - Adaptive weights: mi_beta=0.600, tc_beta=0.200, dw_beta=1.000, blend_alpha=1.000
2025-09-14 22:58:10,255 - __main__ - INFO - 
=== Epoch 1/1 Summary ===
2025-09-14 22:58:10,256 - __main__ - INFO - Average Train Loss: 3890.117 | Average Test Loss: 2722.267
2025-09-14 22:58:10,256 - __main__ - INFO - Current KL Betas: mi=0.600, tc=0.200, dw=1.000, blend_alpha=1.000
2025-09-14 22:58:10,256 - __main__ - INFO - Global Step: 100/100 (100.0%)
2025-09-14 22:58:10,256 - __main__ - INFO - Final Training Batch Details:
2025-09-14 22:58:10,256 - __main__ - INFO -   Raw Losses: hero_loc: 3.974 | occupy: 1640.853 | bag: 412.493 | stats: 74.662 | msg: 25.119 | ego_char: 28.476 | ego_color: 147.917 | ego_class: 29.902 | passability: 0.600 | reward: 32.543 | done: 0.015 | value_k: 5.364 | safety: 0.670 | goal: 0.314 | forward: 44.164 | inverse: 2.937
2025-09-14 22:58:10,256 - __main__ - INFO - Final Testing Batch Details:
2025-09-14 22:58:10,257 - __main__ - INFO -   Raw Losses: hero_loc: 3.553 | occupy: 1550.600 | bag: 386.048 | stats: 74.477 | msg: 31.606 | ego_char: 28.490 | ego_color: 133.224 | ego_class: 30.666 | passability: 0.585 | reward: 16.433 | done: 0.014 | value_k: 2.264 | safety: 0.665 | goal: 0.094 | forward: 29.702 | inverse: 3.127
2025-09-14 22:58:10,257 - __main__ - INFO - Variance of model output (mu): 0.1088, 0.1124, 0.0801, 0.1198, 0.1050, 0.1018, 0.1086, 0.0777, 0.0841, 0.0943, 0.0886, 0.0848, 0.1003, 0.0963, 0.0945, 0.1179, 0.0674, 0.0668, 0.0922, 0.0843, 0.0746, 0.0790, 0.0767, 0.0741, 0.0845, 0.0710, 0.0686, 0.0734, 0.0912, 0.0692, 0.0694, 0.0833, 0.0805, 0.0715, 0.0668, 0.0847, 0.0662, 0.0702, 0.0832, 0.0702, 0.0688, 0.0774, 0.0650, 0.0723, 0.0862, 0.0746, 0.0792, 0.0820, 0.0824, 0.0926, 0.0724, 0.0707, 0.0691, 0.0770, 0.0738, 0.0756, 0.0800, 0.0682, 0.0720, 0.0733, 0.0761, 0.0786, 0.0664, 0.0739, 0.0678, 0.0871, 0.0810, 0.0750, 0.0670, 0.0687, 0.0811, 0.0737, 0.0736, 0.0610, 0.0836, 0.0762, 0.0785, 0.0711, 0.0666, 0.0879, 0.0800, 0.0814, 0.0873, 0.0827, 0.0836, 0.0775, 0.0743, 0.0754, 0.0646, 0.0696, 0.0795, 0.0714, 0.0817, 0.0740, 0.0694, 0.0725
2025-09-14 22:58:10,257 - __main__ - INFO - Per-dim KL: 11.5237, 7.1376, 7.1241, 2.5714, 2.5422, 3.3954, 17.8268, 5.2402, 0.5500, 4.1482, 2.5329, 1.6429, 0.8590, 1.1393, 0.9487, 0.5320, 0.5280, 0.6567, 0.3846, 0.6614, 0.4529, 0.4752, 0.5608, 0.5143, 0.5437, 0.5384, 0.5086, 0.4846, 0.6341, 0.6329, 0.5291, 0.6185, 0.4220, 0.5515, 0.4612, 0.6753, 0.4261, 0.4393, 0.4963, 0.5527, 0.5405, 0.4830, 0.6154, 0.6296, 0.2182, 0.4037, 0.4728, 0.4714, 0.3820, 0.5203, 0.4753, 0.4515, 0.6212, 0.4032, 0.5496, 0.5270, 0.7191, 0.5161, 0.5079, 0.5968, 0.7080, 0.4877, 0.7454, 0.4954, 0.3324, 0.5491, 0.5481, 0.4393, 0.4686, 0.4065, 0.4895, 0.5344, 0.4771, 0.6106, 0.4952, 0.4321, 0.4249, 0.4191, 0.4178, 0.6031, 0.3595, 0.3938, 0.4287, 0.3589, 0.4512, 0.3885, 0.6838, 0.5595, 0.6709, 0.5696, 0.5954, 0.5255, 0.4534, 0.5609, 0.4162, 0.5920
2025-09-14 22:58:10,257 - __main__ - INFO - Eigenvalues of latent space: 0.4858, 0.4435, 0.4164, 0.3986, 0.3713, 0.3631, 0.3476, 0.3381, 0.3307, 0.3181, 0.3067, 0.2925, 0.2918, 0.2798, 0.2754, 0.2690, 0.2609, 0.2592, 0.2547, 0.2380, 0.2368, 0.2286, 0.2202, 0.2152, 0.2142, 0.2137, 0.2097, 0.2018, 0.2010, 0.1968, 0.1937, 0.1902, 0.1861, 0.1826, 0.1806, 0.1784, 0.1730, 0.1698, 0.1693, 0.1669, 0.1649, 0.1601, 0.1572, 0.1550, 0.1535, 0.1492, 0.1477, 0.1454, 0.1436, 0.1400, 0.1384, 0.1370, 0.1362, 0.1339, 0.1318, 0.1307, 0.1297, 0.1278, 0.1276, 0.1241, 0.1235, 0.1191, 0.1166, 0.1161, 0.1143, 0.1127, 0.1116, 0.1097, 0.1084, 0.1076, 0.1048, 0.1031, 0.1019, 0.1007, 0.0991, 0.0985, 0.0971, 0.0963, 0.0951, 0.0942, 0.0919, 0.0893, 0.0877, 0.0874, 0.0866, 0.0840, 0.0825, 0.0818, 0.0802, 0.0782, 0.0762, 0.0743, 0.0721, 0.0713, 0.0699, 0.0686
2025-09-14 22:58:10,257 - __main__ - INFO - KL Eigenvalues: 0.1039, 0.1283, 0.1463, 0.1592, 0.1810, 0.1881, 0.2021, 0.2112, 0.2186, 0.2318, 0.2443, 0.2609, 0.2617, 0.2768, 0.2825, 0.2911, 0.3022, 0.3047, 0.3111, 0.3368, 0.3386, 0.3522, 0.3667, 0.3757, 0.3774, 0.3785, 0.3859, 0.4011, 0.4026, 0.4111, 0.4175, 0.4250, 0.4337, 0.4415, 0.4460, 0.4511, 0.4637, 0.4715, 0.4727, 0.4786, 0.4838, 0.4961, 0.5038, 0.5096, 0.5138, 0.5258, 0.5303, 0.5368, 0.5421, 0.5531, 0.5579, 0.5625, 0.5650, 0.5724, 0.5793, 0.5828, 0.5861, 0.5925, 0.5933, 0.6055, 0.6074, 0.6234, 0.6327, 0.6345, 0.6415, 0.6478, 0.6523, 0.6597, 0.6651, 0.6683, 0.6803, 0.6874, 0.6930, 0.6984, 0.7056, 0.7082, 0.7144, 0.7181, 0.7238, 0.7284, 0.7396, 0.7524, 0.7610, 0.7624, 0.7665, 0.7804, 0.7890, 0.7925, 0.8018, 0.8135, 0.8250, 0.8367, 0.8507, 0.8558, 0.8654, 0.8743
2025-09-14 22:58:10,258 - __main__ - INFO - Variance explained by eigenvalues: 0.0291, 0.0556, 0.0805, 0.1043, 0.1266, 0.1483, 0.1691, 0.1893, 0.2091, 0.2281, 0.2465, 0.2640, 0.2814, 0.2982, 0.3146, 0.3307, 0.3463, 0.3618, 0.3771, 0.3913, 0.4055, 0.4192, 0.4323, 0.4452, 0.4580, 0.4708, 0.4833, 0.4954, 0.5074, 0.5192, 0.5308, 0.5422, 0.5533, 0.5642, 0.5750, 0.5857, 0.5961, 0.6062, 0.6164, 0.6263, 0.6362, 0.6458, 0.6552, 0.6645, 0.6736, 0.6826, 0.6914, 0.7001, 0.7087, 0.7171, 0.7253, 0.7335, 0.7417, 0.7497, 0.7576, 0.7654, 0.7731, 0.7808, 0.7884, 0.7958, 0.8032, 0.8104, 0.8173, 0.8243, 0.8311, 0.8379, 0.8445, 0.8511, 0.8576, 0.8640, 0.8703, 0.8765, 0.8826, 0.8886, 0.8945, 0.9004, 0.9062, 0.9120, 0.9177, 0.9233, 0.9288, 0.9341, 0.9394, 0.9446, 0.9498, 0.9548, 0.9598, 0.9647, 0.9694, 0.9741, 0.9787, 0.9831, 0.9875, 0.9917, 0.9959, 1.0000
2025-09-14 22:58:10,258 - __main__ - INFO - ==================================================
2025-09-14 22:58:10,258 - __main__ - INFO - 
✅ MultiModalVAE training completed!
2025-09-14 22:58:10,258 - __main__ - INFO -   - Completed all 1 epochs
2025-09-14 22:58:10,258 - __main__ - INFO -   - Final train loss: 3890.1170
2025-09-14 22:58:10,258 - __main__ - INFO -   - Final test loss: 2722.2674
2025-09-14 22:58:10,280 - __main__ - INFO - 💾 Model saved locally: checkpoints_hmm/vae_hmm_round3_temp.pth
2025-09-14 22:58:11,530 - __main__ - DEBUG - 🗑️  Removed temporary file: checkpoints_hmm/vae_hmm_round3_temp.pth
2025-09-14 22:58:11,531 - __main__ - INFO - ✅ M-step completed: final_train_loss=3890.1170, final_test_loss=2722.2674
2025-09-14 22:58:11,560 - __main__ - INFO - 💾 Saved VAE+HMM → checkpoints_hmm/vae_with_hmm_round3.pt
2025-09-14 22:58:11,560 - __main__ - INFO - 🤗 Uploading VAE+HMM round 3 to HuggingFace: CatkinChen/nethack-vae-hmm
2025-09-14 22:58:16,240 - huggingface_hub.hf_api - WARNING - No files have been modified since last commit. Skipping to prevent empty commit.
2025-09-14 22:58:20,728 - __main__ - INFO - ✅ VAE+HMM uploaded to: https://huggingface.co/CatkinChen/nethack-vae-hmm
2025-09-14 22:58:24,563 - __main__ - INFO - ========== EM Round 4/4: E-step ==========
2025-09-14 22:58:24,563 - __main__ - INFO -    - Resetting HMM to prior
2025-09-14 22:58:24,565 - __main__ - INFO -    - Resetting HMM streaming statistics
2025-09-14 22:58:41,049 - __main__ - INFO -    - Re-initialized NIW mean with k-means on VAE latents
2025-09-14 22:59:41,305 - __main__ - DEBUG - Initial ELBO: -11940471.4175
2025-09-14 22:59:41,305 - __main__ - DEBUG - Relative tol: 0.0100
2025-09-14 22:59:41,305 - __main__ - DEBUG - Relative elbo_drop_tol: 0.0100
2025-09-14 22:59:41,305 - __main__ - DEBUG - - Init -118.8343
2025-09-14 22:59:41,305 - __main__ - DEBUG - - Trans -186068.6948
2025-09-14 22:59:41,305 - __main__ - DEBUG - - Emit -11749056.9688
2025-09-14 22:59:41,305 - __main__ - DEBUG - - Entropy 1087.8883
2025-09-14 22:59:41,305 - __main__ - DEBUG - - Dir 0.0000
2025-09-14 22:59:41,305 - __main__ - DEBUG - - NIW -6299.9536
2025-09-14 22:59:41,305 - __main__ - DEBUG - - Beta prior -14.8543
2025-09-14 23:00:30,432 - __main__ - DEBUG - Iter 0: ELBO after FB: -11940471.4175 (LL -11934156.6096, Δ=0.0000)
2025-09-14 23:00:30,433 - __main__ - DEBUG - First pass after reset, using full stats.
2025-09-14 23:00:30,470 - __main__ - DEBUG - Iter 0: ELBO after NIW update: -2117141.3779 (Emit LL -1446784.3516, NIW term -485242.5312, Δ=9823330.0396)
2025-09-14 23:00:30,507 - __main__ - DEBUG - Iter 0: ELBO after Dirichlet update: -1938396.4043 (Trans LL -5994.9282, Dir term -1328.7930, Δ=178744.9736)
2025-09-14 23:00:30,869 - __main__ - DEBUG - Iter 0: ELBO after β update: -1938387.0836 (Init LL -119.9964, Dir term -1318.6318, logp(β) -14.5327, Δ=9.3206)
2025-09-14 23:01:15,908 - __main__ - DEBUG - Iter 1: ELBO after FB: -1926258.3169 (LL -1439682.6211, Δ=12128.7668)
2025-09-14 23:01:15,908 - __main__ - DEBUG - First pass after reset, using full stats.
2025-09-14 23:01:15,946 - __main__ - DEBUG - Iter 1: ELBO after NIW update: -1897269.5981 (Emit LL -1442647.2344, NIW term -446995.4062, Δ=28988.7188)
2025-09-14 23:01:15,983 - __main__ - DEBUG - Iter 1: ELBO after Dirichlet update: -1896737.3571 (Trans LL -6968.9373, Dir term -1212.1196, Δ=532.2411)
2025-09-14 23:01:16,402 - __main__ - DEBUG - Iter 1: ELBO after β update: -1896732.2059 (Init LL -118.4015, Dir term -1207.5449, logp(β) -14.2932, Δ=5.1511)
2025-09-14 23:02:01,708 - __main__ - DEBUG - Iter 2: ELBO after FB: -1874259.2860 (LL -1426042.0416, Δ=22472.9200)
2025-09-14 23:02:01,709 - __main__ - DEBUG - First pass after reset, using full stats.
2025-09-14 23:02:01,747 - __main__ - DEBUG - Iter 2: ELBO after NIW update: -1808011.6336 (Emit LL -1426601.7734, NIW term -374086.0625, Δ=66247.6523)
2025-09-14 23:02:01,785 - __main__ - DEBUG - Iter 2: ELBO after Dirichlet update: -1807496.7353 (Trans LL -6818.2191, Dir term -975.5767, Δ=514.8983)
2025-09-14 23:02:02,180 - __main__ - DEBUG - Iter 2: ELBO after β update: -1807490.9592 (Init LL -117.0684, Dir term -970.1816, logp(β) -14.3199, Δ=5.7760)
2025-09-14 23:02:47,556 - __main__ - DEBUG - Iter 3: ELBO after FB: -1787673.0189 (LL -1412602.4549, Δ=19817.9404)
2025-09-14 23:02:47,556 - __main__ - DEBUG - First pass after reset, using full stats.
2025-09-14 23:02:47,595 - __main__ - DEBUG - Iter 3: ELBO after NIW update: -1742571.0072 (Emit LL -1413557.8164, NIW term -322247.9688, Δ=45102.0117)
2025-09-14 23:02:47,633 - __main__ - DEBUG - Iter 3: ELBO after Dirichlet update: -1742172.1207 (Trans LL -6491.2010, Dir term -804.3340, Δ=398.8865)
2025-09-14 23:02:48,024 - __main__ - DEBUG - Iter 3: ELBO after β update: -1742165.8812 (Init LL -113.3570, Dir term -799.2261, logp(β) -14.3975, Δ=6.2395)
2025-09-14 23:03:33,328 - __main__ - DEBUG - Iter 4: ELBO after FB: -1731507.1684 (LL -1408445.5760, Δ=10658.7128)
2025-09-14 23:03:33,328 - __main__ - DEBUG - First pass after reset, using full stats.
2025-09-14 23:03:33,366 - __main__ - DEBUG - Iter 4: ELBO after NIW update: -1701538.0629 (Emit LL -1412082.0586, NIW term -283228.4062, Δ=29969.1055)
2025-09-14 23:03:33,403 - __main__ - DEBUG - Iter 4: ELBO after Dirichlet update: -1701233.5677 (Trans LL -6066.1620, Dir term -697.6782, Δ=304.4952)
2025-09-14 23:03:33,792 - __main__ - DEBUG - Iter 4: ELBO after β update: -1701228.0309 (Init LL -111.0814, Dir term -693.1089, logp(β) -14.4517, Δ=5.5368)
2025-09-14 23:04:19,051 - __main__ - DEBUG - Iter 5: ELBO after FB: -1688348.4246 (LL -1404412.4578, Δ=12879.6063)
2025-09-14 23:04:19,051 - __main__ - DEBUG - First pass after reset, using full stats.
2025-09-14 23:04:19,089 - __main__ - DEBUG - Iter 5: ELBO after NIW update: -1647137.1277 (Emit LL -1400355.1562, NIW term -240847.6875, Δ=41211.2969)
2025-09-14 23:04:19,126 - __main__ - DEBUG - Iter 5: ELBO after Dirichlet update: -1646920.7364 (Trans LL -6074.9214, Dir term -552.5830, Δ=216.3913)
2025-09-14 23:04:19,519 - __main__ - DEBUG - Iter 5: ELBO after β update: -1646916.2098 (Init LL -108.6270, Dir term -549.2139, logp(β) -14.4107, Δ=4.5265)
2025-09-14 23:05:04,783 - __main__ - DEBUG - Iter 6: ELBO after FB: -1643319.6633 (LL -1401908.3513, Δ=3596.5465)
2025-09-14 23:05:04,783 - __main__ - DEBUG - First pass after reset, using full stats.
2025-09-14 23:05:04,820 - __main__ - DEBUG - Iter 6: ELBO after NIW update: -1632178.2141 (Emit LL -1396415.4336, NIW term -229877.4688, Δ=11141.4492)
2025-09-14 23:05:04,858 - __main__ - DEBUG - Iter 6: ELBO after Dirichlet update: -1632115.1187 (Trans LL -6261.6913, Dir term -508.4829, Δ=63.0954)
2025-09-14 23:05:05,241 - __main__ - DEBUG - Iter 6: ELBO after β update: -1632110.8305 (Init LL -107.7657, Dir term -505.3135, logp(β) -14.3635, Δ=4.2881)
2025-09-14 23:05:05,242 - __main__ - DEBUG - Early stopping: ELBO improvement 14805.3793 < tolerance
2025-09-14 23:05:59,870 - __main__ - INFO - [E-step] Multi-batch 1/1 (x100 batches) - HMM Diagnostics:
2025-09-14 23:05:59,870 - __main__ - INFO -   - Avg log-likelihood per step: -15.1291
2025-09-14 23:05:59,870 - __main__ - INFO -   - Inner ELBO (final): -1632110.8305
2025-09-14 23:05:59,870 - __main__ - INFO -   - ELBO progression (7 iters): [-1938387.12, ..., -1632110.88] (Δ=306276.2500)
2025-09-14 23:05:59,870 - __main__ - INFO -   - Effective number of skills: 12.39
2025-09-14 23:05:59,870 - __main__ - INFO -   - State entropy: 0.037
2025-09-14 23:05:59,870 - __main__ - INFO -   - Transition stickiness: 0.479
2025-09-14 23:05:59,870 - __main__ - INFO -   - Top 5 skills: [3, 2, 24, 29, 35] (probs: ['0.168', '0.159', '0.089', '0.082', '0.075'])
2025-09-14 23:05:59,871 - __main__ - INFO -   - Combined time length: 3200 (original T=32, multiples=100)
2025-09-14 23:05:59,873 - __main__ - INFO - 🔍 Computing HMM diagnostics...
2025-09-14 23:07:05,526 - __main__ - INFO - 📊 HMM Diagnostics for Round 4:
2025-09-14 23:07:05,527 - __main__ - INFO -   - Avg log-likelihood per step: -15.2305
2025-09-14 23:07:05,527 - __main__ - INFO -   - State entropy: 0.0497
2025-09-14 23:07:05,527 - __main__ - INFO -   - Effective number of skills: 12.29
2025-09-14 23:07:05,527 - __main__ - INFO -   - Transition stickiness (diag): 0.4786
2025-09-14 23:07:05,527 - __main__ - INFO -   - Top 5 skill occupancies: [0.16987045109272003, 0.1626138687133789, 0.08866388350725174, 0.08167329430580139, 0.07506057620048523]
2025-09-14 23:07:05,527 - __main__ - INFO -   - Top 5 skill indices: [3, 2, 24, 29, 35]
2025-09-14 23:07:05,527 - __main__ - INFO -     - Skill 14: emp= 28.07  E[1/(1-p)]:443.67  p_stay=0.998
2025-09-14 23:07:05,527 - __main__ - INFO -     - Skill 33: emp= 25.44  E[1/(1-p)]:166.64  p_stay=0.994
2025-09-14 23:07:05,528 - __main__ - INFO -     - Skill 15: emp= 26.09  E[1/(1-p)]:158.06  p_stay=0.994
2025-09-14 23:07:05,528 - __main__ - INFO -     - Skill 23: emp= 24.84  E[1/(1-p)]:116.80  p_stay=0.991
2025-09-14 23:07:05,528 - __main__ - INFO -     - Skill 1: emp= 24.34  E[1/(1-p)]:101.47  p_stay=0.990
2025-09-14 23:07:05,528 - __main__ - INFO - 🖼️  Rendering HMM visualizations for round 4
2025-09-14 23:08:17,409 - __main__ - INFO - 💾 Saved HMM posterior → checkpoints_hmm/hmm_round4.pt
2025-09-14 23:08:17,410 - __main__ - INFO - 🤗 Uploading HMM round 4 to HuggingFace: CatkinChen/nethack-hmm
2025-09-14 23:08:22,943 - __main__ - INFO - ✅ HMM uploaded to: https://huggingface.co/CatkinChen/nethack-hmm
2025-09-14 23:08:22,943 - __main__ - INFO - ========== EM Round 4/4: M-step ==========
2025-09-14 23:08:22,943 - __main__ - INFO - 🔧 Fine-tuning VAE with HMM prior for 1 epochs...
2025-09-14 23:08:22,943 - __main__ - INFO - 📊 M-step 4 parameter schedule:
2025-09-14 23:08:22,943 - __main__ - INFO -   - prior_blend_alpha: 1.000 → 1.000 (constant)
2025-09-14 23:08:22,943 - __main__ - INFO -   - mi_beta: 0.600 → 0.600 (linear)
2025-09-14 23:08:22,943 - __main__ - INFO -   - tc_beta: 0.200 → 0.200 (linear)
2025-09-14 23:08:22,943 - __main__ - INFO -   - dw_beta: 1.000 → 1.000 (linear)
2025-09-14 23:08:23,840 - __main__ - INFO - Weights & Biases initialized
2025-09-14 23:08:23,841 - __main__ - INFO - 🔥Training MultiModalHackVAE with 100 train batches, 20 test batches
2025-09-14 23:08:23,841 - __main__ - INFO -    Epochs: 1
2025-09-14 23:08:23,841 - __main__ - INFO -    Batch size: 32
2025-09-14 23:08:23,841 - __main__ - INFO -    Sequence size: 32
2025-09-14 23:08:23,841 - __main__ - INFO -    Device: cuda
2025-09-14 23:08:23,842 - __main__ - INFO -    Mixed Precision: BF16 = False
2025-09-14 23:08:23,842 - __main__ - INFO -    LR Scheduler: constant
2025-09-14 23:08:23,842 - __main__ - INFO -    Shuffle batches: True
2025-09-14 23:08:23,842 - __main__ - INFO -    Shuffle within batch: False
2025-09-14 23:08:23,842 - __main__ - INFO -    VAE Configuration:
2025-09-14 23:08:23,842 - __main__ - INFO -      - Latent dimension: 96
2025-09-14 23:08:23,842 - __main__ - INFO -      - Encoder dropout: 0.1
2025-09-14 23:08:23,842 - __main__ - INFO -      - Decoder dropout: 0.1
2025-09-14 23:08:23,842 - __main__ - INFO -    Adaptive Loss Weighting:
2025-09-14 23:08:23,842 - __main__ - INFO -      - MI beta: 0.600 → 0.600
2025-09-14 23:08:23,842 - __main__ - INFO -      - TC beta: 0.200 → 0.200
2025-09-14 23:08:23,843 - __main__ - INFO -      - DW beta: 1.000 → 1.000
2025-09-14 23:08:23,843 - __main__ - INFO -      - Blend alpha: 1.000 → 1.000
2025-09-14 23:08:23,843 - __main__ - INFO -      - Warmup epochs: 0 out of 1 total epochs
2025-09-14 23:08:23,843 - __main__ - INFO -    Free bits: 0.75
2025-09-14 23:08:23,843 - __main__ - INFO -    Focal loss: alpha=0.5, gamma=2.0
2025-09-14 23:08:23,843 - __main__ - INFO -    Early Stopping:
2025-09-14 23:08:23,843 - __main__ - INFO -      - Enabled: False
2025-09-14 23:08:23,843 - __main__ - INFO -    HMM Prior: Enabled
2025-09-14 23:08:23,867 - __main__ - INFO - 🔧 Using FP32 precision training
2025-09-14 23:08:23,868 - __main__ - INFO - Model has latent dimension: 96
2025-09-14 23:08:23,868 - __main__ - INFO - 🎯 Starting training for 1 epochs (starting from epoch 0)...
2025-09-14 23:08:23,868 - __main__ - INFO -    Total training steps: 100
2025-09-14 23:08:23,868 - __main__ - INFO -    Warmup steps: 20
2025-09-14 23:08:23,868 - __main__ - INFO - 🎯 Epoch 1/1 - Starting epoch...
2025-09-14 23:08:23,869 - __main__ - DEBUG - Shuffled 100 training batches for epoch 1
2025-09-14 23:08:23,869 - __main__ - DEBUG - Shuffled 20 testing batches for epoch 1
2025-09-14 23:08:24,450 - __main__ - DEBUG - Step 0/100 - Adaptive weights: mi_beta=0.600, tc_beta=0.200, dw_beta=1.000, blend_alpha=1.000
2025-09-14 23:11:34,104 - __main__ - DEBUG - Step 100/100 - Adaptive weights: mi_beta=0.600, tc_beta=0.200, dw_beta=1.000, blend_alpha=1.000
2025-09-14 23:11:35,612 - __main__ - DEBUG - Step 100/100 - Adaptive weights: mi_beta=0.600, tc_beta=0.200, dw_beta=1.000, blend_alpha=1.000
2025-09-14 23:11:37,102 - __main__ - DEBUG - Step 100/100 - Adaptive weights: mi_beta=0.600, tc_beta=0.200, dw_beta=1.000, blend_alpha=1.000
2025-09-14 23:11:38,573 - __main__ - DEBUG - Step 100/100 - Adaptive weights: mi_beta=0.600, tc_beta=0.200, dw_beta=1.000, blend_alpha=1.000
2025-09-14 23:11:40,010 - __main__ - DEBUG - Step 100/100 - Adaptive weights: mi_beta=0.600, tc_beta=0.200, dw_beta=1.000, blend_alpha=1.000
2025-09-14 23:11:41,543 - __main__ - DEBUG - Step 100/100 - Adaptive weights: mi_beta=0.600, tc_beta=0.200, dw_beta=1.000, blend_alpha=1.000
2025-09-14 23:11:43,011 - __main__ - DEBUG - Step 100/100 - Adaptive weights: mi_beta=0.600, tc_beta=0.200, dw_beta=1.000, blend_alpha=1.000
2025-09-14 23:11:44,501 - __main__ - DEBUG - Step 100/100 - Adaptive weights: mi_beta=0.600, tc_beta=0.200, dw_beta=1.000, blend_alpha=1.000
2025-09-14 23:11:45,963 - __main__ - DEBUG - Step 100/100 - Adaptive weights: mi_beta=0.600, tc_beta=0.200, dw_beta=1.000, blend_alpha=1.000
2025-09-14 23:11:47,397 - __main__ - DEBUG - Step 100/100 - Adaptive weights: mi_beta=0.600, tc_beta=0.200, dw_beta=1.000, blend_alpha=1.000
2025-09-14 23:11:48,647 - __main__ - DEBUG - Step 100/100 - Adaptive weights: mi_beta=0.600, tc_beta=0.200, dw_beta=1.000, blend_alpha=1.000
2025-09-14 23:11:50,212 - __main__ - DEBUG - Step 100/100 - Adaptive weights: mi_beta=0.600, tc_beta=0.200, dw_beta=1.000, blend_alpha=1.000
2025-09-14 23:11:51,686 - __main__ - DEBUG - Step 100/100 - Adaptive weights: mi_beta=0.600, tc_beta=0.200, dw_beta=1.000, blend_alpha=1.000
2025-09-14 23:11:53,196 - __main__ - DEBUG - Step 100/100 - Adaptive weights: mi_beta=0.600, tc_beta=0.200, dw_beta=1.000, blend_alpha=1.000
2025-09-14 23:11:54,739 - __main__ - DEBUG - Step 100/100 - Adaptive weights: mi_beta=0.600, tc_beta=0.200, dw_beta=1.000, blend_alpha=1.000
2025-09-14 23:11:56,298 - __main__ - DEBUG - Step 100/100 - Adaptive weights: mi_beta=0.600, tc_beta=0.200, dw_beta=1.000, blend_alpha=1.000
2025-09-14 23:11:57,716 - __main__ - DEBUG - Step 100/100 - Adaptive weights: mi_beta=0.600, tc_beta=0.200, dw_beta=1.000, blend_alpha=1.000
2025-09-14 23:11:59,154 - __main__ - DEBUG - Step 100/100 - Adaptive weights: mi_beta=0.600, tc_beta=0.200, dw_beta=1.000, blend_alpha=1.000
2025-09-14 23:12:00,587 - __main__ - DEBUG - Step 100/100 - Adaptive weights: mi_beta=0.600, tc_beta=0.200, dw_beta=1.000, blend_alpha=1.000
2025-09-14 23:12:02,029 - __main__ - DEBUG - Step 100/100 - Adaptive weights: mi_beta=0.600, tc_beta=0.200, dw_beta=1.000, blend_alpha=1.000
2025-09-14 23:12:02,873 - __main__ - DEBUG - Step 100/100 - Adaptive weights: mi_beta=0.600, tc_beta=0.200, dw_beta=1.000, blend_alpha=1.000
2025-09-14 23:12:02,873 - __main__ - INFO - 
=== Epoch 1/1 Summary ===
2025-09-14 23:12:02,873 - __main__ - INFO - Average Train Loss: 3825.649 | Average Test Loss: 2584.886
2025-09-14 23:12:02,874 - __main__ - INFO - Current KL Betas: mi=0.600, tc=0.200, dw=1.000, blend_alpha=1.000
2025-09-14 23:12:02,874 - __main__ - INFO - Global Step: 100/100 (100.0%)
2025-09-14 23:12:02,874 - __main__ - INFO - Final Training Batch Details:
2025-09-14 23:12:02,874 - __main__ - INFO -   Raw Losses: hero_loc: 3.068 | occupy: 1641.628 | bag: 386.945 | stats: 72.443 | msg: 24.473 | ego_char: 25.132 | ego_color: 126.334 | ego_class: 29.506 | passability: 0.599 | reward: 32.528 | done: 0.013 | value_k: 5.361 | safety: 0.666 | goal: 0.318 | forward: 45.242 | inverse: 2.909
2025-09-14 23:12:02,874 - __main__ - INFO - Final Testing Batch Details:
2025-09-14 23:12:02,874 - __main__ - INFO -   Raw Losses: hero_loc: 2.317 | occupy: 1528.718 | bag: 359.533 | stats: 74.497 | msg: 30.805 | ego_char: 24.813 | ego_color: 109.606 | ego_class: 30.320 | passability: 0.590 | reward: 16.319 | done: 0.012 | value_k: 2.257 | safety: 0.663 | goal: 0.101 | forward: 29.312 | inverse: 3.105
2025-09-14 23:12:02,875 - __main__ - INFO - Variance of model output (mu): 0.1025, 0.0720, 0.0716, 0.0933, 0.1241, 0.1046, 0.0748, 0.0922, 0.0959, 0.1347, 0.1032, 0.1258, 0.0766, 0.1030, 0.1017, 0.0845, 0.0799, 0.0641, 0.0815, 0.0637, 0.0763, 0.0708, 0.0699, 0.0896, 0.0734, 0.0710, 0.0780, 0.0825, 0.0580, 0.0896, 0.0730, 0.0711, 0.0801, 0.0759, 0.0746, 0.0712, 0.0805, 0.0796, 0.0741, 0.0678, 0.0760, 0.0823, 0.0810, 0.0603, 0.0624, 0.0727, 0.0742, 0.0744, 0.0746, 0.0830, 0.0807, 0.0675, 0.0737, 0.0800, 0.0686, 0.0769, 0.0705, 0.0830, 0.0672, 0.0779, 0.0805, 0.0803, 0.0746, 0.0765, 0.0699, 0.0707, 0.0641, 0.0692, 0.0712, 0.0724, 0.0774, 0.0898, 0.0824, 0.0578, 0.0547, 0.0674, 0.0726, 0.0577, 0.0672, 0.0633, 0.0697, 0.0729, 0.0769, 0.0733, 0.0691, 0.0682, 0.0694, 0.0651, 0.0661, 0.0627, 0.0661, 0.0685, 0.0732, 0.0680, 0.0659, 0.0841
2025-09-14 23:12:02,875 - __main__ - INFO - Per-dim KL: 2.8765, 0.8194, 2.4618, 0.9904, 0.8048, 2.2090, 0.6117, 0.9663, 2.7861, 8.2645, 4.0703, 6.1250, 1.6235, 1.2729, 3.6817, 3.1069, 0.3753, 0.6228, 0.5069, 0.6995, 0.6834, 0.7223, 0.5979, 0.5335, 0.3834, 0.5353, 0.3810, 0.5512, 0.7103, 0.5582, 0.5822, 0.4763, 0.5525, 0.5437, 0.4853, 0.5272, 0.4987, 0.4005, 0.3436, 0.4651, 0.5641, 0.6993, 0.6012, 0.5526, 0.7480, 0.5071, 0.6192, 0.3428, 0.4690, 0.5797, 0.2496, 0.6186, 0.4691, 0.6447, 0.6332, 0.3662, 0.3781, 0.4917, 0.4295, 0.4296, 0.6537, 0.4881, 0.5793, 0.4831, 0.6514, 0.5590, 0.6476, 0.5503, 0.6007, 0.6484, 0.5563, 0.5083, 0.3728, 0.5824, 0.4122, 0.6270, 0.5456, 0.7311, 0.7017, 0.7210, 0.5591, 0.5458, 0.5501, 0.6877, 0.4905, 0.6060, 0.5060, 0.5890, 0.4572, 0.6062, 0.3906, 0.6104, 0.6418, 0.3954, 0.6949, 0.5853
2025-09-14 23:12:02,875 - __main__ - INFO - Eigenvalues of latent space: 0.4959, 0.4443, 0.4025, 0.3653, 0.3534, 0.3381, 0.3198, 0.3113, 0.3014, 0.2814, 0.2798, 0.2729, 0.2659, 0.2611, 0.2595, 0.2529, 0.2499, 0.2413, 0.2374, 0.2292, 0.2253, 0.2197, 0.2139, 0.2081, 0.2011, 0.1996, 0.1962, 0.1927, 0.1892, 0.1833, 0.1824, 0.1777, 0.1731, 0.1716, 0.1689, 0.1679, 0.1594, 0.1564, 0.1548, 0.1542, 0.1500, 0.1481, 0.1440, 0.1438, 0.1402, 0.1387, 0.1329, 0.1314, 0.1293, 0.1286, 0.1248, 0.1243, 0.1232, 0.1205, 0.1200, 0.1178, 0.1138, 0.1105, 0.1084, 0.1076, 0.1064, 0.1060, 0.1035, 0.1030, 0.1001, 0.0988, 0.0974, 0.0962, 0.0947, 0.0935, 0.0922, 0.0895, 0.0880, 0.0868, 0.0861, 0.0847, 0.0836, 0.0814, 0.0802, 0.0796, 0.0787, 0.0772, 0.0754, 0.0747, 0.0736, 0.0736, 0.0715, 0.0673, 0.0670, 0.0661, 0.0646, 0.0636, 0.0613, 0.0602, 0.0579, 0.0544
2025-09-14 23:12:02,875 - __main__ - INFO - KL Eigenvalues: 0.0986, 0.1278, 0.1563, 0.1862, 0.1967, 0.2113, 0.2299, 0.2392, 0.2503, 0.2747, 0.2768, 0.2858, 0.2952, 0.3020, 0.3042, 0.3139, 0.3183, 0.3316, 0.3377, 0.3511, 0.3578, 0.3676, 0.3781, 0.3889, 0.4026, 0.4055, 0.4123, 0.4196, 0.4271, 0.4399, 0.4420, 0.4526, 0.4635, 0.4672, 0.4737, 0.4761, 0.4979, 0.5059, 0.5103, 0.5118, 0.5236, 0.5291, 0.5410, 0.5417, 0.5524, 0.5570, 0.5754, 0.5805, 0.5876, 0.5900, 0.6028, 0.6047, 0.6087, 0.6183, 0.6200, 0.6284, 0.6436, 0.6565, 0.6650, 0.6686, 0.6733, 0.6753, 0.6860, 0.6880, 0.7008, 0.7066, 0.7132, 0.7187, 0.7260, 0.7317, 0.7378, 0.7516, 0.7594, 0.7654, 0.7691, 0.7767, 0.7828, 0.7948, 0.8016, 0.8052, 0.8102, 0.8190, 0.8302, 0.8347, 0.8412, 0.8416, 0.8545, 0.8829, 0.8852, 0.8916, 0.9024, 0.9094, 0.9268, 0.9352, 0.9532, 0.9832
2025-09-14 23:12:02,875 - __main__ - INFO - Variance explained by eigenvalues: 0.0323, 0.0612, 0.0874, 0.1112, 0.1342, 0.1563, 0.1771, 0.1974, 0.2170, 0.2353, 0.2535, 0.2713, 0.2886, 0.3056, 0.3225, 0.3390, 0.3553, 0.3710, 0.3865, 0.4014, 0.4161, 0.4304, 0.4443, 0.4578, 0.4709, 0.4839, 0.4967, 0.5093, 0.5216, 0.5335, 0.5454, 0.5570, 0.5683, 0.5794, 0.5904, 0.6014, 0.6117, 0.6219, 0.6320, 0.6420, 0.6518, 0.6615, 0.6708, 0.6802, 0.6893, 0.6984, 0.7070, 0.7156, 0.7240, 0.7324, 0.7405, 0.7486, 0.7566, 0.7645, 0.7723, 0.7799, 0.7874, 0.7945, 0.8016, 0.8086, 0.8155, 0.8224, 0.8292, 0.8359, 0.8424, 0.8489, 0.8552, 0.8615, 0.8676, 0.8737, 0.8797, 0.8855, 0.8913, 0.8969, 0.9025, 0.9081, 0.9135, 0.9188, 0.9240, 0.9292, 0.9343, 0.9394, 0.9443, 0.9491, 0.9539, 0.9587, 0.9634, 0.9678, 0.9721, 0.9764, 0.9806, 0.9848, 0.9888, 0.9927, 0.9965, 1.0000
2025-09-14 23:12:02,875 - __main__ - INFO - ==================================================
2025-09-14 23:12:02,876 - __main__ - INFO - 
✅ MultiModalVAE training completed!
2025-09-14 23:12:02,876 - __main__ - INFO -   - Completed all 1 epochs
2025-09-14 23:12:02,876 - __main__ - INFO -   - Final train loss: 3825.6486
2025-09-14 23:12:02,876 - __main__ - INFO -   - Final test loss: 2584.8863
2025-09-14 23:12:02,896 - __main__ - INFO - 💾 Model saved locally: checkpoints_hmm/vae_hmm_round4_temp.pth
2025-09-14 23:12:03,789 - __main__ - DEBUG - 🗑️  Removed temporary file: checkpoints_hmm/vae_hmm_round4_temp.pth
2025-09-14 23:12:03,789 - __main__ - INFO - ✅ M-step completed: final_train_loss=3825.6486, final_test_loss=2584.8863
2025-09-14 23:12:03,817 - __main__ - INFO - 💾 Saved VAE+HMM → checkpoints_hmm/vae_with_hmm_round4.pt
2025-09-14 23:12:03,817 - __main__ - INFO - 🤗 Uploading VAE+HMM round 4 to HuggingFace: CatkinChen/nethack-vae-hmm
2025-09-14 23:12:08,380 - huggingface_hub.hf_api - WARNING - No files have been modified since last commit. Skipping to prevent empty commit.
2025-09-14 23:12:12,857 - __main__ - INFO - ✅ VAE+HMM uploaded to: https://huggingface.co/CatkinChen/nethack-vae-hmm
2025-09-14 23:12:16,353 - __main__ - INFO - 
🎉 EM training completed! Summary:
2025-09-14 23:12:16,353 - __main__ - INFO -   - EM rounds: 4
2025-09-14 23:12:16,353 - __main__ - INFO -   - M-step epochs per round: 1
2025-09-14 23:12:16,353 - __main__ - INFO -   - HMM checkpoints: 4
2025-09-14 23:12:16,353 - __main__ - INFO -   - VAE+HMM checkpoints: 4
2025-09-14 23:12:16,353 - __main__ - INFO -   - HuggingFace repos:
2025-09-14 23:12:16,353 - __main__ - INFO -     * HMM: https://huggingface.co/CatkinChen/nethack-hmm
2025-09-14 23:12:16,353 - __main__ - INFO -     * VAE+HMM: https://huggingface.co/CatkinChen/nethack-vae-hmm
2025-09-14 23:12:16,353 - __main__ - INFO - 📊 Training Configuration:
2025-09-14 23:12:16,353 - __main__ - INFO -   - Mode: EM
2025-09-14 23:12:16,353 - __main__ - INFO -   - HMM params: α=5.0, κ=1.0, γ=5.0, K=40, D=96
2025-09-14 23:12:16,353 - __main__ - INFO -   - NIW params: μ₀=0.0, κ₀=1.0, Ψ₀=30.0, ν₀=106
2025-09-14 23:12:16,353 - __main__ - INFO -   - Checkpoints: HMM=4, VAE+HMM=4
2025-09-14 23:12:16,353 - __main__ - INFO -   - HF repos: HMM=CatkinChen/nethack-hmm, VAE+HMM=CatkinChen/nethack-vae-hmm
